
> nearby-backend@1.0.0 test
> jest --coverage

FAIL src/routes/__tests__/products-low-stock.test.js
  ● Console

    console.error
      Error: connect ECONNREFUSED 127.0.0.1:6379
          at TCPConnectWrap.afterConnect [as oncomplete] (node:net:1637:16) {
        errno: -61,
        code: 'ECONNREFUSED',
        syscall: 'connect',
        address: '127.0.0.1',
        port: 6379
      }

      at Queue.emit (node_modules/bullmq/src/classes/queue-base.ts:137:17)
      at Queue.emit (node_modules/bullmq/src/classes/queue.ts:193:18)
      at RedisConnection.<anonymous> (node_modules/bullmq/src/classes/queue-base.ts:76:56)
      at EventEmitter.RedisConnection.handleClientError (node_modules/bullmq/src/classes/redis-connection.ts:123:12)
      at EventEmitter.silentEmit (node_modules/ioredis/built/Redis.js:529:30)
      at Socket.<anonymous> (node_modules/ioredis/built/redis/event_handler.js:221:14)

  ● GET /api/v1/shops/:shopId/products/low-stock › Happy Path › should return low stock products with default threshold (5)

    expect(received).toBe(expected) // Object.is equality

    Expected: 200
    Received: 404

      126 |         .set('Authorization', `Bearer ${token}`);
      127 |
    > 128 |       expect(res.status).toBe(200);
          |                          ^
      129 |       expect(res.body.success).toBe(true);
      130 |       expect(res.body.data).toBeInstanceOf(Array);
      131 |       expect(res.body.data.length).toBe(2);

      at Object.toBe (src/routes/__tests__/products-low-stock.test.js:128:26)

  ● GET /api/v1/shops/:shopId/products/low-stock › Happy Path › should return pagination metadata with correct structure

    expect(received).toBe(expected) // Object.is equality

    Expected: 200
    Received: 404

      177 |         .set('Authorization', `Bearer ${token}`);
      178 |
    > 179 |       expect(res.status).toBe(200);
          |                          ^
      180 |       expect(res.body.meta).toHaveProperty('page');
      181 |       expect(res.body.meta).toHaveProperty('total');
      182 |       expect(res.body.meta).toHaveProperty('pages');

      at Object.toBe (src/routes/__tests__/products-low-stock.test.js:179:26)

  ● GET /api/v1/shops/:shopId/products/low-stock › Acceptance Criteria › AC1: should return only items with stock < threshold

    expect(received).toBe(expected) // Object.is equality

    Expected: 200
    Received: 404

      230 |         .set('Authorization', `Bearer ${token}`);
      231 |
    > 232 |       expect(res.status).toBe(200);
          |                          ^
      233 |       res.body.data.forEach((product) => {
      234 |         expect(product.stockQuantity).toBeLessThan(5);
      235 |       });

      at Object.toBe (src/routes/__tests__/products-low-stock.test.js:232:26)

  ● GET /api/v1/shops/:shopId/products/low-stock › Acceptance Criteria › AC2: threshold defaults to 5, configurable via query param

    expect(received).toBe(expected) // Object.is equality

    Expected: 200
    Received: 404

      280 |         .set('Authorization', `Bearer ${token}`);
      281 |
    > 282 |       expect(res.status).toBe(200);
          |                          ^
      283 |       expect(res.body.meta.threshold).toBe(20);
      284 |     });
      285 |

      at Object.toBe (src/routes/__tests__/products-low-stock.test.js:282:26)

  ● GET /api/v1/shops/:shopId/products/low-stock › Acceptance Criteria › AC3: pagination works correctly with page and limit params

    expect(received).toBe(expected) // Object.is equality

    Expected: 200
    Received: 404

      326 |         .set('Authorization', `Bearer ${token}`);
      327 |
    > 328 |       expect(res.status).toBe(200);
          |                          ^
      329 |       expect(res.body.meta.page).toBe(2);
      330 |       expect(res.body.meta.total).toBe(40);
      331 |       expect(res.body.meta.pages).toBe(3);

      at Object.toBe (src/routes/__tests__/products-low-stock.test.js:328:26)

  ● GET /api/v1/shops/:shopId/products/low-stock › Acceptance Criteria › AC4: sorting works - sortBy=stock (lowest first)

    expect(received).toBe(expected) // Object.is equality

    Expected: 200
    Received: 404

      374 |         .set('Authorization', `Bearer ${token}`);
      375 |
    > 376 |       expect(res.status).toBe(200);
          |                          ^
      377 |       expect(res.body.data[0].stockQuantity).toBeLessThanOrEqual(
      378 |         res.body.data[1].stockQuantity
      379 |       );

      at Object.toBe (src/routes/__tests__/products-low-stock.test.js:376:26)

  ● GET /api/v1/shops/:shopId/products/low-stock › Acceptance Criteria › AC5: sorting works - sortBy=name (alphabetical)

    expect(received).toBe(expected) // Object.is equality

    Expected: 200
    Received: 404

      422 |         .set('Authorization', `Bearer ${token}`);
      423 |
    > 424 |       expect(res.status).toBe(200);
          |                          ^
      425 |     });
      426 |
      427 |     it('AC6: sorting works - sortBy=updated_at (newest first)', async () => {

      at Object.toBe (src/routes/__tests__/products-low-stock.test.js:424:26)

  ● GET /api/v1/shops/:shopId/products/low-stock › Acceptance Criteria › AC6: sorting works - sortBy=updated_at (newest first)

    expect(received).toBe(expected) // Object.is equality

    Expected: 200
    Received: 404

      467 |         .set('Authorization', `Bearer ${token}`);
      468 |
    > 469 |       expect(res.status).toBe(200);
          |                          ^
      470 |     });
      471 |
      472 |     it('AC9: shop ownership verified - roleGuard checks JWT shopId matches route param', async () => {

      at Object.toBe (src/routes/__tests__/products-low-stock.test.js:469:26)

  ● GET /api/v1/shops/:shopId/products/low-stock › Edge Cases › EC1: threshold below 1 should return 400 INVALID_THRESHOLD

    expect(received).toBe(expected) // Object.is equality

    Expected: 400
    Received: 404

      497 |         .set('Authorization', `Bearer ${token}`);
      498 |
    > 499 |       expect(res.status).toBe(400);
          |                          ^
      500 |       expect(res.body.error.code).toBe('VALIDATION_ERROR');
      501 |     });
      502 |

      at Object.toBe (src/routes/__tests__/products-low-stock.test.js:499:26)

  ● GET /api/v1/shops/:shopId/products/low-stock › Edge Cases › EC2: threshold above 999 should return 400 INVALID_THRESHOLD

    expect(received).toBe(expected) // Object.is equality

    Expected: 400
    Received: 404

      507 |         .set('Authorization', `Bearer ${token}`);
      508 |
    > 509 |       expect(res.status).toBe(400);
          |                          ^
      510 |       expect(res.body.error.code).toBe('VALIDATION_ERROR');
      511 |     });
      512 |

      at Object.toBe (src/routes/__tests__/products-low-stock.test.js:509:26)

  ● GET /api/v1/shops/:shopId/products/low-stock › Edge Cases › EC3: page 0 or negative should return 400 INVALID_PAGE

    expect(received).toBe(expected) // Object.is equality

    Expected: 400
    Received: 404

      517 |         .set('Authorization', `Bearer ${token}`);
      518 |
    > 519 |       expect(res.status).toBe(400);
          |                          ^
      520 |       expect(res.body.error.code).toBe('VALIDATION_ERROR');
      521 |     });
      522 |

      at Object.toBe (src/routes/__tests__/products-low-stock.test.js:519:26)

  ● GET /api/v1/shops/:shopId/products/low-stock › Edge Cases › EC4: limit > 100 should clamp to 100 or return 400

    expect(received).toBe(expected) // Object.is equality

    Expected: 400
    Received: 404

      567 |         expect(res.body.meta.limit).toBeLessThanOrEqual(100);
      568 |       } else {
    > 569 |         expect(res.status).toBe(400);
          |                            ^
      570 |       }
      571 |     });
      572 |

      at Object.toBe (src/routes/__tests__/products-low-stock.test.js:569:28)

  ● GET /api/v1/shops/:shopId/products/low-stock › Edge Cases › EC5: empty result (all items stock >= threshold) should return 200 with empty array

    expect(received).toBe(expected) // Object.is equality

    Expected: 200
    Received: 404

      613 |         .set('Authorization', `Bearer ${token}`);
      614 |
    > 615 |       expect(res.status).toBe(200);
          |                          ^
      616 |       expect(res.body.data).toEqual([]);
      617 |       expect(res.body.meta.lowStockCount).toBe(0);
      618 |     });

      at Object.toBe (src/routes/__tests__/products-low-stock.test.js:615:26)

  ● GET /api/v1/shops/:shopId/products/low-stock › Error Cases › should return 403 FORBIDDEN when user does not own shop

    expect(received).toBe(expected) // Object.is equality

    Expected: 403
    Received: 404

      691 |         .set('Authorization', `Bearer ${token}`);
      692 |
    > 693 |       expect(res.status).toBe(403);
          |                          ^
      694 |       expect(res.body.error.code).toBe('FORBIDDEN');
      695 |     });
      696 |

      at Object.toBe (src/routes/__tests__/products-low-stock.test.js:693:26)

  ● GET /api/v1/shops/:shopId/products/low-stock › Error Cases › should return 400 for invalid sortBy value

    expect(received).toBe(expected) // Object.is equality

    Expected: 400
    Received: 404

      701 |         .set('Authorization', `Bearer ${token}`);
      702 |
    > 703 |       expect(res.status).toBe(400);
          |                          ^
      704 |       expect(res.body.error.code).toBe('VALIDATION_ERROR');
      705 |     });
      706 |

      at Object.toBe (src/routes/__tests__/products-low-stock.test.js:703:26)

  ● GET /api/v1/shops/:shopId/products/low-stock › Error Cases › should return 500 on database query error

    expect(received).toBe(expected) // Object.is equality

    Expected: 500
    Received: 404

      731 |         .set('Authorization', `Bearer ${token}`);
      732 |
    > 733 |       expect(res.status).toBe(500);
          |                          ^
      734 |     });
      735 |   });
      736 | });

      at Object.toBe (src/routes/__tests__/products-low-stock.test.js:733:26)

PASS src/__tests__/integration/shops.test.js
  ● Console

    console.log
      [32minfo[39m: Typesense client initialized {"host":"localhost","port":"8108","protocol":"http","timestamp":"2026-04-19T14:13:54.981Z"}

      at Console.log (node_modules/winston/lib/winston/transports/console.js:87:23)

    console.log
      [32minfo[39m: Incoming request {"ip":"::ffff:127.0.0.1","method":"POST","path":"/api/v1/shops","requestId":"7031e971-faf6-4b41-a276-966362821777","timestamp":"2026-04-19T14:13:55.475Z"}

      at Console.log (node_modules/winston/lib/winston/transports/console.js:87:23)

    console.log
      [34mdebug[39m: Token verified {"role":"shop_owner","timestamp":"2026-04-19T14:13:55.503Z","userId":"550e8400-e29b-41d4-a716-446655440001"}

      at Console.log (node_modules/winston/lib/winston/transports/console.js:87:23)

    console.log
      [34mdebug[39m: Role check passed {"path":"/","role":"shop_owner","timestamp":"2026-04-19T14:13:55.548Z","userId":"550e8400-e29b-41d4-a716-446655440001"}

      at Console.log (node_modules/winston/lib/winston/transports/console.js:87:23)

    console.log
      [32minfo[39m: Creating shop for user {"category":"kirana","shopName":"Fresh Kirana Store","timestamp":"2026-04-19T14:13:55.556Z","userId":"550e8400-e29b-41d4-a716-446655440001"}

      at Console.log (node_modules/winston/lib/winston/transports/console.js:87:23)

    console.log
      [32minfo[39m: Shop created successfully {"category":"kirana","shopId":"8da7a2de-2e42-4a3a-902c-c18bedacaeb8","shopName":"Fresh Kirana Store","timestamp":"2026-04-19T14:13:55.565Z","userId":"550e8400-e29b-41d4-a716-446655440001"}

      at Console.log (node_modules/winston/lib/winston/transports/console.js:87:23)

    console.log
      [32minfo[39m: Shop creation endpoint success {"shopId":"8da7a2de-2e42-4a3a-902c-c18bedacaeb8","timestamp":"2026-04-19T14:13:55.566Z","userId":"550e8400-e29b-41d4-a716-446655440001"}

      at Console.log (node_modules/winston/lib/winston/transports/console.js:87:23)

    console.log
      [32minfo[39m: Incoming request {"ip":"::ffff:127.0.0.1","method":"GET","path":"/api/v1/shops/8164d980-70b0-4a4a-8846-be5c996f9b81","requestId":"2c824ed7-be5e-49ff-9705-ac2fd4e5700d","timestamp":"2026-04-19T14:13:55.579Z"}

      at Console.log (node_modules/winston/lib/winston/transports/console.js:87:23)

    console.log
      [34mdebug[39m: Token verified {"role":"shop_owner","timestamp":"2026-04-19T14:13:55.580Z","userId":"550e8400-e29b-41d4-a716-446655440001"}

      at Console.log (node_modules/winston/lib/winston/transports/console.js:87:23)

    console.log
      [34mdebug[39m: Role check passed {"path":"/8164d980-70b0-4a4a-8846-be5c996f9b81","role":"shop_owner","timestamp":"2026-04-19T14:13:55.581Z","userId":"550e8400-e29b-41d4-a716-446655440001"}

      at Console.log (node_modules/winston/lib/winston/transports/console.js:87:23)

    console.log
      [34mdebug[39m: Shop ownership verified via database {"shopId":"8164d980-70b0-4a4a-8846-be5c996f9b81","timestamp":"2026-04-19T14:13:55.581Z","userId":"550e8400-e29b-41d4-a716-446655440001"}

      at Console.log (node_modules/winston/lib/winston/transports/console.js:87:23)

    console.log
      [32minfo[39m: Fetching shop profile {"shopId":"8164d980-70b0-4a4a-8846-be5c996f9b81","timestamp":"2026-04-19T14:13:55.581Z","userId":"550e8400-e29b-41d4-a716-446655440001"}

      at Console.log (node_modules/winston/lib/winston/transports/console.js:87:23)

    console.log
      [32minfo[39m: Shop profile retrieved successfully {"shopId":"8164d980-70b0-4a4a-8846-be5c996f9b81","timestamp":"2026-04-19T14:13:55.582Z","userId":"550e8400-e29b-41d4-a716-446655440001"}

      at Console.log (node_modules/winston/lib/winston/transports/console.js:87:23)

    console.log
      [32minfo[39m: Get shop endpoint success {"shopId":"8164d980-70b0-4a4a-8846-be5c996f9b81","timestamp":"2026-04-19T14:13:55.582Z","userId":"550e8400-e29b-41d4-a716-446655440001"}

      at Console.log (node_modules/winston/lib/winston/transports/console.js:87:23)

    console.log
      [32minfo[39m: Incoming request {"ip":"::ffff:127.0.0.1","method":"PATCH","path":"/api/v1/shops/c0367c97-de6f-49d2-959b-1e608ab6d115","requestId":"d1bf03c5-747d-4fa6-9e37-0a7970714010","timestamp":"2026-04-19T14:13:55.584Z"}

      at Console.log (node_modules/winston/lib/winston/transports/console.js:87:23)

    console.log
      [34mdebug[39m: Token verified {"role":"shop_owner","timestamp":"2026-04-19T14:13:55.584Z","userId":"550e8400-e29b-41d4-a716-446655440001"}

      at Console.log (node_modules/winston/lib/winston/transports/console.js:87:23)

    console.log
      [34mdebug[39m: Role check passed {"path":"/c0367c97-de6f-49d2-959b-1e608ab6d115","role":"shop_owner","timestamp":"2026-04-19T14:13:55.585Z","userId":"550e8400-e29b-41d4-a716-446655440001"}

      at Console.log (node_modules/winston/lib/winston/transports/console.js:87:23)

    console.log
      [34mdebug[39m: Shop ownership verified via database {"shopId":"c0367c97-de6f-49d2-959b-1e608ab6d115","timestamp":"2026-04-19T14:13:55.585Z","userId":"550e8400-e29b-41d4-a716-446655440001"}

      at Console.log (node_modules/winston/lib/winston/transports/console.js:87:23)

    console.log
      [32minfo[39m: Updating shop profile {"fieldsUpdated":["name","description"],"shopId":"c0367c97-de6f-49d2-959b-1e608ab6d115","timestamp":"2026-04-19T14:13:55.585Z","userId":"550e8400-e29b-41d4-a716-446655440001"}

      at Console.log (node_modules/winston/lib/winston/transports/console.js:87:23)

    console.log
      [32minfo[39m: Shop updated successfully {"fieldsUpdated":["name","description"],"shopId":"c0367c97-de6f-49d2-959b-1e608ab6d115","timestamp":"2026-04-19T14:13:55.585Z","userId":"550e8400-e29b-41d4-a716-446655440001"}

      at Console.log (node_modules/winston/lib/winston/transports/console.js:87:23)

    console.log
      [32minfo[39m: Update shop endpoint success {"fieldsUpdated":["name","description"],"shopId":"c0367c97-de6f-49d2-959b-1e608ab6d115","timestamp":"2026-04-19T14:13:55.585Z","userId":"550e8400-e29b-41d4-a716-446655440001"}

      at Console.log (node_modules/winston/lib/winston/transports/console.js:87:23)

    console.log
      [32minfo[39m: Incoming request {"ip":"::ffff:127.0.0.1","method":"PATCH","path":"/api/v1/shops/5f00ea4a-8f1e-4900-ae30-9bf697bb522f/toggle","requestId":"815c7238-7fa1-441e-99b6-fb0110821d5f","timestamp":"2026-04-19T14:13:55.590Z"}

      at Console.log (node_modules/winston/lib/winston/transports/console.js:87:23)

    console.log
      [34mdebug[39m: Token verified {"role":"shop_owner","timestamp":"2026-04-19T14:13:55.593Z","userId":"550e8400-e29b-41d4-a716-446655440001"}

      at Console.log (node_modules/winston/lib/winston/transports/console.js:87:23)

    console.log
      [34mdebug[39m: Role check passed {"path":"/5f00ea4a-8f1e-4900-ae30-9bf697bb522f/toggle","role":"shop_owner","timestamp":"2026-04-19T14:13:55.594Z","userId":"550e8400-e29b-41d4-a716-446655440001"}

      at Console.log (node_modules/winston/lib/winston/transports/console.js:87:23)

    console.log
      [34mdebug[39m: Shop ownership verified via database {"shopId":"5f00ea4a-8f1e-4900-ae30-9bf697bb522f","timestamp":"2026-04-19T14:13:55.594Z","userId":"550e8400-e29b-41d4-a716-446655440001"}

      at Console.log (node_modules/winston/lib/winston/transports/console.js:87:23)

    console.log
      [32minfo[39m: Toggling shop open/close status {"shopId":"5f00ea4a-8f1e-4900-ae30-9bf697bb522f","timestamp":"2026-04-19T14:13:55.596Z","userId":"550e8400-e29b-41d4-a716-446655440001"}

      at Console.log (node_modules/winston/lib/winston/transports/console.js:87:23)

    console.log
      [32minfo[39m: Shop status toggled successfully {"isOpenAfter":true,"isOpenBefore":false,"shopId":"5f00ea4a-8f1e-4900-ae30-9bf697bb522f","timestamp":"2026-04-19T14:13:55.596Z","userId":"550e8400-e29b-41d4-a716-446655440001"}

      at Console.log (node_modules/winston/lib/winston/transports/console.js:87:23)

    console.log
      [34mdebug[39m: Typesense sync job queued {"action":"sync","jobQueued":true,"shopId":"5f00ea4a-8f1e-4900-ae30-9bf697bb522f","timestamp":"2026-04-19T14:13:55.596Z"}

      at Console.log (node_modules/winston/lib/winston/transports/console.js:87:23)

    console.log
      [32minfo[39m: Broadcast shop status change {"isOpen":true,"shopId":"5f00ea4a-8f1e-4900-ae30-9bf697bb522f","timestamp":"2026-04-19T14:13:55.598Z"}

      at Console.log (node_modules/winston/lib/winston/transports/console.js:87:23)

    console.log
      [32minfo[39m: Toggle shop endpoint success {"newStatus":"open","shopId":"5f00ea4a-8f1e-4900-ae30-9bf697bb522f","timestamp":"2026-04-19T14:13:55.599Z","userId":"550e8400-e29b-41d4-a716-446655440001"}

      at Console.log (node_modules/winston/lib/winston/transports/console.js:87:23)

    console.log
      [32minfo[39m: Incoming request {"ip":"::ffff:127.0.0.1","method":"PATCH","path":"/api/v1/shops/2b7232b6-650f-445f-8f57-0ee33269cab5/toggle","requestId":"ca924403-1c4f-4cea-bb60-c9b766da504c","timestamp":"2026-04-19T14:13:55.602Z"}

      at Console.log (node_modules/winston/lib/winston/transports/console.js:87:23)

    console.log
      [34mdebug[39m: Token verified {"role":"shop_owner","timestamp":"2026-04-19T14:13:55.604Z","userId":"550e8400-e29b-41d4-a716-446655440001"}

      at Console.log (node_modules/winston/lib/winston/transports/console.js:87:23)

    console.log
      [34mdebug[39m: Role check passed {"path":"/2b7232b6-650f-445f-8f57-0ee33269cab5/toggle","role":"shop_owner","timestamp":"2026-04-19T14:13:55.605Z","userId":"550e8400-e29b-41d4-a716-446655440001"}

      at Console.log (node_modules/winston/lib/winston/transports/console.js:87:23)

    console.log
      [34mdebug[39m: Shop ownership verified via database {"shopId":"2b7232b6-650f-445f-8f57-0ee33269cab5","timestamp":"2026-04-19T14:13:55.605Z","userId":"550e8400-e29b-41d4-a716-446655440001"}

      at Console.log (node_modules/winston/lib/winston/transports/console.js:87:23)

    console.log
      [32minfo[39m: Toggling shop open/close status {"shopId":"2b7232b6-650f-445f-8f57-0ee33269cab5","timestamp":"2026-04-19T14:13:55.606Z","userId":"550e8400-e29b-41d4-a716-446655440001"}

      at Console.log (node_modules/winston/lib/winston/transports/console.js:87:23)

    console.log
      [32minfo[39m: Shop status toggled successfully {"isOpenAfter":false,"isOpenBefore":true,"shopId":"2b7232b6-650f-445f-8f57-0ee33269cab5","timestamp":"2026-04-19T14:13:55.606Z","userId":"550e8400-e29b-41d4-a716-446655440001"}

      at Console.log (node_modules/winston/lib/winston/transports/console.js:87:23)

    console.log
      [34mdebug[39m: Typesense sync job queued {"action":"remove","jobQueued":true,"shopId":"2b7232b6-650f-445f-8f57-0ee33269cab5","timestamp":"2026-04-19T14:13:55.606Z"}

      at Console.log (node_modules/winston/lib/winston/transports/console.js:87:23)

    console.log
      [32minfo[39m: Broadcast shop status change {"isOpen":false,"shopId":"2b7232b6-650f-445f-8f57-0ee33269cab5","timestamp":"2026-04-19T14:13:55.607Z"}

      at Console.log (node_modules/winston/lib/winston/transports/console.js:87:23)

    console.log
      [32minfo[39m: Toggle shop endpoint success {"newStatus":"closed","shopId":"2b7232b6-650f-445f-8f57-0ee33269cab5","timestamp":"2026-04-19T14:13:55.607Z","userId":"550e8400-e29b-41d4-a716-446655440001"}

      at Console.log (node_modules/winston/lib/winston/transports/console.js:87:23)

    console.log
      [32minfo[39m: Incoming request {"ip":"::ffff:127.0.0.1","method":"PATCH","path":"/api/v1/shops/55cbbcd4-e75c-4b8c-b508-f69739fa9f00/toggle","requestId":"af898a63-709e-4efd-bcf4-52c863a780c0","timestamp":"2026-04-19T14:13:55.611Z"}

      at Console.log (node_modules/winston/lib/winston/transports/console.js:87:23)

    console.log
      [34mdebug[39m: Token verified {"role":"shop_owner","timestamp":"2026-04-19T14:13:55.612Z","userId":"550e8400-e29b-41d4-a716-446655440001"}

      at Console.log (node_modules/winston/lib/winston/transports/console.js:87:23)

    console.log
      [34mdebug[39m: Role check passed {"path":"/55cbbcd4-e75c-4b8c-b508-f69739fa9f00/toggle","role":"shop_owner","timestamp":"2026-04-19T14:13:55.612Z","userId":"550e8400-e29b-41d4-a716-446655440001"}

      at Console.log (node_modules/winston/lib/winston/transports/console.js:87:23)

    console.log
      [33mwarn[39m: Shop not found during ownership verification {"requestedShopId":"55cbbcd4-e75c-4b8c-b508-f69739fa9f00","timestamp":"2026-04-19T14:13:55.612Z"}

      at Console.log (node_modules/winston/lib/winston/transports/console.js:87:23)

    console.log
      [33mwarn[39m: Application error Shop does not exist {"code":"SHOP_NOT_FOUND","path":"/api/v1/shops/55cbbcd4-e75c-4b8c-b508-f69739fa9f00/toggle","statusCode":404,"timestamp":"2026-04-19T14:13:55.612Z"}

      at Console.log (node_modules/winston/lib/winston/transports/console.js:87:23)

    console.log
      [32minfo[39m: Incoming request {"ip":"::ffff:127.0.0.1","method":"PATCH","path":"/api/v1/shops/c9b54a1f-e5ca-44ef-ba88-98b1c515d5b0/toggle","requestId":"10550ed6-88bf-4dc9-8fe2-13871309972e","timestamp":"2026-04-19T14:13:55.616Z"}

      at Console.log (node_modules/winston/lib/winston/transports/console.js:87:23)

    console.log
      [34mdebug[39m: Token verified {"role":"shop_owner","timestamp":"2026-04-19T14:13:55.616Z","userId":"550e8400-e29b-41d4-a716-446655440001"}

      at Console.log (node_modules/winston/lib/winston/transports/console.js:87:23)

    console.log
      [34mdebug[39m: Role check passed {"path":"/c9b54a1f-e5ca-44ef-ba88-98b1c515d5b0/toggle","role":"shop_owner","timestamp":"2026-04-19T14:13:55.616Z","userId":"550e8400-e29b-41d4-a716-446655440001"}

      at Console.log (node_modules/winston/lib/winston/transports/console.js:87:23)

    console.log
      [33mwarn[39m: Database ownership check failed (JWT manipulation attempt?) {"shopId":"c9b54a1f-e5ca-44ef-ba88-98b1c515d5b0","shopOwnerId":"550e8400-e29b-41d4-a716-446655440099","timestamp":"2026-04-19T14:13:55.617Z","userId":"550e8400-e29b-41d4-a716-446655440001"}

      at Console.log (node_modules/winston/lib/winston/transports/console.js:87:23)

    console.log
      [33mwarn[39m: Application error You do not own this shop {"code":"FORBIDDEN","path":"/api/v1/shops/c9b54a1f-e5ca-44ef-ba88-98b1c515d5b0/toggle","statusCode":403,"timestamp":"2026-04-19T14:13:55.617Z"}

      at Console.log (node_modules/winston/lib/winston/transports/console.js:87:23)

    console.log
      [32minfo[39m: Incoming request {"ip":"::ffff:127.0.0.1","method":"PATCH","path":"/api/v1/shops/8768c346-bbd3-487f-b1dd-de6df839c8bd/toggle","requestId":"6e4e3549-75e3-46cd-b250-187b6901e543","timestamp":"2026-04-19T14:13:55.618Z"}

      at Console.log (node_modules/winston/lib/winston/transports/console.js:87:23)

    console.log
      [33mwarn[39m: Missing or invalid authorization header {"path":"/8768c346-bbd3-487f-b1dd-de6df839c8bd/toggle","timestamp":"2026-04-19T14:13:55.618Z"}

      at Console.log (node_modules/winston/lib/winston/transports/console.js:87:23)

    console.log
      [33mwarn[39m: Application error Authorization header missing or malformed {"code":"UNAUTHORIZED","path":"/api/v1/shops/8768c346-bbd3-487f-b1dd-de6df839c8bd/toggle","statusCode":401,"timestamp":"2026-04-19T14:13:55.619Z"}

      at Console.log (node_modules/winston/lib/winston/transports/console.js:87:23)

    console.log
      [32minfo[39m: Incoming request {"ip":"::ffff:127.0.0.1","method":"PATCH","path":"/api/v1/shops/invalid-uuid/toggle","requestId":"96340135-035e-4b8e-8f76-3c3257e6e963","timestamp":"2026-04-19T14:13:55.625Z"}

      at Console.log (node_modules/winston/lib/winston/transports/console.js:87:23)

    console.log
      [34mdebug[39m: Token verified {"role":"shop_owner","timestamp":"2026-04-19T14:13:55.626Z","userId":"550e8400-e29b-41d4-a716-446655440001"}

      at Console.log (node_modules/winston/lib/winston/transports/console.js:87:23)

    console.log
      [34mdebug[39m: Role check passed {"path":"/invalid-uuid/toggle","role":"shop_owner","timestamp":"2026-04-19T14:13:55.626Z","userId":"550e8400-e29b-41d4-a716-446655440001"}

      at Console.log (node_modules/winston/lib/winston/transports/console.js:87:23)

    console.log
      [33mwarn[39m: Shop not found during ownership verification {"requestedShopId":"invalid-uuid","timestamp":"2026-04-19T14:13:55.626Z"}

      at Console.log (node_modules/winston/lib/winston/transports/console.js:87:23)

    console.log
      [33mwarn[39m: Application error Shop does not exist {"code":"SHOP_NOT_FOUND","path":"/api/v1/shops/invalid-uuid/toggle","statusCode":404,"timestamp":"2026-04-19T14:13:55.627Z"}

      at Console.log (node_modules/winston/lib/winston/transports/console.js:87:23)

    console.log
      [32minfo[39m: Incoming request {"ip":"::ffff:127.0.0.1","method":"PATCH","path":"/api/v1/shops/0a0a800b-d444-43a6-a03a-5581a2a1a12e/toggle","requestId":"93bff3f9-242e-4f40-adac-3dcd95367d4b","timestamp":"2026-04-19T14:13:55.628Z"}

      at Console.log (node_modules/winston/lib/winston/transports/console.js:87:23)

    console.log
      [34mdebug[39m: Token verified {"role":"customer","timestamp":"2026-04-19T14:13:55.629Z","userId":"550e8400-e29b-41d4-a716-446655440002"}

      at Console.log (node_modules/winston/lib/winston/transports/console.js:87:23)

    console.log
      [33mwarn[39m: Unauthorized role access attempt {"allowedRoles":["shop_owner"],"path":"/0a0a800b-d444-43a6-a03a-5581a2a1a12e/toggle","timestamp":"2026-04-19T14:13:55.629Z","userId":"550e8400-e29b-41d4-a716-446655440002","userRole":"customer"}

      at Console.log (node_modules/winston/lib/winston/transports/console.js:87:23)

    console.log
      [33mwarn[39m: Application error Your role 'customer' does not have access to this resource. Allowed roles: shop_owner {"code":"FORBIDDEN","path":"/api/v1/shops/0a0a800b-d444-43a6-a03a-5581a2a1a12e/toggle","statusCode":403,"timestamp":"2026-04-19T14:13:55.629Z"}

      at Console.log (node_modules/winston/lib/winston/transports/console.js:87:23)

    console.log
      [32minfo[39m: Incoming request {"ip":"::ffff:127.0.0.1","method":"PATCH","path":"/api/v1/shops/fea4f0a0-4278-4720-acc2-649596c60b1d/toggle","requestId":"a32e28d0-7ac7-4e7a-b05f-78981b63c501","timestamp":"2026-04-19T14:13:55.633Z"}

      at Console.log (node_modules/winston/lib/winston/transports/console.js:87:23)

    console.log
      [34mdebug[39m: Token verified {"role":"shop_owner","timestamp":"2026-04-19T14:13:55.633Z","userId":"550e8400-e29b-41d4-a716-446655440001"}

      at Console.log (node_modules/winston/lib/winston/transports/console.js:87:23)

    console.log
      [34mdebug[39m: Role check passed {"path":"/fea4f0a0-4278-4720-acc2-649596c60b1d/toggle","role":"shop_owner","timestamp":"2026-04-19T14:13:55.634Z","userId":"550e8400-e29b-41d4-a716-446655440001"}

      at Console.log (node_modules/winston/lib/winston/transports/console.js:87:23)

    console.log
      [34mdebug[39m: Shop ownership verified via database {"shopId":"fea4f0a0-4278-4720-acc2-649596c60b1d","timestamp":"2026-04-19T14:13:55.634Z","userId":"550e8400-e29b-41d4-a716-446655440001"}

      at Console.log (node_modules/winston/lib/winston/transports/console.js:87:23)

    console.log
      [32minfo[39m: Toggling shop open/close status {"shopId":"fea4f0a0-4278-4720-acc2-649596c60b1d","timestamp":"2026-04-19T14:13:55.634Z","userId":"550e8400-e29b-41d4-a716-446655440001"}

      at Console.log (node_modules/winston/lib/winston/transports/console.js:87:23)

    console.log
      [32minfo[39m: Shop status toggled successfully {"isOpenAfter":false,"isOpenBefore":true,"shopId":"fea4f0a0-4278-4720-acc2-649596c60b1d","timestamp":"2026-04-19T14:13:55.634Z","userId":"550e8400-e29b-41d4-a716-446655440001"}

      at Console.log (node_modules/winston/lib/winston/transports/console.js:87:23)

    console.log
      [34mdebug[39m: Typesense sync job queued {"action":"remove","jobQueued":true,"shopId":"fea4f0a0-4278-4720-acc2-649596c60b1d","timestamp":"2026-04-19T14:13:55.634Z"}

      at Console.log (node_modules/winston/lib/winston/transports/console.js:87:23)

    console.log
      [32minfo[39m: Broadcast shop status change {"isOpen":false,"shopId":"fea4f0a0-4278-4720-acc2-649596c60b1d","timestamp":"2026-04-19T14:13:55.634Z"}

      at Console.log (node_modules/winston/lib/winston/transports/console.js:87:23)

    console.log
      [32minfo[39m: Toggle shop endpoint success {"newStatus":"closed","shopId":"fea4f0a0-4278-4720-acc2-649596c60b1d","timestamp":"2026-04-19T14:13:55.635Z","userId":"550e8400-e29b-41d4-a716-446655440001"}

      at Console.log (node_modules/winston/lib/winston/transports/console.js:87:23)

    console.log
      [32minfo[39m: Incoming request {"ip":"::ffff:127.0.0.1","method":"PATCH","path":"/api/v1/shops/0f10b750-9e01-43e4-93ed-c38a65dabcb5/toggle","requestId":"e9b8948e-08f0-41ba-b696-6937814f836e","timestamp":"2026-04-19T14:13:55.644Z"}

      at Console.log (node_modules/winston/lib/winston/transports/console.js:87:23)

    console.log
      [34mdebug[39m: Token verified {"role":"shop_owner","timestamp":"2026-04-19T14:13:55.645Z","userId":"550e8400-e29b-41d4-a716-446655440001"}

      at Console.log (node_modules/winston/lib/winston/transports/console.js:87:23)

    console.log
      [34mdebug[39m: Role check passed {"path":"/0f10b750-9e01-43e4-93ed-c38a65dabcb5/toggle","role":"shop_owner","timestamp":"2026-04-19T14:13:55.645Z","userId":"550e8400-e29b-41d4-a716-446655440001"}

      at Console.log (node_modules/winston/lib/winston/transports/console.js:87:23)

    console.log
      [34mdebug[39m: Shop ownership verified via database {"shopId":"0f10b750-9e01-43e4-93ed-c38a65dabcb5","timestamp":"2026-04-19T14:13:55.646Z","userId":"550e8400-e29b-41d4-a716-446655440001"}

      at Console.log (node_modules/winston/lib/winston/transports/console.js:87:23)

    console.log
      [32minfo[39m: Toggling shop open/close status {"shopId":"0f10b750-9e01-43e4-93ed-c38a65dabcb5","timestamp":"2026-04-19T14:13:55.646Z","userId":"550e8400-e29b-41d4-a716-446655440001"}

      at Console.log (node_modules/winston/lib/winston/transports/console.js:87:23)

    console.log
      [32minfo[39m: Shop status toggled successfully {"isOpenAfter":false,"isOpenBefore":true,"shopId":"0f10b750-9e01-43e4-93ed-c38a65dabcb5","timestamp":"2026-04-19T14:13:55.646Z","userId":"550e8400-e29b-41d4-a716-446655440001"}

      at Console.log (node_modules/winston/lib/winston/transports/console.js:87:23)

    console.log
      [34mdebug[39m: Typesense sync job queued {"action":"remove","jobQueued":true,"shopId":"0f10b750-9e01-43e4-93ed-c38a65dabcb5","timestamp":"2026-04-19T14:13:55.646Z"}

      at Console.log (node_modules/winston/lib/winston/transports/console.js:87:23)

    console.log
      [32minfo[39m: Broadcast shop status change {"isOpen":false,"shopId":"0f10b750-9e01-43e4-93ed-c38a65dabcb5","timestamp":"2026-04-19T14:13:55.646Z"}

      at Console.log (node_modules/winston/lib/winston/transports/console.js:87:23)

    console.log
      [32minfo[39m: Toggle shop endpoint success {"newStatus":"closed","shopId":"0f10b750-9e01-43e4-93ed-c38a65dabcb5","timestamp":"2026-04-19T14:13:55.646Z","userId":"550e8400-e29b-41d4-a716-446655440001"}

      at Console.log (node_modules/winston/lib/winston/transports/console.js:87:23)

    console.log
      [32minfo[39m: Incoming request {"ip":"::ffff:127.0.0.1","method":"PATCH","path":"/api/v1/shops/38ebdefc-8b7f-4686-bbd0-975b470e6e3d/toggle","requestId":"9cff2ede-2c00-4cbc-b100-ef6326756fbe","timestamp":"2026-04-19T14:13:55.655Z"}

      at Console.log (node_modules/winston/lib/winston/transports/console.js:87:23)

    console.log
      [34mdebug[39m: Token verified {"role":"shop_owner","timestamp":"2026-04-19T14:13:55.655Z","userId":"550e8400-e29b-41d4-a716-446655440001"}

      at Console.log (node_modules/winston/lib/winston/transports/console.js:87:23)

    console.log
      [34mdebug[39m: Role check passed {"path":"/38ebdefc-8b7f-4686-bbd0-975b470e6e3d/toggle","role":"shop_owner","timestamp":"2026-04-19T14:13:55.658Z","userId":"550e8400-e29b-41d4-a716-446655440001"}

      at Console.log (node_modules/winston/lib/winston/transports/console.js:87:23)

    console.log
      [34mdebug[39m: Shop ownership verified via database {"shopId":"38ebdefc-8b7f-4686-bbd0-975b470e6e3d","timestamp":"2026-04-19T14:13:55.658Z","userId":"550e8400-e29b-41d4-a716-446655440001"}

      at Console.log (node_modules/winston/lib/winston/transports/console.js:87:23)

    console.log
      [32minfo[39m: Toggling shop open/close status {"shopId":"38ebdefc-8b7f-4686-bbd0-975b470e6e3d","timestamp":"2026-04-19T14:13:55.658Z","userId":"550e8400-e29b-41d4-a716-446655440001"}

      at Console.log (node_modules/winston/lib/winston/transports/console.js:87:23)

    console.log
      [32minfo[39m: Shop status toggled successfully {"isOpenAfter":false,"isOpenBefore":true,"shopId":"38ebdefc-8b7f-4686-bbd0-975b470e6e3d","timestamp":"2026-04-19T14:13:55.658Z","userId":"550e8400-e29b-41d4-a716-446655440001"}

      at Console.log (node_modules/winston/lib/winston/transports/console.js:87:23)

    console.log
      [34mdebug[39m: Typesense sync job queued {"action":"remove","jobQueued":true,"shopId":"38ebdefc-8b7f-4686-bbd0-975b470e6e3d","timestamp":"2026-04-19T14:13:55.659Z"}

      at Console.log (node_modules/winston/lib/winston/transports/console.js:87:23)

    console.log
      [32minfo[39m: Broadcast shop status change {"isOpen":false,"shopId":"38ebdefc-8b7f-4686-bbd0-975b470e6e3d","timestamp":"2026-04-19T14:13:55.659Z"}

      at Console.log (node_modules/winston/lib/winston/transports/console.js:87:23)

    console.log
      [32minfo[39m: Toggle shop endpoint success {"newStatus":"closed","shopId":"38ebdefc-8b7f-4686-bbd0-975b470e6e3d","timestamp":"2026-04-19T14:13:55.659Z","userId":"550e8400-e29b-41d4-a716-446655440001"}

      at Console.log (node_modules/winston/lib/winston/transports/console.js:87:23)

    console.log
      [32minfo[39m: Incoming request {"ip":"::ffff:127.0.0.1","method":"PATCH","path":"/api/v1/shops/38ebdefc-8b7f-4686-bbd0-975b470e6e3d/toggle","requestId":"b49e4878-1382-4a1e-ad7d-e9b1b5d1256f","timestamp":"2026-04-19T14:13:55.660Z"}

      at Console.log (node_modules/winston/lib/winston/transports/console.js:87:23)

    console.log
      [34mdebug[39m: Token verified {"role":"shop_owner","timestamp":"2026-04-19T14:13:55.660Z","userId":"550e8400-e29b-41d4-a716-446655440001"}

      at Console.log (node_modules/winston/lib/winston/transports/console.js:87:23)

    console.log
      [34mdebug[39m: Role check passed {"path":"/38ebdefc-8b7f-4686-bbd0-975b470e6e3d/toggle","role":"shop_owner","timestamp":"2026-04-19T14:13:55.661Z","userId":"550e8400-e29b-41d4-a716-446655440001"}

      at Console.log (node_modules/winston/lib/winston/transports/console.js:87:23)

    console.log
      [34mdebug[39m: Shop ownership verified via database {"shopId":"38ebdefc-8b7f-4686-bbd0-975b470e6e3d","timestamp":"2026-04-19T14:13:55.661Z","userId":"550e8400-e29b-41d4-a716-446655440001"}

      at Console.log (node_modules/winston/lib/winston/transports/console.js:87:23)

    console.log
      [32minfo[39m: Toggling shop open/close status {"shopId":"38ebdefc-8b7f-4686-bbd0-975b470e6e3d","timestamp":"2026-04-19T14:13:55.661Z","userId":"550e8400-e29b-41d4-a716-446655440001"}

      at Console.log (node_modules/winston/lib/winston/transports/console.js:87:23)

    console.log
      [32minfo[39m: Shop status toggled successfully {"isOpenAfter":true,"isOpenBefore":false,"shopId":"38ebdefc-8b7f-4686-bbd0-975b470e6e3d","timestamp":"2026-04-19T14:13:55.661Z","userId":"550e8400-e29b-41d4-a716-446655440001"}

      at Console.log (node_modules/winston/lib/winston/transports/console.js:87:23)

    console.log
      [34mdebug[39m: Typesense sync job queued {"action":"sync","jobQueued":true,"shopId":"38ebdefc-8b7f-4686-bbd0-975b470e6e3d","timestamp":"2026-04-19T14:13:55.661Z"}

      at Console.log (node_modules/winston/lib/winston/transports/console.js:87:23)

    console.log
      [32minfo[39m: Broadcast shop status change {"isOpen":true,"shopId":"38ebdefc-8b7f-4686-bbd0-975b470e6e3d","timestamp":"2026-04-19T14:13:55.662Z"}

      at Console.log (node_modules/winston/lib/winston/transports/console.js:87:23)

    console.log
      [32minfo[39m: Toggle shop endpoint success {"newStatus":"open","shopId":"38ebdefc-8b7f-4686-bbd0-975b470e6e3d","timestamp":"2026-04-19T14:13:55.669Z","userId":"550e8400-e29b-41d4-a716-446655440001"}

      at Console.log (node_modules/winston/lib/winston/transports/console.js:87:23)

FAIL __tests__/integration/chats.integration.test.js
  ● Console

    console.log
      [32minfo[39m: Typesense client initialized {"host":"localhost","port":"8108","protocol":"http","timestamp":"2026-04-19T14:13:54.981Z"}

      at Console.log (node_modules/winston/lib/winston/transports/console.js:87:23)

    console.error
      Error: connect ECONNREFUSED 127.0.0.1:6379
          at TCPConnectWrap.afterConnect [as oncomplete] (node:net:1637:16) {
        errno: -61,
        code: 'ECONNREFUSED',
        syscall: 'connect',
        address: '127.0.0.1',
        port: 6379
      }

      at Queue.emit (node_modules/bullmq/src/classes/queue-base.ts:137:17)
      at Queue.emit (node_modules/bullmq/src/classes/queue.ts:193:18)
      at RedisConnection.<anonymous> (node_modules/bullmq/src/classes/queue-base.ts:76:56)
      at EventEmitter.RedisConnection.handleClientError (node_modules/bullmq/src/classes/redis-connection.ts:123:12)
      at EventEmitter.silentEmit (node_modules/ioredis/built/Redis.js:529:30)
      at Socket.<anonymous> (node_modules/ioredis/built/redis/event_handler.js:221:14)

    console.log
      [31merror[39m: Typesense sync worker error {"error":"connect ECONNREFUSED 127.0.0.1:6379","stack":"Error: connect ECONNREFUSED 127.0.0.1:6379\n    at TCPConnectWrap.afterConnect [as oncomplete] (node:net:1637:16)","timestamp":"2026-04-19T14:13:55.468Z"}

      at Console.log (node_modules/winston/lib/winston/transports/console.js:87:23)

    console.log
      [31merror[39m: Typesense sync worker error {"error":"connect ECONNREFUSED 127.0.0.1:6379","stack":"Error: connect ECONNREFUSED 127.0.0.1:6379\n    at TCPConnectWrap.afterConnect [as oncomplete] (node:net:1637:16)","timestamp":"2026-04-19T14:13:55.485Z"}

      at Console.log (node_modules/winston/lib/winston/transports/console.js:87:23)

    console.log
      [32minfo[39m: Incoming request {"ip":"::ffff:127.0.0.1","method":"POST","path":"/api/v1/chats","requestId":"9cba8003-9d9e-411b-a413-a6345f2d7859","timestamp":"2026-04-19T14:13:55.488Z"}

      at Console.log (node_modules/winston/lib/winston/transports/console.js:87:23)

    console.log
      [32minfo[39m: Incoming request {"ip":"::ffff:127.0.0.1","method":"POST","path":"/api/v1/chats","requestId":"5018d9bd-006c-48b4-8bce-997269b0b6db","timestamp":"2026-04-19T14:13:55.545Z"}

      at Console.log (node_modules/winston/lib/winston/transports/console.js:87:23)

    console.log
      [32minfo[39m: Incoming request {"ip":"::ffff:127.0.0.1","method":"POST","path":"/api/v1/chats","requestId":"2fc11bdc-6168-45b1-92a2-3bd0f11382b4","timestamp":"2026-04-19T14:13:55.550Z"}

      at Console.log (node_modules/winston/lib/winston/transports/console.js:87:23)

    console.log
      [32minfo[39m: Incoming request {"ip":"::ffff:127.0.0.1","method":"POST","path":"/api/v1/chats","requestId":"2b75846b-b41b-4292-b613-dcd456ffc041","timestamp":"2026-04-19T14:13:55.556Z"}

      at Console.log (node_modules/winston/lib/winston/transports/console.js:87:23)

    console.log
      [32minfo[39m: Incoming request {"ip":"::ffff:127.0.0.1","method":"POST","path":"/api/v1/chats","requestId":"8f80a26a-ece2-4444-acc0-73c4143d9976","timestamp":"2026-04-19T14:13:55.578Z"}

      at Console.log (node_modules/winston/lib/winston/transports/console.js:87:23)

    console.log
      [32minfo[39m: Incoming request {"ip":"::ffff:127.0.0.1","method":"POST","path":"/api/v1/chats","requestId":"3334282b-8f25-4dd9-bc36-ed5c77ce3952","timestamp":"2026-04-19T14:13:55.583Z"}

      at Console.log (node_modules/winston/lib/winston/transports/console.js:87:23)

    console.log
      [32minfo[39m: Incoming request {"ip":"::ffff:127.0.0.1","method":"POST","path":"/api/v1/chats","requestId":"2167ceff-38a3-44fc-9787-cea568b95a59","timestamp":"2026-04-19T14:13:55.585Z"}

      at Console.log (node_modules/winston/lib/winston/transports/console.js:87:23)

    console.log
      [32minfo[39m: Incoming request {"ip":"::ffff:127.0.0.1","method":"POST","path":"/api/v1/chats","requestId":"797d9894-5911-4dc5-b65e-ff6b2d0e8a18","timestamp":"2026-04-19T14:13:55.587Z"}

      at Console.log (node_modules/winston/lib/winston/transports/console.js:87:23)

    console.log
      [32minfo[39m: Incoming request {"ip":"::ffff:127.0.0.1","method":"POST","path":"/api/v1/chats","requestId":"d1e512ab-6d4b-40ea-be99-a1b75bfa1663","timestamp":"2026-04-19T14:13:55.605Z"}

      at Console.log (node_modules/winston/lib/winston/transports/console.js:87:23)

    console.log
      [32minfo[39m: Incoming request {"ip":"::ffff:127.0.0.1","method":"POST","path":"/api/v1/chats","requestId":"ef1742d1-37e6-47d7-a417-21d0abc2db6b","timestamp":"2026-04-19T14:13:55.610Z"}

      at Console.log (node_modules/winston/lib/winston/transports/console.js:87:23)

    console.log
      [32minfo[39m: Incoming request {"ip":"::ffff:127.0.0.1","method":"POST","path":"/api/v1/chats","requestId":"17a523b0-e364-427b-ad13-15b873225164","timestamp":"2026-04-19T14:13:55.612Z"}

      at Console.log (node_modules/winston/lib/winston/transports/console.js:87:23)

    console.log
      [32minfo[39m: Incoming request {"ip":"::ffff:127.0.0.1","method":"POST","path":"/api/v1/chats","requestId":"0ea4c551-3433-45c0-a1da-445518045199","timestamp":"2026-04-19T14:13:55.614Z"}

      at Console.log (node_modules/winston/lib/winston/transports/console.js:87:23)

    console.log
      [32minfo[39m: Incoming request {"ip":"::ffff:127.0.0.1","method":"POST","path":"/api/v1/chats","requestId":"30b3d050-5145-447c-ae40-f86728537d9d","timestamp":"2026-04-19T14:13:55.619Z"}

      at Console.log (node_modules/winston/lib/winston/transports/console.js:87:23)

    console.log
      [32minfo[39m: Incoming request {"ip":"::ffff:127.0.0.1","method":"GET","path":"/api/v1/chats/40b3627d-0959-47b5-a042-d73f8f31ac10","requestId":"917969f7-12eb-4847-bad3-69c455d91374","timestamp":"2026-04-19T14:13:55.622Z"}

      at Console.log (node_modules/winston/lib/winston/transports/console.js:87:23)

    console.log
      [32minfo[39m: Incoming request {"ip":"::ffff:127.0.0.1","method":"GET","path":"/api/v1/chats/a98f226e-81ea-4ea7-b646-55d5a447806c","requestId":"2ef50db2-7d73-40c6-bdca-53b5f388a3ad","timestamp":"2026-04-19T14:13:55.624Z"}

      at Console.log (node_modules/winston/lib/winston/transports/console.js:87:23)

    console.log
      [32minfo[39m: Incoming request {"ip":"::ffff:127.0.0.1","method":"GET","path":"/api/v1/chats/78e51c6d-1474-4367-985a-ddbace4836c0","requestId":"b396c866-c6d3-45db-9ca7-8ae2f9848f6c","timestamp":"2026-04-19T14:13:55.630Z"}

      at Console.log (node_modules/winston/lib/winston/transports/console.js:87:23)

    console.log
      [32minfo[39m: Incoming request {"ip":"::ffff:127.0.0.1","method":"GET","path":"/api/v1/chats/522c7285-1619-4fa3-9477-061e43d827ba","requestId":"a059712b-6c99-4316-ad8f-2a6373170589","timestamp":"2026-04-19T14:13:55.641Z"}

      at Console.log (node_modules/winston/lib/winston/transports/console.js:87:23)

    console.log
      [32minfo[39m: Incoming request {"ip":"::ffff:127.0.0.1","method":"GET","path":"/api/v1/chats/e0623b4f-dc91-4737-b218-2850b8691abb","requestId":"3cb7fd97-b840-4bd7-b7fe-cae6fa9ecb5b","timestamp":"2026-04-19T14:13:55.645Z"}

      at Console.log (node_modules/winston/lib/winston/transports/console.js:87:23)

    console.log
      [32minfo[39m: Incoming request {"ip":"::ffff:127.0.0.1","method":"GET","path":"/api/v1/chats/acf3dce0-3713-44da-b4ad-bd7eff293b94","requestId":"f9caebcc-5309-4e85-9afe-2df29800b853","timestamp":"2026-04-19T14:13:55.650Z"}

      at Console.log (node_modules/winston/lib/winston/transports/console.js:87:23)

    console.log
      [32minfo[39m: Incoming request {"ip":"::ffff:127.0.0.1","method":"GET","path":"/api/v1/chats/d3e0dbd5-3d24-45f9-9ee3-39de54a23ae7","requestId":"f760dd5d-29b3-452b-8365-0bbd7b9d6acf","timestamp":"2026-04-19T14:13:55.656Z"}

      at Console.log (node_modules/winston/lib/winston/transports/console.js:87:23)

    console.log
      [32minfo[39m: Incoming request {"ip":"::ffff:127.0.0.1","method":"GET","path":"/api/v1/chats/a0a77c57-80e6-4de2-86d1-e9dfc0fc8dfb","requestId":"fad52ceb-0931-4027-b303-63682582ee25","timestamp":"2026-04-19T14:13:55.659Z"}

      at Console.log (node_modules/winston/lib/winston/transports/console.js:87:23)

    console.log
      [32minfo[39m: Incoming request {"ip":"::ffff:127.0.0.1","method":"GET","path":"/api/v1/chats/5baa1c0a-d53a-4e7b-a177-bf2a65706fd6","requestId":"d3cabcd0-d3bd-4520-92ad-af34126965a6","timestamp":"2026-04-19T14:13:55.667Z"}

      at Console.log (node_modules/winston/lib/winston/transports/console.js:87:23)

    console.log
      [32minfo[39m: Incoming request {"ip":"::ffff:127.0.0.1","method":"GET","path":"/api/v1/chats/f5c6781f-e532-4548-a23e-730d564fad53","requestId":"35d768c0-1107-49e0-b46f-82f8f99f9734","timestamp":"2026-04-19T14:13:55.686Z"}

      at Console.log (node_modules/winston/lib/winston/transports/console.js:87:23)

    console.log
      [32minfo[39m: Incoming request {"ip":"::ffff:127.0.0.1","method":"POST","path":"/api/v1/chats","requestId":"be52e9c8-b347-4ad4-8cea-3d79b17835db","timestamp":"2026-04-19T14:13:55.690Z"}

      at Console.log (node_modules/winston/lib/winston/transports/console.js:87:23)

  ● Chat Endpoints › POST /api/v1/chats › should send message from customer to shop

    expect(received).toBe(expected) // Object.is equality

    Expected: 201
    Received: 404

      135 |         });
      136 |
    > 137 |       expect(response.status).toBe(201);
          |                               ^
      138 |       expect(response.body.success).toBe(true);
      139 |       expect(response.body.data).toHaveProperty('id');
      140 |       expect(response.body.data).toHaveProperty('message');

      at Object.toBe (__tests__/integration/chats.integration.test.js:137:31)

  ● Chat Endpoints › POST /api/v1/chats › should send message from shop owner

    expect(received).toBe(expected) // Object.is equality

    Expected: 201
    Received: 404

      151 |         });
      152 |
    > 153 |       expect(response.status).toBe(201);
          |                               ^
      154 |       expect(response.body.success).toBe(true);
      155 |       expect(response.body.data.message).toBe('Yes, item is available');
      156 |     });

      at Object.toBe (__tests__/integration/chats.integration.test.js:153:31)

  ● Chat Endpoints › POST /api/v1/chats › should validate message length (max 500 chars)

    expect(received).toBe(expected) // Object.is equality

    Expected: 400
    Received: 404

      167 |         });
      168 |
    > 169 |       expect(response.status).toBe(400);
          |                               ^
      170 |       expect(response.body.success).toBe(false);
      171 |       expect(response.body.error.code).toMatch(/VALIDATION|INVALID/i);
      172 |     });

      at Object.toBe (__tests__/integration/chats.integration.test.js:169:31)

  ● Chat Endpoints › POST /api/v1/chats › should reject empty messages

    expect(received).toBe(expected) // Object.is equality

    Expected: 400
    Received: 404

      181 |         });
      182 |
    > 183 |       expect(response.status).toBe(400);
          |                               ^
      184 |       expect(response.body.success).toBe(false);
      185 |     });
      186 |

      at Object.toBe (__tests__/integration/chats.integration.test.js:183:31)

  ● Chat Endpoints › POST /api/v1/chats › should require authentication

    expect(received).toBe(expected) // Object.is equality

    Expected: 401
    Received: 404

      193 |         });
      194 |
    > 195 |       expect(response.status).toBe(401);
          |                               ^
      196 |       expect(response.body.success).toBe(false);
      197 |     });
      198 |

      at Object.toBe (__tests__/integration/chats.integration.test.js:195:31)

  ● Chat Endpoints › POST /api/v1/chats › should reject invalid orderId

    expect(received).toBe(expected) // Object.is equality

    Expected: 400
    Received: 404

      206 |         });
      207 |
    > 208 |       expect(response.status).toBe(400);
          |                               ^
      209 |       expect(response.body.success).toBe(false);
      210 |     });
      211 |

      at Object.toBe (__tests__/integration/chats.integration.test.js:208:31)

  ● Chat Endpoints › POST /api/v1/chats › should include timestamp in response

    expect(received).toBe(expected) // Object.is equality

    Expected: 201
    Received: 404

      233 |         });
      234 |
    > 235 |       expect(response.status).toBe(201);
          |                               ^
      236 |       expect(response.body.data).toHaveProperty('created_at');
      237 |       expect(new Date(response.body.data.created_at)).toBeInstanceOf(Date);
      238 |     });

      at Object.toBe (__tests__/integration/chats.integration.test.js:235:31)

  ● Chat Endpoints › POST /api/v1/chats › should require message field

    expect(received).toBe(expected) // Object.is equality

    Expected: 400
    Received: 404

      246 |         });
      247 |
    > 248 |       expect(response.status).toBe(400);
          |                               ^
      249 |       expect(response.body.success).toBe(false);
      250 |     });
      251 |

      at Object.toBe (__tests__/integration/chats.integration.test.js:248:31)

  ● Chat Endpoints › POST /api/v1/chats › should require orderId field

    expect(received).toBe(expected) // Object.is equality

    Expected: 400
    Received: 404

      258 |         });
      259 |
    > 260 |       expect(response.status).toBe(400);
          |                               ^
      261 |       expect(response.body.success).toBe(false);
      262 |     });
      263 |

      at Object.toBe (__tests__/integration/chats.integration.test.js:260:31)

  ● Chat Endpoints › POST /api/v1/chats › should accept max length messages (500 chars)

    expect(received).toBe(expected) // Object.is equality

    Expected: 201
    Received: 404

      273 |         });
      274 |
    > 275 |       expect(response.status).toBe(201);
          |                               ^
      276 |       expect(response.body.success).toBe(true);
      277 |     });
      278 |

      at Object.toBe (__tests__/integration/chats.integration.test.js:275:31)

  ● Chat Endpoints › POST /api/v1/chats › should trim whitespace from messages

    expect(received).toBe(expected) // Object.is equality

    Expected: 201
    Received: 404

      286 |         });
      287 |
    > 288 |       expect(response.status).toBe(201);
          |                               ^
      289 |       expect(response.body.success).toBe(true);
      290 |     });
      291 |

      at Object.toBe (__tests__/integration/chats.integration.test.js:288:31)

  ● Chat Endpoints › POST /api/v1/chats › should support special characters in messages

    expect(received).toBe(expected) // Object.is equality

    Expected: 201
    Received: 404

      301 |         });
      302 |
    > 303 |       expect(response.status).toBe(201);
          |                               ^
      304 |       expect(response.body.success).toBe(true);
      305 |       expect(response.body.data.message).toBe(specialMessage);
      306 |     });

      at Object.toBe (__tests__/integration/chats.integration.test.js:303:31)

  ● Chat Endpoints › GET /api/v1/chats/:orderId › should get message thread for order

    expect(received).toBe(expected) // Object.is equality

    Expected: 200
    Received: 404

      339 |         .set('Authorization', `Bearer ${customerToken}`);
      340 |
    > 341 |       expect(response.status).toBe(200);
          |                               ^
      342 |       expect(response.body.success).toBe(true);
      343 |       expect(Array.isArray(response.body.data)).toBe(true);
      344 |       expect(response.body.data.length).toBeGreaterThan(0);

      at Object.toBe (__tests__/integration/chats.integration.test.js:341:31)

  ● Chat Endpoints › GET /api/v1/chats/:orderId › should return sorted messages (ascending by timestamp)

    expect(received).toBe(expected) // Object.is equality

    Expected: 200
    Received: 404

      350 |         .set('Authorization', `Bearer ${customerToken}`);
      351 |
    > 352 |       expect(response.status).toBe(200);
          |                               ^
      353 |       const messages = response.body.data;
      354 |       
      355 |       for (let i = 1; i < messages.length; i++) {

      at Object.toBe (__tests__/integration/chats.integration.test.js:352:31)

  ● Chat Endpoints › GET /api/v1/chats/:orderId › should support pagination with limit

    expect(received).toBe(expected) // Object.is equality

    Expected: 200
    Received: 404

      366 |         .set('Authorization', `Bearer ${customerToken}`);
      367 |
    > 368 |       expect(response.status).toBe(200);
          |                               ^
      369 |       expect(response.body.success).toBe(true);
      370 |     });
      371 |

      at Object.toBe (__tests__/integration/chats.integration.test.js:368:31)

  ● Chat Endpoints › GET /api/v1/chats/:orderId › should support pagination with offset

    expect(received).toBe(expected) // Object.is equality

    Expected: 200
    Received: 404

      376 |         .set('Authorization', `Bearer ${customerToken}`);
      377 |
    > 378 |       expect(response.status).toBe(200);
          |                               ^
      379 |       expect(response.body.success).toBe(true);
      380 |     });
      381 |

      at Object.toBe (__tests__/integration/chats.integration.test.js:378:31)

  ● Chat Endpoints › GET /api/v1/chats/:orderId › should require authentication

    expect(received).toBe(expected) // Object.is equality

    Expected: 401
    Received: 404

      384 |         .get(`/api/v1/chats/${orderId}`);
      385 |
    > 386 |       expect(response.status).toBe(401);
          |                               ^
      387 |       expect(response.body.success).toBe(false);
      388 |     });
      389 |

      at Object.toBe (__tests__/integration/chats.integration.test.js:386:31)

  ● Chat Endpoints › GET /api/v1/chats/:orderId › should prevent customer from viewing other customer chats

    expect(received).toBe(expected) // Object.is equality

    Expected: 403
    Received: 404

      407 |         .set('Authorization', `Bearer ${otherToken}`);
      408 |
    > 409 |       expect(response.status).toBe(403);
          |                               ^
      410 |       expect(response.body.success).toBe(false);
      411 |
      412 |       await supabase.from('profiles').delete().eq('id', otherCustomerId);

      at Object.toBe (__tests__/integration/chats.integration.test.js:409:31)

  ● Chat Endpoints › GET /api/v1/chats/:orderId › should return empty array for order with no messages

    expect(received).toBe(expected) // Object.is equality

    Expected: 200
    Received: 404

      420 |         .set('Authorization', `Bearer ${customerToken}`);
      421 |
    > 422 |       expect(response.status).toBe(200);
          |                               ^
      423 |       expect(response.body.success).toBe(true);
      424 |       expect(Array.isArray(response.body.data)).toBe(true);
      425 |

      at Object.toBe (__tests__/integration/chats.integration.test.js:422:31)

  ● Chat Endpoints › GET /api/v1/chats/:orderId › should include sender_type in messages

    expect(received).toBe(expected) // Object.is equality

    Expected: 200
    Received: 404

      434 |         .set('Authorization', `Bearer ${customerToken}`);
      435 |
    > 436 |       expect(response.status).toBe(200);
          |                               ^
      437 |       response.body.data.forEach(msg => {
      438 |         expect(['customer', 'shop']).toContain(msg.sender_type);
      439 |       });

      at Object.toBe (__tests__/integration/chats.integration.test.js:436:31)

  ● Chat Endpoints › GET /api/v1/chats/:orderId › should include is_read status

    expect(received).toBe(expected) // Object.is equality

    Expected: 200
    Received: 404

      445 |         .set('Authorization', `Bearer ${customerToken}`);
      446 |
    > 447 |       expect(response.status).toBe(200);
          |                               ^
      448 |       response.body.data.forEach(msg => {
      449 |         expect(typeof msg.is_read).toBe('boolean');
      450 |       });

      at Object.toBe (__tests__/integration/chats.integration.test.js:447:31)

  ● Chat Endpoints › Chat security › should not expose other orders chat to unauthorized users

    expect(received).toBe(expected) // Object.is equality

    Expected: 403
    Received: 404

      470 |         .set('Authorization', `Bearer ${customerToken}`);
      471 |
    > 472 |       expect(response.status).toBe(403);
          |                               ^
      473 |
      474 |       // Cleanup
      475 |       await supabase.from('messages').delete().eq('order_id', otherOrder.orderId);

      at Object.toBe (__tests__/integration/chats.integration.test.js:472:31)

  ● Chat Endpoints › Chat security › should mark shop messages as read

    expect(received).toBe(expected) // Object.is equality

    Expected: 201
    Received: 404

      491 |         });
      492 |
    > 493 |       expect(response.status).toBe(201);
          |                               ^
      494 |       expect(response.body.data).toHaveProperty('id');
      495 |     });
      496 |   });

      at Object.toBe (__tests__/integration/chats.integration.test.js:493:31)

FAIL __tests__/integration/earnings.integration.test.js
  ● Console

    console.log
      [32minfo[39m: Typesense client initialized {"host":"localhost","port":"8108","protocol":"http","timestamp":"2026-04-19T14:13:54.975Z"}

      at Console.log (node_modules/winston/lib/winston/transports/console.js:87:23)

    console.error
      Error: connect ECONNREFUSED 127.0.0.1:6379
          at TCPConnectWrap.afterConnect [as oncomplete] (node:net:1637:16) {
        errno: -61,
        code: 'ECONNREFUSED',
        syscall: 'connect',
        address: '127.0.0.1',
        port: 6379
      }

      at Queue.emit (node_modules/bullmq/src/classes/queue-base.ts:137:17)
      at Queue.emit (node_modules/bullmq/src/classes/queue.ts:193:18)
      at RedisConnection.<anonymous> (node_modules/bullmq/src/classes/queue-base.ts:76:56)
      at EventEmitter.RedisConnection.handleClientError (node_modules/bullmq/src/classes/redis-connection.ts:123:12)
      at EventEmitter.silentEmit (node_modules/ioredis/built/Redis.js:529:30)
      at Socket.<anonymous> (node_modules/ioredis/built/redis/event_handler.js:221:14)

    console.log
      [31merror[39m: Typesense sync worker error {"error":"connect ECONNREFUSED 127.0.0.1:6379","stack":"Error: connect ECONNREFUSED 127.0.0.1:6379\n    at TCPConnectWrap.afterConnect [as oncomplete] (node:net:1637:16)","timestamp":"2026-04-19T14:13:55.546Z"}

      at Console.log (node_modules/winston/lib/winston/transports/console.js:87:23)

    console.log
      [31merror[39m: Typesense sync worker error {"error":"connect ECONNREFUSED 127.0.0.1:6379","stack":"Error: connect ECONNREFUSED 127.0.0.1:6379\n    at TCPConnectWrap.afterConnect [as oncomplete] (node:net:1637:16)","timestamp":"2026-04-19T14:13:55.566Z"}

      at Console.log (node_modules/winston/lib/winston/transports/console.js:87:23)

    console.log
      [32minfo[39m: Incoming request {"ip":"::ffff:127.0.0.1","method":"GET","path":"/api/v1/shops/d415ae81-5c76-4460-9b1d-c835d60bee94/earnings","requestId":"502885f6-1102-48fd-acfa-dd17469f9dd6","timestamp":"2026-04-19T14:13:55.570Z"}

      at Console.log (node_modules/winston/lib/winston/transports/console.js:87:23)

    console.log
      [32minfo[39m: Incoming request {"ip":"::ffff:127.0.0.1","method":"GET","path":"/api/v1/shops/baa817e5-62b2-4820-bf96-24b7c2e42b79/earnings","requestId":"49786fb0-f27e-4f29-9e7e-87e134513e18","timestamp":"2026-04-19T14:13:55.601Z"}

      at Console.log (node_modules/winston/lib/winston/transports/console.js:87:23)

    console.log
      [32minfo[39m: Incoming request {"ip":"::ffff:127.0.0.1","method":"GET","path":"/api/v1/shops/811e8359-cc76-46fb-bd81-3c6f7d34a4e9/earnings","requestId":"c0335f57-83af-448b-9146-4ad37f52e3e2","timestamp":"2026-04-19T14:13:55.605Z"}

      at Console.log (node_modules/winston/lib/winston/transports/console.js:87:23)

    console.log
      [32minfo[39m: Incoming request {"ip":"::ffff:127.0.0.1","method":"GET","path":"/api/v1/shops/688c6c87-1621-497e-b549-782db16bb9ca/earnings","requestId":"394e567f-173f-48af-abd9-37f61992055a","timestamp":"2026-04-19T14:13:55.607Z"}

      at Console.log (node_modules/winston/lib/winston/transports/console.js:87:23)

    console.log
      [32minfo[39m: Incoming request {"ip":"::ffff:127.0.0.1","method":"GET","path":"/api/v1/shops/42d290e0-ebdb-4d1d-ab11-f5ecd0d33153/earnings","requestId":"4a67d73e-d98b-4c7b-85a5-ac26a5f32dd5","timestamp":"2026-04-19T14:13:55.615Z"}

      at Console.log (node_modules/winston/lib/winston/transports/console.js:87:23)

    console.log
      [32minfo[39m: Incoming request {"ip":"::ffff:127.0.0.1","method":"GET","path":"/api/v1/shops/fff09121-742b-4f1e-b0f7-f4783f95c879/earnings","requestId":"b9e733e6-fa78-479c-b5f3-4e090c2fe95d","timestamp":"2026-04-19T14:13:55.618Z"}

      at Console.log (node_modules/winston/lib/winston/transports/console.js:87:23)

    console.log
      [32minfo[39m: Incoming request {"ip":"::ffff:127.0.0.1","method":"GET","path":"/api/v1/shops/40538770-4292-4837-8f77-2df90723b3ad/earnings","requestId":"2f103e92-e474-4db5-b7ab-d7a026125a0f","timestamp":"2026-04-19T14:13:55.628Z"}

      at Console.log (node_modules/winston/lib/winston/transports/console.js:87:23)

    console.log
      [32minfo[39m: Incoming request {"ip":"::ffff:127.0.0.1","method":"GET","path":"/api/v1/shops/46518b25-1ba0-458e-9344-bac05aafabc3/earnings","requestId":"a158c65c-6923-49e8-9f44-965ca79db667","timestamp":"2026-04-19T14:13:55.633Z"}

      at Console.log (node_modules/winston/lib/winston/transports/console.js:87:23)

    console.log
      [32minfo[39m: Incoming request {"ip":"::ffff:127.0.0.1","method":"GET","path":"/api/v1/shops/c2f7ad36-d42e-4a40-b38e-f66062059baa/earnings","requestId":"ba89f144-7772-4a6f-883e-ccb16dd10c9f","timestamp":"2026-04-19T14:13:55.635Z"}

      at Console.log (node_modules/winston/lib/winston/transports/console.js:87:23)

    console.log
      [32minfo[39m: Incoming request {"ip":"::ffff:127.0.0.1","method":"GET","path":"/api/v1/shops/24d1f6ab-a72f-4e56-84fe-7bcb46adb1df/earnings","requestId":"f7da0b28-faef-4d1e-a823-3a29c12fa937","timestamp":"2026-04-19T14:13:55.639Z"}

      at Console.log (node_modules/winston/lib/winston/transports/console.js:87:23)

    console.log
      [32minfo[39m: Incoming request {"ip":"::ffff:127.0.0.1","method":"GET","path":"/api/v1/shops/2651c9b6-c5ae-4de8-8e46-d7124167b093/earnings","requestId":"aec6c296-f341-421c-9e04-cfd83f726f24","timestamp":"2026-04-19T14:13:55.645Z"}

      at Console.log (node_modules/winston/lib/winston/transports/console.js:87:23)

    console.log
      [32minfo[39m: Incoming request {"ip":"::ffff:127.0.0.1","method":"GET","path":"/api/v1/shops/174593c1-a647-40cf-9d95-f2a36e799b98/earnings","requestId":"2f3e3c7a-f7c8-4830-ad6b-0e2558644894","timestamp":"2026-04-19T14:13:55.647Z"}

      at Console.log (node_modules/winston/lib/winston/transports/console.js:87:23)

    console.log
      [32minfo[39m: Incoming request {"ip":"::ffff:127.0.0.1","method":"GET","path":"/api/v1/shops/3dfc1e8b-6dfb-4375-a349-bde487d5cc6f/earnings/weekly","requestId":"b1ec51d1-10be-47f3-b75f-8285876a7ace","timestamp":"2026-04-19T14:13:55.651Z"}

      at Console.log (node_modules/winston/lib/winston/transports/console.js:87:23)

    console.log
      [32minfo[39m: Incoming request {"ip":"::ffff:127.0.0.1","method":"GET","path":"/api/v1/shops/031c9fbd-97e0-47fa-a286-376047150375/earnings/weekly","requestId":"ef8081ee-c9e4-4ede-b25a-3d6a6169e34b","timestamp":"2026-04-19T14:13:55.654Z"}

      at Console.log (node_modules/winston/lib/winston/transports/console.js:87:23)

    console.log
      [32minfo[39m: Incoming request {"ip":"::ffff:127.0.0.1","method":"GET","path":"/api/v1/shops/384b2dd7-40d4-4873-a566-13d3a4752b1b/earnings/weekly","requestId":"2461e161-7595-4dd3-8fac-6c95b25c0b6a","timestamp":"2026-04-19T14:13:55.658Z"}

      at Console.log (node_modules/winston/lib/winston/transports/console.js:87:23)

    console.log
      [32minfo[39m: Incoming request {"ip":"::ffff:127.0.0.1","method":"GET","path":"/api/v1/shops/eff9c212-3902-4e9c-8987-dea39ec2c5ac/earnings/weekly","requestId":"86effec4-82c3-4e7b-ba1f-5d73aca5d517","timestamp":"2026-04-19T14:13:55.662Z"}

      at Console.log (node_modules/winston/lib/winston/transports/console.js:87:23)

    console.log
      [32minfo[39m: Incoming request {"ip":"::ffff:127.0.0.1","method":"GET","path":"/api/v1/shops/878fbe0c-8df9-4b36-ae14-e240e887f2cc/earnings/weekly","requestId":"a4c24784-2d1c-430d-86a7-e1b1bd4529c1","timestamp":"2026-04-19T14:13:55.668Z"}

      at Console.log (node_modules/winston/lib/winston/transports/console.js:87:23)

    console.log
      [32minfo[39m: Incoming request {"ip":"::ffff:127.0.0.1","method":"GET","path":"/api/v1/shops/7ef50fe7-aaaf-4d9a-b54b-7547bbb01d0c/earnings/weekly","requestId":"fe593bec-9aa3-48bb-ab56-f83a8f5055a0","timestamp":"2026-04-19T14:13:55.673Z"}

      at Console.log (node_modules/winston/lib/winston/transports/console.js:87:23)

    console.log
      [32minfo[39m: Incoming request {"ip":"::ffff:127.0.0.1","method":"GET","path":"/api/v1/shops/1d28ee9f-9374-49e2-9077-66e223697c08/earnings/weekly","requestId":"c758872a-f930-4bb3-8a38-4dddf3bc15a5","timestamp":"2026-04-19T14:13:55.677Z"}

      at Console.log (node_modules/winston/lib/winston/transports/console.js:87:23)

    console.log
      [32minfo[39m: Incoming request {"ip":"::ffff:127.0.0.1","method":"POST","path":"/api/v1/shops/b917eecd-c259-43ae-a3c5-f470ba241607/earnings/withdraw","requestId":"d2cd880c-7950-4530-a4aa-01c08a7a82c1","timestamp":"2026-04-19T14:13:55.682Z"}

      at Console.log (node_modules/winston/lib/winston/transports/console.js:87:23)

    console.log
      [32minfo[39m: Incoming request {"ip":"::ffff:127.0.0.1","method":"POST","path":"/api/v1/shops/77c5520f-4b04-4295-ab59-517354d0fa17/earnings/withdraw","requestId":"c1d48218-2917-44ff-8046-5bbfbf851962","timestamp":"2026-04-19T14:13:55.700Z"}

      at Console.log (node_modules/winston/lib/winston/transports/console.js:87:23)

    console.log
      [32minfo[39m: Incoming request {"ip":"::ffff:127.0.0.1","method":"POST","path":"/api/v1/shops/041c689b-e5d0-418c-abfd-9842fa7b6a4d/earnings/withdraw","requestId":"91297fb2-fdfd-49e2-8066-5251abfb9adf","timestamp":"2026-04-19T14:13:55.715Z"}

      at Console.log (node_modules/winston/lib/winston/transports/console.js:87:23)

    console.log
      [32minfo[39m: Incoming request {"ip":"::ffff:127.0.0.1","method":"POST","path":"/api/v1/shops/1cf537dc-fda3-48de-ac7d-8875702d007a/earnings/withdraw","requestId":"3f7a03f4-5563-48a1-a11c-65eb5c93a617","timestamp":"2026-04-19T14:13:55.727Z"}

      at Console.log (node_modules/winston/lib/winston/transports/console.js:87:23)

    console.log
      [32minfo[39m: Incoming request {"ip":"::ffff:127.0.0.1","method":"POST","path":"/api/v1/shops/7c28b54f-c4a7-43bd-91f0-d2c86123a1bf/earnings/withdraw","requestId":"b6cee6e8-febb-4f38-8ff2-2a34dee3d13a","timestamp":"2026-04-19T14:13:55.730Z"}

      at Console.log (node_modules/winston/lib/winston/transports/console.js:87:23)

    console.log
      [32minfo[39m: Incoming request {"ip":"::ffff:127.0.0.1","method":"POST","path":"/api/v1/shops/79c73a57-876c-4a27-b4bb-922a28150404/earnings/withdraw","requestId":"2425dff3-43c6-40d5-8402-64a7704548fa","timestamp":"2026-04-19T14:13:55.734Z"}

      at Console.log (node_modules/winston/lib/winston/transports/console.js:87:23)

    console.log
      [32minfo[39m: Incoming request {"ip":"::ffff:127.0.0.1","method":"POST","path":"/api/v1/shops/9237fe16-471c-4aff-8a88-f7f09e5ec0e5/earnings/withdraw","requestId":"65ffd311-c945-4b47-b569-270b654e1ff9","timestamp":"2026-04-19T14:13:55.736Z"}

      at Console.log (node_modules/winston/lib/winston/transports/console.js:87:23)

    console.log
      [32minfo[39m: Incoming request {"ip":"::ffff:127.0.0.1","method":"POST","path":"/api/v1/shops/d6295da1-8c99-47d9-a22b-13a53af2cb11/earnings/withdraw","requestId":"86707a36-234d-4235-b8b2-63ffe26d5bac","timestamp":"2026-04-19T14:13:55.740Z"}

      at Console.log (node_modules/winston/lib/winston/transports/console.js:87:23)

    console.log
      [32minfo[39m: Incoming request {"ip":"::ffff:127.0.0.1","method":"POST","path":"/api/v1/shops/e8070674-dbd9-4cb3-9bff-53fc36578679/earnings/withdraw","requestId":"e167014c-3633-4e57-9bc4-3587bf7bbda4","timestamp":"2026-04-19T14:13:55.742Z"}

      at Console.log (node_modules/winston/lib/winston/transports/console.js:87:23)

    console.log
      [32minfo[39m: Incoming request {"ip":"::ffff:127.0.0.1","method":"POST","path":"/api/v1/shops/92973c8f-0e74-4568-8331-abb4dadc413b/earnings/withdraw","requestId":"081f5b7a-687c-4619-834b-73da87b156a0","timestamp":"2026-04-19T14:13:55.746Z"}

      at Console.log (node_modules/winston/lib/winston/transports/console.js:87:23)

    console.log
      [32minfo[39m: Incoming request {"ip":"::ffff:127.0.0.1","method":"POST","path":"/api/v1/shops/a165f4e0-2caa-4df5-95bc-9d1f0dd6ef0f/earnings/withdraw","requestId":"83f6216b-2a71-4208-8e87-a8b1c9af3410","timestamp":"2026-04-19T14:13:55.749Z"}

      at Console.log (node_modules/winston/lib/winston/transports/console.js:87:23)

    console.log
      [32minfo[39m: Incoming request {"ip":"::ffff:127.0.0.1","method":"POST","path":"/api/v1/shops/a165f4e0-2caa-4df5-95bc-9d1f0dd6ef0f/earnings/withdraw","requestId":"c53b5031-f470-4066-af8a-d1a0c291022c","timestamp":"2026-04-19T14:13:55.749Z"}

      at Console.log (node_modules/winston/lib/winston/transports/console.js:87:23)

    console.log
      [32minfo[39m: Incoming request {"ip":"::ffff:127.0.0.1","method":"POST","path":"/api/v1/shops/a165f4e0-2caa-4df5-95bc-9d1f0dd6ef0f/earnings/withdraw","requestId":"a2aa7dff-70ab-410b-9f20-40484dedf75a","timestamp":"2026-04-19T14:13:55.750Z"}

      at Console.log (node_modules/winston/lib/winston/transports/console.js:87:23)

    console.log
      [32minfo[39m: Incoming request {"ip":"::ffff:127.0.0.1","method":"GET","path":"/api/v1/shops/cfef2743-1a6b-4013-9a4b-ebc82519b662/earnings","requestId":"2f2f8af6-b8de-4f7c-b0ba-0c9aa410c27d","timestamp":"2026-04-19T14:13:55.751Z"}

      at Console.log (node_modules/winston/lib/winston/transports/console.js:87:23)

  ● Earnings Endpoints › GET /api/v1/shops/:shopId/earnings › should return earnings for valid shop

    expect(received).toBe(expected) // Object.is equality

    Expected: 200
    Received: 404

      116 |         .set('Authorization', `Bearer ${shopToken}`);
      117 |
    > 118 |       expect(response.status).toBe(200);
          |                               ^
      119 |       expect(response.body.success).toBe(true);
      120 |       expect(response.body.data).toBeDefined();
      121 |     });

      at Object.toBe (__tests__/integration/earnings.integration.test.js:118:31)

  ● Earnings Endpoints › GET /api/v1/shops/:shopId/earnings › should calculate commission correctly (10% deduction)

    expect(received).toBe(expected) // Object.is equality

    Expected: 200
    Received: 404

      127 |         .set('Authorization', `Bearer ${shopToken}`);
      128 |
    > 129 |       expect(response.status).toBe(200);
          |                               ^
      130 |       const data = response.body.data;
      131 |       
      132 |       // Verify commission exists in response

      at Object.toBe (__tests__/integration/earnings.integration.test.js:129:31)

  ● Earnings Endpoints › GET /api/v1/shops/:shopId/earnings › should support date filtering with date_from

    expect(received).toBe(expected) // Object.is equality

    Expected: 200
    Received: 404

      144 |         .set('Authorization', `Bearer ${shopToken}`);
      145 |
    > 146 |       expect(response.status).toBe(200);
          |                               ^
      147 |       expect(response.body.success).toBe(true);
      148 |     });
      149 |

      at Object.toBe (__tests__/integration/earnings.integration.test.js:146:31)

  ● Earnings Endpoints › GET /api/v1/shops/:shopId/earnings › should support date filtering with date_to

    expect(received).toBe(expected) // Object.is equality

    Expected: 200
    Received: 404

      157 |         .set('Authorization', `Bearer ${shopToken}`);
      158 |
    > 159 |       expect(response.status).toBe(200);
          |                               ^
      160 |       expect(response.body.success).toBe(true);
      161 |     });
      162 |

      at Object.toBe (__tests__/integration/earnings.integration.test.js:159:31)

  ● Earnings Endpoints › GET /api/v1/shops/:shopId/earnings › should support date range filtering

    expect(received).toBe(expected) // Object.is equality

    Expected: 200
    Received: 404

      174 |         .set('Authorization', `Bearer ${shopToken}`);
      175 |
    > 176 |       expect(response.status).toBe(200);
          |                               ^
      177 |       expect(response.body.success).toBe(true);
      178 |     });
      179 |

      at Object.toBe (__tests__/integration/earnings.integration.test.js:176:31)

  ● Earnings Endpoints › GET /api/v1/shops/:shopId/earnings › should require authentication

    expect(received).toBe(expected) // Object.is equality

    Expected: 401
    Received: 404

      182 |         .get(`/api/v1/shops/${shopId}/earnings`);
      183 |
    > 184 |       expect(response.status).toBe(401);
          |                               ^
      185 |       expect(response.body.success).toBe(false);
      186 |     });
      187 |

      at Object.toBe (__tests__/integration/earnings.integration.test.js:184:31)

  ● Earnings Endpoints › GET /api/v1/shops/:shopId/earnings › should require shop_owner role

    expect(received).toBe(expected) // Object.is equality

    Expected: 403
    Received: 404

      197 |         .set('Authorization', `Bearer ${customerToken}`);
      198 |
    > 199 |       expect(response.status).toBe(403);
          |                               ^
      200 |       expect(response.body.success).toBe(false);
      201 |     });
      202 |

      at Object.toBe (__tests__/integration/earnings.integration.test.js:199:31)

  ● Earnings Endpoints › GET /api/v1/shops/:shopId/earnings › should prevent viewing other shop earnings

    expect(received).toBe(expected) // Object.is equality

    Expected: 403
    Received: 404

      208 |         .set('Authorization', `Bearer ${shopToken}`);
      209 |
    > 210 |       expect(response.status).toBe(403);
          |                               ^
      211 |       expect(response.body.success).toBe(false);
      212 |
      213 |       await supabase.from('shops').delete().eq('id', otherShop.shopId);

      at Object.toBe (__tests__/integration/earnings.integration.test.js:210:31)

  ● Earnings Endpoints › GET /api/v1/shops/:shopId/earnings › should handle shop with no earnings

    expect(received).toBe(expected) // Object.is equality

    Expected: 200
    Received: 404

      227 |         .set('Authorization', `Bearer ${emptyToken}`);
      228 |
    > 229 |       expect(response.status).toBe(200);
          |                               ^
      230 |       expect(response.body.success).toBe(true);
      231 |
      232 |       await supabase.from('shops').delete().eq('id', emptyShop.shopId);

      at Object.toBe (__tests__/integration/earnings.integration.test.js:229:31)

  ● Earnings Endpoints › GET /api/v1/shops/:shopId/earnings › should return numeric fields

    expect(received).toBe(expected) // Object.is equality

    Expected: 200
    Received: 404

      248 |         .set('Authorization', `Bearer ${shopToken}`);
      249 |
    > 250 |       expect(response.status).toBe(200);
          |                               ^
      251 |       const data = response.body.data;
      252 |       
      253 |       // Check that numeric fields are present

      at Object.toBe (__tests__/integration/earnings.integration.test.js:250:31)

  ● Earnings Endpoints › GET /api/v1/shops/:shopId/earnings › should return ISO8601 timestamps

    expect(received).toBe(expected) // Object.is equality

    Expected: 200
    Received: 404

      262 |         .set('Authorization', `Bearer ${shopToken}`);
      263 |
    > 264 |       expect(response.status).toBe(200);
          |                               ^
      265 |       const data = response.body.data;
      266 |       
      267 |       if (data.created_at) {

      at Object.toBe (__tests__/integration/earnings.integration.test.js:264:31)

  ● Earnings Endpoints › GET /api/v1/shops/:shopId/earnings/weekly › should return weekly earnings summary

    expect(received).toBe(expected) // Object.is equality

    Expected: 200
    Received: 404

      277 |         .set('Authorization', `Bearer ${shopToken}`);
      278 |
    > 279 |       expect(response.status).toBe(200);
          |                               ^
      280 |       expect(response.body.success).toBe(true);
      281 |       expect(response.body.data).toBeDefined();
      282 |     });

      at Object.toBe (__tests__/integration/earnings.integration.test.js:279:31)

  ● Earnings Endpoints › GET /api/v1/shops/:shopId/earnings/weekly › should support pagination with page

    expect(received).toBe(expected) // Object.is equality

    Expected: 200
    Received: 404

      288 |         .set('Authorization', `Bearer ${shopToken}`);
      289 |
    > 290 |       expect(response.status).toBe(200);
          |                               ^
      291 |       expect(response.body.success).toBe(true);
      292 |     });
      293 |

      at Object.toBe (__tests__/integration/earnings.integration.test.js:290:31)

  ● Earnings Endpoints › GET /api/v1/shops/:shopId/earnings/weekly › should support pagination with limit

    expect(received).toBe(expected) // Object.is equality

    Expected: 200
    Received: 404

      298 |         .set('Authorization', `Bearer ${shopToken}`);
      299 |
    > 300 |       expect(response.status).toBe(200);
          |                               ^
      301 |       expect(response.body.success).toBe(true);
      302 |     });
      303 |

      at Object.toBe (__tests__/integration/earnings.integration.test.js:300:31)

  ● Earnings Endpoints › GET /api/v1/shops/:shopId/earnings/weekly › should require authentication

    expect(received).toBe(expected) // Object.is equality

    Expected: 401
    Received: 404

      306 |         .get(`/api/v1/shops/${shopId}/earnings/weekly`);
      307 |
    > 308 |       expect(response.status).toBe(401);
          |                               ^
      309 |       expect(response.body.success).toBe(false);
      310 |     });
      311 |

      at Object.toBe (__tests__/integration/earnings.integration.test.js:308:31)

  ● Earnings Endpoints › GET /api/v1/shops/:shopId/earnings/weekly › should require shop_owner role

    expect(received).toBe(expected) // Object.is equality

    Expected: 403
    Received: 404

      321 |         .set('Authorization', `Bearer ${customerToken}`);
      322 |
    > 323 |       expect(response.status).toBe(403);
          |                               ^
      324 |       expect(response.body.success).toBe(false);
      325 |     });
      326 |

      at Object.toBe (__tests__/integration/earnings.integration.test.js:323:31)

  ● Earnings Endpoints › GET /api/v1/shops/:shopId/earnings/weekly › should prevent viewing other shop weekly earnings

    expect(received).toBe(expected) // Object.is equality

    Expected: 403
    Received: 404

      332 |         .set('Authorization', `Bearer ${shopToken}`);
      333 |
    > 334 |       expect(response.status).toBe(403);
          |                               ^
      335 |
      336 |       await supabase.from('shops').delete().eq('id', otherShop.shopId);
      337 |       await supabase.from('profiles').delete().eq('id', otherShop.ownerId);

      at Object.toBe (__tests__/integration/earnings.integration.test.js:334:31)

  ● Earnings Endpoints › GET /api/v1/shops/:shopId/earnings/weekly › should handle shop with no weekly earnings

    expect(received).toBe(expected) // Object.is equality

    Expected: 200
    Received: 404

      350 |         .set('Authorization', `Bearer ${emptyToken}`);
      351 |
    > 352 |       expect(response.status).toBe(200);
          |                               ^
      353 |       expect(response.body.success).toBe(true);
      354 |
      355 |       await supabase.from('shops').delete().eq('id', emptyShop.shopId);

      at Object.toBe (__tests__/integration/earnings.integration.test.js:352:31)

  ● Earnings Endpoints › POST /api/v1/shops/:shopId/earnings/withdraw › should initiate withdrawal request

    expect(received).toContain(expected) // indexOf

    Expected value: 404
    Received array: [200, 201, 202]

      379 |         });
      380 |
    > 381 |       expect([200, 201, 202]).toContain(response.status);
          |                               ^
      382 |       expect(response.body).toHaveProperty('success');
      383 |     });
      384 |

      at Object.toContain (__tests__/integration/earnings.integration.test.js:381:31)

  ● Earnings Endpoints › POST /api/v1/shops/:shopId/earnings/withdraw › should validate withdrawal amount

    expect(received).toBe(expected) // Object.is equality

    Expected: 400
    Received: 404

      391 |         });
      392 |
    > 393 |       expect(response.status).toBe(400);
          |                               ^
      394 |       expect(response.body.success).toBe(false);
      395 |     });
      396 |

      at Object.toBe (__tests__/integration/earnings.integration.test.js:393:31)

  ● Earnings Endpoints › POST /api/v1/shops/:shopId/earnings/withdraw › should require minimum withdrawal amount

    expect(received).toContain(expected) // indexOf

    Expected value: 404
    Received array: [400, 422]

      403 |         });
      404 |
    > 405 |       expect([400, 422]).toContain(response.status);
          |                          ^
      406 |     });
      407 |
      408 |     it('should require authentication', async () => {

      at Object.toContain (__tests__/integration/earnings.integration.test.js:405:26)

  ● Earnings Endpoints › POST /api/v1/shops/:shopId/earnings/withdraw › should require authentication

    expect(received).toBe(expected) // Object.is equality

    Expected: 401
    Received: 404

      413 |         });
      414 |
    > 415 |       expect(response.status).toBe(401);
          |                               ^
      416 |       expect(response.body.success).toBe(false);
      417 |     });
      418 |

      at Object.toBe (__tests__/integration/earnings.integration.test.js:415:31)

  ● Earnings Endpoints › POST /api/v1/shops/:shopId/earnings/withdraw › should require bank account linked

    expect(received).toContain(expected) // indexOf

    Expected value: 404
    Received array: [400, 422]

      432 |         });
      433 |
    > 434 |       expect([400, 422]).toContain(response.status);
          |                          ^
      435 |
      436 |       await supabase.from('shops').delete().eq('id', newShop.shopId);
      437 |       await supabase.from('profiles').delete().eq('id', newShop.ownerId);

      at Object.toContain (__tests__/integration/earnings.integration.test.js:434:26)

  ● Earnings Endpoints › POST /api/v1/shops/:shopId/earnings/withdraw › should prevent withdrawal exceeding available balance

    expect(received).toContain(expected) // indexOf

    Expected value: 404
    Received array: [400, 422]

      447 |         });
      448 |
    > 449 |       expect([400, 422]).toContain(response.status);
          |                          ^
      450 |     });
      451 |
      452 |     it('should require amount_paise field', async () => {

      at Object.toContain (__tests__/integration/earnings.integration.test.js:449:26)

  ● Earnings Endpoints › POST /api/v1/shops/:shopId/earnings/withdraw › should require amount_paise field

    expect(received).toBe(expected) // Object.is equality

    Expected: 400
    Received: 404

      456 |         .send({});
      457 |
    > 458 |       expect(response.status).toBe(400);
          |                               ^
      459 |       expect(response.body.success).toBe(false);
      460 |     });
      461 |

      at Object.toBe (__tests__/integration/earnings.integration.test.js:458:31)

  ● Earnings Endpoints › POST /api/v1/shops/:shopId/earnings/withdraw › should validate amount is numeric

    expect(received).toBe(expected) // Object.is equality

    Expected: 400
    Received: 404

      468 |         });
      469 |
    > 470 |       expect(response.status).toBe(400);
          |                               ^
      471 |       expect(response.body.success).toBe(false);
      472 |     });
      473 |

      at Object.toBe (__tests__/integration/earnings.integration.test.js:470:31)

  ● Earnings Endpoints › Earnings security and edge cases › should not allow unauthorized user to withdraw

    expect(received).toBe(expected) // Object.is equality

    Expected: 403
    Received: 404

      501 |         });
      502 |
    > 503 |       expect(response.status).toBe(403);
          |                               ^
      504 |     });
      505 |
      506 |     it('should handle concurrent withdrawal requests', async () => {

      at Object.toBe (__tests__/integration/earnings.integration.test.js:503:31)

  ● Earnings Endpoints › Earnings security and edge cases › should return proper response format

    expect(received).toBe(expected) // Object.is equality

    Expected: 200
    Received: 404

      526 |         .set('Authorization', `Bearer ${shopToken}`);
      527 |
    > 528 |       expect(response.status).toBe(200);
          |                               ^
      529 |       expect(response.body).toHaveProperty('success');
      530 |       expect(response.body).toHaveProperty('data');
      531 |     });

      at Object.toBe (__tests__/integration/earnings.integration.test.js:528:31)

FAIL __tests__/integration/delivery-partners-registration.integration.test.js
  ● Console

    console.log
      [32minfo[39m: Typesense client initialized {"host":"localhost","port":"8108","protocol":"http","timestamp":"2026-04-19T14:13:54.969Z"}

      at Console.log (node_modules/winston/lib/winston/transports/console.js:87:23)

    console.error
      Error: connect ECONNREFUSED 127.0.0.1:6379
          at TCPConnectWrap.afterConnect [as oncomplete] (node:net:1637:16) {
        errno: -61,
        code: 'ECONNREFUSED',
        syscall: 'connect',
        address: '127.0.0.1',
        port: 6379
      }

      at Queue.emit (node_modules/bullmq/src/classes/queue-base.ts:137:17)
      at Queue.emit (node_modules/bullmq/src/classes/queue.ts:193:18)
      at RedisConnection.<anonymous> (node_modules/bullmq/src/classes/queue-base.ts:76:56)
      at EventEmitter.RedisConnection.handleClientError (node_modules/bullmq/src/classes/redis-connection.ts:123:12)
      at EventEmitter.silentEmit (node_modules/ioredis/built/Redis.js:529:30)
      at Socket.<anonymous> (node_modules/ioredis/built/redis/event_handler.js:221:14)

    console.log
      [31merror[39m: Typesense sync worker error {"error":"connect ECONNREFUSED 127.0.0.1:6379","stack":"Error: connect ECONNREFUSED 127.0.0.1:6379\n    at TCPConnectWrap.afterConnect [as oncomplete] (node:net:1637:16)","timestamp":"2026-04-19T14:13:55.461Z"}

      at Console.log (node_modules/winston/lib/winston/transports/console.js:87:23)

    console.log
      [31merror[39m: Typesense sync worker error {"error":"connect ECONNREFUSED 127.0.0.1:6379","stack":"Error: connect ECONNREFUSED 127.0.0.1:6379\n    at TCPConnectWrap.afterConnect [as oncomplete] (node:net:1637:16)","timestamp":"2026-04-19T14:13:55.470Z"}

      at Console.log (node_modules/winston/lib/winston/transports/console.js:87:23)

    console.log
      [32minfo[39m: Incoming request {"ip":"::ffff:127.0.0.1","method":"POST","path":"/api/v1/auth/partner/register","requestId":"ef8b9b66-88f2-4a61-a7a5-180cdb89562b","timestamp":"2026-04-19T14:13:55.513Z"}

      at Console.log (node_modules/winston/lib/winston/transports/console.js:87:23)

    console.log
      [32minfo[39m: Partner registration attempt {"phone":"3210","timestamp":"2026-04-19T14:13:55.548Z"}

      at Console.log (node_modules/winston/lib/winston/transports/console.js:87:23)

    console.log
      [32minfo[39m: Partner register: Created new profile for delivery partner {"timestamp":"2026-04-19T14:13:55.559Z","userId":"abd32e19-a356-4296-ba61-5b0589f7b5b3"}

      at Console.log (node_modules/winston/lib/winston/transports/console.js:87:23)

    console.log
      [32minfo[39m: Partner registration successful {"phone":"3210","timestamp":"2026-04-19T14:13:55.561Z","userId":"abd32e19-a356-4296-ba61-5b0589f7b5b3"}

      at Console.log (node_modules/winston/lib/winston/transports/console.js:87:23)

    console.log
      [32minfo[39m: Incoming request {"ip":"::ffff:127.0.0.1","method":"POST","path":"/api/v1/auth/partner/register","requestId":"838f451e-25f5-48eb-9c83-db608d8e10c9","timestamp":"2026-04-19T14:13:55.566Z"}

      at Console.log (node_modules/winston/lib/winston/transports/console.js:87:23)

    console.log
      [33mwarn[39m: Partner register validation failed {"error":"Phone must be 10 digits","timestamp":"2026-04-19T14:13:55.567Z"}

      at Console.log (node_modules/winston/lib/winston/transports/console.js:87:23)

    console.log
      [32minfo[39m: Incoming request {"ip":"::ffff:127.0.0.1","method":"POST","path":"/api/v1/auth/partner/register","requestId":"9646d169-f511-428f-b9f7-17a9b98dc3d5","timestamp":"2026-04-19T14:13:55.569Z"}

      at Console.log (node_modules/winston/lib/winston/transports/console.js:87:23)

    console.log
      [33mwarn[39m: Partner register validation failed {"error":"OTP must be 6 digits","timestamp":"2026-04-19T14:13:55.569Z"}

      at Console.log (node_modules/winston/lib/winston/transports/console.js:87:23)

    console.log
      [32minfo[39m: Incoming request {"ip":"::ffff:127.0.0.1","method":"POST","path":"/api/v1/auth/partner/register","requestId":"6896e2a3-de41-4f6d-97d1-75205f8cce90","timestamp":"2026-04-19T14:13:55.570Z"}

      at Console.log (node_modules/winston/lib/winston/transports/console.js:87:23)

    console.log
      [33mwarn[39m: Partner register validation failed {"error":"\"phone\" is required","timestamp":"2026-04-19T14:13:55.571Z"}

      at Console.log (node_modules/winston/lib/winston/transports/console.js:87:23)

    console.log
      [32minfo[39m: Incoming request {"ip":"::ffff:127.0.0.1","method":"POST","path":"/api/v1/auth/partner/register","requestId":"c4addc3f-c145-46b9-894b-c43e349aef4b","timestamp":"2026-04-19T14:13:55.572Z"}

      at Console.log (node_modules/winston/lib/winston/transports/console.js:87:23)

    console.log
      [33mwarn[39m: Partner register validation failed {"error":"\"otp\" is required","timestamp":"2026-04-19T14:13:55.574Z"}

      at Console.log (node_modules/winston/lib/winston/transports/console.js:87:23)

    console.log
      [32minfo[39m: Incoming request {"ip":"::ffff:127.0.0.1","method":"POST","path":"/api/v1/auth/partner/register","requestId":"e5ba6778-6e14-4a87-abd2-666ecf59cfdb","timestamp":"2026-04-19T14:13:55.577Z"}

      at Console.log (node_modules/winston/lib/winston/transports/console.js:87:23)

    console.log
      [32minfo[39m: Partner registration attempt {"phone":"3210","timestamp":"2026-04-19T14:13:55.578Z"}

      at Console.log (node_modules/winston/lib/winston/transports/console.js:87:23)

    console.log
      [33mwarn[39m: Partner register: Invalid OTP {"attemptsRemaining":2,"phone":"3210","timestamp":"2026-04-19T14:13:55.579Z"}

      at Console.log (node_modules/winston/lib/winston/transports/console.js:87:23)

    console.log
      [32minfo[39m: Incoming request {"ip":"::ffff:127.0.0.1","method":"POST","path":"/api/v1/auth/partner/register","requestId":"2fb92fdc-ef02-4fe1-8145-25619c732c1a","timestamp":"2026-04-19T14:13:55.582Z"}

      at Console.log (node_modules/winston/lib/winston/transports/console.js:87:23)

    console.log
      [33mwarn[39m: Partner register validation failed {"error":"OTP must be 6 digits","timestamp":"2026-04-19T14:13:55.585Z"}

      at Console.log (node_modules/winston/lib/winston/transports/console.js:87:23)

    console.log
      [32minfo[39m: Incoming request {"ip":"::ffff:127.0.0.1","method":"POST","path":"/api/v1/auth/partner/register","requestId":"ed09d55c-acb9-4d99-9ef9-b5b9283b7e31","timestamp":"2026-04-19T14:13:55.587Z"}

      at Console.log (node_modules/winston/lib/winston/transports/console.js:87:23)

    console.log
      [33mwarn[39m: Partner register validation failed {"error":"OTP must be 6 digits","timestamp":"2026-04-19T14:13:55.588Z"}

      at Console.log (node_modules/winston/lib/winston/transports/console.js:87:23)

    console.log
      [32minfo[39m: Incoming request {"ip":"::ffff:127.0.0.1","method":"POST","path":"/api/v1/auth/partner/register","requestId":"8305f574-912f-45f9-9e93-4c36e52ace3a","timestamp":"2026-04-19T14:13:55.588Z"}

      at Console.log (node_modules/winston/lib/winston/transports/console.js:87:23)

    console.log
      [33mwarn[39m: Partner register validation failed {"error":"OTP must be 6 digits","timestamp":"2026-04-19T14:13:55.589Z"}

      at Console.log (node_modules/winston/lib/winston/transports/console.js:87:23)

    console.log
      [32minfo[39m: Incoming request {"ip":"::ffff:127.0.0.1","method":"POST","path":"/api/v1/auth/partner/register","requestId":"1fe6e9f6-1cd9-4195-8efb-a9c113935488","timestamp":"2026-04-19T14:13:55.590Z"}

      at Console.log (node_modules/winston/lib/winston/transports/console.js:87:23)

    console.log
      [33mwarn[39m: Partner register validation failed {"error":"OTP must be 6 digits","timestamp":"2026-04-19T14:13:55.590Z"}

      at Console.log (node_modules/winston/lib/winston/transports/console.js:87:23)

    console.log
      [32minfo[39m: Incoming request {"ip":"::ffff:127.0.0.1","method":"POST","path":"/api/v1/auth/partner/register","requestId":"c3a89cf9-caea-4e6e-b1b1-1df35f13f907","timestamp":"2026-04-19T14:13:55.596Z"}

      at Console.log (node_modules/winston/lib/winston/transports/console.js:87:23)

    console.log
      [32minfo[39m: Partner registration attempt {"phone":"3210","timestamp":"2026-04-19T14:13:55.602Z"}

      at Console.log (node_modules/winston/lib/winston/transports/console.js:87:23)

    console.log
      [33mwarn[39m: Partner register: OTP expired or not found {"phone":"3210","timestamp":"2026-04-19T14:13:55.602Z"}

      at Console.log (node_modules/winston/lib/winston/transports/console.js:87:23)

    console.log
      [32minfo[39m: Incoming request {"ip":"::ffff:127.0.0.1","method":"POST","path":"/api/v1/auth/partner/register","requestId":"111eb38b-ddff-4270-9bdd-fcc9ebd71c6d","timestamp":"2026-04-19T14:13:55.611Z"}

      at Console.log (node_modules/winston/lib/winston/transports/console.js:87:23)

    console.log
      [32minfo[39m: Partner registration attempt {"phone":"3210","timestamp":"2026-04-19T14:13:55.612Z"}

      at Console.log (node_modules/winston/lib/winston/transports/console.js:87:23)

    console.log
      [32minfo[39m: Partner register: Updated existing customer profile to delivery {"timestamp":"2026-04-19T14:13:55.612Z","userId":"abd32e19-a356-4296-ba61-5b0589f7b5b3"}

      at Console.log (node_modules/winston/lib/winston/transports/console.js:87:23)

    console.log
      [32minfo[39m: Partner registration successful {"phone":"3210","timestamp":"2026-04-19T14:13:55.613Z","userId":"abd32e19-a356-4296-ba61-5b0589f7b5b3"}

      at Console.log (node_modules/winston/lib/winston/transports/console.js:87:23)

    console.log
      [32minfo[39m: Incoming request {"ip":"::ffff:127.0.0.1","method":"POST","path":"/api/v1/auth/partner/register","requestId":"c89f739d-eeaf-45ab-9948-5d8209886856","timestamp":"2026-04-19T14:13:55.615Z"}

      at Console.log (node_modules/winston/lib/winston/transports/console.js:87:23)

    console.log
      [32minfo[39m: Partner registration attempt {"phone":"3210","timestamp":"2026-04-19T14:13:55.616Z"}

      at Console.log (node_modules/winston/lib/winston/transports/console.js:87:23)

    console.log
      [32minfo[39m: Partner register: Updated existing customer profile to delivery {"timestamp":"2026-04-19T14:13:55.616Z","userId":"abd32e19-a356-4296-ba61-5b0589f7b5b3"}

      at Console.log (node_modules/winston/lib/winston/transports/console.js:87:23)

    console.log
      [32minfo[39m: Partner registration successful {"phone":"3210","timestamp":"2026-04-19T14:13:55.616Z","userId":"abd32e19-a356-4296-ba61-5b0589f7b5b3"}

      at Console.log (node_modules/winston/lib/winston/transports/console.js:87:23)

    console.log
      [32minfo[39m: Incoming request {"ip":"::ffff:127.0.0.1","method":"POST","path":"/api/v1/auth/partner/register","requestId":"a6f0f3d9-8a11-4076-9a12-e2c91e311849","timestamp":"2026-04-19T14:13:55.617Z"}

      at Console.log (node_modules/winston/lib/winston/transports/console.js:87:23)

    console.log
      [32minfo[39m: Partner registration attempt {"phone":"3210","timestamp":"2026-04-19T14:13:55.617Z"}

      at Console.log (node_modules/winston/lib/winston/transports/console.js:87:23)

    console.log
      [33mwarn[39m: Partner register: Phone already registered as delivery partner {"phone":"3210","timestamp":"2026-04-19T14:13:55.618Z"}

      at Console.log (node_modules/winston/lib/winston/transports/console.js:87:23)

    console.log
      [32minfo[39m: Incoming request {"ip":"::ffff:127.0.0.1","method":"POST","path":"/api/v1/auth/partner/register","requestId":"522567f9-2c5e-4009-84bb-8d30bf24ab8d","timestamp":"2026-04-19T14:13:55.619Z"}

      at Console.log (node_modules/winston/lib/winston/transports/console.js:87:23)

    console.log
      [32minfo[39m: Partner registration attempt {"phone":"3210","timestamp":"2026-04-19T14:13:55.619Z"}

      at Console.log (node_modules/winston/lib/winston/transports/console.js:87:23)

    console.log
      [32minfo[39m: Partner register: Updated existing customer profile to delivery {"timestamp":"2026-04-19T14:13:55.620Z","userId":"abd32e19-a356-4296-ba61-5b0589f7b5b3"}

      at Console.log (node_modules/winston/lib/winston/transports/console.js:87:23)

    console.log
      [32minfo[39m: Partner registration successful {"phone":"3210","timestamp":"2026-04-19T14:13:55.620Z","userId":"abd32e19-a356-4296-ba61-5b0589f7b5b3"}

      at Console.log (node_modules/winston/lib/winston/transports/console.js:87:23)

    console.log
      [32minfo[39m: Incoming request {"ip":"::ffff:127.0.0.1","method":"POST","path":"/api/v1/auth/partner/register","requestId":"ee67b4d8-6eaa-454a-8749-cfb9e3c4e882","timestamp":"2026-04-19T14:13:55.621Z"}

      at Console.log (node_modules/winston/lib/winston/transports/console.js:87:23)

    console.log
      [32minfo[39m: Partner registration attempt {"phone":"3210","timestamp":"2026-04-19T14:13:55.623Z"}

      at Console.log (node_modules/winston/lib/winston/transports/console.js:87:23)

    console.log
      [32minfo[39m: Partner register: Updated existing customer profile to delivery {"timestamp":"2026-04-19T14:13:55.624Z","userId":"abd32e19-a356-4296-ba61-5b0589f7b5b3"}

      at Console.log (node_modules/winston/lib/winston/transports/console.js:87:23)

    console.log
      [32minfo[39m: Partner registration successful {"phone":"3210","timestamp":"2026-04-19T14:13:55.624Z","userId":"abd32e19-a356-4296-ba61-5b0589f7b5b3"}

      at Console.log (node_modules/winston/lib/winston/transports/console.js:87:23)

    console.log
      [32minfo[39m: Incoming request {"ip":"::ffff:127.0.0.1","method":"POST","path":"/api/v1/auth/partner/register","requestId":"896b21b4-a971-4d72-bdb3-b42e2bf5dd6a","timestamp":"2026-04-19T14:13:55.626Z"}

      at Console.log (node_modules/winston/lib/winston/transports/console.js:87:23)

    console.log
      [32minfo[39m: Partner registration attempt {"phone":"3210","timestamp":"2026-04-19T14:13:55.627Z"}

      at Console.log (node_modules/winston/lib/winston/transports/console.js:87:23)

    console.log
      [32minfo[39m: Partner register: Updated existing customer profile to delivery {"timestamp":"2026-04-19T14:13:55.630Z","userId":"abd32e19-a356-4296-ba61-5b0589f7b5b3"}

      at Console.log (node_modules/winston/lib/winston/transports/console.js:87:23)

    console.log
      [32minfo[39m: Partner registration successful {"phone":"3210","timestamp":"2026-04-19T14:13:55.631Z","userId":"abd32e19-a356-4296-ba61-5b0589f7b5b3"}

      at Console.log (node_modules/winston/lib/winston/transports/console.js:87:23)

    console.log
      [32minfo[39m: Incoming request {"ip":"::ffff:127.0.0.1","method":"POST","path":"/api/v1/auth/partner/register","requestId":"8e717872-1412-4772-944c-840ae4ac145c","timestamp":"2026-04-19T14:13:55.635Z"}

      at Console.log (node_modules/winston/lib/winston/transports/console.js:87:23)

    console.log
      [33mwarn[39m: Partner register validation failed {"error":"Phone must be 10 digits","timestamp":"2026-04-19T14:13:55.635Z"}

      at Console.log (node_modules/winston/lib/winston/transports/console.js:87:23)

    console.log
      [32minfo[39m: Incoming request {"ip":"::ffff:127.0.0.1","method":"POST","path":"/api/v1/auth/partner/register","requestId":"73f8fddb-0258-4ad1-92b6-331c23d8bae6","timestamp":"2026-04-19T14:13:55.636Z"}

      at Console.log (node_modules/winston/lib/winston/transports/console.js:87:23)

    console.log
      [33mwarn[39m: Partner register validation failed {"error":"\"phone\" is required","timestamp":"2026-04-19T14:13:55.637Z"}

      at Console.log (node_modules/winston/lib/winston/transports/console.js:87:23)

    console.log
      [32minfo[39m: Incoming request {"ip":"::ffff:127.0.0.1","method":"POST","path":"/api/v1/auth/partner/register","requestId":"a4616c07-ba9a-41d4-bf23-93c934db28e4","timestamp":"2026-04-19T14:13:55.649Z"}

      at Console.log (node_modules/winston/lib/winston/transports/console.js:87:23)

    console.log
      [33mwarn[39m: Partner register validation failed {"error":"Phone must be 10 digits","timestamp":"2026-04-19T14:13:55.650Z"}

      at Console.log (node_modules/winston/lib/winston/transports/console.js:87:23)

    console.log
      [32minfo[39m: Incoming request {"ip":"::ffff:127.0.0.1","method":"POST","path":"/api/v1/auth/partner/register","requestId":"c0d4e9c9-e911-4f3b-999e-1b53a43218bf","timestamp":"2026-04-19T14:13:55.651Z"}

      at Console.log (node_modules/winston/lib/winston/transports/console.js:87:23)

    console.log
      [32minfo[39m: Partner registration attempt {"phone":"3210","timestamp":"2026-04-19T14:13:55.651Z"}

      at Console.log (node_modules/winston/lib/winston/transports/console.js:87:23)

    console.log
      [32minfo[39m: Partner register: Updated existing customer profile to delivery {"timestamp":"2026-04-19T14:13:55.651Z","userId":"abd32e19-a356-4296-ba61-5b0589f7b5b3"}

      at Console.log (node_modules/winston/lib/winston/transports/console.js:87:23)

    console.log
      [32minfo[39m: Partner registration successful {"phone":"3210","timestamp":"2026-04-19T14:13:55.652Z","userId":"abd32e19-a356-4296-ba61-5b0589f7b5b3"}

      at Console.log (node_modules/winston/lib/winston/transports/console.js:87:23)

    console.log
      [32minfo[39m: Incoming request {"ip":"::ffff:127.0.0.1","method":"POST","path":"/api/v1/auth/partner/register","requestId":"7df2fabc-49aa-4922-aa7b-28d8a4a199f4","timestamp":"2026-04-19T14:13:55.656Z"}

      at Console.log (node_modules/winston/lib/winston/transports/console.js:87:23)

    console.log
      [32minfo[39m: Partner registration attempt {"phone":"3210","timestamp":"2026-04-19T14:13:55.657Z"}

      at Console.log (node_modules/winston/lib/winston/transports/console.js:87:23)

    console.log
      [32minfo[39m: Partner register: Updated existing customer profile to delivery {"timestamp":"2026-04-19T14:13:55.657Z","userId":"abd32e19-a356-4296-ba61-5b0589f7b5b3"}

      at Console.log (node_modules/winston/lib/winston/transports/console.js:87:23)

    console.log
      [32minfo[39m: Partner registration successful {"phone":"3210","timestamp":"2026-04-19T14:13:55.658Z","userId":"abd32e19-a356-4296-ba61-5b0589f7b5b3"}

      at Console.log (node_modules/winston/lib/winston/transports/console.js:87:23)

    console.log
      [32minfo[39m: Incoming request {"ip":"::ffff:127.0.0.1","method":"GET","path":"/api/v1/delivery-partners/nonexistent-id","requestId":"50363bd8-b270-4fe9-8d33-34b3949f2129","timestamp":"2026-04-19T14:13:55.662Z"}

      at Console.log (node_modules/winston/lib/winston/transports/console.js:87:23)

    console.log
      [32minfo[39m: Incoming request {"ip":"::ffff:127.0.0.1","method":"PATCH","path":"/api/v1/delivery-partners/test-id/toggle-online","requestId":"d66ba7d9-d381-4c55-964e-1c776364298a","timestamp":"2026-04-19T14:13:55.665Z"}

      at Console.log (node_modules/winston/lib/winston/transports/console.js:87:23)

    console.log
      [33mwarn[39m: Missing or invalid authorization header {"path":"/delivery-partners/test-id/toggle-online","timestamp":"2026-04-19T14:13:55.667Z"}

      at Console.log (node_modules/winston/lib/winston/transports/console.js:87:23)

    console.log
      [33mwarn[39m: Application error Authorization header missing or malformed {"code":"UNAUTHORIZED","path":"/api/v1/delivery-partners/test-id/toggle-online","statusCode":401,"timestamp":"2026-04-19T14:13:55.669Z"}

      at Console.log (node_modules/winston/lib/winston/transports/console.js:87:23)

    console.log
      [32minfo[39m: Incoming request {"ip":"::ffff:127.0.0.1","method":"PATCH","path":"/api/v1/delivery-partners/test-id/toggle-online","requestId":"4c93151e-cbdd-4642-bfbf-71709e447f24","timestamp":"2026-04-19T14:13:55.671Z"}

      at Console.log (node_modules/winston/lib/winston/transports/console.js:87:23)

    console.log
      [33mwarn[39m: Invalid token {"error":"jwt malformed","timestamp":"2026-04-19T14:13:55.672Z"}

      at Console.log (node_modules/winston/lib/winston/transports/console.js:87:23)

    console.log
      [33mwarn[39m: Application error Invalid or malformed token {"code":"INVALID_TOKEN","path":"/api/v1/delivery-partners/test-id/toggle-online","statusCode":401,"timestamp":"2026-04-19T14:13:55.672Z"}

      at Console.log (node_modules/winston/lib/winston/transports/console.js:87:23)

  ● POST /api/v1/auth/partner/register › OTP Verification › should increment failed attempts on wrong OTP

    expect(received).toBe(expected) // Object.is equality

    Expected: 1
    Received: 0

      137 |
      138 |       const attempts1 = await redis.get(`otp:attempts:${testPhone}`);
    > 139 |       expect(parseInt(attempts1 || '0')).toBe(1);
          |                                          ^
      140 |
      141 |       // Attempt 2
      142 |       await request(app)

      at Object.toBe (__tests__/integration/delivery-partners-registration.integration.test.js:139:42)

  ● POST /api/v1/auth/partner/register › OTP Verification › should lock account after 3 failed attempts

    expect(received).toBe(expected) // Object.is equality

    Expected: 429
    Received: 400

      164 |         .send({ phone: testPhone, otp: 'wrong3' });
      165 |
    > 166 |       expect(response.status).toBe(429);
          |                               ^
      167 |       expect(response.body.error.code).toMatch(/OTP_LOCKED|LOCKED/i);
      168 |     });
      169 |

      at Object.toBe (__tests__/integration/delivery-partners-registration.integration.test.js:166:31)

  ● POST /api/v1/auth/partner/register › Database Integrity › should create delivery_partners record with pending KYC

    expect(received).toBe(expected) // Object.is equality

    Expected: false
    Received: undefined

      308 |
      309 |       expect(partner.kyc_status).toBe('pending_kyc');
    > 310 |       expect(partner.is_online).toBe(false);
          |                                 ^
      311 |     });
      312 |   });
      313 | });

      at Object.toBe (__tests__/integration/delivery-partners-registration.integration.test.js:310:33)

PASS src/__tests__/integration/auth.test.js
  ● Console

    console.log
      [32minfo[39m: Typesense client initialized {"host":"localhost","port":"8108","protocol":"http","timestamp":"2026-04-19T14:13:54.974Z"}

      at Console.log (node_modules/winston/lib/winston/transports/console.js:87:23)

    console.log
      [32minfo[39m: Incoming request {"ip":"::ffff:127.0.0.1","method":"POST","path":"/api/v1/auth/send-otp","requestId":"fc4eec99-3801-438f-aed9-da501521dd24","timestamp":"2026-04-19T14:13:55.505Z"}

      at Console.log (node_modules/winston/lib/winston/transports/console.js:87:23)

    console.log
      [33mwarn[39m: Send OTP validation failed {"error":"Invalid Indian mobile number (10 digits, starting with 6-9)","timestamp":"2026-04-19T14:13:55.515Z"}

      at Console.log (node_modules/winston/lib/winston/transports/console.js:87:23)

    console.log
      [32minfo[39m: Incoming request {"ip":"::ffff:127.0.0.1","method":"POST","path":"/api/v1/auth/send-otp","requestId":"6f490808-ebef-4408-9632-fbffbdfd6741","timestamp":"2026-04-19T14:13:55.565Z"}

      at Console.log (node_modules/winston/lib/winston/transports/console.js:87:23)

    console.log
      [33mwarn[39m: Send OTP validation failed {"error":"Invalid Indian mobile number (10 digits, starting with 6-9)","timestamp":"2026-04-19T14:13:55.567Z"}

      at Console.log (node_modules/winston/lib/winston/transports/console.js:87:23)

    console.log
      [32minfo[39m: Incoming request {"ip":"::ffff:127.0.0.1","method":"POST","path":"/api/v1/auth/send-otp","requestId":"2d122084-53a0-4f3d-bf90-c57aa835d5a4","timestamp":"2026-04-19T14:13:55.577Z"}

      at Console.log (node_modules/winston/lib/winston/transports/console.js:87:23)

    console.log
      [33mwarn[39m: Send OTP validation failed {"error":"Invalid Indian mobile number (10 digits, starting with 6-9)","timestamp":"2026-04-19T14:13:55.580Z"}

      at Console.log (node_modules/winston/lib/winston/transports/console.js:87:23)

    console.log
      [32minfo[39m: Incoming request {"ip":"::ffff:127.0.0.1","method":"POST","path":"/api/v1/auth/send-otp","requestId":"734cd2ab-9053-42d6-a449-49007572a41b","timestamp":"2026-04-19T14:13:55.585Z"}

      at Console.log (node_modules/winston/lib/winston/transports/console.js:87:23)

    console.log
      [33mwarn[39m: Send OTP validation failed {"error":"\"phone\" is required","timestamp":"2026-04-19T14:13:55.587Z"}

      at Console.log (node_modules/winston/lib/winston/transports/console.js:87:23)

    console.log
      [32minfo[39m: Incoming request {"ip":"::ffff:127.0.0.1","method":"POST","path":"/api/v1/auth/send-otp","requestId":"3a1eba8f-d239-48b8-9f50-84da2a274276","timestamp":"2026-04-19T14:13:55.588Z"}

      at Console.log (node_modules/winston/lib/winston/transports/console.js:87:23)

    console.log
      [32minfo[39m: Send OTP requested {"phone":"3210","timestamp":"2026-04-19T14:13:55.589Z"}

      at Console.log (node_modules/winston/lib/winston/transports/console.js:87:23)

    console.log
      [32minfo[39m: OTP generated and stored {"devMode":false,"phone":"3210","timestamp":"2026-04-19T14:13:55.589Z"}

      at Console.log (node_modules/winston/lib/winston/transports/console.js:87:23)

    console.log
      [32minfo[39m: Incoming request {"ip":"::ffff:127.0.0.1","method":"POST","path":"/api/v1/auth/send-otp","requestId":"3e25d1ba-5534-491c-ab7a-b116088f0358","timestamp":"2026-04-19T14:13:55.595Z"}

      at Console.log (node_modules/winston/lib/winston/transports/console.js:87:23)

    console.log
      [32minfo[39m: Send OTP requested {"phone":"3210","timestamp":"2026-04-19T14:13:55.596Z"}

      at Console.log (node_modules/winston/lib/winston/transports/console.js:87:23)

    console.log
      [32minfo[39m: OTP generated and stored {"devMode":true,"phone":"3210","timestamp":"2026-04-19T14:13:55.596Z"}

      at Console.log (node_modules/winston/lib/winston/transports/console.js:87:23)

    console.log
      [32minfo[39m: Incoming request {"ip":"::ffff:127.0.0.1","method":"POST","path":"/api/v1/auth/send-otp","requestId":"0dbb836a-75b7-4242-b0d8-20190659158e","timestamp":"2026-04-19T14:13:55.599Z"}

      at Console.log (node_modules/winston/lib/winston/transports/console.js:87:23)

    console.log
      [32minfo[39m: Send OTP requested {"phone":"3210","timestamp":"2026-04-19T14:13:55.600Z"}

      at Console.log (node_modules/winston/lib/winston/transports/console.js:87:23)

    console.log
      [32minfo[39m: OTP generated and stored {"devMode":false,"phone":"3210","timestamp":"2026-04-19T14:13:55.601Z"}

      at Console.log (node_modules/winston/lib/winston/transports/console.js:87:23)

    console.log
      [32minfo[39m: Incoming request {"ip":"::ffff:127.0.0.1","method":"POST","path":"/api/v1/auth/send-otp","requestId":"7dfc4117-8e0c-447c-87d8-d4449f4283ec","timestamp":"2026-04-19T14:13:55.604Z"}

      at Console.log (node_modules/winston/lib/winston/transports/console.js:87:23)

    console.log
      [32minfo[39m: Send OTP requested {"phone":"3210","timestamp":"2026-04-19T14:13:55.605Z"}

      at Console.log (node_modules/winston/lib/winston/transports/console.js:87:23)

    console.log
      [32minfo[39m: OTP generated and stored {"devMode":false,"phone":"3210","timestamp":"2026-04-19T14:13:55.605Z"}

      at Console.log (node_modules/winston/lib/winston/transports/console.js:87:23)

    console.log
      [32minfo[39m: Incoming request {"ip":"::ffff:127.0.0.1","method":"POST","path":"/api/v1/auth/send-otp","requestId":"482eec6c-445a-421d-a186-70c76d1ff0de","timestamp":"2026-04-19T14:13:55.607Z"}

      at Console.log (node_modules/winston/lib/winston/transports/console.js:87:23)

    console.log
      [32minfo[39m: Send OTP requested {"phone":"3210","timestamp":"2026-04-19T14:13:55.608Z"}

      at Console.log (node_modules/winston/lib/winston/transports/console.js:87:23)

    console.log
      [33mwarn[39m: Send OTP blocked: user locked out {"phone":"3210","timestamp":"2026-04-19T14:13:55.608Z","ttlSeconds":600}

      at Console.log (node_modules/winston/lib/winston/transports/console.js:87:23)

    console.log
      [32minfo[39m: Incoming request {"ip":"::ffff:127.0.0.1","method":"POST","path":"/api/v1/auth/send-otp","requestId":"1c5cda60-2dbd-4d50-b5e4-cc1850f0b8db","timestamp":"2026-04-19T14:13:55.609Z"}

      at Console.log (node_modules/winston/lib/winston/transports/console.js:87:23)

    console.log
      [32minfo[39m: Send OTP requested {"phone":"6789","timestamp":"2026-04-19T14:13:55.609Z"}

      at Console.log (node_modules/winston/lib/winston/transports/console.js:87:23)

    console.log
      [32minfo[39m: OTP generated and stored {"devMode":false,"phone":"6789","timestamp":"2026-04-19T14:13:55.610Z"}

      at Console.log (node_modules/winston/lib/winston/transports/console.js:87:23)

    console.log
      [32minfo[39m: Incoming request {"ip":"::ffff:127.0.0.1","method":"POST","path":"/api/v1/auth/send-otp","requestId":"294388c2-c445-4c14-9905-1efbea4f4213","timestamp":"2026-04-19T14:13:55.611Z"}

      at Console.log (node_modules/winston/lib/winston/transports/console.js:87:23)

    console.log
      [32minfo[39m: Send OTP requested {"phone":"4321","timestamp":"2026-04-19T14:13:55.612Z"}

      at Console.log (node_modules/winston/lib/winston/transports/console.js:87:23)

    console.log
      [32minfo[39m: OTP generated and stored {"devMode":false,"phone":"4321","timestamp":"2026-04-19T14:13:55.612Z"}

      at Console.log (node_modules/winston/lib/winston/transports/console.js:87:23)

    console.log
      [32minfo[39m: Incoming request {"ip":"::ffff:127.0.0.1","method":"POST","path":"/api/v1/auth/send-otp","requestId":"440d575e-39ab-498f-8faa-8cc82f32f2d8","timestamp":"2026-04-19T14:13:55.621Z"}

      at Console.log (node_modules/winston/lib/winston/transports/console.js:87:23)

    console.log
      [32minfo[39m: Send OTP requested {"phone":"5555","timestamp":"2026-04-19T14:13:55.622Z"}

      at Console.log (node_modules/winston/lib/winston/transports/console.js:87:23)

    console.log
      [32minfo[39m: OTP generated and stored {"devMode":false,"phone":"5555","timestamp":"2026-04-19T14:13:55.623Z"}

      at Console.log (node_modules/winston/lib/winston/transports/console.js:87:23)

    console.log
      [32minfo[39m: Incoming request {"ip":"::ffff:127.0.0.1","method":"POST","path":"/api/v1/auth/send-otp","requestId":"db423216-e1e6-45ce-887b-5a6f406e9cef","timestamp":"2026-04-19T14:13:55.627Z"}

      at Console.log (node_modules/winston/lib/winston/transports/console.js:87:23)

    console.log
      [32minfo[39m: Send OTP requested {"phone":"0001","timestamp":"2026-04-19T14:13:55.628Z"}

      at Console.log (node_modules/winston/lib/winston/transports/console.js:87:23)

    console.log
      [32minfo[39m: OTP generated and stored {"devMode":false,"phone":"0001","timestamp":"2026-04-19T14:13:55.630Z"}

      at Console.log (node_modules/winston/lib/winston/transports/console.js:87:23)

    console.log
      [32minfo[39m: Incoming request {"ip":"::ffff:127.0.0.1","method":"POST","path":"/api/v1/auth/verify-otp","requestId":"81646b28-3c9a-450b-b4e3-3209980a95b8","timestamp":"2026-04-19T14:13:55.632Z"}

      at Console.log (node_modules/winston/lib/winston/transports/console.js:87:23)

    console.log
      [33mwarn[39m: Verify OTP validation failed {"error":"\"phone\" is required","timestamp":"2026-04-19T14:13:55.633Z"}

      at Console.log (node_modules/winston/lib/winston/transports/console.js:87:23)

    console.log
      [32minfo[39m: Incoming request {"ip":"::ffff:127.0.0.1","method":"POST","path":"/api/v1/auth/verify-otp","requestId":"1741b58f-edc4-4ba0-a073-7d991b4c6eba","timestamp":"2026-04-19T14:13:55.635Z"}

      at Console.log (node_modules/winston/lib/winston/transports/console.js:87:23)

    console.log
      [33mwarn[39m: Verify OTP validation failed {"error":"\"otp\" is required","timestamp":"2026-04-19T14:13:55.639Z"}

      at Console.log (node_modules/winston/lib/winston/transports/console.js:87:23)

    console.log
      [32minfo[39m: Incoming request {"ip":"::ffff:127.0.0.1","method":"POST","path":"/api/v1/auth/verify-otp","requestId":"0132420c-953d-417d-a887-64649efd0a45","timestamp":"2026-04-19T14:13:55.641Z"}

      at Console.log (node_modules/winston/lib/winston/transports/console.js:87:23)

    console.log
      [33mwarn[39m: Verify OTP validation failed {"error":"OTP must be 6 digits","timestamp":"2026-04-19T14:13:55.644Z"}

      at Console.log (node_modules/winston/lib/winston/transports/console.js:87:23)

    console.log
      [32minfo[39m: Incoming request {"ip":"::ffff:127.0.0.1","method":"POST","path":"/api/v1/auth/verify-otp","requestId":"19a5d8f0-871f-43df-9ebd-72a5ca743ad0","timestamp":"2026-04-19T14:13:55.645Z"}

      at Console.log (node_modules/winston/lib/winston/transports/console.js:87:23)

    console.log
      [33mwarn[39m: Verify OTP validation failed {"error":"OTP must contain only digits","timestamp":"2026-04-19T14:13:55.645Z"}

      at Console.log (node_modules/winston/lib/winston/transports/console.js:87:23)

    console.log
      [32minfo[39m: Incoming request {"ip":"::ffff:127.0.0.1","method":"POST","path":"/api/v1/auth/verify-otp","requestId":"a158ce25-0ee1-4211-87c0-24310143dbcc","timestamp":"2026-04-19T14:13:55.647Z"}

      at Console.log (node_modules/winston/lib/winston/transports/console.js:87:23)

    console.log
      [33mwarn[39m: OTP verification failed: OTP expired {"phone":"3210","timestamp":"2026-04-19T14:13:55.648Z"}

      at Console.log (node_modules/winston/lib/winston/transports/console.js:87:23)

    console.log
      [32minfo[39m: Incoming request {"ip":"::ffff:127.0.0.1","method":"POST","path":"/api/v1/auth/verify-otp","requestId":"92667fa7-c0d9-4a0c-86e4-8f79bda49ad6","timestamp":"2026-04-19T14:13:55.650Z"}

      at Console.log (node_modules/winston/lib/winston/transports/console.js:87:23)

    console.log
      [33mwarn[39m: OTP verification failed: invalid or expired OTP {"attempt":1,"phone":"3210","remaining":2,"timestamp":"2026-04-19T14:13:55.651Z"}

      at Console.log (node_modules/winston/lib/winston/transports/console.js:87:23)

    console.log
      [32minfo[39m: Incoming request {"ip":"::ffff:127.0.0.1","method":"POST","path":"/api/v1/auth/verify-otp","requestId":"e618dabc-9ea5-496e-bbb0-efe4f762f9c3","timestamp":"2026-04-19T14:13:55.653Z"}

      at Console.log (node_modules/winston/lib/winston/transports/console.js:87:23)

    console.log
      [33mwarn[39m: OTP verification failed: invalid or expired OTP {"attempt":1,"phone":"3210","remaining":2,"timestamp":"2026-04-19T14:13:55.654Z"}

      at Console.log (node_modules/winston/lib/winston/transports/console.js:87:23)

    console.log
      [32minfo[39m: Incoming request {"ip":"::ffff:127.0.0.1","method":"POST","path":"/api/v1/auth/verify-otp","requestId":"cc93a19e-c819-4f9c-8683-c5dbe4064602","timestamp":"2026-04-19T14:13:55.657Z"}

      at Console.log (node_modules/winston/lib/winston/transports/console.js:87:23)

    console.log
      [33mwarn[39m: OTP verification failed: invalid or expired OTP {"attempt":2,"phone":"3210","remaining":1,"timestamp":"2026-04-19T14:13:55.658Z"}

      at Console.log (node_modules/winston/lib/winston/transports/console.js:87:23)

    console.log
      [32minfo[39m: Incoming request {"ip":"::ffff:127.0.0.1","method":"POST","path":"/api/v1/auth/verify-otp","requestId":"e8a39af7-c690-428e-aa89-c9aa0fb0a8e0","timestamp":"2026-04-19T14:13:55.660Z"}

      at Console.log (node_modules/winston/lib/winston/transports/console.js:87:23)

    console.log
      [33mwarn[39m: OTP verification failed: invalid or expired OTP {"attempt":1,"phone":"3210","remaining":2,"timestamp":"2026-04-19T14:13:55.660Z"}

      at Console.log (node_modules/winston/lib/winston/transports/console.js:87:23)

    console.log
      [32minfo[39m: Incoming request {"ip":"::ffff:127.0.0.1","method":"POST","path":"/api/v1/auth/verify-otp","requestId":"d7e0eeef-568a-4bc8-a3f8-0b8cf21341f0","timestamp":"2026-04-19T14:13:55.662Z"}

      at Console.log (node_modules/winston/lib/winston/transports/console.js:87:23)

    console.log
      [33mwarn[39m: OTP verification failed: invalid or expired OTP {"attempt":2,"phone":"3210","remaining":1,"timestamp":"2026-04-19T14:13:55.665Z"}

      at Console.log (node_modules/winston/lib/winston/transports/console.js:87:23)

    console.log
      [32minfo[39m: Incoming request {"ip":"::ffff:127.0.0.1","method":"POST","path":"/api/v1/auth/verify-otp","requestId":"6aaa2ab8-8657-4f10-99e1-f6aa500269ac","timestamp":"2026-04-19T14:13:55.668Z"}

      at Console.log (node_modules/winston/lib/winston/transports/console.js:87:23)

    console.log
      [33mwarn[39m: OTP verification failed: max attempts reached {"phone":"3210","timestamp":"2026-04-19T14:13:55.669Z"}

      at Console.log (node_modules/winston/lib/winston/transports/console.js:87:23)

    console.log
      [32minfo[39m: Incoming request {"ip":"::ffff:127.0.0.1","method":"POST","path":"/api/v1/auth/verify-otp","requestId":"f6575a65-4862-4546-a799-ef4863399169","timestamp":"2026-04-19T14:13:55.677Z"}

      at Console.log (node_modules/winston/lib/winston/transports/console.js:87:23)

    console.log
      [33mwarn[39m: Verify OTP blocked: user locked out {"phone":"3210","timestamp":"2026-04-19T14:13:55.682Z","ttlSeconds":600}

      at Console.log (node_modules/winston/lib/winston/transports/console.js:87:23)

    console.log
      [32minfo[39m: Incoming request {"ip":"::ffff:127.0.0.1","method":"POST","path":"/api/v1/auth/verify-otp","requestId":"9ba7af91-242b-4a59-8833-ba0e8b21c68b","timestamp":"2026-04-19T14:13:55.684Z"}

      at Console.log (node_modules/winston/lib/winston/transports/console.js:87:23)

    console.log
      [32minfo[39m: New user profile created {"phone":"3210","role":"customer","timestamp":"2026-04-19T14:13:55.685Z","userId":"1986d386-66b5-4fbf-b9be-0c22b6dbf23b"}

      at Console.log (node_modules/winston/lib/winston/transports/console.js:87:23)

    console.log
      [32minfo[39m: OTP verification successful {"phone":"3210","timestamp":"2026-04-19T14:13:55.687Z","userId":"1986d386-66b5-4fbf-b9be-0c22b6dbf23b"}

      at Console.log (node_modules/winston/lib/winston/transports/console.js:87:23)

    console.log
      [32minfo[39m: Incoming request {"ip":"::ffff:127.0.0.1","method":"POST","path":"/api/v1/auth/verify-otp","requestId":"cee43a66-f7fb-4a8d-83f9-8f25f7cc1926","timestamp":"2026-04-19T14:13:55.691Z"}

      at Console.log (node_modules/winston/lib/winston/transports/console.js:87:23)

    console.log
      [32minfo[39m: New user profile created {"phone":"3210","role":"customer","timestamp":"2026-04-19T14:13:55.694Z","userId":"8cb8e288-2aa8-42eb-a91b-a6bd8e174eba"}

      at Console.log (node_modules/winston/lib/winston/transports/console.js:87:23)

    console.log
      [32minfo[39m: OTP verification successful {"phone":"3210","timestamp":"2026-04-19T14:13:55.694Z","userId":"8cb8e288-2aa8-42eb-a91b-a6bd8e174eba"}

      at Console.log (node_modules/winston/lib/winston/transports/console.js:87:23)

    console.log
      [32minfo[39m: Incoming request {"ip":"::ffff:127.0.0.1","method":"POST","path":"/api/v1/auth/verify-otp","requestId":"ed587bc9-abae-4d22-97cd-1f9f12eeda03","timestamp":"2026-04-19T14:13:55.699Z"}

      at Console.log (node_modules/winston/lib/winston/transports/console.js:87:23)

    console.log
      [32minfo[39m: User authenticated {"phone":"3210","role":"customer","timestamp":"2026-04-19T14:13:55.700Z","userId":"8cb8e288-2aa8-42eb-a91b-a6bd8e174eba"}

      at Console.log (node_modules/winston/lib/winston/transports/console.js:87:23)

    console.log
      [32minfo[39m: OTP verification successful {"phone":"3210","timestamp":"2026-04-19T14:13:55.701Z","userId":"8cb8e288-2aa8-42eb-a91b-a6bd8e174eba"}

      at Console.log (node_modules/winston/lib/winston/transports/console.js:87:23)

    console.log
      [32minfo[39m: Incoming request {"ip":"::ffff:127.0.0.1","method":"POST","path":"/api/v1/auth/verify-otp","requestId":"0871e1eb-e0c1-4a97-9a1f-e3959034f47e","timestamp":"2026-04-19T14:13:55.707Z"}

      at Console.log (node_modules/winston/lib/winston/transports/console.js:87:23)

    console.log
      [32minfo[39m: New user profile created {"phone":"3210","role":"customer","timestamp":"2026-04-19T14:13:55.708Z","userId":"fa75fe52-784c-4eb6-aa9b-61dc3f5692dc"}

      at Console.log (node_modules/winston/lib/winston/transports/console.js:87:23)

    console.log
      [32minfo[39m: OTP verification successful {"phone":"3210","timestamp":"2026-04-19T14:13:55.709Z","userId":"fa75fe52-784c-4eb6-aa9b-61dc3f5692dc"}

      at Console.log (node_modules/winston/lib/winston/transports/console.js:87:23)

    console.log
      [32minfo[39m: Incoming request {"ip":"::ffff:127.0.0.1","method":"POST","path":"/api/v1/auth/verify-otp","requestId":"e61b02ca-bc39-434a-adea-81a686b44228","timestamp":"2026-04-19T14:13:55.715Z"}

      at Console.log (node_modules/winston/lib/winston/transports/console.js:87:23)

    console.log
      [33mwarn[39m: OTP verification failed: invalid or expired OTP {"attempt":1,"phone":"3210","remaining":2,"timestamp":"2026-04-19T14:13:55.725Z"}

      at Console.log (node_modules/winston/lib/winston/transports/console.js:87:23)

    console.log
      [32minfo[39m: Incoming request {"ip":"::ffff:127.0.0.1","method":"POST","path":"/api/v1/auth/verify-otp","requestId":"8e56fbf3-77a9-4b7e-be8a-14ea97e168a9","timestamp":"2026-04-19T14:13:55.728Z"}

      at Console.log (node_modules/winston/lib/winston/transports/console.js:87:23)

    console.log
      [32minfo[39m: New user profile created {"phone":"3210","role":"customer","timestamp":"2026-04-19T14:13:55.731Z","userId":"e1c538e5-4c8f-4104-b5e2-f139fd31e569"}

      at Console.log (node_modules/winston/lib/winston/transports/console.js:87:23)

    console.log
      [32minfo[39m: OTP verification successful {"phone":"3210","timestamp":"2026-04-19T14:13:55.732Z","userId":"e1c538e5-4c8f-4104-b5e2-f139fd31e569"}

      at Console.log (node_modules/winston/lib/winston/transports/console.js:87:23)

    console.log
      [32minfo[39m: Incoming request {"ip":"::ffff:127.0.0.1","method":"POST","path":"/api/v1/auth/verify-otp","requestId":"c844f6f7-3463-4427-ab9b-8b5fcb8831cf","timestamp":"2026-04-19T14:13:55.734Z"}

      at Console.log (node_modules/winston/lib/winston/transports/console.js:87:23)

    console.log
      [32minfo[39m: New user profile created {"phone":"3210","role":"customer","timestamp":"2026-04-19T14:13:55.736Z","userId":"7829b9d5-5c7d-4aad-9756-aab0c549c337"}

      at Console.log (node_modules/winston/lib/winston/transports/console.js:87:23)

    console.log
      [32minfo[39m: OTP verification successful {"phone":"3210","timestamp":"2026-04-19T14:13:55.737Z","userId":"7829b9d5-5c7d-4aad-9756-aab0c549c337"}

      at Console.log (node_modules/winston/lib/winston/transports/console.js:87:23)

    console.log
      [32minfo[39m: Incoming request {"ip":"::ffff:127.0.0.1","method":"POST","path":"/api/v1/auth/verify-otp","requestId":"d818c840-9303-4231-9f85-9ae58d751ad3","timestamp":"2026-04-19T14:13:55.739Z"}

      at Console.log (node_modules/winston/lib/winston/transports/console.js:87:23)

    console.log
      [33mwarn[39m: Verify OTP blocked: user locked out {"phone":"3210","timestamp":"2026-04-19T14:13:55.741Z","ttlSeconds":600}

      at Console.log (node_modules/winston/lib/winston/transports/console.js:87:23)

    console.log
      [32minfo[39m: Incoming request {"ip":"::ffff:127.0.0.1","method":"POST","path":"/api/v1/auth/verify-otp","requestId":"0be877b0-8aa7-4f85-9754-868ccb914f40","timestamp":"2026-04-19T14:13:55.747Z"}

      at Console.log (node_modules/winston/lib/winston/transports/console.js:87:23)

    console.log
      [32minfo[39m: New user profile created {"phone":"3210","role":"customer","timestamp":"2026-04-19T14:13:55.748Z","userId":"b4c9d176-c9dc-4e98-b2b7-1d370b117606"}

      at Console.log (node_modules/winston/lib/winston/transports/console.js:87:23)

    console.log
      [32minfo[39m: OTP verification successful {"phone":"3210","timestamp":"2026-04-19T14:13:55.749Z","userId":"b4c9d176-c9dc-4e98-b2b7-1d370b117606"}

      at Console.log (node_modules/winston/lib/winston/transports/console.js:87:23)

    console.log
      [32minfo[39m: Incoming request {"ip":"::ffff:127.0.0.1","method":"POST","path":"/api/v1/auth/send-otp","requestId":"1d37f0c1-888e-403b-a1d0-f1ab7182b51b","timestamp":"2026-04-19T14:13:55.751Z"}

      at Console.log (node_modules/winston/lib/winston/transports/console.js:87:23)

    console.log
      [32minfo[39m: Send OTP requested {"phone":"3201","timestamp":"2026-04-19T14:13:55.752Z"}

      at Console.log (node_modules/winston/lib/winston/transports/console.js:87:23)

    console.log
      [32minfo[39m: OTP generated and stored {"devMode":false,"phone":"3201","timestamp":"2026-04-19T14:13:55.752Z"}

      at Console.log (node_modules/winston/lib/winston/transports/console.js:87:23)

    console.log
      [32minfo[39m: Incoming request {"ip":"::ffff:127.0.0.1","method":"POST","path":"/api/v1/auth/verify-otp","requestId":"a648ffb3-da11-4db1-9657-7912e480d85f","timestamp":"2026-04-19T14:13:55.755Z"}

      at Console.log (node_modules/winston/lib/winston/transports/console.js:87:23)

    console.log
      [32minfo[39m: New user profile created {"phone":"3201","role":"customer","timestamp":"2026-04-19T14:13:55.756Z","userId":"044a561c-b519-4272-a161-2d1174952ad7"}

      at Console.log (node_modules/winston/lib/winston/transports/console.js:87:23)

    console.log
      [32minfo[39m: OTP verification successful {"phone":"3201","timestamp":"2026-04-19T14:13:55.757Z","userId":"044a561c-b519-4272-a161-2d1174952ad7"}

      at Console.log (node_modules/winston/lib/winston/transports/console.js:87:23)

    console.log
      [32minfo[39m: Incoming request {"ip":"::ffff:127.0.0.1","method":"POST","path":"/api/v1/auth/send-otp","requestId":"ca6ba0e0-59d4-4a60-a252-86d4d43fc5c2","timestamp":"2026-04-19T14:13:55.761Z"}

      at Console.log (node_modules/winston/lib/winston/transports/console.js:87:23)

    console.log
      [32minfo[39m: Send OTP requested {"phone":"3202","timestamp":"2026-04-19T14:13:55.761Z"}

      at Console.log (node_modules/winston/lib/winston/transports/console.js:87:23)

    console.log
      [32minfo[39m: OTP generated and stored {"devMode":false,"phone":"3202","timestamp":"2026-04-19T14:13:55.762Z"}

      at Console.log (node_modules/winston/lib/winston/transports/console.js:87:23)

    console.log
      [32minfo[39m: Incoming request {"ip":"::ffff:127.0.0.1","method":"POST","path":"/api/v1/auth/verify-otp","requestId":"ef3ce898-d404-4b95-935b-022849680438","timestamp":"2026-04-19T14:13:55.766Z"}

      at Console.log (node_modules/winston/lib/winston/transports/console.js:87:23)

    console.log
      [33mwarn[39m: OTP verification failed: OTP expired {"phone":"3202","timestamp":"2026-04-19T14:13:55.768Z"}

      at Console.log (node_modules/winston/lib/winston/transports/console.js:87:23)

    console.log
      [32minfo[39m: Incoming request {"ip":"::ffff:127.0.0.1","method":"POST","path":"/api/v1/auth/send-otp","requestId":"099e5dc4-0788-4413-850c-c64249f521b0","timestamp":"2026-04-19T14:13:55.770Z"}

      at Console.log (node_modules/winston/lib/winston/transports/console.js:87:23)

    console.log
      [32minfo[39m: Send OTP requested {"phone":"3203","timestamp":"2026-04-19T14:13:55.771Z"}

      at Console.log (node_modules/winston/lib/winston/transports/console.js:87:23)

    console.log
      [32minfo[39m: OTP generated and stored {"devMode":false,"phone":"3203","timestamp":"2026-04-19T14:13:55.771Z"}

      at Console.log (node_modules/winston/lib/winston/transports/console.js:87:23)

    console.log
      [32minfo[39m: Incoming request {"ip":"::ffff:127.0.0.1","method":"POST","path":"/api/v1/auth/verify-otp","requestId":"2fa3a97d-0b0b-45d0-9e9c-c276420e66ce","timestamp":"2026-04-19T14:13:55.772Z"}

      at Console.log (node_modules/winston/lib/winston/transports/console.js:87:23)

    console.log
      [33mwarn[39m: OTP verification failed: invalid or expired OTP {"attempt":1,"phone":"3203","remaining":2,"timestamp":"2026-04-19T14:13:55.773Z"}

      at Console.log (node_modules/winston/lib/winston/transports/console.js:87:23)

    console.log
      [32minfo[39m: Incoming request {"ip":"::ffff:127.0.0.1","method":"POST","path":"/api/v1/auth/verify-otp","requestId":"e5b18416-3c4f-4055-8777-d5bba9f2a846","timestamp":"2026-04-19T14:13:55.774Z"}

      at Console.log (node_modules/winston/lib/winston/transports/console.js:87:23)

    console.log
      [33mwarn[39m: OTP verification failed: invalid or expired OTP {"attempt":2,"phone":"3203","remaining":1,"timestamp":"2026-04-19T14:13:55.775Z"}

      at Console.log (node_modules/winston/lib/winston/transports/console.js:87:23)

    console.log
      [32minfo[39m: Incoming request {"ip":"::ffff:127.0.0.1","method":"POST","path":"/api/v1/auth/verify-otp","requestId":"19687af6-917b-4a91-87eb-315c06ca9f3f","timestamp":"2026-04-19T14:13:55.779Z"}

      at Console.log (node_modules/winston/lib/winston/transports/console.js:87:23)

    console.log
      [33mwarn[39m: OTP verification failed: max attempts reached {"phone":"3203","timestamp":"2026-04-19T14:13:55.780Z"}

      at Console.log (node_modules/winston/lib/winston/transports/console.js:87:23)

    console.log
      [32minfo[39m: Incoming request {"ip":"::ffff:127.0.0.1","method":"POST","path":"/api/v1/auth/verify-otp","requestId":"1d5ca318-b75b-420a-bbb8-856a325739f8","timestamp":"2026-04-19T14:13:55.783Z"}

      at Console.log (node_modules/winston/lib/winston/transports/console.js:87:23)

    console.log
      [33mwarn[39m: Verify OTP blocked: user locked out {"phone":"3203","timestamp":"2026-04-19T14:13:55.784Z","ttlSeconds":600}

      at Console.log (node_modules/winston/lib/winston/transports/console.js:87:23)

FAIL __tests__/integration/analytics-products.integration.test.js
  ● Console

    console.log
      [32minfo[39m: Typesense client initialized {"host":"localhost","port":"8108","protocol":"http","timestamp":"2026-04-19T14:13:54.966Z"}

      at Console.log (node_modules/winston/lib/winston/transports/console.js:87:23)

    console.error
      Error: connect ECONNREFUSED 127.0.0.1:6379
          at TCPConnectWrap.afterConnect [as oncomplete] (node:net:1637:16) {
        errno: -61,
        code: 'ECONNREFUSED',
        syscall: 'connect',
        address: '127.0.0.1',
        port: 6379
      }

      at Queue.emit (node_modules/bullmq/src/classes/queue-base.ts:137:17)
      at Queue.emit (node_modules/bullmq/src/classes/queue.ts:193:18)
      at RedisConnection.<anonymous> (node_modules/bullmq/src/classes/queue-base.ts:76:56)
      at EventEmitter.RedisConnection.handleClientError (node_modules/bullmq/src/classes/redis-connection.ts:123:12)
      at EventEmitter.silentEmit (node_modules/ioredis/built/Redis.js:529:30)
      at Socket.<anonymous> (node_modules/ioredis/built/redis/event_handler.js:221:14)

    console.log
      [31merror[39m: Typesense sync worker error {"error":"connect ECONNREFUSED 127.0.0.1:6379","stack":"Error: connect ECONNREFUSED 127.0.0.1:6379\n    at TCPConnectWrap.afterConnect [as oncomplete] (node:net:1637:16)","timestamp":"2026-04-19T14:13:55.471Z"}

      at Console.log (node_modules/winston/lib/winston/transports/console.js:87:23)

    console.log
      [31merror[39m: Typesense sync worker error {"error":"connect ECONNREFUSED 127.0.0.1:6379","stack":"Error: connect ECONNREFUSED 127.0.0.1:6379\n    at TCPConnectWrap.afterConnect [as oncomplete] (node:net:1637:16)","timestamp":"2026-04-19T14:13:55.480Z"}

      at Console.log (node_modules/winston/lib/winston/transports/console.js:87:23)

    console.log
      [32minfo[39m: Incoming request {"ip":"::ffff:127.0.0.1","method":"GET","path":"/api/v1/shops/9c6a2ec3-4b5c-4793-9f37-47221d3bda13/analytics/top-products","requestId":"40470d96-0311-4978-bcc8-a41ae6b738df","timestamp":"2026-04-19T14:13:55.502Z"}

      at Console.log (node_modules/winston/lib/winston/transports/console.js:87:23)

    console.log
      [34mdebug[39m: Token verified {"role":"shop_owner","timestamp":"2026-04-19T14:13:55.521Z","userId":"1d0cb01d-857f-4286-a523-c4732cdd7f23"}

      at Console.log (node_modules/winston/lib/winston/transports/console.js:87:23)

    console.log
      [34mdebug[39m: Role check passed {"path":"/9c6a2ec3-4b5c-4793-9f37-47221d3bda13/analytics/top-products","role":"shop_owner","timestamp":"2026-04-19T14:13:55.525Z","userId":"1d0cb01d-857f-4286-a523-c4732cdd7f23"}

      at Console.log (node_modules/winston/lib/winston/transports/console.js:87:23)

    console.log
      [34mdebug[39m: Shop ownership verified via database {"shopId":"9c6a2ec3-4b5c-4793-9f37-47221d3bda13","timestamp":"2026-04-19T14:13:55.529Z","userId":"1d0cb01d-857f-4286-a523-c4732cdd7f23"}

      at Console.log (node_modules/winston/lib/winston/transports/console.js:87:23)

    console.log
      [32minfo[39m: Get top products endpoint called {"dateRange":"30d","limit":5,"shopId":"9c6a2ec3-4b5c-4793-9f37-47221d3bda13","timestamp":"2026-04-19T14:13:55.530Z","userId":"1d0cb01d-857f-4286-a523-c4732cdd7f23"}

      at Console.log (node_modules/winston/lib/winston/transports/console.js:87:23)

    console.log
      [33mwarn[39m: RPC get_top_products not available, using raw query {"error":"RPC not implemented in mock","shopId":"9c6a2ec3-4b5c-4793-9f37-47221d3bda13","timestamp":"2026-04-19T14:13:55.533Z"}

      at Console.log (node_modules/winston/lib/winston/transports/console.js:87:23)

    console.log
      [32minfo[39m: Top products endpoint success (fallback) {"count":0,"shopId":"9c6a2ec3-4b5c-4793-9f37-47221d3bda13","timestamp":"2026-04-19T14:13:55.533Z","userId":"1d0cb01d-857f-4286-a523-c4732cdd7f23"}

      at Console.log (node_modules/winston/lib/winston/transports/console.js:87:23)

    console.log
      [32minfo[39m: Incoming request {"ip":"::ffff:127.0.0.1","method":"GET","path":"/api/v1/shops/7bb3aef6-4ee5-4ca9-85d8-cf8c651ee828/analytics/top-products","requestId":"25062953-d59b-4080-8dc2-242e3f8f3e83","timestamp":"2026-04-19T14:13:55.539Z"}

      at Console.log (node_modules/winston/lib/winston/transports/console.js:87:23)

    console.log
      [34mdebug[39m: Token verified {"role":"shop_owner","timestamp":"2026-04-19T14:13:55.540Z","userId":"e4e60d2f-7296-40a5-8af7-b342a5279cbc"}

      at Console.log (node_modules/winston/lib/winston/transports/console.js:87:23)

    console.log
      [34mdebug[39m: Role check passed {"path":"/7bb3aef6-4ee5-4ca9-85d8-cf8c651ee828/analytics/top-products","role":"shop_owner","timestamp":"2026-04-19T14:13:55.540Z","userId":"e4e60d2f-7296-40a5-8af7-b342a5279cbc"}

      at Console.log (node_modules/winston/lib/winston/transports/console.js:87:23)

    console.log
      [34mdebug[39m: Shop ownership verified via database {"shopId":"7bb3aef6-4ee5-4ca9-85d8-cf8c651ee828","timestamp":"2026-04-19T14:13:55.540Z","userId":"e4e60d2f-7296-40a5-8af7-b342a5279cbc"}

      at Console.log (node_modules/winston/lib/winston/transports/console.js:87:23)

    console.log
      [32minfo[39m: Get top products endpoint called {"dateRange":"30d","limit":2,"shopId":"7bb3aef6-4ee5-4ca9-85d8-cf8c651ee828","timestamp":"2026-04-19T14:13:55.541Z","userId":"e4e60d2f-7296-40a5-8af7-b342a5279cbc"}

      at Console.log (node_modules/winston/lib/winston/transports/console.js:87:23)

    console.log
      [33mwarn[39m: RPC get_top_products not available, using raw query {"error":"RPC not implemented in mock","shopId":"7bb3aef6-4ee5-4ca9-85d8-cf8c651ee828","timestamp":"2026-04-19T14:13:55.541Z"}

      at Console.log (node_modules/winston/lib/winston/transports/console.js:87:23)

    console.log
      [32minfo[39m: Top products endpoint success (fallback) {"count":0,"shopId":"7bb3aef6-4ee5-4ca9-85d8-cf8c651ee828","timestamp":"2026-04-19T14:13:55.541Z","userId":"e4e60d2f-7296-40a5-8af7-b342a5279cbc"}

      at Console.log (node_modules/winston/lib/winston/transports/console.js:87:23)

    console.log
      [32minfo[39m: Incoming request {"ip":"::ffff:127.0.0.1","method":"GET","path":"/api/v1/shops/6ff4608e-6aec-4000-9a52-b49462316aad/analytics/top-products","requestId":"2fb4e252-8503-490e-b51e-8b3f8db5c955","timestamp":"2026-04-19T14:13:55.559Z"}

      at Console.log (node_modules/winston/lib/winston/transports/console.js:87:23)

    console.log
      [34mdebug[39m: Token verified {"role":"shop_owner","timestamp":"2026-04-19T14:13:55.559Z","userId":"799e643f-78a9-4c8e-80d1-c75f43c22d60"}

      at Console.log (node_modules/winston/lib/winston/transports/console.js:87:23)

    console.log
      [34mdebug[39m: Role check passed {"path":"/6ff4608e-6aec-4000-9a52-b49462316aad/analytics/top-products","role":"shop_owner","timestamp":"2026-04-19T14:13:55.559Z","userId":"799e643f-78a9-4c8e-80d1-c75f43c22d60"}

      at Console.log (node_modules/winston/lib/winston/transports/console.js:87:23)

    console.log
      [34mdebug[39m: Shop ownership verified via database {"shopId":"6ff4608e-6aec-4000-9a52-b49462316aad","timestamp":"2026-04-19T14:13:55.560Z","userId":"799e643f-78a9-4c8e-80d1-c75f43c22d60"}

      at Console.log (node_modules/winston/lib/winston/transports/console.js:87:23)

    console.log
      [32minfo[39m: Get top products endpoint called {"dateRange":"7d","limit":5,"shopId":"6ff4608e-6aec-4000-9a52-b49462316aad","timestamp":"2026-04-19T14:13:55.560Z","userId":"799e643f-78a9-4c8e-80d1-c75f43c22d60"}

      at Console.log (node_modules/winston/lib/winston/transports/console.js:87:23)

    console.log
      [33mwarn[39m: RPC get_top_products not available, using raw query {"error":"RPC not implemented in mock","shopId":"6ff4608e-6aec-4000-9a52-b49462316aad","timestamp":"2026-04-19T14:13:55.560Z"}

      at Console.log (node_modules/winston/lib/winston/transports/console.js:87:23)

    console.log
      [32minfo[39m: Top products endpoint success (fallback) {"count":0,"shopId":"6ff4608e-6aec-4000-9a52-b49462316aad","timestamp":"2026-04-19T14:13:55.560Z","userId":"799e643f-78a9-4c8e-80d1-c75f43c22d60"}

      at Console.log (node_modules/winston/lib/winston/transports/console.js:87:23)

    console.log
      [32minfo[39m: Incoming request {"ip":"::ffff:127.0.0.1","method":"GET","path":"/api/v1/shops/6ff4608e-6aec-4000-9a52-b49462316aad/analytics/top-products","requestId":"d41708c1-e87c-496b-afbd-b9bd42a96ef1","timestamp":"2026-04-19T14:13:55.561Z"}

      at Console.log (node_modules/winston/lib/winston/transports/console.js:87:23)

    console.log
      [34mdebug[39m: Token verified {"role":"shop_owner","timestamp":"2026-04-19T14:13:55.562Z","userId":"799e643f-78a9-4c8e-80d1-c75f43c22d60"}

      at Console.log (node_modules/winston/lib/winston/transports/console.js:87:23)

    console.log
      [34mdebug[39m: Role check passed {"path":"/6ff4608e-6aec-4000-9a52-b49462316aad/analytics/top-products","role":"shop_owner","timestamp":"2026-04-19T14:13:55.562Z","userId":"799e643f-78a9-4c8e-80d1-c75f43c22d60"}

      at Console.log (node_modules/winston/lib/winston/transports/console.js:87:23)

    console.log
      [34mdebug[39m: Shop ownership verified via database {"shopId":"6ff4608e-6aec-4000-9a52-b49462316aad","timestamp":"2026-04-19T14:13:55.562Z","userId":"799e643f-78a9-4c8e-80d1-c75f43c22d60"}

      at Console.log (node_modules/winston/lib/winston/transports/console.js:87:23)

    console.log
      [32minfo[39m: Get top products endpoint called {"dateRange":"30d","limit":5,"shopId":"6ff4608e-6aec-4000-9a52-b49462316aad","timestamp":"2026-04-19T14:13:55.562Z","userId":"799e643f-78a9-4c8e-80d1-c75f43c22d60"}

      at Console.log (node_modules/winston/lib/winston/transports/console.js:87:23)

    console.log
      [33mwarn[39m: RPC get_top_products not available, using raw query {"error":"RPC not implemented in mock","shopId":"6ff4608e-6aec-4000-9a52-b49462316aad","timestamp":"2026-04-19T14:13:55.562Z"}

      at Console.log (node_modules/winston/lib/winston/transports/console.js:87:23)

    console.log
      [32minfo[39m: Top products endpoint success (fallback) {"count":0,"shopId":"6ff4608e-6aec-4000-9a52-b49462316aad","timestamp":"2026-04-19T14:13:55.562Z","userId":"799e643f-78a9-4c8e-80d1-c75f43c22d60"}

      at Console.log (node_modules/winston/lib/winston/transports/console.js:87:23)

    console.log
      [32minfo[39m: Incoming request {"ip":"::ffff:127.0.0.1","method":"GET","path":"/api/v1/shops/6ff4608e-6aec-4000-9a52-b49462316aad/analytics/top-products","requestId":"f00491a2-7de0-4d8a-a4e1-db6d40eb961a","timestamp":"2026-04-19T14:13:55.570Z"}

      at Console.log (node_modules/winston/lib/winston/transports/console.js:87:23)

    console.log
      [34mdebug[39m: Token verified {"role":"shop_owner","timestamp":"2026-04-19T14:13:55.570Z","userId":"799e643f-78a9-4c8e-80d1-c75f43c22d60"}

      at Console.log (node_modules/winston/lib/winston/transports/console.js:87:23)

    console.log
      [34mdebug[39m: Role check passed {"path":"/6ff4608e-6aec-4000-9a52-b49462316aad/analytics/top-products","role":"shop_owner","timestamp":"2026-04-19T14:13:55.570Z","userId":"799e643f-78a9-4c8e-80d1-c75f43c22d60"}

      at Console.log (node_modules/winston/lib/winston/transports/console.js:87:23)

    console.log
      [34mdebug[39m: Shop ownership verified via database {"shopId":"6ff4608e-6aec-4000-9a52-b49462316aad","timestamp":"2026-04-19T14:13:55.571Z","userId":"799e643f-78a9-4c8e-80d1-c75f43c22d60"}

      at Console.log (node_modules/winston/lib/winston/transports/console.js:87:23)

    console.log
      [32minfo[39m: Get top products endpoint called {"dateRange":"90d","limit":5,"shopId":"6ff4608e-6aec-4000-9a52-b49462316aad","timestamp":"2026-04-19T14:13:55.571Z","userId":"799e643f-78a9-4c8e-80d1-c75f43c22d60"}

      at Console.log (node_modules/winston/lib/winston/transports/console.js:87:23)

    console.log
      [33mwarn[39m: RPC get_top_products not available, using raw query {"error":"RPC not implemented in mock","shopId":"6ff4608e-6aec-4000-9a52-b49462316aad","timestamp":"2026-04-19T14:13:55.571Z"}

      at Console.log (node_modules/winston/lib/winston/transports/console.js:87:23)

    console.log
      [32minfo[39m: Top products endpoint success (fallback) {"count":0,"shopId":"6ff4608e-6aec-4000-9a52-b49462316aad","timestamp":"2026-04-19T14:13:55.571Z","userId":"799e643f-78a9-4c8e-80d1-c75f43c22d60"}

      at Console.log (node_modules/winston/lib/winston/transports/console.js:87:23)

    console.log
      [32minfo[39m: Incoming request {"ip":"::ffff:127.0.0.1","method":"GET","path":"/api/v1/shops/3fa7c752-3447-4ac6-84e2-4ede272d3ded/analytics/top-products","requestId":"8281c19f-1b63-4002-a942-b036d5c94471","timestamp":"2026-04-19T14:13:55.573Z"}

      at Console.log (node_modules/winston/lib/winston/transports/console.js:87:23)

    console.log
      [34mdebug[39m: Token verified {"role":"shop_owner","timestamp":"2026-04-19T14:13:55.574Z","userId":"82c9ffd7-2cea-4d5e-b86b-f718bfba4fdd"}

      at Console.log (node_modules/winston/lib/winston/transports/console.js:87:23)

    console.log
      [34mdebug[39m: Role check passed {"path":"/3fa7c752-3447-4ac6-84e2-4ede272d3ded/analytics/top-products","role":"shop_owner","timestamp":"2026-04-19T14:13:55.574Z","userId":"82c9ffd7-2cea-4d5e-b86b-f718bfba4fdd"}

      at Console.log (node_modules/winston/lib/winston/transports/console.js:87:23)

    console.log
      [34mdebug[39m: Shop ownership verified via database {"shopId":"3fa7c752-3447-4ac6-84e2-4ede272d3ded","timestamp":"2026-04-19T14:13:55.574Z","userId":"82c9ffd7-2cea-4d5e-b86b-f718bfba4fdd"}

      at Console.log (node_modules/winston/lib/winston/transports/console.js:87:23)

    console.log
      [32minfo[39m: Incoming request {"ip":"::ffff:127.0.0.1","method":"GET","path":"/api/v1/shops/a01ca2b9-fb56-4599-af6b-2ae3073f1fab/analytics/top-products","requestId":"ec74f81b-01b0-4f90-aab3-28da45a6c29e","timestamp":"2026-04-19T14:13:55.580Z"}

      at Console.log (node_modules/winston/lib/winston/transports/console.js:87:23)

    console.log
      [34mdebug[39m: Token verified {"role":"shop_owner","timestamp":"2026-04-19T14:13:55.581Z","userId":"dd0c3ad0-5287-481c-bedc-5c12588b4b0e"}

      at Console.log (node_modules/winston/lib/winston/transports/console.js:87:23)

    console.log
      [34mdebug[39m: Role check passed {"path":"/a01ca2b9-fb56-4599-af6b-2ae3073f1fab/analytics/top-products","role":"shop_owner","timestamp":"2026-04-19T14:13:55.582Z","userId":"dd0c3ad0-5287-481c-bedc-5c12588b4b0e"}

      at Console.log (node_modules/winston/lib/winston/transports/console.js:87:23)

    console.log
      [34mdebug[39m: Shop ownership verified via database {"shopId":"a01ca2b9-fb56-4599-af6b-2ae3073f1fab","timestamp":"2026-04-19T14:13:55.587Z","userId":"dd0c3ad0-5287-481c-bedc-5c12588b4b0e"}

      at Console.log (node_modules/winston/lib/winston/transports/console.js:87:23)

    console.log
      [32minfo[39m: Incoming request {"ip":"::ffff:127.0.0.1","method":"GET","path":"/api/v1/shops/invalid-id/analytics/top-products","requestId":"7b877e51-bf60-4861-b92b-51eaf21c0658","timestamp":"2026-04-19T14:13:55.589Z"}

      at Console.log (node_modules/winston/lib/winston/transports/console.js:87:23)

    console.log
      [34mdebug[39m: Token verified {"role":"shop_owner","timestamp":"2026-04-19T14:13:55.590Z","userId":"2be8f390-128d-4619-8ffd-8bee6da910bc"}

      at Console.log (node_modules/winston/lib/winston/transports/console.js:87:23)

    console.log
      [34mdebug[39m: Role check passed {"path":"/invalid-id/analytics/top-products","role":"shop_owner","timestamp":"2026-04-19T14:13:55.590Z","userId":"2be8f390-128d-4619-8ffd-8bee6da910bc"}

      at Console.log (node_modules/winston/lib/winston/transports/console.js:87:23)

    console.log
      [33mwarn[39m: Shop owner attempting cross-shop access {"path":"/invalid-id/analytics/top-products","requestedShopId":"invalid-id","timestamp":"2026-04-19T14:13:55.590Z","tokenShopId":"b9fb7746-8719-4e0f-832a-272de05dd951","userId":"2be8f390-128d-4619-8ffd-8bee6da910bc"}

      at Console.log (node_modules/winston/lib/winston/transports/console.js:87:23)

    console.log
      [33mwarn[39m: Application error You can only manage your own shop {"code":"FORBIDDEN","path":"/api/v1/shops/invalid-id/analytics/top-products","statusCode":403,"timestamp":"2026-04-19T14:13:55.590Z"}

      at Console.log (node_modules/winston/lib/winston/transports/console.js:87:23)

    console.log
      [32minfo[39m: Incoming request {"ip":"::ffff:127.0.0.1","method":"GET","path":"/api/v1/shops/03c40721-c429-45f4-a6db-7ee4171584cb/analytics/top-products","requestId":"ff284000-5904-4db5-bbb0-4f9d8deb5937","timestamp":"2026-04-19T14:13:55.596Z"}

      at Console.log (node_modules/winston/lib/winston/transports/console.js:87:23)

    console.log
      [33mwarn[39m: Missing or invalid authorization header {"path":"/03c40721-c429-45f4-a6db-7ee4171584cb/analytics/top-products","timestamp":"2026-04-19T14:13:55.601Z"}

      at Console.log (node_modules/winston/lib/winston/transports/console.js:87:23)

    console.log
      [33mwarn[39m: Application error Authorization header missing or malformed {"code":"UNAUTHORIZED","path":"/api/v1/shops/03c40721-c429-45f4-a6db-7ee4171584cb/analytics/top-products","statusCode":401,"timestamp":"2026-04-19T14:13:55.602Z"}

      at Console.log (node_modules/winston/lib/winston/transports/console.js:87:23)

    console.log
      [32minfo[39m: Incoming request {"ip":"::ffff:127.0.0.1","method":"GET","path":"/api/v1/shops/dc92df02-0589-480a-b952-b25fdb253b32/analytics/top-products","requestId":"a10a3c81-0a33-4054-bbed-4f236d79b07f","timestamp":"2026-04-19T14:13:55.604Z"}

      at Console.log (node_modules/winston/lib/winston/transports/console.js:87:23)

    console.log
      [34mdebug[39m: Token verified {"role":"customer","timestamp":"2026-04-19T14:13:55.605Z","userId":"06d88725-24d8-47e8-ad8b-2d85f3df3f3f"}

      at Console.log (node_modules/winston/lib/winston/transports/console.js:87:23)

    console.log
      [33mwarn[39m: Unauthorized role access attempt {"allowedRoles":["shop_owner"],"path":"/dc92df02-0589-480a-b952-b25fdb253b32/analytics/top-products","timestamp":"2026-04-19T14:13:55.605Z","userId":"06d88725-24d8-47e8-ad8b-2d85f3df3f3f","userRole":"customer"}

      at Console.log (node_modules/winston/lib/winston/transports/console.js:87:23)

    console.log
      [33mwarn[39m: Application error Your role 'customer' does not have access to this resource. Allowed roles: shop_owner {"code":"FORBIDDEN","path":"/api/v1/shops/dc92df02-0589-480a-b952-b25fdb253b32/analytics/top-products","statusCode":403,"timestamp":"2026-04-19T14:13:55.605Z"}

      at Console.log (node_modules/winston/lib/winston/transports/console.js:87:23)

    console.log
      [32minfo[39m: Incoming request {"ip":"::ffff:127.0.0.1","method":"GET","path":"/api/v1/shops/746e72aa-8a3f-4331-8591-ff121c421e9f/analytics/top-products","requestId":"50c94ea9-307f-4428-a3c7-33802c37b389","timestamp":"2026-04-19T14:13:55.607Z"}

      at Console.log (node_modules/winston/lib/winston/transports/console.js:87:23)

    console.log
      [34mdebug[39m: Token verified {"role":"shop_owner","timestamp":"2026-04-19T14:13:55.607Z","userId":"a832a6b1-fe8d-461b-a281-9b917048f67e"}

      at Console.log (node_modules/winston/lib/winston/transports/console.js:87:23)

    console.log
      [34mdebug[39m: Role check passed {"path":"/746e72aa-8a3f-4331-8591-ff121c421e9f/analytics/top-products","role":"shop_owner","timestamp":"2026-04-19T14:13:55.608Z","userId":"a832a6b1-fe8d-461b-a281-9b917048f67e"}

      at Console.log (node_modules/winston/lib/winston/transports/console.js:87:23)

    console.log
      [33mwarn[39m: Shop owner attempting cross-shop access {"path":"/746e72aa-8a3f-4331-8591-ff121c421e9f/analytics/top-products","requestedShopId":"746e72aa-8a3f-4331-8591-ff121c421e9f","timestamp":"2026-04-19T14:13:55.608Z","tokenShopId":"7214deb1-d946-4ac8-92ad-e31abea43a9b","userId":"a832a6b1-fe8d-461b-a281-9b917048f67e"}

      at Console.log (node_modules/winston/lib/winston/transports/console.js:87:23)

    console.log
      [33mwarn[39m: Application error You can only manage your own shop {"code":"FORBIDDEN","path":"/api/v1/shops/746e72aa-8a3f-4331-8591-ff121c421e9f/analytics/top-products","statusCode":403,"timestamp":"2026-04-19T14:13:55.609Z"}

      at Console.log (node_modules/winston/lib/winston/transports/console.js:87:23)

    console.log
      [32minfo[39m: Incoming request {"ip":"::ffff:127.0.0.1","method":"GET","path":"/api/v1/shops/1dcb734a-dbaa-4743-878b-1479d78d5db4/analytics/top-products","requestId":"e1c02256-872a-480a-8c81-dc9d146eb2bf","timestamp":"2026-04-19T14:13:55.614Z"}

      at Console.log (node_modules/winston/lib/winston/transports/console.js:87:23)

    console.log
      [34mdebug[39m: Token verified {"role":"shop_owner","timestamp":"2026-04-19T14:13:55.615Z","userId":"5baba9a6-d701-4c30-816f-f22091698755"}

      at Console.log (node_modules/winston/lib/winston/transports/console.js:87:23)

    console.log
      [34mdebug[39m: Role check passed {"path":"/1dcb734a-dbaa-4743-878b-1479d78d5db4/analytics/top-products","role":"shop_owner","timestamp":"2026-04-19T14:13:55.615Z","userId":"5baba9a6-d701-4c30-816f-f22091698755"}

      at Console.log (node_modules/winston/lib/winston/transports/console.js:87:23)

    console.log
      [34mdebug[39m: Shop ownership verified via database {"shopId":"1dcb734a-dbaa-4743-878b-1479d78d5db4","timestamp":"2026-04-19T14:13:55.615Z","userId":"5baba9a6-d701-4c30-816f-f22091698755"}

      at Console.log (node_modules/winston/lib/winston/transports/console.js:87:23)

    console.log
      [32minfo[39m: Get top products endpoint called {"dateRange":"30d","limit":5,"shopId":"1dcb734a-dbaa-4743-878b-1479d78d5db4","timestamp":"2026-04-19T14:13:55.615Z","userId":"5baba9a6-d701-4c30-816f-f22091698755"}

      at Console.log (node_modules/winston/lib/winston/transports/console.js:87:23)

    console.log
      [33mwarn[39m: RPC get_top_products not available, using raw query {"error":"RPC not implemented in mock","shopId":"1dcb734a-dbaa-4743-878b-1479d78d5db4","timestamp":"2026-04-19T14:13:55.616Z"}

      at Console.log (node_modules/winston/lib/winston/transports/console.js:87:23)

    console.log
      [32minfo[39m: Top products endpoint success (fallback) {"count":0,"shopId":"1dcb734a-dbaa-4743-878b-1479d78d5db4","timestamp":"2026-04-19T14:13:55.616Z","userId":"5baba9a6-d701-4c30-816f-f22091698755"}

      at Console.log (node_modules/winston/lib/winston/transports/console.js:87:23)

    console.log
      [32minfo[39m: Incoming request {"ip":"::ffff:127.0.0.1","method":"GET","path":"/api/v1/shops/f950588c-b1f6-4745-a53a-a8fd527f1554/analytics/top-products","requestId":"2fca93d6-7fd6-4b6d-8ac0-e74fc10a7c1c","timestamp":"2026-04-19T14:13:55.618Z"}

      at Console.log (node_modules/winston/lib/winston/transports/console.js:87:23)

    console.log
      [34mdebug[39m: Token verified {"role":"shop_owner","timestamp":"2026-04-19T14:13:55.619Z","userId":"467dc96b-7dab-4a66-8eb2-f2842259d80a"}

      at Console.log (node_modules/winston/lib/winston/transports/console.js:87:23)

    console.log
      [34mdebug[39m: Role check passed {"path":"/f950588c-b1f6-4745-a53a-a8fd527f1554/analytics/top-products","role":"shop_owner","timestamp":"2026-04-19T14:13:55.619Z","userId":"467dc96b-7dab-4a66-8eb2-f2842259d80a"}

      at Console.log (node_modules/winston/lib/winston/transports/console.js:87:23)

    console.log
      [34mdebug[39m: Shop ownership verified via database {"shopId":"f950588c-b1f6-4745-a53a-a8fd527f1554","timestamp":"2026-04-19T14:13:55.620Z","userId":"467dc96b-7dab-4a66-8eb2-f2842259d80a"}

      at Console.log (node_modules/winston/lib/winston/transports/console.js:87:23)

    console.log
      [32minfo[39m: Get top products endpoint called {"dateRange":"7d","limit":5,"shopId":"f950588c-b1f6-4745-a53a-a8fd527f1554","timestamp":"2026-04-19T14:13:55.620Z","userId":"467dc96b-7dab-4a66-8eb2-f2842259d80a"}

      at Console.log (node_modules/winston/lib/winston/transports/console.js:87:23)

    console.log
      [33mwarn[39m: RPC get_top_products not available, using raw query {"error":"RPC not implemented in mock","shopId":"f950588c-b1f6-4745-a53a-a8fd527f1554","timestamp":"2026-04-19T14:13:55.620Z"}

      at Console.log (node_modules/winston/lib/winston/transports/console.js:87:23)

    console.log
      [32minfo[39m: Top products endpoint success (fallback) {"count":0,"shopId":"f950588c-b1f6-4745-a53a-a8fd527f1554","timestamp":"2026-04-19T14:13:55.620Z","userId":"467dc96b-7dab-4a66-8eb2-f2842259d80a"}

      at Console.log (node_modules/winston/lib/winston/transports/console.js:87:23)

    console.log
      [32minfo[39m: Incoming request {"ip":"::ffff:127.0.0.1","method":"GET","path":"/api/v1/shops/cc5a045d-0449-4744-ac2b-86d9ff847fc8/analytics/top-products","requestId":"245f810d-f3da-410e-873e-66b1777703c6","timestamp":"2026-04-19T14:13:55.622Z"}

      at Console.log (node_modules/winston/lib/winston/transports/console.js:87:23)

    console.log
      [34mdebug[39m: Token verified {"role":"shop_owner","timestamp":"2026-04-19T14:13:55.622Z","userId":"eb3894e2-ddc1-47af-bdbc-72bd662d8be5"}

      at Console.log (node_modules/winston/lib/winston/transports/console.js:87:23)

    console.log
      [34mdebug[39m: Role check passed {"path":"/cc5a045d-0449-4744-ac2b-86d9ff847fc8/analytics/top-products","role":"shop_owner","timestamp":"2026-04-19T14:13:55.623Z","userId":"eb3894e2-ddc1-47af-bdbc-72bd662d8be5"}

      at Console.log (node_modules/winston/lib/winston/transports/console.js:87:23)

    console.log
      [34mdebug[39m: Shop ownership verified via database {"shopId":"cc5a045d-0449-4744-ac2b-86d9ff847fc8","timestamp":"2026-04-19T14:13:55.623Z","userId":"eb3894e2-ddc1-47af-bdbc-72bd662d8be5"}

      at Console.log (node_modules/winston/lib/winston/transports/console.js:87:23)

    console.log
      [32minfo[39m: Get top products endpoint called {"dateRange":"30d","limit":1,"shopId":"cc5a045d-0449-4744-ac2b-86d9ff847fc8","timestamp":"2026-04-19T14:13:55.623Z","userId":"eb3894e2-ddc1-47af-bdbc-72bd662d8be5"}

      at Console.log (node_modules/winston/lib/winston/transports/console.js:87:23)

    console.log
      [33mwarn[39m: RPC get_top_products not available, using raw query {"error":"RPC not implemented in mock","shopId":"cc5a045d-0449-4744-ac2b-86d9ff847fc8","timestamp":"2026-04-19T14:13:55.623Z"}

      at Console.log (node_modules/winston/lib/winston/transports/console.js:87:23)

    console.log
      [32minfo[39m: Top products endpoint success (fallback) {"count":0,"shopId":"cc5a045d-0449-4744-ac2b-86d9ff847fc8","timestamp":"2026-04-19T14:13:55.623Z","userId":"eb3894e2-ddc1-47af-bdbc-72bd662d8be5"}

      at Console.log (node_modules/winston/lib/winston/transports/console.js:87:23)

    console.log
      [32minfo[39m: Incoming request {"ip":"::ffff:127.0.0.1","method":"GET","path":"/api/v1/shops/68e0c398-b0b1-46e1-aad0-5c4ba1c7b139/analytics/top-products","requestId":"17260605-70da-4481-ac6c-a3c3d15fa379","timestamp":"2026-04-19T14:13:55.628Z"}

      at Console.log (node_modules/winston/lib/winston/transports/console.js:87:23)

    console.log
      [34mdebug[39m: Token verified {"role":"shop_owner","timestamp":"2026-04-19T14:13:55.632Z","userId":"58f60543-7104-4394-97cd-39812225f4ca"}

      at Console.log (node_modules/winston/lib/winston/transports/console.js:87:23)

    console.log
      [34mdebug[39m: Role check passed {"path":"/68e0c398-b0b1-46e1-aad0-5c4ba1c7b139/analytics/top-products","role":"shop_owner","timestamp":"2026-04-19T14:13:55.632Z","userId":"58f60543-7104-4394-97cd-39812225f4ca"}

      at Console.log (node_modules/winston/lib/winston/transports/console.js:87:23)

    console.log
      [34mdebug[39m: Shop ownership verified via database {"shopId":"68e0c398-b0b1-46e1-aad0-5c4ba1c7b139","timestamp":"2026-04-19T14:13:55.632Z","userId":"58f60543-7104-4394-97cd-39812225f4ca"}

      at Console.log (node_modules/winston/lib/winston/transports/console.js:87:23)

    console.log
      [32minfo[39m: Get top products endpoint called {"dateRange":"30d","limit":100,"shopId":"68e0c398-b0b1-46e1-aad0-5c4ba1c7b139","timestamp":"2026-04-19T14:13:55.632Z","userId":"58f60543-7104-4394-97cd-39812225f4ca"}

      at Console.log (node_modules/winston/lib/winston/transports/console.js:87:23)

    console.log
      [33mwarn[39m: RPC get_top_products not available, using raw query {"error":"RPC not implemented in mock","shopId":"68e0c398-b0b1-46e1-aad0-5c4ba1c7b139","timestamp":"2026-04-19T14:13:55.633Z"}

      at Console.log (node_modules/winston/lib/winston/transports/console.js:87:23)

    console.log
      [32minfo[39m: Top products endpoint success (fallback) {"count":0,"shopId":"68e0c398-b0b1-46e1-aad0-5c4ba1c7b139","timestamp":"2026-04-19T14:13:55.633Z","userId":"58f60543-7104-4394-97cd-39812225f4ca"}

      at Console.log (node_modules/winston/lib/winston/transports/console.js:87:23)

    console.log
      [32minfo[39m: Incoming request {"ip":"::ffff:127.0.0.1","method":"GET","path":"/api/v1/shops/9db21e06-4cba-4c61-a2ca-0c7faa120cbe/analytics/top-products","requestId":"ca5a024e-dac1-46ae-93fe-f6a24aee9a1b","timestamp":"2026-04-19T14:13:55.635Z"}

      at Console.log (node_modules/winston/lib/winston/transports/console.js:87:23)

    console.log
      [34mdebug[39m: Token verified {"role":"shop_owner","timestamp":"2026-04-19T14:13:55.636Z","userId":"978007d7-2f0b-4184-874e-09394f2982b7"}

      at Console.log (node_modules/winston/lib/winston/transports/console.js:87:23)

    console.log
      [34mdebug[39m: Role check passed {"path":"/9db21e06-4cba-4c61-a2ca-0c7faa120cbe/analytics/top-products","role":"shop_owner","timestamp":"2026-04-19T14:13:55.637Z","userId":"978007d7-2f0b-4184-874e-09394f2982b7"}

      at Console.log (node_modules/winston/lib/winston/transports/console.js:87:23)

    console.log
      [34mdebug[39m: Shop ownership verified via database {"shopId":"9db21e06-4cba-4c61-a2ca-0c7faa120cbe","timestamp":"2026-04-19T14:13:55.639Z","userId":"978007d7-2f0b-4184-874e-09394f2982b7"}

      at Console.log (node_modules/winston/lib/winston/transports/console.js:87:23)

    console.log
      [32minfo[39m: Get top products endpoint called {"dateRange":"30d","limit":5,"shopId":"9db21e06-4cba-4c61-a2ca-0c7faa120cbe","timestamp":"2026-04-19T14:13:55.640Z","userId":"978007d7-2f0b-4184-874e-09394f2982b7"}

      at Console.log (node_modules/winston/lib/winston/transports/console.js:87:23)

    console.log
      [33mwarn[39m: RPC get_top_products not available, using raw query {"error":"RPC not implemented in mock","shopId":"9db21e06-4cba-4c61-a2ca-0c7faa120cbe","timestamp":"2026-04-19T14:13:55.640Z"}

      at Console.log (node_modules/winston/lib/winston/transports/console.js:87:23)

    console.log
      [32minfo[39m: Top products endpoint success (fallback) {"count":0,"shopId":"9db21e06-4cba-4c61-a2ca-0c7faa120cbe","timestamp":"2026-04-19T14:13:55.640Z","userId":"978007d7-2f0b-4184-874e-09394f2982b7"}

      at Console.log (node_modules/winston/lib/winston/transports/console.js:87:23)

    console.log
      [32minfo[39m: Incoming request {"ip":"::ffff:127.0.0.1","method":"GET","path":"/api/v1/shops/2fe10856-b4c1-4787-a14e-4cbf101a9bd2/analytics/top-products","requestId":"ed06ebad-997c-4e3a-8b6b-8698a45e77f8","timestamp":"2026-04-19T14:13:55.642Z"}

      at Console.log (node_modules/winston/lib/winston/transports/console.js:87:23)

    console.log
      [34mdebug[39m: Token verified {"role":"shop_owner","timestamp":"2026-04-19T14:13:55.643Z","userId":"217c5776-bdf9-47c9-bdc0-f09f484814d4"}

      at Console.log (node_modules/winston/lib/winston/transports/console.js:87:23)

    console.log
      [34mdebug[39m: Role check passed {"path":"/2fe10856-b4c1-4787-a14e-4cbf101a9bd2/analytics/top-products","role":"shop_owner","timestamp":"2026-04-19T14:13:55.643Z","userId":"217c5776-bdf9-47c9-bdc0-f09f484814d4"}

      at Console.log (node_modules/winston/lib/winston/transports/console.js:87:23)

    console.log
      [34mdebug[39m: Shop ownership verified via database {"shopId":"2fe10856-b4c1-4787-a14e-4cbf101a9bd2","timestamp":"2026-04-19T14:13:55.643Z","userId":"217c5776-bdf9-47c9-bdc0-f09f484814d4"}

      at Console.log (node_modules/winston/lib/winston/transports/console.js:87:23)

    console.log
      [32minfo[39m: Get top products endpoint called {"dateRange":"30d","limit":5,"shopId":"2fe10856-b4c1-4787-a14e-4cbf101a9bd2","timestamp":"2026-04-19T14:13:55.643Z","userId":"217c5776-bdf9-47c9-bdc0-f09f484814d4"}

      at Console.log (node_modules/winston/lib/winston/transports/console.js:87:23)

    console.log
      [33mwarn[39m: RPC get_top_products not available, using raw query {"error":"RPC not implemented in mock","shopId":"2fe10856-b4c1-4787-a14e-4cbf101a9bd2","timestamp":"2026-04-19T14:13:55.643Z"}

      at Console.log (node_modules/winston/lib/winston/transports/console.js:87:23)

    console.log
      [32minfo[39m: Top products endpoint success (fallback) {"count":0,"shopId":"2fe10856-b4c1-4787-a14e-4cbf101a9bd2","timestamp":"2026-04-19T14:13:55.644Z","userId":"217c5776-bdf9-47c9-bdc0-f09f484814d4"}

      at Console.log (node_modules/winston/lib/winston/transports/console.js:87:23)

    console.log
      [32minfo[39m: Incoming request {"ip":"::ffff:127.0.0.1","method":"GET","path":"/api/v1/shops/41238021-f63d-4afb-beee-3f8f400873eb/analytics/top-products","requestId":"a0a79b1a-4e63-4fe1-abda-42b80ac5b3d7","timestamp":"2026-04-19T14:13:55.646Z"}

      at Console.log (node_modules/winston/lib/winston/transports/console.js:87:23)

    console.log
      [34mdebug[39m: Token verified {"role":"shop_owner","timestamp":"2026-04-19T14:13:55.647Z","userId":"e504ee88-1ba9-49b8-8971-7dbac74e0edf"}

      at Console.log (node_modules/winston/lib/winston/transports/console.js:87:23)

    console.log
      [34mdebug[39m: Role check passed {"path":"/41238021-f63d-4afb-beee-3f8f400873eb/analytics/top-products","role":"shop_owner","timestamp":"2026-04-19T14:13:55.648Z","userId":"e504ee88-1ba9-49b8-8971-7dbac74e0edf"}

      at Console.log (node_modules/winston/lib/winston/transports/console.js:87:23)

    console.log
      [34mdebug[39m: Shop ownership verified via database {"shopId":"41238021-f63d-4afb-beee-3f8f400873eb","timestamp":"2026-04-19T14:13:55.648Z","userId":"e504ee88-1ba9-49b8-8971-7dbac74e0edf"}

      at Console.log (node_modules/winston/lib/winston/transports/console.js:87:23)

    console.log
      [32minfo[39m: Get top products endpoint called {"dateRange":"30d","limit":5,"shopId":"41238021-f63d-4afb-beee-3f8f400873eb","timestamp":"2026-04-19T14:13:55.648Z","userId":"e504ee88-1ba9-49b8-8971-7dbac74e0edf"}

      at Console.log (node_modules/winston/lib/winston/transports/console.js:87:23)

    console.log
      [33mwarn[39m: RPC get_top_products not available, using raw query {"error":"RPC not implemented in mock","shopId":"41238021-f63d-4afb-beee-3f8f400873eb","timestamp":"2026-04-19T14:13:55.649Z"}

      at Console.log (node_modules/winston/lib/winston/transports/console.js:87:23)

    console.log
      [32minfo[39m: Top products endpoint success (fallback) {"count":0,"shopId":"41238021-f63d-4afb-beee-3f8f400873eb","timestamp":"2026-04-19T14:13:55.649Z","userId":"e504ee88-1ba9-49b8-8971-7dbac74e0edf"}

      at Console.log (node_modules/winston/lib/winston/transports/console.js:87:23)

    console.log
      [32minfo[39m: Incoming request {"ip":"::ffff:127.0.0.1","method":"GET","path":"/api/v1/shops/41238021-f63d-4afb-beee-3f8f400873eb/analytics/top-products","requestId":"4443fc7b-e30f-43c1-aabc-d41e94e71f94","timestamp":"2026-04-19T14:13:55.649Z"}

      at Console.log (node_modules/winston/lib/winston/transports/console.js:87:23)

    console.log
      [34mdebug[39m: Token verified {"role":"shop_owner","timestamp":"2026-04-19T14:13:55.650Z","userId":"e504ee88-1ba9-49b8-8971-7dbac74e0edf"}

      at Console.log (node_modules/winston/lib/winston/transports/console.js:87:23)

    console.log
      [34mdebug[39m: Role check passed {"path":"/41238021-f63d-4afb-beee-3f8f400873eb/analytics/top-products","role":"shop_owner","timestamp":"2026-04-19T14:13:55.650Z","userId":"e504ee88-1ba9-49b8-8971-7dbac74e0edf"}

      at Console.log (node_modules/winston/lib/winston/transports/console.js:87:23)

    console.log
      [34mdebug[39m: Shop ownership verified via database {"shopId":"41238021-f63d-4afb-beee-3f8f400873eb","timestamp":"2026-04-19T14:13:55.650Z","userId":"e504ee88-1ba9-49b8-8971-7dbac74e0edf"}

      at Console.log (node_modules/winston/lib/winston/transports/console.js:87:23)

    console.log
      [32minfo[39m: Get top products endpoint called {"dateRange":"30d","limit":5,"shopId":"41238021-f63d-4afb-beee-3f8f400873eb","timestamp":"2026-04-19T14:13:55.650Z","userId":"e504ee88-1ba9-49b8-8971-7dbac74e0edf"}

      at Console.log (node_modules/winston/lib/winston/transports/console.js:87:23)

    console.log
      [33mwarn[39m: RPC get_top_products not available, using raw query {"error":"RPC not implemented in mock","shopId":"41238021-f63d-4afb-beee-3f8f400873eb","timestamp":"2026-04-19T14:13:55.650Z"}

      at Console.log (node_modules/winston/lib/winston/transports/console.js:87:23)

    console.log
      [32minfo[39m: Top products endpoint success (fallback) {"count":0,"shopId":"41238021-f63d-4afb-beee-3f8f400873eb","timestamp":"2026-04-19T14:13:55.651Z","userId":"e504ee88-1ba9-49b8-8971-7dbac74e0edf"}

      at Console.log (node_modules/winston/lib/winston/transports/console.js:87:23)

    console.log
      [32minfo[39m: Incoming request {"ip":"::ffff:127.0.0.1","method":"GET","path":"/api/v1/shops/41238021-f63d-4afb-beee-3f8f400873eb/analytics/top-products","requestId":"81f524ec-06d6-4f49-a805-faf7e23a348c","timestamp":"2026-04-19T14:13:55.651Z"}

      at Console.log (node_modules/winston/lib/winston/transports/console.js:87:23)

    console.log
      [34mdebug[39m: Token verified {"role":"shop_owner","timestamp":"2026-04-19T14:13:55.657Z","userId":"e504ee88-1ba9-49b8-8971-7dbac74e0edf"}

      at Console.log (node_modules/winston/lib/winston/transports/console.js:87:23)

    console.log
      [34mdebug[39m: Role check passed {"path":"/41238021-f63d-4afb-beee-3f8f400873eb/analytics/top-products","role":"shop_owner","timestamp":"2026-04-19T14:13:55.657Z","userId":"e504ee88-1ba9-49b8-8971-7dbac74e0edf"}

      at Console.log (node_modules/winston/lib/winston/transports/console.js:87:23)

    console.log
      [34mdebug[39m: Shop ownership verified via database {"shopId":"41238021-f63d-4afb-beee-3f8f400873eb","timestamp":"2026-04-19T14:13:55.657Z","userId":"e504ee88-1ba9-49b8-8971-7dbac74e0edf"}

      at Console.log (node_modules/winston/lib/winston/transports/console.js:87:23)

    console.log
      [32minfo[39m: Get top products endpoint called {"dateRange":"30d","limit":5,"shopId":"41238021-f63d-4afb-beee-3f8f400873eb","timestamp":"2026-04-19T14:13:55.659Z","userId":"e504ee88-1ba9-49b8-8971-7dbac74e0edf"}

      at Console.log (node_modules/winston/lib/winston/transports/console.js:87:23)

    console.log
      [33mwarn[39m: RPC get_top_products not available, using raw query {"error":"RPC not implemented in mock","shopId":"41238021-f63d-4afb-beee-3f8f400873eb","timestamp":"2026-04-19T14:13:55.662Z"}

      at Console.log (node_modules/winston/lib/winston/transports/console.js:87:23)

    console.log
      [32minfo[39m: Top products endpoint success (fallback) {"count":0,"shopId":"41238021-f63d-4afb-beee-3f8f400873eb","timestamp":"2026-04-19T14:13:55.662Z","userId":"e504ee88-1ba9-49b8-8971-7dbac74e0edf"}

      at Console.log (node_modules/winston/lib/winston/transports/console.js:87:23)

    console.log
      [32minfo[39m: Incoming request {"ip":"::ffff:127.0.0.1","method":"GET","path":"/api/v1/shops/41238021-f63d-4afb-beee-3f8f400873eb/analytics/top-products","requestId":"ef8851f9-6eb4-437f-89c1-3a79e46f0c46","timestamp":"2026-04-19T14:13:55.662Z"}

      at Console.log (node_modules/winston/lib/winston/transports/console.js:87:23)

    console.log
      [34mdebug[39m: Token verified {"role":"shop_owner","timestamp":"2026-04-19T14:13:55.667Z","userId":"e504ee88-1ba9-49b8-8971-7dbac74e0edf"}

      at Console.log (node_modules/winston/lib/winston/transports/console.js:87:23)

    console.log
      [34mdebug[39m: Role check passed {"path":"/41238021-f63d-4afb-beee-3f8f400873eb/analytics/top-products","role":"shop_owner","timestamp":"2026-04-19T14:13:55.667Z","userId":"e504ee88-1ba9-49b8-8971-7dbac74e0edf"}

      at Console.log (node_modules/winston/lib/winston/transports/console.js:87:23)

    console.log
      [34mdebug[39m: Shop ownership verified via database {"shopId":"41238021-f63d-4afb-beee-3f8f400873eb","timestamp":"2026-04-19T14:13:55.669Z","userId":"e504ee88-1ba9-49b8-8971-7dbac74e0edf"}

      at Console.log (node_modules/winston/lib/winston/transports/console.js:87:23)

    console.log
      [32minfo[39m: Get top products endpoint called {"dateRange":"30d","limit":5,"shopId":"41238021-f63d-4afb-beee-3f8f400873eb","timestamp":"2026-04-19T14:13:55.670Z","userId":"e504ee88-1ba9-49b8-8971-7dbac74e0edf"}

      at Console.log (node_modules/winston/lib/winston/transports/console.js:87:23)

    console.log
      [33mwarn[39m: RPC get_top_products not available, using raw query {"error":"RPC not implemented in mock","shopId":"41238021-f63d-4afb-beee-3f8f400873eb","timestamp":"2026-04-19T14:13:55.670Z"}

      at Console.log (node_modules/winston/lib/winston/transports/console.js:87:23)

    console.log
      [32minfo[39m: Top products endpoint success (fallback) {"count":0,"shopId":"41238021-f63d-4afb-beee-3f8f400873eb","timestamp":"2026-04-19T14:13:55.670Z","userId":"e504ee88-1ba9-49b8-8971-7dbac74e0edf"}

      at Console.log (node_modules/winston/lib/winston/transports/console.js:87:23)

    console.log
      [32minfo[39m: Incoming request {"ip":"::ffff:127.0.0.1","method":"GET","path":"/api/v1/shops/41238021-f63d-4afb-beee-3f8f400873eb/analytics/top-products","requestId":"5840980f-36ab-4977-8588-7bb6cd477f7e","timestamp":"2026-04-19T14:13:55.670Z"}

      at Console.log (node_modules/winston/lib/winston/transports/console.js:87:23)

    console.log
      [34mdebug[39m: Token verified {"role":"shop_owner","timestamp":"2026-04-19T14:13:55.671Z","userId":"e504ee88-1ba9-49b8-8971-7dbac74e0edf"}

      at Console.log (node_modules/winston/lib/winston/transports/console.js:87:23)

    console.log
      [34mdebug[39m: Role check passed {"path":"/41238021-f63d-4afb-beee-3f8f400873eb/analytics/top-products","role":"shop_owner","timestamp":"2026-04-19T14:13:55.671Z","userId":"e504ee88-1ba9-49b8-8971-7dbac74e0edf"}

      at Console.log (node_modules/winston/lib/winston/transports/console.js:87:23)

    console.log
      [34mdebug[39m: Shop ownership verified via database {"shopId":"41238021-f63d-4afb-beee-3f8f400873eb","timestamp":"2026-04-19T14:13:55.671Z","userId":"e504ee88-1ba9-49b8-8971-7dbac74e0edf"}

      at Console.log (node_modules/winston/lib/winston/transports/console.js:87:23)

    console.log
      [32minfo[39m: Get top products endpoint called {"dateRange":"30d","limit":5,"shopId":"41238021-f63d-4afb-beee-3f8f400873eb","timestamp":"2026-04-19T14:13:55.672Z","userId":"e504ee88-1ba9-49b8-8971-7dbac74e0edf"}

      at Console.log (node_modules/winston/lib/winston/transports/console.js:87:23)

    console.log
      [33mwarn[39m: RPC get_top_products not available, using raw query {"error":"RPC not implemented in mock","shopId":"41238021-f63d-4afb-beee-3f8f400873eb","timestamp":"2026-04-19T14:13:55.672Z"}

      at Console.log (node_modules/winston/lib/winston/transports/console.js:87:23)

    console.log
      [32minfo[39m: Top products endpoint success (fallback) {"count":0,"shopId":"41238021-f63d-4afb-beee-3f8f400873eb","timestamp":"2026-04-19T14:13:55.672Z","userId":"e504ee88-1ba9-49b8-8971-7dbac74e0edf"}

      at Console.log (node_modules/winston/lib/winston/transports/console.js:87:23)

  ● GET /api/v1/shops/:shopId/analytics/top-products › Authorization › should prevent shop owner from viewing other shop analytics

    TypeError: _supabase.supabase.from(...).delete(...).eq is not a function

      224 |
      225 |       // Cleanup
    > 226 |       await supabase.from('shops').delete().eq('id', otherShop.shopId);
          |                                             ^
      227 |       await supabase.from('profiles').delete().eq('id', otherShop.ownerId);
      228 |     });
      229 |   });

      at Object.eq (__tests__/integration/analytics-products.integration.test.js:226:45)

  ● GET /api/v1/shops/:shopId/analytics/top-products › Edge cases › should handle shop with no orders

    TypeError: _supabase.supabase.from(...).delete(...).eq is not a function

      246 |
      247 |       // Cleanup
    > 248 |       await supabase.from('shops').delete().eq('id', emptyShop.shopId);
          |                                             ^
      249 |       await supabase.from('profiles').delete().eq('id', emptyShop.ownerId);
      250 |     });
      251 |

      at Object.eq (__tests__/integration/analytics-products.integration.test.js:248:45)

PASS src/__tests__/integration/products.test.js
  ● Console

    console.log
      [32minfo[39m: Typesense client initialized {"host":"localhost","port":"8108","protocol":"http","timestamp":"2026-04-19T14:13:55.008Z"}

      at Console.log (node_modules/winston/lib/winston/transports/console.js:87:23)

    console.log
      [32minfo[39m: Incoming request {"ip":"::ffff:127.0.0.1","method":"POST","path":"/api/v1/shops/550e8400-e29b-41d4-a716-446655440020/products","requestId":"a50c8690-5bc3-4e02-b9d2-954da639af4e","timestamp":"2026-04-19T14:13:55.557Z"}

      at Console.log (node_modules/winston/lib/winston/transports/console.js:87:23)

    console.log
      [34mdebug[39m: Token verified {"role":"shop_owner","timestamp":"2026-04-19T14:13:55.565Z","userId":"550e8400-e29b-41d4-a716-446655440010"}

      at Console.log (node_modules/winston/lib/winston/transports/console.js:87:23)

    console.log
      [34mdebug[39m: Role check passed {"path":"/shops/550e8400-e29b-41d4-a716-446655440020/products","role":"shop_owner","timestamp":"2026-04-19T14:13:55.569Z","userId":"550e8400-e29b-41d4-a716-446655440010"}

      at Console.log (node_modules/winston/lib/winston/transports/console.js:87:23)

    console.log
      [34mdebug[39m: Shop ownership verified via database {"shopId":"550e8400-e29b-41d4-a716-446655440020","timestamp":"2026-04-19T14:13:55.573Z","userId":"550e8400-e29b-41d4-a716-446655440010"}

      at Console.log (node_modules/winston/lib/winston/transports/console.js:87:23)

    console.log
      [32minfo[39m: ProductService.createProduct called {"shopId":"550e8400-e29b-41d4-a716-446655440020","timestamp":"2026-04-19T14:13:55.573Z","userId":"550e8400-e29b-41d4-a716-446655440010"}

      at Console.log (node_modules/winston/lib/winston/transports/console.js:87:23)

    console.log
      [32minfo[39m: ProductService: product created {"productId":"d163e31d-38c7-4f55-a4ca-5506e7de59a8","shopId":"550e8400-e29b-41d4-a716-446655440020","timestamp":"2026-04-19T14:13:55.589Z"}

      at Console.log (node_modules/winston/lib/winston/transports/console.js:87:23)

    console.log
      [34mdebug[39m: ProductService: Typesense sync job queued {"productId":"d163e31d-38c7-4f55-a4ca-5506e7de59a8","timestamp":"2026-04-19T14:13:55.589Z"}

      at Console.log (node_modules/winston/lib/winston/transports/console.js:87:23)

    console.log
      [32minfo[39m: Product created {"productId":"d163e31d-38c7-4f55-a4ca-5506e7de59a8","shopId":"550e8400-e29b-41d4-a716-446655440020","timestamp":"2026-04-19T14:13:55.590Z","userId":"550e8400-e29b-41d4-a716-446655440010"}

      at Console.log (node_modules/winston/lib/winston/transports/console.js:87:23)

    console.log
      [32minfo[39m: Incoming request {"ip":"::ffff:127.0.0.1","method":"POST","path":"/api/v1/shops/550e8400-e29b-41d4-a716-446655440020/products","requestId":"6d5614db-73ef-4664-b6fc-fba1c8fb439c","timestamp":"2026-04-19T14:13:55.593Z"}

      at Console.log (node_modules/winston/lib/winston/transports/console.js:87:23)

    console.log
      [34mdebug[39m: Token verified {"role":"shop_owner","timestamp":"2026-04-19T14:13:55.594Z","userId":"550e8400-e29b-41d4-a716-446655440010"}

      at Console.log (node_modules/winston/lib/winston/transports/console.js:87:23)

    console.log
      [34mdebug[39m: Role check passed {"path":"/shops/550e8400-e29b-41d4-a716-446655440020/products","role":"shop_owner","timestamp":"2026-04-19T14:13:55.595Z","userId":"550e8400-e29b-41d4-a716-446655440010"}

      at Console.log (node_modules/winston/lib/winston/transports/console.js:87:23)

    console.log
      [34mdebug[39m: Image file passed multer validation {"fieldname":"image","mimetype":"image/jpeg","timestamp":"2026-04-19T14:13:55.595Z"}

      at Console.log (node_modules/winston/lib/winston/transports/console.js:87:23)

    console.log
      [34mdebug[39m: Shop ownership verified via database {"shopId":"550e8400-e29b-41d4-a716-446655440020","timestamp":"2026-04-19T14:13:55.599Z","userId":"550e8400-e29b-41d4-a716-446655440010"}

      at Console.log (node_modules/winston/lib/winston/transports/console.js:87:23)

    console.log
      [32minfo[39m: ProductService.createProduct called {"shopId":"550e8400-e29b-41d4-a716-446655440020","timestamp":"2026-04-19T14:13:55.599Z","userId":"550e8400-e29b-41d4-a716-446655440010"}

      at Console.log (node_modules/winston/lib/winston/transports/console.js:87:23)

    console.log
      [32minfo[39m: ProductService: product created {"productId":"6dc0612e-aaca-420c-b6f7-a02d154d55c7","shopId":"550e8400-e29b-41d4-a716-446655440020","timestamp":"2026-04-19T14:13:55.599Z"}

      at Console.log (node_modules/winston/lib/winston/transports/console.js:87:23)

    console.log
      [34mdebug[39m: ProductService: Typesense sync job queued {"productId":"6dc0612e-aaca-420c-b6f7-a02d154d55c7","timestamp":"2026-04-19T14:13:55.600Z"}

      at Console.log (node_modules/winston/lib/winston/transports/console.js:87:23)

    console.log
      [32minfo[39m: Product created {"productId":"6dc0612e-aaca-420c-b6f7-a02d154d55c7","shopId":"550e8400-e29b-41d4-a716-446655440020","timestamp":"2026-04-19T14:13:55.600Z","userId":"550e8400-e29b-41d4-a716-446655440010"}

      at Console.log (node_modules/winston/lib/winston/transports/console.js:87:23)

    console.log
      [32minfo[39m: Incoming request {"ip":"::ffff:127.0.0.1","method":"POST","path":"/api/v1/shops/550e8400-e29b-41d4-a716-446655440020/products","requestId":"95b7697a-ebca-401a-8351-bc28e5f617d0","timestamp":"2026-04-19T14:13:55.603Z"}

      at Console.log (node_modules/winston/lib/winston/transports/console.js:87:23)

    console.log
      [34mdebug[39m: Token verified {"role":"shop_owner","timestamp":"2026-04-19T14:13:55.604Z","userId":"550e8400-e29b-41d4-a716-446655440010"}

      at Console.log (node_modules/winston/lib/winston/transports/console.js:87:23)

    console.log
      [34mdebug[39m: Role check passed {"path":"/shops/550e8400-e29b-41d4-a716-446655440020/products","role":"shop_owner","timestamp":"2026-04-19T14:13:55.605Z","userId":"550e8400-e29b-41d4-a716-446655440010"}

      at Console.log (node_modules/winston/lib/winston/transports/console.js:87:23)

    console.log
      [33mwarn[39m: Validation error {"messages":"Price must be at least 1 paise","path":"/shops/550e8400-e29b-41d4-a716-446655440020/products","source":"body","timestamp":"2026-04-19T14:13:55.607Z"}

      at Console.log (node_modules/winston/lib/winston/transports/console.js:87:23)

    console.log
      [33mwarn[39m: Application error Validation failed: Price must be at least 1 paise {"code":"VALIDATION_ERROR","path":"/api/v1/shops/550e8400-e29b-41d4-a716-446655440020/products","statusCode":400,"timestamp":"2026-04-19T14:13:55.608Z"}

      at Console.log (node_modules/winston/lib/winston/transports/console.js:87:23)

    console.log
      [32minfo[39m: Incoming request {"ip":"::ffff:127.0.0.1","method":"POST","path":"/api/v1/shops/550e8400-e29b-41d4-a716-446655440020/products","requestId":"6d1ce27d-1be4-4215-905b-e02729943686","timestamp":"2026-04-19T14:13:55.612Z"}

      at Console.log (node_modules/winston/lib/winston/transports/console.js:87:23)

    console.log
      [34mdebug[39m: Token verified {"role":"shop_owner","timestamp":"2026-04-19T14:13:55.612Z","userId":"550e8400-e29b-41d4-a716-446655440010"}

      at Console.log (node_modules/winston/lib/winston/transports/console.js:87:23)

    console.log
      [34mdebug[39m: Role check passed {"path":"/shops/550e8400-e29b-41d4-a716-446655440020/products","role":"shop_owner","timestamp":"2026-04-19T14:13:55.613Z","userId":"550e8400-e29b-41d4-a716-446655440010"}

      at Console.log (node_modules/winston/lib/winston/transports/console.js:87:23)

    console.log
      [33mwarn[39m: Validation error {"messages":"Price must be an integer (paise)","path":"/shops/550e8400-e29b-41d4-a716-446655440020/products","source":"body","timestamp":"2026-04-19T14:13:55.618Z"}

      at Console.log (node_modules/winston/lib/winston/transports/console.js:87:23)

    console.log
      [33mwarn[39m: Application error Validation failed: Price must be an integer (paise) {"code":"VALIDATION_ERROR","path":"/api/v1/shops/550e8400-e29b-41d4-a716-446655440020/products","statusCode":400,"timestamp":"2026-04-19T14:13:55.620Z"}

      at Console.log (node_modules/winston/lib/winston/transports/console.js:87:23)

    console.log
      [32minfo[39m: Incoming request {"ip":"::ffff:127.0.0.1","method":"POST","path":"/api/v1/shops/550e8400-e29b-41d4-a716-446655440020/products","requestId":"459daacf-c9cf-49b4-941c-e7d5b25ecb95","timestamp":"2026-04-19T14:13:55.622Z"}

      at Console.log (node_modules/winston/lib/winston/transports/console.js:87:23)

    console.log
      [34mdebug[39m: Token verified {"role":"shop_owner","timestamp":"2026-04-19T14:13:55.622Z","userId":"550e8400-e29b-41d4-a716-446655440010"}

      at Console.log (node_modules/winston/lib/winston/transports/console.js:87:23)

    console.log
      [34mdebug[39m: Role check passed {"path":"/shops/550e8400-e29b-41d4-a716-446655440020/products","role":"shop_owner","timestamp":"2026-04-19T14:13:55.622Z","userId":"550e8400-e29b-41d4-a716-446655440010"}

      at Console.log (node_modules/winston/lib/winston/transports/console.js:87:23)

    console.log
      [33mwarn[39m: Validation error {"messages":"Category must be one of: grocery, vegetable, fruit, dairy, medicine, personal_care, household, electronics, clothing, food_beverage, pet_supplies, other","path":"/shops/550e8400-e29b-41d4-a716-446655440020/products","source":"body","timestamp":"2026-04-19T14:13:55.623Z"}

      at Console.log (node_modules/winston/lib/winston/transports/console.js:87:23)

    console.log
      [33mwarn[39m: Application error Validation failed: Category must be one of: grocery, vegetable, fruit, dairy, medicine, personal_care, household, electronics, clothing, food_beverage, pet_supplies, other {"code":"VALIDATION_ERROR","path":"/api/v1/shops/550e8400-e29b-41d4-a716-446655440020/products","statusCode":400,"timestamp":"2026-04-19T14:13:55.623Z"}

      at Console.log (node_modules/winston/lib/winston/transports/console.js:87:23)

    console.log
      [32minfo[39m: Incoming request {"ip":"::ffff:127.0.0.1","method":"POST","path":"/api/v1/shops/550e8400-e29b-41d4-a716-446655440020/products","requestId":"95fd040f-a0b0-48a6-9783-2c53a062fd69","timestamp":"2026-04-19T14:13:55.624Z"}

      at Console.log (node_modules/winston/lib/winston/transports/console.js:87:23)

    console.log
      [34mdebug[39m: Token verified {"role":"shop_owner","timestamp":"2026-04-19T14:13:55.625Z","userId":"550e8400-e29b-41d4-a716-446655440030"}

      at Console.log (node_modules/winston/lib/winston/transports/console.js:87:23)

    console.log
      [34mdebug[39m: Role check passed {"path":"/shops/550e8400-e29b-41d4-a716-446655440020/products","role":"shop_owner","timestamp":"2026-04-19T14:13:55.625Z","userId":"550e8400-e29b-41d4-a716-446655440030"}

      at Console.log (node_modules/winston/lib/winston/transports/console.js:87:23)

    console.log
      [33mwarn[39m: Shop owner attempting cross-shop access {"path":"/shops/550e8400-e29b-41d4-a716-446655440020/products","requestedShopId":"550e8400-e29b-41d4-a716-446655440020","timestamp":"2026-04-19T14:13:55.626Z","tokenShopId":"550e8400-e29b-41d4-a716-446655440040","userId":"550e8400-e29b-41d4-a716-446655440030"}

      at Console.log (node_modules/winston/lib/winston/transports/console.js:87:23)

    console.log
      [33mwarn[39m: Application error You can only manage your own shop {"code":"FORBIDDEN","path":"/api/v1/shops/550e8400-e29b-41d4-a716-446655440020/products","statusCode":403,"timestamp":"2026-04-19T14:13:55.626Z"}

      at Console.log (node_modules/winston/lib/winston/transports/console.js:87:23)

    console.log
      [32minfo[39m: Incoming request {"ip":"::ffff:127.0.0.1","method":"POST","path":"/api/v1/shops/550e8400-e29b-41d4-a716-446655440020/products","requestId":"d49a788f-1a58-49fe-91d1-b2e28fae7f84","timestamp":"2026-04-19T14:13:55.627Z"}

      at Console.log (node_modules/winston/lib/winston/transports/console.js:87:23)

    console.log
      [33mwarn[39m: Missing or invalid authorization header {"path":"/shops/550e8400-e29b-41d4-a716-446655440020/products","timestamp":"2026-04-19T14:13:55.627Z"}

      at Console.log (node_modules/winston/lib/winston/transports/console.js:87:23)

    console.log
      [33mwarn[39m: Application error Authorization header missing or malformed {"code":"UNAUTHORIZED","path":"/api/v1/shops/550e8400-e29b-41d4-a716-446655440020/products","statusCode":401,"timestamp":"2026-04-19T14:13:55.628Z"}

      at Console.log (node_modules/winston/lib/winston/transports/console.js:87:23)

    console.log
      [32minfo[39m: Incoming request {"ip":"::ffff:127.0.0.1","method":"POST","path":"/api/v1/shops/550e8400-e29b-41d4-a716-446655440020/products","requestId":"bb2ac3d4-24fd-46e1-aaee-e03069490623","timestamp":"2026-04-19T14:13:55.629Z"}

      at Console.log (node_modules/winston/lib/winston/transports/console.js:87:23)

    console.log
      [34mdebug[39m: Token verified {"role":"shop_owner","timestamp":"2026-04-19T14:13:55.629Z","userId":"550e8400-e29b-41d4-a716-446655440010"}

      at Console.log (node_modules/winston/lib/winston/transports/console.js:87:23)

    console.log
      [34mdebug[39m: Role check passed {"path":"/shops/550e8400-e29b-41d4-a716-446655440020/products","role":"shop_owner","timestamp":"2026-04-19T14:13:55.629Z","userId":"550e8400-e29b-41d4-a716-446655440010"}

      at Console.log (node_modules/winston/lib/winston/transports/console.js:87:23)

    console.log
      [33mwarn[39m: Rejected non-image file for product upload {"filename":"document.pdf","mimetype":"application/pdf","timestamp":"2026-04-19T14:13:55.632Z"}

      at Console.log (node_modules/winston/lib/winston/transports/console.js:87:23)

    console.log
      [33mwarn[39m: Product image upload multer error {"error":"Only JPEG, PNG, or WEBP images are allowed","shopId":"550e8400-e29b-41d4-a716-446655440020","timestamp":"2026-04-19T14:13:55.641Z","userId":"550e8400-e29b-41d4-a716-446655440010"}

      at Console.log (node_modules/winston/lib/winston/transports/console.js:87:23)

    console.log
      [32minfo[39m: Incoming request {"ip":"::ffff:127.0.0.1","method":"POST","path":"/api/v1/shops/550e8400-e29b-41d4-a716-446655440020/products","requestId":"f2a2374d-e6a4-4f3a-bb19-8229bc8e4f66","timestamp":"2026-04-19T14:13:55.644Z"}

      at Console.log (node_modules/winston/lib/winston/transports/console.js:87:23)

    console.log
      [34mdebug[39m: Token verified {"role":"shop_owner","timestamp":"2026-04-19T14:13:55.645Z","userId":"550e8400-e29b-41d4-a716-446655440010"}

      at Console.log (node_modules/winston/lib/winston/transports/console.js:87:23)

    console.log
      [34mdebug[39m: Role check passed {"path":"/shops/550e8400-e29b-41d4-a716-446655440020/products","role":"shop_owner","timestamp":"2026-04-19T14:13:55.646Z","userId":"550e8400-e29b-41d4-a716-446655440010"}

      at Console.log (node_modules/winston/lib/winston/transports/console.js:87:23)

    console.log
      [34mdebug[39m: Shop ownership verified via database {"shopId":"550e8400-e29b-41d4-a716-446655440020","timestamp":"2026-04-19T14:13:55.648Z","userId":"550e8400-e29b-41d4-a716-446655440010"}

      at Console.log (node_modules/winston/lib/winston/transports/console.js:87:23)

    console.log
      [32minfo[39m: ProductService.createProduct called {"shopId":"550e8400-e29b-41d4-a716-446655440020","timestamp":"2026-04-19T14:13:55.648Z","userId":"550e8400-e29b-41d4-a716-446655440010"}

      at Console.log (node_modules/winston/lib/winston/transports/console.js:87:23)

    console.log
      [32minfo[39m: ProductService: product created {"productId":"e8ea94fa-7279-474a-b78b-e6741fbabad6","shopId":"550e8400-e29b-41d4-a716-446655440020","timestamp":"2026-04-19T14:13:55.648Z"}

      at Console.log (node_modules/winston/lib/winston/transports/console.js:87:23)

    console.log
      [34mdebug[39m: ProductService: Typesense sync job queued {"productId":"e8ea94fa-7279-474a-b78b-e6741fbabad6","timestamp":"2026-04-19T14:13:55.649Z"}

      at Console.log (node_modules/winston/lib/winston/transports/console.js:87:23)

    console.log
      [32minfo[39m: Product created {"productId":"e8ea94fa-7279-474a-b78b-e6741fbabad6","shopId":"550e8400-e29b-41d4-a716-446655440020","timestamp":"2026-04-19T14:13:55.649Z","userId":"550e8400-e29b-41d4-a716-446655440010"}

      at Console.log (node_modules/winston/lib/winston/transports/console.js:87:23)

    console.log
      [32minfo[39m: Incoming request {"ip":"::ffff:127.0.0.1","method":"POST","path":"/api/v1/shops/550e8400-e29b-41d4-a716-446655440020/products","requestId":"728a07a1-0899-4395-8b00-c0e3ac30ffad","timestamp":"2026-04-19T14:13:55.650Z"}

      at Console.log (node_modules/winston/lib/winston/transports/console.js:87:23)

    console.log
      [34mdebug[39m: Token verified {"role":"shop_owner","timestamp":"2026-04-19T14:13:55.651Z","userId":"550e8400-e29b-41d4-a716-446655440010"}

      at Console.log (node_modules/winston/lib/winston/transports/console.js:87:23)

    console.log
      [34mdebug[39m: Role check passed {"path":"/shops/550e8400-e29b-41d4-a716-446655440020/products","role":"shop_owner","timestamp":"2026-04-19T14:13:55.651Z","userId":"550e8400-e29b-41d4-a716-446655440010"}

      at Console.log (node_modules/winston/lib/winston/transports/console.js:87:23)

    console.log
      [34mdebug[39m: Shop ownership verified via database {"shopId":"550e8400-e29b-41d4-a716-446655440020","timestamp":"2026-04-19T14:13:55.652Z","userId":"550e8400-e29b-41d4-a716-446655440010"}

      at Console.log (node_modules/winston/lib/winston/transports/console.js:87:23)

    console.log
      [32minfo[39m: ProductService.createProduct called {"shopId":"550e8400-e29b-41d4-a716-446655440020","timestamp":"2026-04-19T14:13:55.652Z","userId":"550e8400-e29b-41d4-a716-446655440010"}

      at Console.log (node_modules/winston/lib/winston/transports/console.js:87:23)

    console.log
      [32minfo[39m: ProductService: product created {"productId":"a1700e4c-36d2-40ea-80f2-d6fcaec97a17","shopId":"550e8400-e29b-41d4-a716-446655440020","timestamp":"2026-04-19T14:13:55.652Z"}

      at Console.log (node_modules/winston/lib/winston/transports/console.js:87:23)

    console.log
      [34mdebug[39m: ProductService: Typesense sync job queued {"productId":"a1700e4c-36d2-40ea-80f2-d6fcaec97a17","timestamp":"2026-04-19T14:13:55.653Z"}

      at Console.log (node_modules/winston/lib/winston/transports/console.js:87:23)

    console.log
      [32minfo[39m: Product created {"productId":"a1700e4c-36d2-40ea-80f2-d6fcaec97a17","shopId":"550e8400-e29b-41d4-a716-446655440020","timestamp":"2026-04-19T14:13:55.653Z","userId":"550e8400-e29b-41d4-a716-446655440010"}

      at Console.log (node_modules/winston/lib/winston/transports/console.js:87:23)

    console.log
      [32minfo[39m: Incoming request {"ip":"::ffff:127.0.0.1","method":"POST","path":"/api/v1/shops/550e8400-e29b-41d4-a716-446655440020/products/bulk","requestId":"0d575f49-1079-4eb8-8472-e696765a31c2","timestamp":"2026-04-19T14:13:55.654Z"}

      at Console.log (node_modules/winston/lib/winston/transports/console.js:87:23)

    console.log
      [33mwarn[39m: Missing or invalid authorization header {"path":"/shops/550e8400-e29b-41d4-a716-446655440020/products/bulk","timestamp":"2026-04-19T14:13:55.655Z"}

      at Console.log (node_modules/winston/lib/winston/transports/console.js:87:23)

    console.log
      [33mwarn[39m: Application error Authorization header missing or malformed {"code":"UNAUTHORIZED","path":"/api/v1/shops/550e8400-e29b-41d4-a716-446655440020/products/bulk","statusCode":401,"timestamp":"2026-04-19T14:13:55.655Z"}

      at Console.log (node_modules/winston/lib/winston/transports/console.js:87:23)

    console.log
      [32minfo[39m: Incoming request {"ip":"::ffff:127.0.0.1","method":"POST","path":"/api/v1/shops/550e8400-e29b-41d4-a716-446655440020/products/bulk","requestId":"df77d92c-16ed-4536-8e6b-0ef397e4fcd0","timestamp":"2026-04-19T14:13:55.656Z"}

      at Console.log (node_modules/winston/lib/winston/transports/console.js:87:23)

    console.log
      [34mdebug[39m: Token verified {"role":"customer","timestamp":"2026-04-19T14:13:55.657Z","userId":"0623dc28-caa7-41ba-a59e-dfc33f2f9953"}

      at Console.log (node_modules/winston/lib/winston/transports/console.js:87:23)

    console.log
      [33mwarn[39m: Unauthorized role access attempt {"allowedRoles":["shop_owner"],"path":"/shops/550e8400-e29b-41d4-a716-446655440020/products/bulk","timestamp":"2026-04-19T14:13:55.657Z","userId":"0623dc28-caa7-41ba-a59e-dfc33f2f9953","userRole":"customer"}

      at Console.log (node_modules/winston/lib/winston/transports/console.js:87:23)

    console.log
      [33mwarn[39m: Application error Your role 'customer' does not have access to this resource. Allowed roles: shop_owner {"code":"FORBIDDEN","path":"/api/v1/shops/550e8400-e29b-41d4-a716-446655440020/products/bulk","statusCode":403,"timestamp":"2026-04-19T14:13:55.657Z"}

      at Console.log (node_modules/winston/lib/winston/transports/console.js:87:23)

    console.log
      [32minfo[39m: Incoming request {"ip":"::ffff:127.0.0.1","method":"POST","path":"/api/v1/shops/550e8400-e29b-41d4-a716-446655440020/products/bulk","requestId":"42ac48f0-f2fe-4738-add5-358de46ebe7b","timestamp":"2026-04-19T14:13:55.660Z"}

      at Console.log (node_modules/winston/lib/winston/transports/console.js:87:23)

    console.log
      [34mdebug[39m: Token verified {"role":"shop_owner","timestamp":"2026-04-19T14:13:55.660Z","userId":"550e8400-e29b-41d4-a716-446655440010"}

      at Console.log (node_modules/winston/lib/winston/transports/console.js:87:23)

    console.log
      [34mdebug[39m: Role check passed {"path":"/shops/550e8400-e29b-41d4-a716-446655440020/products/bulk","role":"shop_owner","timestamp":"2026-04-19T14:13:55.661Z","userId":"550e8400-e29b-41d4-a716-446655440010"}

      at Console.log (node_modules/winston/lib/winston/transports/console.js:87:23)

    console.log
      [34mdebug[39m: CSV file passed multer validation {"fieldname":"csv","mimetype":"text/csv","timestamp":"2026-04-19T14:13:55.661Z"}

      at Console.log (node_modules/winston/lib/winston/transports/console.js:87:23)

    console.log
      [34mdebug[39m: Shop ownership verified via database {"shopId":"550e8400-e29b-41d4-a716-446655440020","timestamp":"2026-04-19T14:13:55.662Z","userId":"550e8400-e29b-41d4-a716-446655440010"}

      at Console.log (node_modules/winston/lib/winston/transports/console.js:87:23)

    console.log
      [32minfo[39m: ProductService.bulkCreateProducts called {"shopId":"550e8400-e29b-41d4-a716-446655440020","timestamp":"2026-04-19T14:13:55.662Z","userId":"550e8400-e29b-41d4-a716-446655440010"}

      at Console.log (node_modules/winston/lib/winston/transports/console.js:87:23)

    console.log
      [32minfo[39m: ProductService: bulk products inserted {"created":3,"failed":0,"shopId":"550e8400-e29b-41d4-a716-446655440020","timestamp":"2026-04-19T14:13:55.665Z"}

      at Console.log (node_modules/winston/lib/winston/transports/console.js:87:23)

    console.log
      [34mdebug[39m: ProductService: Typesense sync job queued {"productId":"00a04a80-edfd-439a-ad5f-455ca3b82273","timestamp":"2026-04-19T14:13:55.665Z"}

      at Console.log (node_modules/winston/lib/winston/transports/console.js:87:23)
          at async Promise.all (index 0)

    console.log
      [34mdebug[39m: ProductService: Typesense sync job queued {"productId":"80aa62ef-cc51-4e74-8951-11798c72e2cb","timestamp":"2026-04-19T14:13:55.665Z"}

      at Console.log (node_modules/winston/lib/winston/transports/console.js:87:23)
          at async Promise.all (index 1)

    console.log
      [34mdebug[39m: ProductService: Typesense sync job queued {"productId":"8f0a86e4-cda2-49b6-a261-0851a20edaa9","timestamp":"2026-04-19T14:13:55.666Z"}

      at Console.log (node_modules/winston/lib/winston/transports/console.js:87:23)
          at async Promise.all (index 2)

    console.log
      [32minfo[39m: Bulk products created {"created":3,"failed":0,"shopId":"550e8400-e29b-41d4-a716-446655440020","timestamp":"2026-04-19T14:13:55.666Z","userId":"550e8400-e29b-41d4-a716-446655440010"}

      at Console.log (node_modules/winston/lib/winston/transports/console.js:87:23)

    console.log
      [32minfo[39m: Incoming request {"ip":"::ffff:127.0.0.1","method":"POST","path":"/api/v1/shops/550e8400-e29b-41d4-a716-446655440020/products/bulk","requestId":"b0578250-c324-479c-b78b-eaa034bcd058","timestamp":"2026-04-19T14:13:55.668Z"}

      at Console.log (node_modules/winston/lib/winston/transports/console.js:87:23)

    console.log
      [34mdebug[39m: Token verified {"role":"shop_owner","timestamp":"2026-04-19T14:13:55.669Z","userId":"550e8400-e29b-41d4-a716-446655440010"}

      at Console.log (node_modules/winston/lib/winston/transports/console.js:87:23)

    console.log
      [34mdebug[39m: Role check passed {"path":"/shops/550e8400-e29b-41d4-a716-446655440020/products/bulk","role":"shop_owner","timestamp":"2026-04-19T14:13:55.670Z","userId":"550e8400-e29b-41d4-a716-446655440010"}

      at Console.log (node_modules/winston/lib/winston/transports/console.js:87:23)

    console.log
      [34mdebug[39m: CSV file passed multer validation {"fieldname":"csv","mimetype":"text/csv","timestamp":"2026-04-19T14:13:55.671Z"}

      at Console.log (node_modules/winston/lib/winston/transports/console.js:87:23)

    console.log
      [34mdebug[39m: Shop ownership verified via database {"shopId":"550e8400-e29b-41d4-a716-446655440020","timestamp":"2026-04-19T14:13:55.672Z","userId":"550e8400-e29b-41d4-a716-446655440010"}

      at Console.log (node_modules/winston/lib/winston/transports/console.js:87:23)

    console.log
      [32minfo[39m: ProductService.bulkCreateProducts called {"shopId":"550e8400-e29b-41d4-a716-446655440020","timestamp":"2026-04-19T14:13:55.672Z","userId":"550e8400-e29b-41d4-a716-446655440010"}

      at Console.log (node_modules/winston/lib/winston/transports/console.js:87:23)

    console.log
      [32minfo[39m: ProductService: bulk products inserted {"created":2,"failed":0,"shopId":"550e8400-e29b-41d4-a716-446655440020","timestamp":"2026-04-19T14:13:55.674Z"}

      at Console.log (node_modules/winston/lib/winston/transports/console.js:87:23)

    console.log
      [33mwarn[39m: ProductService: failed to queue Typesense sync {"error":"queue unavailable","productId":"1ca97f7b-a626-47bf-8096-b9f29f570122","timestamp":"2026-04-19T14:13:55.675Z"}

      at Console.log (node_modules/winston/lib/winston/transports/console.js:87:23)
          at async Promise.all (index 0)

    console.log
      [33mwarn[39m: ProductService: failed to queue Typesense sync {"error":"queue unavailable","productId":"e4e7ecaf-7507-42c8-acd8-7b5e7351f84b","timestamp":"2026-04-19T14:13:55.675Z"}

      at Console.log (node_modules/winston/lib/winston/transports/console.js:87:23)
          at async Promise.all (index 1)

    console.log
      [32minfo[39m: Bulk products created {"created":2,"failed":0,"shopId":"550e8400-e29b-41d4-a716-446655440020","timestamp":"2026-04-19T14:13:55.676Z","userId":"550e8400-e29b-41d4-a716-446655440010"}

      at Console.log (node_modules/winston/lib/winston/transports/console.js:87:23)

    console.log
      [32minfo[39m: Incoming request {"ip":"::ffff:127.0.0.1","method":"POST","path":"/api/v1/shops/550e8400-e29b-41d4-a716-446655440020/products/bulk","requestId":"2d5b093e-5f93-45eb-a64b-f65badf8f7eb","timestamp":"2026-04-19T14:13:55.686Z"}

      at Console.log (node_modules/winston/lib/winston/transports/console.js:87:23)

    console.log
      [34mdebug[39m: Token verified {"role":"shop_owner","timestamp":"2026-04-19T14:13:55.688Z","userId":"550e8400-e29b-41d4-a716-446655440010"}

      at Console.log (node_modules/winston/lib/winston/transports/console.js:87:23)

    console.log
      [34mdebug[39m: Role check passed {"path":"/shops/550e8400-e29b-41d4-a716-446655440020/products/bulk","role":"shop_owner","timestamp":"2026-04-19T14:13:55.688Z","userId":"550e8400-e29b-41d4-a716-446655440010"}

      at Console.log (node_modules/winston/lib/winston/transports/console.js:87:23)

    console.log
      [34mdebug[39m: CSV file passed multer validation {"fieldname":"csv","mimetype":"text/csv","timestamp":"2026-04-19T14:13:55.689Z"}

      at Console.log (node_modules/winston/lib/winston/transports/console.js:87:23)

    console.log
      [34mdebug[39m: Shop ownership verified via database {"shopId":"550e8400-e29b-41d4-a716-446655440020","timestamp":"2026-04-19T14:13:55.689Z","userId":"550e8400-e29b-41d4-a716-446655440010"}

      at Console.log (node_modules/winston/lib/winston/transports/console.js:87:23)

    console.log
      [32minfo[39m: ProductService.bulkCreateProducts called {"shopId":"550e8400-e29b-41d4-a716-446655440020","timestamp":"2026-04-19T14:13:55.689Z","userId":"550e8400-e29b-41d4-a716-446655440010"}

      at Console.log (node_modules/winston/lib/winston/transports/console.js:87:23)

    console.log
      [32minfo[39m: ProductService: bulk products inserted {"created":2,"failed":1,"shopId":"550e8400-e29b-41d4-a716-446655440020","timestamp":"2026-04-19T14:13:55.690Z"}

      at Console.log (node_modules/winston/lib/winston/transports/console.js:87:23)

    console.log
      [33mwarn[39m: ProductService: failed to queue Typesense sync {"error":"queue unavailable","productId":"1573cfc8-a908-4d84-aa61-8c2d77eca987","timestamp":"2026-04-19T14:13:55.690Z"}

      at Console.log (node_modules/winston/lib/winston/transports/console.js:87:23)
          at async Promise.all (index 0)

    console.log
      [33mwarn[39m: ProductService: failed to queue Typesense sync {"error":"queue unavailable","productId":"043a259a-445b-432e-b881-110337728cfe","timestamp":"2026-04-19T14:13:55.690Z"}

      at Console.log (node_modules/winston/lib/winston/transports/console.js:87:23)
          at async Promise.all (index 1)

    console.log
      [32minfo[39m: Bulk products created {"created":2,"failed":1,"shopId":"550e8400-e29b-41d4-a716-446655440020","timestamp":"2026-04-19T14:13:55.690Z","userId":"550e8400-e29b-41d4-a716-446655440010"}

      at Console.log (node_modules/winston/lib/winston/transports/console.js:87:23)

    console.log
      [32minfo[39m: Incoming request {"ip":"::ffff:127.0.0.1","method":"POST","path":"/api/v1/shops/550e8400-e29b-41d4-a716-446655440020/products/bulk","requestId":"264ccb73-4d24-466c-a6ac-bc07c9bf16f8","timestamp":"2026-04-19T14:13:55.701Z"}

      at Console.log (node_modules/winston/lib/winston/transports/console.js:87:23)

    console.log
      [34mdebug[39m: Token verified {"role":"shop_owner","timestamp":"2026-04-19T14:13:55.702Z","userId":"550e8400-e29b-41d4-a716-446655440010"}

      at Console.log (node_modules/winston/lib/winston/transports/console.js:87:23)

    console.log
      [34mdebug[39m: Role check passed {"path":"/shops/550e8400-e29b-41d4-a716-446655440020/products/bulk","role":"shop_owner","timestamp":"2026-04-19T14:13:55.703Z","userId":"550e8400-e29b-41d4-a716-446655440010"}

      at Console.log (node_modules/winston/lib/winston/transports/console.js:87:23)

    console.log
      [34mdebug[39m: CSV file passed multer validation {"fieldname":"csv","mimetype":"text/csv","timestamp":"2026-04-19T14:13:55.704Z"}

      at Console.log (node_modules/winston/lib/winston/transports/console.js:87:23)

    console.log
      [34mdebug[39m: Shop ownership verified via database {"shopId":"550e8400-e29b-41d4-a716-446655440020","timestamp":"2026-04-19T14:13:55.705Z","userId":"550e8400-e29b-41d4-a716-446655440010"}

      at Console.log (node_modules/winston/lib/winston/transports/console.js:87:23)

    console.log
      [32minfo[39m: ProductService.bulkCreateProducts called {"shopId":"550e8400-e29b-41d4-a716-446655440020","timestamp":"2026-04-19T14:13:55.706Z","userId":"550e8400-e29b-41d4-a716-446655440010"}

      at Console.log (node_modules/winston/lib/winston/transports/console.js:87:23)

    console.log
      [31merror[39m: Bulk create products endpoint error {"error":"CSV must not exceed 100 rows. Found: 101","shopId":"550e8400-e29b-41d4-a716-446655440020","timestamp":"2026-04-19T14:13:55.732Z","userId":"550e8400-e29b-41d4-a716-446655440010"}

      at Console.log (node_modules/winston/lib/winston/transports/console.js:87:23)

    console.log
      [33mwarn[39m: Application error CSV must not exceed 100 rows. Found: 101 {"code":"VALIDATION_ERROR","path":"/api/v1/shops/550e8400-e29b-41d4-a716-446655440020/products/bulk","statusCode":400,"timestamp":"2026-04-19T14:13:55.732Z"}

      at Console.log (node_modules/winston/lib/winston/transports/console.js:87:23)

    console.log
      [32minfo[39m: Incoming request {"ip":"::ffff:127.0.0.1","method":"POST","path":"/api/v1/shops/550e8400-e29b-41d4-a716-446655440020/products/bulk","requestId":"38b85e5f-70c2-44ce-a39b-3782d38ea750","timestamp":"2026-04-19T14:13:55.736Z"}

      at Console.log (node_modules/winston/lib/winston/transports/console.js:87:23)

    console.log
      [34mdebug[39m: Token verified {"role":"shop_owner","timestamp":"2026-04-19T14:13:55.737Z","userId":"550e8400-e29b-41d4-a716-446655440010"}

      at Console.log (node_modules/winston/lib/winston/transports/console.js:87:23)

    console.log
      [34mdebug[39m: Role check passed {"path":"/shops/550e8400-e29b-41d4-a716-446655440020/products/bulk","role":"shop_owner","timestamp":"2026-04-19T14:13:55.737Z","userId":"550e8400-e29b-41d4-a716-446655440010"}

      at Console.log (node_modules/winston/lib/winston/transports/console.js:87:23)

    console.log
      [34mdebug[39m: Shop ownership verified via database {"shopId":"550e8400-e29b-41d4-a716-446655440020","timestamp":"2026-04-19T14:13:55.738Z","userId":"550e8400-e29b-41d4-a716-446655440010"}

      at Console.log (node_modules/winston/lib/winston/transports/console.js:87:23)

    console.log
      [32minfo[39m: Incoming request {"ip":"::ffff:127.0.0.1","method":"POST","path":"/api/v1/shops/550e8400-e29b-41d4-a716-446655440020/products/bulk","requestId":"a2e85aa4-e8e5-46fb-8b3d-62edc1c2e788","timestamp":"2026-04-19T14:13:55.740Z"}

      at Console.log (node_modules/winston/lib/winston/transports/console.js:87:23)

    console.log
      [34mdebug[39m: Token verified {"role":"shop_owner","timestamp":"2026-04-19T14:13:55.741Z","userId":"550e8400-e29b-41d4-a716-446655440010"}

      at Console.log (node_modules/winston/lib/winston/transports/console.js:87:23)

    console.log
      [34mdebug[39m: Role check passed {"path":"/shops/550e8400-e29b-41d4-a716-446655440020/products/bulk","role":"shop_owner","timestamp":"2026-04-19T14:13:55.742Z","userId":"550e8400-e29b-41d4-a716-446655440010"}

      at Console.log (node_modules/winston/lib/winston/transports/console.js:87:23)

    console.log
      [33mwarn[39m: Rejected non-CSV file for bulk upload {"filename":"photo.jpg","mimetype":"image/jpeg","timestamp":"2026-04-19T14:13:55.742Z"}

      at Console.log (node_modules/winston/lib/winston/transports/console.js:87:23)

    console.log
      [33mwarn[39m: Bulk CSV upload multer error {"error":"Only CSV files are allowed","shopId":"550e8400-e29b-41d4-a716-446655440020","timestamp":"2026-04-19T14:13:55.743Z","userId":"550e8400-e29b-41d4-a716-446655440010"}

      at Console.log (node_modules/winston/lib/winston/transports/console.js:87:23)

    console.log
      [32minfo[39m: Incoming request {"ip":"::ffff:127.0.0.1","method":"POST","path":"/api/v1/shops/550e8400-e29b-41d4-a716-446655440020/products/bulk","requestId":"8b4a76ba-96b8-42ef-8ff8-dbf6a95a68cc","timestamp":"2026-04-19T14:13:55.746Z"}

      at Console.log (node_modules/winston/lib/winston/transports/console.js:87:23)

    console.log
      [34mdebug[39m: Token verified {"role":"shop_owner","timestamp":"2026-04-19T14:13:55.747Z","userId":"550e8400-e29b-41d4-a716-446655440010"}

      at Console.log (node_modules/winston/lib/winston/transports/console.js:87:23)

    console.log
      [34mdebug[39m: Role check passed {"path":"/shops/550e8400-e29b-41d4-a716-446655440020/products/bulk","role":"shop_owner","timestamp":"2026-04-19T14:13:55.748Z","userId":"550e8400-e29b-41d4-a716-446655440010"}

      at Console.log (node_modules/winston/lib/winston/transports/console.js:87:23)

    console.log
      [34mdebug[39m: CSV file passed multer validation {"fieldname":"csv","mimetype":"text/csv","timestamp":"2026-04-19T14:13:55.750Z"}

      at Console.log (node_modules/winston/lib/winston/transports/console.js:87:23)

    console.log
      [33mwarn[39m: Bulk CSV upload multer error {"error":"File too large","shopId":"550e8400-e29b-41d4-a716-446655440020","timestamp":"2026-04-19T14:13:55.757Z","userId":"550e8400-e29b-41d4-a716-446655440010"}

      at Console.log (node_modules/winston/lib/winston/transports/console.js:87:23)

    console.log
      [32minfo[39m: Incoming request {"ip":"::ffff:127.0.0.1","method":"POST","path":"/api/v1/shops/550e8400-e29b-41d4-a716-446655440020/products/bulk","requestId":"e8279e09-f145-4a9e-8428-65acaaa55a39","timestamp":"2026-04-19T14:13:55.758Z"}

      at Console.log (node_modules/winston/lib/winston/transports/console.js:87:23)

    console.log
      [34mdebug[39m: Token verified {"role":"shop_owner","timestamp":"2026-04-19T14:13:55.759Z","userId":"550e8400-e29b-41d4-a716-446655440010"}

      at Console.log (node_modules/winston/lib/winston/transports/console.js:87:23)

    console.log
      [34mdebug[39m: Role check passed {"path":"/shops/550e8400-e29b-41d4-a716-446655440020/products/bulk","role":"shop_owner","timestamp":"2026-04-19T14:13:55.759Z","userId":"550e8400-e29b-41d4-a716-446655440010"}

      at Console.log (node_modules/winston/lib/winston/transports/console.js:87:23)

    console.log
      [34mdebug[39m: CSV file passed multer validation {"fieldname":"csv","mimetype":"text/csv","timestamp":"2026-04-19T14:13:55.760Z"}

      at Console.log (node_modules/winston/lib/winston/transports/console.js:87:23)

    console.log
      [34mdebug[39m: Shop ownership verified via database {"shopId":"550e8400-e29b-41d4-a716-446655440020","timestamp":"2026-04-19T14:13:55.762Z","userId":"550e8400-e29b-41d4-a716-446655440010"}

      at Console.log (node_modules/winston/lib/winston/transports/console.js:87:23)

    console.log
      [32minfo[39m: ProductService.bulkCreateProducts called {"shopId":"550e8400-e29b-41d4-a716-446655440020","timestamp":"2026-04-19T14:13:55.762Z","userId":"550e8400-e29b-41d4-a716-446655440010"}

      at Console.log (node_modules/winston/lib/winston/transports/console.js:87:23)

    console.log
      [31merror[39m: Bulk create products endpoint error {"error":"CSV is missing required columns: unit. Required: name, description, category, price_paise, stock_quantity, unit","shopId":"550e8400-e29b-41d4-a716-446655440020","timestamp":"2026-04-19T14:13:55.763Z","userId":"550e8400-e29b-41d4-a716-446655440010"}

      at Console.log (node_modules/winston/lib/winston/transports/console.js:87:23)

    console.log
      [33mwarn[39m: Application error CSV is missing required columns: unit. Required: name, description, category, price_paise, stock_quantity, unit {"code":"VALIDATION_ERROR","path":"/api/v1/shops/550e8400-e29b-41d4-a716-446655440020/products/bulk","statusCode":400,"timestamp":"2026-04-19T14:13:55.764Z"}

      at Console.log (node_modules/winston/lib/winston/transports/console.js:87:23)

    console.log
      [32minfo[39m: Incoming request {"ip":"::ffff:127.0.0.1","method":"POST","path":"/api/v1/shops/550e8400-e29b-41d4-a716-446655440020/products/bulk","requestId":"b31f66ae-290d-4e82-99ba-a0429a6e7272","timestamp":"2026-04-19T14:13:55.767Z"}

      at Console.log (node_modules/winston/lib/winston/transports/console.js:87:23)

    console.log
      [34mdebug[39m: Token verified {"role":"shop_owner","timestamp":"2026-04-19T14:13:55.768Z","userId":"550e8400-e29b-41d4-a716-446655440010"}

      at Console.log (node_modules/winston/lib/winston/transports/console.js:87:23)

    console.log
      [34mdebug[39m: Role check passed {"path":"/shops/550e8400-e29b-41d4-a716-446655440020/products/bulk","role":"shop_owner","timestamp":"2026-04-19T14:13:55.768Z","userId":"550e8400-e29b-41d4-a716-446655440010"}

      at Console.log (node_modules/winston/lib/winston/transports/console.js:87:23)

    console.log
      [34mdebug[39m: CSV file passed multer validation {"fieldname":"csv","mimetype":"text/csv","timestamp":"2026-04-19T14:13:55.769Z"}

      at Console.log (node_modules/winston/lib/winston/transports/console.js:87:23)

    console.log
      [34mdebug[39m: Shop ownership verified via database {"shopId":"550e8400-e29b-41d4-a716-446655440020","timestamp":"2026-04-19T14:13:55.770Z","userId":"550e8400-e29b-41d4-a716-446655440010"}

      at Console.log (node_modules/winston/lib/winston/transports/console.js:87:23)

    console.log
      [32minfo[39m: ProductService.bulkCreateProducts called {"shopId":"550e8400-e29b-41d4-a716-446655440020","timestamp":"2026-04-19T14:13:55.771Z","userId":"550e8400-e29b-41d4-a716-446655440010"}

      at Console.log (node_modules/winston/lib/winston/transports/console.js:87:23)

    console.log
      [33mwarn[39m: ProductService: bulk upload — no valid rows {"errors":[{"field":"category","message":"Category must be one of: grocery, vegetable, fruit, dairy, medicine, personal_care, household, electronics, clothing, food_beverage, pet_supplies, other","row":1},{"field":"category","message":"Category must be one of: grocery, vegetable, fruit, dairy, medicine, personal_care, household, electronics, clothing, food_beverage, pet_supplies, other","row":2}],"shopId":"550e8400-e29b-41d4-a716-446655440020","timestamp":"2026-04-19T14:13:55.773Z"}

      at Console.log (node_modules/winston/lib/winston/transports/console.js:87:23)

    console.log
      [31merror[39m: Bulk create products endpoint error {"error":"No valid rows found in CSV. Please fix the errors and try again.","shopId":"550e8400-e29b-41d4-a716-446655440020","timestamp":"2026-04-19T14:13:55.773Z","userId":"550e8400-e29b-41d4-a716-446655440010"}

      at Console.log (node_modules/winston/lib/winston/transports/console.js:87:23)

    console.log
      [33mwarn[39m: Application error No valid rows found in CSV. Please fix the errors and try again. {"code":"VALIDATION_ERROR","path":"/api/v1/shops/550e8400-e29b-41d4-a716-446655440020/products/bulk","statusCode":400,"timestamp":"2026-04-19T14:13:55.774Z"}

      at Console.log (node_modules/winston/lib/winston/transports/console.js:87:23)

    console.log
      [32minfo[39m: Incoming request {"ip":"::ffff:127.0.0.1","method":"POST","path":"/api/v1/shops/550e8400-e29b-41d4-a716-446655440020/products/bulk","requestId":"7a9e160c-52aa-4971-97a0-b086fe461d46","timestamp":"2026-04-19T14:13:55.779Z"}

      at Console.log (node_modules/winston/lib/winston/transports/console.js:87:23)

    console.log
      [34mdebug[39m: Token verified {"role":"shop_owner","timestamp":"2026-04-19T14:13:55.780Z","userId":"550e8400-e29b-41d4-a716-446655440010"}

      at Console.log (node_modules/winston/lib/winston/transports/console.js:87:23)

    console.log
      [34mdebug[39m: Role check passed {"path":"/shops/550e8400-e29b-41d4-a716-446655440020/products/bulk","role":"shop_owner","timestamp":"2026-04-19T14:13:55.783Z","userId":"550e8400-e29b-41d4-a716-446655440010"}

      at Console.log (node_modules/winston/lib/winston/transports/console.js:87:23)

    console.log
      [34mdebug[39m: CSV file passed multer validation {"fieldname":"csv","mimetype":"text/csv","timestamp":"2026-04-19T14:13:55.783Z"}

      at Console.log (node_modules/winston/lib/winston/transports/console.js:87:23)

    console.log
      [34mdebug[39m: Shop ownership verified via database {"shopId":"550e8400-e29b-41d4-a716-446655440020","timestamp":"2026-04-19T14:13:55.784Z","userId":"550e8400-e29b-41d4-a716-446655440010"}

      at Console.log (node_modules/winston/lib/winston/transports/console.js:87:23)

    console.log
      [32minfo[39m: ProductService.bulkCreateProducts called {"shopId":"550e8400-e29b-41d4-a716-446655440020","timestamp":"2026-04-19T14:13:55.784Z","userId":"550e8400-e29b-41d4-a716-446655440010"}

      at Console.log (node_modules/winston/lib/winston/transports/console.js:87:23)

    console.log
      [31merror[39m: Bulk create products endpoint error {"error":"CSV file is empty or contains only headers.","shopId":"550e8400-e29b-41d4-a716-446655440020","timestamp":"2026-04-19T14:13:55.785Z","userId":"550e8400-e29b-41d4-a716-446655440010"}

      at Console.log (node_modules/winston/lib/winston/transports/console.js:87:23)

    console.log
      [33mwarn[39m: Application error CSV file is empty or contains only headers. {"code":"VALIDATION_ERROR","path":"/api/v1/shops/550e8400-e29b-41d4-a716-446655440020/products/bulk","statusCode":400,"timestamp":"2026-04-19T14:13:55.785Z"}

      at Console.log (node_modules/winston/lib/winston/transports/console.js:87:23)

    console.log
      [32minfo[39m: Incoming request {"ip":"::ffff:127.0.0.1","method":"PATCH","path":"/api/v1/products/2c70f285-65b4-45b4-9de3-cdd838a3cf83","requestId":"c0740ee6-d0e7-4a7c-b2d9-4fcd264ad4ba","timestamp":"2026-04-19T14:13:55.788Z"}

      at Console.log (node_modules/winston/lib/winston/transports/console.js:87:23)

    console.log
      [34mdebug[39m: Token verified {"role":"shop_owner","timestamp":"2026-04-19T14:13:55.793Z","userId":"550e8400-e29b-41d4-a716-446655440010"}

      at Console.log (node_modules/winston/lib/winston/transports/console.js:87:23)

    console.log
      [34mdebug[39m: Role check passed {"path":"/products/2c70f285-65b4-45b4-9de3-cdd838a3cf83","role":"shop_owner","timestamp":"2026-04-19T14:13:55.794Z","userId":"550e8400-e29b-41d4-a716-446655440010"}

      at Console.log (node_modules/winston/lib/winston/transports/console.js:87:23)

    console.log
      [32minfo[39m: ProductService.updateProduct called {"productId":"2c70f285-65b4-45b4-9de3-cdd838a3cf83","timestamp":"2026-04-19T14:13:55.795Z","userId":"550e8400-e29b-41d4-a716-446655440010"}

      at Console.log (node_modules/winston/lib/winston/transports/console.js:87:23)

    console.log
      [33mwarn[39m: ProductService: failed to queue Typesense sync {"error":"queue unavailable","productId":"2c70f285-65b4-45b4-9de3-cdd838a3cf83","timestamp":"2026-04-19T14:13:55.796Z"}

      at Console.log (node_modules/winston/lib/winston/transports/console.js:87:23)

    console.log
      [32minfo[39m: Product updated {"productId":"2c70f285-65b4-45b4-9de3-cdd838a3cf83","timestamp":"2026-04-19T14:13:55.796Z","userId":"550e8400-e29b-41d4-a716-446655440010"}

      at Console.log (node_modules/winston/lib/winston/transports/console.js:87:23)

    console.log
      [32minfo[39m: Incoming request {"ip":"::ffff:127.0.0.1","method":"PATCH","path":"/api/v1/products/37a4bb66-59ce-422b-a110-e6f096a37518","requestId":"accf80bc-c6ce-41d3-9449-a3d2a8bdad65","timestamp":"2026-04-19T14:13:55.802Z"}

      at Console.log (node_modules/winston/lib/winston/transports/console.js:87:23)

    console.log
      [34mdebug[39m: Token verified {"role":"shop_owner","timestamp":"2026-04-19T14:13:55.804Z","userId":"550e8400-e29b-41d4-a716-446655440010"}

      at Console.log (node_modules/winston/lib/winston/transports/console.js:87:23)

    console.log
      [34mdebug[39m: Role check passed {"path":"/products/37a4bb66-59ce-422b-a110-e6f096a37518","role":"shop_owner","timestamp":"2026-04-19T14:13:55.804Z","userId":"550e8400-e29b-41d4-a716-446655440010"}

      at Console.log (node_modules/winston/lib/winston/transports/console.js:87:23)

    console.log
      [32minfo[39m: ProductService.updateProduct called {"productId":"37a4bb66-59ce-422b-a110-e6f096a37518","timestamp":"2026-04-19T14:13:55.804Z","userId":"550e8400-e29b-41d4-a716-446655440010"}

      at Console.log (node_modules/winston/lib/winston/transports/console.js:87:23)

    console.log
      [33mwarn[39m: ProductService: failed to queue Typesense sync {"error":"queue unavailable","productId":"37a4bb66-59ce-422b-a110-e6f096a37518","timestamp":"2026-04-19T14:13:55.805Z"}

      at Console.log (node_modules/winston/lib/winston/transports/console.js:87:23)

    console.log
      [32minfo[39m: Product updated {"productId":"37a4bb66-59ce-422b-a110-e6f096a37518","timestamp":"2026-04-19T14:13:55.805Z","userId":"550e8400-e29b-41d4-a716-446655440010"}

      at Console.log (node_modules/winston/lib/winston/transports/console.js:87:23)

    console.log
      [32minfo[39m: Incoming request {"ip":"::ffff:127.0.0.1","method":"PATCH","path":"/api/v1/products/cacb5663-fff4-4ff7-9cd8-af716a1e2e9c","requestId":"b46c1233-5588-4462-91df-bead28837836","timestamp":"2026-04-19T14:13:55.806Z"}

      at Console.log (node_modules/winston/lib/winston/transports/console.js:87:23)

    console.log
      [34mdebug[39m: Token verified {"role":"shop_owner","timestamp":"2026-04-19T14:13:55.807Z","userId":"550e8400-e29b-41d4-a716-446655440010"}

      at Console.log (node_modules/winston/lib/winston/transports/console.js:87:23)

    console.log
      [34mdebug[39m: Role check passed {"path":"/products/cacb5663-fff4-4ff7-9cd8-af716a1e2e9c","role":"shop_owner","timestamp":"2026-04-19T14:13:55.807Z","userId":"550e8400-e29b-41d4-a716-446655440010"}

      at Console.log (node_modules/winston/lib/winston/transports/console.js:87:23)

    console.log
      [32minfo[39m: ProductService.updateProduct called {"productId":"cacb5663-fff4-4ff7-9cd8-af716a1e2e9c","timestamp":"2026-04-19T14:13:55.808Z","userId":"550e8400-e29b-41d4-a716-446655440010"}

      at Console.log (node_modules/winston/lib/winston/transports/console.js:87:23)

    console.log
      [33mwarn[39m: ProductService: product not found {"error":"No rows found","productId":"cacb5663-fff4-4ff7-9cd8-af716a1e2e9c","timestamp":"2026-04-19T14:13:55.808Z","userId":"550e8400-e29b-41d4-a716-446655440010"}

      at Console.log (node_modules/winston/lib/winston/transports/console.js:87:23)

    console.log
      [31merror[39m: Update product endpoint error {"error":"Product does not exist.","productId":"cacb5663-fff4-4ff7-9cd8-af716a1e2e9c","timestamp":"2026-04-19T14:13:55.808Z","userId":"550e8400-e29b-41d4-a716-446655440010"}

      at Console.log (node_modules/winston/lib/winston/transports/console.js:87:23)

    console.log
      [33mwarn[39m: Application error Product does not exist. {"code":"PRODUCT_NOT_FOUND","path":"/api/v1/products/cacb5663-fff4-4ff7-9cd8-af716a1e2e9c","statusCode":404,"timestamp":"2026-04-19T14:13:55.808Z"}

      at Console.log (node_modules/winston/lib/winston/transports/console.js:87:23)

    console.log
      [32minfo[39m: Incoming request {"ip":"::ffff:127.0.0.1","method":"PATCH","path":"/api/v1/products/49434425-91d8-4076-bf06-8766452e1927","requestId":"d02e70e0-738b-499b-95ed-246ee4d1dfd5","timestamp":"2026-04-19T14:13:55.821Z"}

      at Console.log (node_modules/winston/lib/winston/transports/console.js:87:23)

    console.log
      [34mdebug[39m: Token verified {"role":"shop_owner","timestamp":"2026-04-19T14:13:55.822Z","userId":"550e8400-e29b-41d4-a716-446655440010"}

      at Console.log (node_modules/winston/lib/winston/transports/console.js:87:23)

    console.log
      [34mdebug[39m: Role check passed {"path":"/products/49434425-91d8-4076-bf06-8766452e1927","role":"shop_owner","timestamp":"2026-04-19T14:13:55.823Z","userId":"550e8400-e29b-41d4-a716-446655440010"}

      at Console.log (node_modules/winston/lib/winston/transports/console.js:87:23)

    console.log
      [32minfo[39m: ProductService.updateProduct called {"productId":"49434425-91d8-4076-bf06-8766452e1927","timestamp":"2026-04-19T14:13:55.824Z","userId":"550e8400-e29b-41d4-a716-446655440010"}

      at Console.log (node_modules/winston/lib/winston/transports/console.js:87:23)

    console.log
      [33mwarn[39m: ProductService: unauthorized shop access {"shopId":"550e8400-e29b-41d4-a716-446655440020","shopOwnerId":"550e8400-e29b-41d4-a716-446655440030","timestamp":"2026-04-19T14:13:55.824Z","userId":"550e8400-e29b-41d4-a716-446655440010"}

      at Console.log (node_modules/winston/lib/winston/transports/console.js:87:23)

    console.log
      [31merror[39m: Update product endpoint error {"error":"You are not authorized to manage this shop.","productId":"49434425-91d8-4076-bf06-8766452e1927","timestamp":"2026-04-19T14:13:55.825Z","userId":"550e8400-e29b-41d4-a716-446655440010"}

      at Console.log (node_modules/winston/lib/winston/transports/console.js:87:23)

    console.log
      [33mwarn[39m: Application error You are not authorized to manage this shop. {"code":"UNAUTHORIZED","path":"/api/v1/products/49434425-91d8-4076-bf06-8766452e1927","statusCode":403,"timestamp":"2026-04-19T14:13:55.825Z"}

      at Console.log (node_modules/winston/lib/winston/transports/console.js:87:23)

    console.log
      [32minfo[39m: Incoming request {"ip":"::ffff:127.0.0.1","method":"PATCH","path":"/api/v1/products/b17e30f1-2dec-4b54-aa91-c035c466943e","requestId":"ef9e3656-79fd-48a1-afa0-4509e8001de4","timestamp":"2026-04-19T14:13:55.828Z"}

      at Console.log (node_modules/winston/lib/winston/transports/console.js:87:23)

    console.log
      [33mwarn[39m: Missing or invalid authorization header {"path":"/products/b17e30f1-2dec-4b54-aa91-c035c466943e","timestamp":"2026-04-19T14:13:55.830Z"}

      at Console.log (node_modules/winston/lib/winston/transports/console.js:87:23)

    console.log
      [33mwarn[39m: Application error Authorization header missing or malformed {"code":"UNAUTHORIZED","path":"/api/v1/products/b17e30f1-2dec-4b54-aa91-c035c466943e","statusCode":401,"timestamp":"2026-04-19T14:13:55.831Z"}

      at Console.log (node_modules/winston/lib/winston/transports/console.js:87:23)

    console.log
      [32minfo[39m: Incoming request {"ip":"::ffff:127.0.0.1","method":"PATCH","path":"/api/v1/products/93b69193-4346-4402-a858-8603ae176e93","requestId":"1506d2f9-f02c-4137-92f6-7aa4c7427520","timestamp":"2026-04-19T14:13:55.834Z"}

      at Console.log (node_modules/winston/lib/winston/transports/console.js:87:23)

    console.log
      [34mdebug[39m: Token verified {"role":"customer","timestamp":"2026-04-19T14:13:55.836Z","userId":"0623dc28-caa7-41ba-a59e-dfc33f2f9953"}

      at Console.log (node_modules/winston/lib/winston/transports/console.js:87:23)

    console.log
      [33mwarn[39m: Unauthorized role access attempt {"allowedRoles":["shop_owner"],"path":"/products/93b69193-4346-4402-a858-8603ae176e93","timestamp":"2026-04-19T14:13:55.837Z","userId":"0623dc28-caa7-41ba-a59e-dfc33f2f9953","userRole":"customer"}

      at Console.log (node_modules/winston/lib/winston/transports/console.js:87:23)

    console.log
      [33mwarn[39m: Application error Your role 'customer' does not have access to this resource. Allowed roles: shop_owner {"code":"FORBIDDEN","path":"/api/v1/products/93b69193-4346-4402-a858-8603ae176e93","statusCode":403,"timestamp":"2026-04-19T14:13:55.837Z"}

      at Console.log (node_modules/winston/lib/winston/transports/console.js:87:23)

    console.log
      [32minfo[39m: Incoming request {"ip":"::ffff:127.0.0.1","method":"PATCH","path":"/api/v1/products/a46de33e-09f0-4226-9f45-86480326dc51","requestId":"fe09ec46-2c7c-4203-a4b9-b32ab3a8d951","timestamp":"2026-04-19T14:13:55.840Z"}

      at Console.log (node_modules/winston/lib/winston/transports/console.js:87:23)

    console.log
      [34mdebug[39m: Token verified {"role":"shop_owner","timestamp":"2026-04-19T14:13:55.841Z","userId":"550e8400-e29b-41d4-a716-446655440010"}

      at Console.log (node_modules/winston/lib/winston/transports/console.js:87:23)

    console.log
      [34mdebug[39m: Role check passed {"path":"/products/a46de33e-09f0-4226-9f45-86480326dc51","role":"shop_owner","timestamp":"2026-04-19T14:13:55.841Z","userId":"550e8400-e29b-41d4-a716-446655440010"}

      at Console.log (node_modules/winston/lib/winston/transports/console.js:87:23)

    console.log
      [32minfo[39m: ProductService.updateProduct called {"productId":"a46de33e-09f0-4226-9f45-86480326dc51","timestamp":"2026-04-19T14:13:55.841Z","userId":"550e8400-e29b-41d4-a716-446655440010"}

      at Console.log (node_modules/winston/lib/winston/transports/console.js:87:23)

    console.log
      [33mwarn[39m: ProductService: failed to queue Typesense sync {"error":"queue unavailable","productId":"a46de33e-09f0-4226-9f45-86480326dc51","timestamp":"2026-04-19T14:13:55.841Z"}

      at Console.log (node_modules/winston/lib/winston/transports/console.js:87:23)

    console.log
      [32minfo[39m: Product updated {"productId":"a46de33e-09f0-4226-9f45-86480326dc51","timestamp":"2026-04-19T14:13:55.841Z","userId":"550e8400-e29b-41d4-a716-446655440010"}

      at Console.log (node_modules/winston/lib/winston/transports/console.js:87:23)

    console.log
      [32minfo[39m: Incoming request {"ip":"::ffff:127.0.0.1","method":"GET","path":"/api/v1/products/template","requestId":"7090b84b-724d-406f-ae0c-4f8384bdcb18","timestamp":"2026-04-19T14:13:55.843Z"}

      at Console.log (node_modules/winston/lib/winston/transports/console.js:87:23)

    console.log
      [34mdebug[39m: Token verified {"role":"shop_owner","timestamp":"2026-04-19T14:13:55.844Z","userId":"550e8400-e29b-41d4-a716-446655440010"}

      at Console.log (node_modules/winston/lib/winston/transports/console.js:87:23)

    console.log
      [34mdebug[39m: Role check passed {"path":"/products/template","role":"shop_owner","timestamp":"2026-04-19T14:13:55.844Z","userId":"550e8400-e29b-41d4-a716-446655440010"}

      at Console.log (node_modules/winston/lib/winston/transports/console.js:87:23)

    console.log
      [32minfo[39m: Incoming request {"ip":"::ffff:127.0.0.1","method":"GET","path":"/api/v1/products/template","requestId":"53da99c5-d7f1-4988-bbe2-b5ef8a111ab1","timestamp":"2026-04-19T14:13:55.850Z"}

      at Console.log (node_modules/winston/lib/winston/transports/console.js:87:23)

    console.log
      [34mdebug[39m: Token verified {"role":"shop_owner","timestamp":"2026-04-19T14:13:55.851Z","userId":"550e8400-e29b-41d4-a716-446655440010"}

      at Console.log (node_modules/winston/lib/winston/transports/console.js:87:23)

    console.log
      [34mdebug[39m: Role check passed {"path":"/products/template","role":"shop_owner","timestamp":"2026-04-19T14:13:55.852Z","userId":"550e8400-e29b-41d4-a716-446655440010"}

      at Console.log (node_modules/winston/lib/winston/transports/console.js:87:23)

    console.log
      [32minfo[39m: Incoming request {"ip":"::ffff:127.0.0.1","method":"GET","path":"/api/v1/products/template","requestId":"aaa93c51-f947-40a8-b9be-0e4556a3f773","timestamp":"2026-04-19T14:13:55.855Z"}

      at Console.log (node_modules/winston/lib/winston/transports/console.js:87:23)

    console.log
      [34mdebug[39m: Token verified {"role":"shop_owner","timestamp":"2026-04-19T14:13:55.855Z","userId":"550e8400-e29b-41d4-a716-446655440010"}

      at Console.log (node_modules/winston/lib/winston/transports/console.js:87:23)

    console.log
      [34mdebug[39m: Role check passed {"path":"/products/template","role":"shop_owner","timestamp":"2026-04-19T14:13:55.856Z","userId":"550e8400-e29b-41d4-a716-446655440010"}

      at Console.log (node_modules/winston/lib/winston/transports/console.js:87:23)

    console.log
      [33mwarn[39m: Validation error {"messages":"Category must be one of: grocery, vegetable, fruit, dairy, medicine, personal_care, household, electronics, clothing, food_beverage, pet_supplies, other","path":"/products/template","source":"query","timestamp":"2026-04-19T14:13:55.856Z"}

      at Console.log (node_modules/winston/lib/winston/transports/console.js:87:23)

    console.log
      [33mwarn[39m: Application error Validation failed: Category must be one of: grocery, vegetable, fruit, dairy, medicine, personal_care, household, electronics, clothing, food_beverage, pet_supplies, other {"code":"VALIDATION_ERROR","path":"/api/v1/products/template","statusCode":400,"timestamp":"2026-04-19T14:13:55.856Z"}

      at Console.log (node_modules/winston/lib/winston/transports/console.js:87:23)

    console.log
      [32minfo[39m: Incoming request {"ip":"::ffff:127.0.0.1","method":"GET","path":"/api/v1/products/template","requestId":"999fa107-dac5-4b4a-9500-280d138eb64f","timestamp":"2026-04-19T14:13:55.858Z"}

      at Console.log (node_modules/winston/lib/winston/transports/console.js:87:23)

    console.log
      [33mwarn[39m: Missing or invalid authorization header {"path":"/products/template","timestamp":"2026-04-19T14:13:55.858Z"}

      at Console.log (node_modules/winston/lib/winston/transports/console.js:87:23)

    console.log
      [33mwarn[39m: Application error Authorization header missing or malformed {"code":"UNAUTHORIZED","path":"/api/v1/products/template","statusCode":401,"timestamp":"2026-04-19T14:13:55.859Z"}

      at Console.log (node_modules/winston/lib/winston/transports/console.js:87:23)

    console.log
      [32minfo[39m: Incoming request {"ip":"::ffff:127.0.0.1","method":"GET","path":"/api/v1/products/template","requestId":"1726730d-6b9a-4e46-b1a3-af5b6dd16371","timestamp":"2026-04-19T14:13:55.860Z"}

      at Console.log (node_modules/winston/lib/winston/transports/console.js:87:23)

    console.log
      [34mdebug[39m: Token verified {"role":"customer","timestamp":"2026-04-19T14:13:55.861Z","userId":"0623dc28-caa7-41ba-a59e-dfc33f2f9953"}

      at Console.log (node_modules/winston/lib/winston/transports/console.js:87:23)

    console.log
      [33mwarn[39m: Unauthorized role access attempt {"allowedRoles":["shop_owner"],"path":"/products/template","timestamp":"2026-04-19T14:13:55.861Z","userId":"0623dc28-caa7-41ba-a59e-dfc33f2f9953","userRole":"customer"}

      at Console.log (node_modules/winston/lib/winston/transports/console.js:87:23)

    console.log
      [33mwarn[39m: Application error Your role 'customer' does not have access to this resource. Allowed roles: shop_owner {"code":"FORBIDDEN","path":"/api/v1/products/template","statusCode":403,"timestamp":"2026-04-19T14:13:55.862Z"}

      at Console.log (node_modules/winston/lib/winston/transports/console.js:87:23)

    console.log
      [32minfo[39m: Incoming request {"ip":"::ffff:127.0.0.1","method":"DELETE","path":"/api/v1/products/8a49d755-998d-4e46-a9db-b9642a099425","requestId":"6a831d37-9dd2-4bbc-b22b-78e46f24b9b4","timestamp":"2026-04-19T14:13:55.865Z"}

      at Console.log (node_modules/winston/lib/winston/transports/console.js:87:23)

    console.log
      [34mdebug[39m: Token verified {"role":"shop_owner","timestamp":"2026-04-19T14:13:55.866Z","userId":"550e8400-e29b-41d4-a716-446655440010"}

      at Console.log (node_modules/winston/lib/winston/transports/console.js:87:23)

    console.log
      [34mdebug[39m: Role check passed {"path":"/products/8a49d755-998d-4e46-a9db-b9642a099425","role":"shop_owner","timestamp":"2026-04-19T14:13:55.866Z","userId":"550e8400-e29b-41d4-a716-446655440010"}

      at Console.log (node_modules/winston/lib/winston/transports/console.js:87:23)

    console.log
      [32minfo[39m: ProductService.deleteProduct called {"productId":"8a49d755-998d-4e46-a9db-b9642a099425","timestamp":"2026-04-19T14:13:55.867Z","userId":"550e8400-e29b-41d4-a716-446655440010"}

      at Console.log (node_modules/winston/lib/winston/transports/console.js:87:23)

    console.log
      [33mwarn[39m: ProductService: failed to queue product remove {"error":"queue unavailable","productId":"8a49d755-998d-4e46-a9db-b9642a099425","timestamp":"2026-04-19T14:13:55.867Z"}

      at Console.log (node_modules/winston/lib/winston/transports/console.js:87:23)

    console.log
      [32minfo[39m: Product deleted {"productId":"8a49d755-998d-4e46-a9db-b9642a099425","timestamp":"2026-04-19T14:13:55.867Z","userId":"550e8400-e29b-41d4-a716-446655440010"}

      at Console.log (node_modules/winston/lib/winston/transports/console.js:87:23)

    console.log
      [32minfo[39m: Incoming request {"ip":"::ffff:127.0.0.1","method":"DELETE","path":"/api/v1/products/4f220d56-5a19-4a09-80b6-fc07423b478d","requestId":"ecdbecf7-c757-4d21-95ef-3e2daceacb51","timestamp":"2026-04-19T14:13:55.869Z"}

      at Console.log (node_modules/winston/lib/winston/transports/console.js:87:23)

    console.log
      [34mdebug[39m: Token verified {"role":"shop_owner","timestamp":"2026-04-19T14:13:55.871Z","userId":"550e8400-e29b-41d4-a716-446655440010"}

      at Console.log (node_modules/winston/lib/winston/transports/console.js:87:23)

    console.log
      [34mdebug[39m: Role check passed {"path":"/products/4f220d56-5a19-4a09-80b6-fc07423b478d","role":"shop_owner","timestamp":"2026-04-19T14:13:55.871Z","userId":"550e8400-e29b-41d4-a716-446655440010"}

      at Console.log (node_modules/winston/lib/winston/transports/console.js:87:23)

    console.log
      [32minfo[39m: ProductService.deleteProduct called {"productId":"4f220d56-5a19-4a09-80b6-fc07423b478d","timestamp":"2026-04-19T14:13:55.872Z","userId":"550e8400-e29b-41d4-a716-446655440010"}

      at Console.log (node_modules/winston/lib/winston/transports/console.js:87:23)

    console.log
      [33mwarn[39m: ProductService: failed to queue product remove {"error":"queue unavailable","productId":"4f220d56-5a19-4a09-80b6-fc07423b478d","timestamp":"2026-04-19T14:13:55.872Z"}

      at Console.log (node_modules/winston/lib/winston/transports/console.js:87:23)

    console.log
      [32minfo[39m: Product deleted {"productId":"4f220d56-5a19-4a09-80b6-fc07423b478d","timestamp":"2026-04-19T14:13:55.872Z","userId":"550e8400-e29b-41d4-a716-446655440010"}

      at Console.log (node_modules/winston/lib/winston/transports/console.js:87:23)

    console.log
      [32minfo[39m: Incoming request {"ip":"::ffff:127.0.0.1","method":"DELETE","path":"/api/v1/products/1e1890f1-4763-4d24-88f7-34573faef9e1","requestId":"b63edcd7-d82f-4b8b-bf0c-d9dc3e386b63","timestamp":"2026-04-19T14:13:55.874Z"}

      at Console.log (node_modules/winston/lib/winston/transports/console.js:87:23)

    console.log
      [34mdebug[39m: Token verified {"role":"shop_owner","timestamp":"2026-04-19T14:13:55.874Z","userId":"550e8400-e29b-41d4-a716-446655440010"}

      at Console.log (node_modules/winston/lib/winston/transports/console.js:87:23)

    console.log
      [34mdebug[39m: Role check passed {"path":"/products/1e1890f1-4763-4d24-88f7-34573faef9e1","role":"shop_owner","timestamp":"2026-04-19T14:13:55.874Z","userId":"550e8400-e29b-41d4-a716-446655440010"}

      at Console.log (node_modules/winston/lib/winston/transports/console.js:87:23)

    console.log
      [32minfo[39m: ProductService.deleteProduct called {"productId":"1e1890f1-4763-4d24-88f7-34573faef9e1","timestamp":"2026-04-19T14:13:55.875Z","userId":"550e8400-e29b-41d4-a716-446655440010"}

      at Console.log (node_modules/winston/lib/winston/transports/console.js:87:23)

    console.log
      [33mwarn[39m: ProductService: product not found for delete {"error":"No rows found","productId":"1e1890f1-4763-4d24-88f7-34573faef9e1","timestamp":"2026-04-19T14:13:55.875Z","userId":"550e8400-e29b-41d4-a716-446655440010"}

      at Console.log (node_modules/winston/lib/winston/transports/console.js:87:23)

    console.log
      [31merror[39m: Delete product endpoint error {"error":"Product does not exist.","productId":"1e1890f1-4763-4d24-88f7-34573faef9e1","timestamp":"2026-04-19T14:13:55.875Z","userId":"550e8400-e29b-41d4-a716-446655440010"}

      at Console.log (node_modules/winston/lib/winston/transports/console.js:87:23)

    console.log
      [33mwarn[39m: Application error Product does not exist. {"code":"PRODUCT_NOT_FOUND","path":"/api/v1/products/1e1890f1-4763-4d24-88f7-34573faef9e1","statusCode":404,"timestamp":"2026-04-19T14:13:55.875Z"}

      at Console.log (node_modules/winston/lib/winston/transports/console.js:87:23)

    console.log
      [32minfo[39m: Incoming request {"ip":"::ffff:127.0.0.1","method":"DELETE","path":"/api/v1/products/6633bca4-4c31-45b6-94d8-e8bdc5fbc178","requestId":"acccdb75-74a7-4c50-b398-24de5264ad72","timestamp":"2026-04-19T14:13:55.876Z"}

      at Console.log (node_modules/winston/lib/winston/transports/console.js:87:23)

    console.log
      [34mdebug[39m: Token verified {"role":"shop_owner","timestamp":"2026-04-19T14:13:55.877Z","userId":"550e8400-e29b-41d4-a716-446655440010"}

      at Console.log (node_modules/winston/lib/winston/transports/console.js:87:23)

    console.log
      [34mdebug[39m: Role check passed {"path":"/products/6633bca4-4c31-45b6-94d8-e8bdc5fbc178","role":"shop_owner","timestamp":"2026-04-19T14:13:55.877Z","userId":"550e8400-e29b-41d4-a716-446655440010"}

      at Console.log (node_modules/winston/lib/winston/transports/console.js:87:23)

    console.log
      [32minfo[39m: ProductService.deleteProduct called {"productId":"6633bca4-4c31-45b6-94d8-e8bdc5fbc178","timestamp":"2026-04-19T14:13:55.877Z","userId":"550e8400-e29b-41d4-a716-446655440010"}

      at Console.log (node_modules/winston/lib/winston/transports/console.js:87:23)

    console.log
      [33mwarn[39m: ProductService: unauthorized shop access {"shopId":"550e8400-e29b-41d4-a716-446655440020","shopOwnerId":"550e8400-e29b-41d4-a716-446655440030","timestamp":"2026-04-19T14:13:55.877Z","userId":"550e8400-e29b-41d4-a716-446655440010"}

      at Console.log (node_modules/winston/lib/winston/transports/console.js:87:23)

    console.log
      [31merror[39m: Delete product endpoint error {"error":"You are not authorized to manage this shop.","productId":"6633bca4-4c31-45b6-94d8-e8bdc5fbc178","timestamp":"2026-04-19T14:13:55.878Z","userId":"550e8400-e29b-41d4-a716-446655440010"}

      at Console.log (node_modules/winston/lib/winston/transports/console.js:87:23)

    console.log
      [33mwarn[39m: Application error You are not authorized to manage this shop. {"code":"UNAUTHORIZED","path":"/api/v1/products/6633bca4-4c31-45b6-94d8-e8bdc5fbc178","statusCode":403,"timestamp":"2026-04-19T14:13:55.878Z"}

      at Console.log (node_modules/winston/lib/winston/transports/console.js:87:23)

    console.log
      [32minfo[39m: Incoming request {"ip":"::ffff:127.0.0.1","method":"DELETE","path":"/api/v1/products/cd149767-6ec0-490c-a16d-67578268e34d","requestId":"7caac935-8abf-45db-8d03-063cba6a0f23","timestamp":"2026-04-19T14:13:55.880Z"}

      at Console.log (node_modules/winston/lib/winston/transports/console.js:87:23)

    console.log
      [33mwarn[39m: Missing or invalid authorization header {"path":"/products/cd149767-6ec0-490c-a16d-67578268e34d","timestamp":"2026-04-19T14:13:55.881Z"}

      at Console.log (node_modules/winston/lib/winston/transports/console.js:87:23)

    console.log
      [33mwarn[39m: Application error Authorization header missing or malformed {"code":"UNAUTHORIZED","path":"/api/v1/products/cd149767-6ec0-490c-a16d-67578268e34d","statusCode":401,"timestamp":"2026-04-19T14:13:55.881Z"}

      at Console.log (node_modules/winston/lib/winston/transports/console.js:87:23)

    console.log
      [32minfo[39m: Incoming request {"ip":"::ffff:127.0.0.1","method":"DELETE","path":"/api/v1/products/66a0422a-7b06-4ced-b324-b6a728b1ee6d","requestId":"ecabe65a-29f1-411c-b260-ceed5f1148e0","timestamp":"2026-04-19T14:13:55.883Z"}

      at Console.log (node_modules/winston/lib/winston/transports/console.js:87:23)

    console.log
      [34mdebug[39m: Token verified {"role":"customer","timestamp":"2026-04-19T14:13:55.883Z","userId":"0623dc28-caa7-41ba-a59e-dfc33f2f9953"}

      at Console.log (node_modules/winston/lib/winston/transports/console.js:87:23)

    console.log
      [33mwarn[39m: Unauthorized role access attempt {"allowedRoles":["shop_owner"],"path":"/products/66a0422a-7b06-4ced-b324-b6a728b1ee6d","timestamp":"2026-04-19T14:13:55.884Z","userId":"0623dc28-caa7-41ba-a59e-dfc33f2f9953","userRole":"customer"}

      at Console.log (node_modules/winston/lib/winston/transports/console.js:87:23)

    console.log
      [33mwarn[39m: Application error Your role 'customer' does not have access to this resource. Allowed roles: shop_owner {"code":"FORBIDDEN","path":"/api/v1/products/66a0422a-7b06-4ced-b324-b6a728b1ee6d","statusCode":403,"timestamp":"2026-04-19T14:13:55.884Z"}

      at Console.log (node_modules/winston/lib/winston/transports/console.js:87:23)

    console.log
      [32minfo[39m: Incoming request {"ip":"::ffff:127.0.0.1","method":"DELETE","path":"/api/v1/products/7fd71731-89b1-4582-9330-1e0876e98c50","requestId":"dab74f53-603c-432a-ad03-b20bc6924898","timestamp":"2026-04-19T14:13:55.885Z"}

      at Console.log (node_modules/winston/lib/winston/transports/console.js:87:23)

    console.log
      [34mdebug[39m: Token verified {"role":"shop_owner","timestamp":"2026-04-19T14:13:55.886Z","userId":"550e8400-e29b-41d4-a716-446655440010"}

      at Console.log (node_modules/winston/lib/winston/transports/console.js:87:23)

    console.log
      [34mdebug[39m: Role check passed {"path":"/products/7fd71731-89b1-4582-9330-1e0876e98c50","role":"shop_owner","timestamp":"2026-04-19T14:13:55.887Z","userId":"550e8400-e29b-41d4-a716-446655440010"}

      at Console.log (node_modules/winston/lib/winston/transports/console.js:87:23)

    console.log
      [32minfo[39m: ProductService.deleteProduct called {"productId":"7fd71731-89b1-4582-9330-1e0876e98c50","timestamp":"2026-04-19T14:13:55.887Z","userId":"550e8400-e29b-41d4-a716-446655440010"}

      at Console.log (node_modules/winston/lib/winston/transports/console.js:87:23)

    console.log
      [33mwarn[39m: ProductService: product not found for delete {"productId":"7fd71731-89b1-4582-9330-1e0876e98c50","timestamp":"2026-04-19T14:13:55.888Z","userId":"550e8400-e29b-41d4-a716-446655440010"}

      at Console.log (node_modules/winston/lib/winston/transports/console.js:87:23)

    console.log
      [31merror[39m: Delete product endpoint error {"error":"Product does not exist.","productId":"7fd71731-89b1-4582-9330-1e0876e98c50","timestamp":"2026-04-19T14:13:55.888Z","userId":"550e8400-e29b-41d4-a716-446655440010"}

      at Console.log (node_modules/winston/lib/winston/transports/console.js:87:23)

    console.log
      [33mwarn[39m: Application error Product does not exist. {"code":"PRODUCT_NOT_FOUND","path":"/api/v1/products/7fd71731-89b1-4582-9330-1e0876e98c50","statusCode":404,"timestamp":"2026-04-19T14:13:55.888Z"}

      at Console.log (node_modules/winston/lib/winston/transports/console.js:87:23)

    console.log
      [32minfo[39m: Incoming request {"ip":"::ffff:127.0.0.1","method":"DELETE","path":"/api/v1/products/93ff60b6-9d52-438e-8f6d-b503de2928bd","requestId":"04b968c2-146f-425a-85bd-1c2c86292321","timestamp":"2026-04-19T14:13:55.890Z"}

      at Console.log (node_modules/winston/lib/winston/transports/console.js:87:23)

    console.log
      [34mdebug[39m: Token verified {"role":"shop_owner","timestamp":"2026-04-19T14:13:55.891Z","userId":"550e8400-e29b-41d4-a716-446655440010"}

      at Console.log (node_modules/winston/lib/winston/transports/console.js:87:23)

    console.log
      [34mdebug[39m: Role check passed {"path":"/products/93ff60b6-9d52-438e-8f6d-b503de2928bd","role":"shop_owner","timestamp":"2026-04-19T14:13:55.891Z","userId":"550e8400-e29b-41d4-a716-446655440010"}

      at Console.log (node_modules/winston/lib/winston/transports/console.js:87:23)

    console.log
      [32minfo[39m: ProductService.deleteProduct called {"productId":"93ff60b6-9d52-438e-8f6d-b503de2928bd","timestamp":"2026-04-19T14:13:55.892Z","userId":"550e8400-e29b-41d4-a716-446655440010"}

      at Console.log (node_modules/winston/lib/winston/transports/console.js:87:23)

    console.log
      [33mwarn[39m: ProductService: failed to queue product remove {"error":"queue unavailable","productId":"93ff60b6-9d52-438e-8f6d-b503de2928bd","timestamp":"2026-04-19T14:13:55.892Z"}

      at Console.log (node_modules/winston/lib/winston/transports/console.js:87:23)

    console.log
      [32minfo[39m: Product deleted {"productId":"93ff60b6-9d52-438e-8f6d-b503de2928bd","timestamp":"2026-04-19T14:13:55.892Z","userId":"550e8400-e29b-41d4-a716-446655440010"}

      at Console.log (node_modules/winston/lib/winston/transports/console.js:87:23)

PASS src/__tests__/integration/orders.test.js
  ● Console

    console.log
      [32minfo[39m: Typesense client initialized {"host":"localhost","port":"8108","protocol":"http","timestamp":"2026-04-19T14:13:55.759Z"}

      at Console.log (node_modules/winston/lib/winston/transports/console.js:87:23)

    console.log
      [32minfo[39m: Incoming request {"ip":"::ffff:127.0.0.1","method":"POST","path":"/api/v1/orders","requestId":"72e7c5ec-c90d-487b-8980-9c5b6dd43839","timestamp":"2026-04-19T14:13:55.876Z"}

      at Console.log (node_modules/winston/lib/winston/transports/console.js:87:23)

    console.log
      [34mdebug[39m: Token verified {"role":"customer","timestamp":"2026-04-19T14:13:55.882Z","userId":"550e8400-e29b-41d4-a716-446655440101"}

      at Console.log (node_modules/winston/lib/winston/transports/console.js:87:23)

    console.log
      [34mdebug[39m: Role check passed {"path":"/","role":"customer","timestamp":"2026-04-19T14:13:55.885Z","userId":"550e8400-e29b-41d4-a716-446655440101"}

      at Console.log (node_modules/winston/lib/winston/transports/console.js:87:23)

    console.log
      [32minfo[39m: Order created {"customerId":"550e8400-e29b-41d4-a716-446655440101","orderId":"16eb8cc6-2130-4ffb-bf8c-d1aba7ad5b18","shopId":"550e8400-e29b-41d4-a716-446655440103","timestamp":"2026-04-19T14:13:55.890Z"}

      at Console.log (node_modules/winston/lib/winston/transports/console.js:87:23)

    console.log
      [32minfo[39m: Incoming request {"ip":"::ffff:127.0.0.1","method":"POST","path":"/api/v1/orders","requestId":"0a222463-1abc-49af-a604-16f6bd649a56","timestamp":"2026-04-19T14:13:55.894Z"}

      at Console.log (node_modules/winston/lib/winston/transports/console.js:87:23)

    console.log
      [34mdebug[39m: Token verified {"role":"customer","timestamp":"2026-04-19T14:13:55.895Z","userId":"550e8400-e29b-41d4-a716-446655440101"}

      at Console.log (node_modules/winston/lib/winston/transports/console.js:87:23)

    console.log
      [34mdebug[39m: Role check passed {"path":"/","role":"customer","timestamp":"2026-04-19T14:13:55.896Z","userId":"550e8400-e29b-41d4-a716-446655440101"}

      at Console.log (node_modules/winston/lib/winston/transports/console.js:87:23)

    console.log
      [32minfo[39m: Order created {"customerId":"550e8400-e29b-41d4-a716-446655440101","orderId":"5fc0d7be-0f72-4859-83a3-580030ef474c","shopId":"550e8400-e29b-41d4-a716-446655440103","timestamp":"2026-04-19T14:13:55.897Z"}

      at Console.log (node_modules/winston/lib/winston/transports/console.js:87:23)

    console.log
      [32minfo[39m: Incoming request {"ip":"::ffff:127.0.0.1","method":"POST","path":"/api/v1/orders","requestId":"9b03e150-13db-42c2-b2d1-de0f8810da7f","timestamp":"2026-04-19T14:13:55.900Z"}

      at Console.log (node_modules/winston/lib/winston/transports/console.js:87:23)

    console.log
      [34mdebug[39m: Token verified {"role":"customer","timestamp":"2026-04-19T14:13:55.901Z","userId":"550e8400-e29b-41d4-a716-446655440101"}

      at Console.log (node_modules/winston/lib/winston/transports/console.js:87:23)

    console.log
      [34mdebug[39m: Role check passed {"path":"/","role":"customer","timestamp":"2026-04-19T14:13:55.902Z","userId":"550e8400-e29b-41d4-a716-446655440101"}

      at Console.log (node_modules/winston/lib/winston/transports/console.js:87:23)

    console.log
      [32minfo[39m: Order idempotency hit {"customerId":"550e8400-e29b-41d4-a716-446655440101","idempotencyKey":"550e8400-e29b-41d4-a716-446655440199","timestamp":"2026-04-19T14:13:55.904Z"}

      at Console.log (node_modules/winston/lib/winston/transports/console.js:87:23)

    console.log
      [32minfo[39m: Incoming request {"ip":"::ffff:127.0.0.1","method":"POST","path":"/api/v1/orders","requestId":"eecabfbd-a0cb-4bea-a989-f52e7342c7b4","timestamp":"2026-04-19T14:13:55.907Z"}

      at Console.log (node_modules/winston/lib/winston/transports/console.js:87:23)

    console.log
      [34mdebug[39m: Token verified {"role":"customer","timestamp":"2026-04-19T14:13:55.909Z","userId":"550e8400-e29b-41d4-a716-446655440101"}

      at Console.log (node_modules/winston/lib/winston/transports/console.js:87:23)

    console.log
      [34mdebug[39m: Role check passed {"path":"/","role":"customer","timestamp":"2026-04-19T14:13:55.910Z","userId":"550e8400-e29b-41d4-a716-446655440101"}

      at Console.log (node_modules/winston/lib/winston/transports/console.js:87:23)

    console.log
      [32minfo[39m: Incoming request {"ip":"::ffff:127.0.0.1","method":"POST","path":"/api/v1/orders","requestId":"44b8f0c4-0462-41b1-b379-8e3aee091e85","timestamp":"2026-04-19T14:13:55.920Z"}

      at Console.log (node_modules/winston/lib/winston/transports/console.js:87:23)

    console.log
      [33mwarn[39m: Missing or invalid authorization header {"path":"/","timestamp":"2026-04-19T14:13:55.924Z"}

      at Console.log (node_modules/winston/lib/winston/transports/console.js:87:23)

    console.log
      [33mwarn[39m: Application error Authorization header missing or malformed {"code":"UNAUTHORIZED","path":"/api/v1/orders","statusCode":401,"timestamp":"2026-04-19T14:13:55.927Z"}

      at Console.log (node_modules/winston/lib/winston/transports/console.js:87:23)

    console.log
      [32minfo[39m: Incoming request {"ip":"::ffff:127.0.0.1","method":"POST","path":"/api/v1/orders","requestId":"d4f2ac7f-1d20-47e0-b740-5938c2d91358","timestamp":"2026-04-19T14:13:55.935Z"}

      at Console.log (node_modules/winston/lib/winston/transports/console.js:87:23)

    console.log
      [34mdebug[39m: Token verified {"role":"shop_owner","timestamp":"2026-04-19T14:13:55.936Z","userId":"550e8400-e29b-41d4-a716-446655440102"}

      at Console.log (node_modules/winston/lib/winston/transports/console.js:87:23)

    console.log
      [33mwarn[39m: Unauthorized role access attempt {"allowedRoles":["customer"],"path":"/","timestamp":"2026-04-19T14:13:55.937Z","userId":"550e8400-e29b-41d4-a716-446655440102","userRole":"shop_owner"}

      at Console.log (node_modules/winston/lib/winston/transports/console.js:87:23)

    console.log
      [33mwarn[39m: Application error Your role 'shop_owner' does not have access to this resource. Allowed roles: customer {"code":"FORBIDDEN","path":"/api/v1/orders","statusCode":403,"timestamp":"2026-04-19T14:13:55.939Z"}

      at Console.log (node_modules/winston/lib/winston/transports/console.js:87:23)

    console.log
      [32minfo[39m: Incoming request {"ip":"::ffff:127.0.0.1","method":"POST","path":"/api/v1/orders","requestId":"e6233b95-d205-4ebd-b26e-ecfe3ee6c9e6","timestamp":"2026-04-19T14:13:55.945Z"}

      at Console.log (node_modules/winston/lib/winston/transports/console.js:87:23)

    console.log
      [34mdebug[39m: Token verified {"role":"customer","timestamp":"2026-04-19T14:13:55.947Z","userId":"550e8400-e29b-41d4-a716-446655440101"}

      at Console.log (node_modules/winston/lib/winston/transports/console.js:87:23)

    console.log
      [34mdebug[39m: Role check passed {"path":"/","role":"customer","timestamp":"2026-04-19T14:13:55.947Z","userId":"550e8400-e29b-41d4-a716-446655440101"}

      at Console.log (node_modules/winston/lib/winston/transports/console.js:87:23)

    console.log
      [33mwarn[39m: Validation error {"messages":"items must contain at least one product","path":"/","source":"body","timestamp":"2026-04-19T14:13:55.949Z"}

      at Console.log (node_modules/winston/lib/winston/transports/console.js:87:23)

    console.log
      [33mwarn[39m: Application error Validation failed: items must contain at least one product {"code":"VALIDATION_ERROR","path":"/api/v1/orders","statusCode":400,"timestamp":"2026-04-19T14:13:55.950Z"}

      at Console.log (node_modules/winston/lib/winston/transports/console.js:87:23)

    console.log
      [32minfo[39m: Incoming request {"ip":"::ffff:127.0.0.1","method":"POST","path":"/api/v1/orders","requestId":"372bb08b-f4e2-4d2d-b865-56a8f9a1c564","timestamp":"2026-04-19T14:13:55.963Z"}

      at Console.log (node_modules/winston/lib/winston/transports/console.js:87:23)

    console.log
      [34mdebug[39m: Token verified {"role":"customer","timestamp":"2026-04-19T14:13:55.964Z","userId":"550e8400-e29b-41d4-a716-446655440101"}

      at Console.log (node_modules/winston/lib/winston/transports/console.js:87:23)

    console.log
      [34mdebug[39m: Role check passed {"path":"/","role":"customer","timestamp":"2026-04-19T14:13:55.965Z","userId":"550e8400-e29b-41d4-a716-446655440101"}

      at Console.log (node_modules/winston/lib/winston/transports/console.js:87:23)

    console.log
      [31merror[39m: Create order endpoint error {"customerId":"550e8400-e29b-41d4-a716-446655440101","error":"Only 1 unit(s) available for Fresh Milk.","timestamp":"2026-04-19T14:13:55.966Z"}

      at Console.log (node_modules/winston/lib/winston/transports/console.js:87:23)

    console.log
      [33mwarn[39m: Application error Only 1 unit(s) available for Fresh Milk. {"code":"INSUFFICIENT_STOCK","path":"/api/v1/orders","statusCode":409,"timestamp":"2026-04-19T14:13:55.967Z"}

      at Console.log (node_modules/winston/lib/winston/transports/console.js:87:23)

    console.log
      [32minfo[39m: Incoming request {"ip":"::ffff:127.0.0.1","method":"POST","path":"/api/v1/orders","requestId":"f784fe50-4073-4601-9fdd-64edd49691e7","timestamp":"2026-04-19T14:13:55.970Z"}

      at Console.log (node_modules/winston/lib/winston/transports/console.js:87:23)

    console.log
      [34mdebug[39m: Token verified {"role":"customer","timestamp":"2026-04-19T14:13:55.971Z","userId":"550e8400-e29b-41d4-a716-446655440101"}

      at Console.log (node_modules/winston/lib/winston/transports/console.js:87:23)

    console.log
      [34mdebug[39m: Role check passed {"path":"/","role":"customer","timestamp":"2026-04-19T14:13:55.972Z","userId":"550e8400-e29b-41d4-a716-446655440101"}

      at Console.log (node_modules/winston/lib/winston/transports/console.js:87:23)

    console.log
      [31merror[39m: Create order endpoint error {"customerId":"550e8400-e29b-41d4-a716-446655440101","error":"One or more products were not found.","timestamp":"2026-04-19T14:13:55.973Z"}

      at Console.log (node_modules/winston/lib/winston/transports/console.js:87:23)

    console.log
      [33mwarn[39m: Application error One or more products were not found. {"code":"PRODUCT_NOT_FOUND","path":"/api/v1/orders","statusCode":404,"timestamp":"2026-04-19T14:13:55.973Z"}

      at Console.log (node_modules/winston/lib/winston/transports/console.js:87:23)

    console.log
      [32minfo[39m: Incoming request {"ip":"::ffff:127.0.0.1","method":"POST","path":"/api/v1/orders","requestId":"f8b8f3fb-6b84-4bd7-99b6-a91faee40cf7","timestamp":"2026-04-19T14:13:55.976Z"}

      at Console.log (node_modules/winston/lib/winston/transports/console.js:87:23)

    console.log
      [34mdebug[39m: Token verified {"role":"customer","timestamp":"2026-04-19T14:13:55.977Z","userId":"550e8400-e29b-41d4-a716-446655440101"}

      at Console.log (node_modules/winston/lib/winston/transports/console.js:87:23)

    console.log
      [34mdebug[39m: Role check passed {"path":"/","role":"customer","timestamp":"2026-04-19T14:13:55.978Z","userId":"550e8400-e29b-41d4-a716-446655440101"}

      at Console.log (node_modules/winston/lib/winston/transports/console.js:87:23)

    console.log
      [31merror[39m: Create order endpoint error {"customerId":"550e8400-e29b-41d4-a716-446655440101","error":"Shop is currently closed.","timestamp":"2026-04-19T14:13:55.979Z"}

      at Console.log (node_modules/winston/lib/winston/transports/console.js:87:23)

    console.log
      [33mwarn[39m: Application error Shop is currently closed. {"code":"SHOP_CLOSED","path":"/api/v1/orders","statusCode":409,"timestamp":"2026-04-19T14:13:55.979Z"}

      at Console.log (node_modules/winston/lib/winston/transports/console.js:87:23)

    console.log
      [32minfo[39m: Incoming request {"ip":"::ffff:127.0.0.1","method":"GET","path":"/api/v1/orders","requestId":"0469a078-60a8-4261-8347-7e050c26ebc2","timestamp":"2026-04-19T14:13:55.981Z"}

      at Console.log (node_modules/winston/lib/winston/transports/console.js:87:23)

    console.log
      [34mdebug[39m: Token verified {"role":"customer","timestamp":"2026-04-19T14:13:55.983Z","userId":"550e8400-e29b-41d4-a716-446655440101"}

      at Console.log (node_modules/winston/lib/winston/transports/console.js:87:23)

    console.log
      [34mdebug[39m: Role check passed {"path":"/","role":"customer","timestamp":"2026-04-19T14:13:55.984Z","userId":"550e8400-e29b-41d4-a716-446655440101"}

      at Console.log (node_modules/winston/lib/winston/transports/console.js:87:23)

    console.log
      [32minfo[39m: Incoming request {"ip":"::ffff:127.0.0.1","method":"GET","path":"/api/v1/orders/550e8400-e29b-41d4-a716-446655440106","requestId":"db4f07d8-43eb-4e96-bf68-5d817b3a84e9","timestamp":"2026-04-19T14:13:55.992Z"}

      at Console.log (node_modules/winston/lib/winston/transports/console.js:87:23)

    console.log
      [34mdebug[39m: Token verified {"role":"customer","timestamp":"2026-04-19T14:13:55.994Z","userId":"550e8400-e29b-41d4-a716-446655440101"}

      at Console.log (node_modules/winston/lib/winston/transports/console.js:87:23)

    console.log
      [34mdebug[39m: Role check passed {"path":"/550e8400-e29b-41d4-a716-446655440106","role":"customer","timestamp":"2026-04-19T14:13:55.997Z","userId":"550e8400-e29b-41d4-a716-446655440101"}

      at Console.log (node_modules/winston/lib/winston/transports/console.js:87:23)

    console.log
      [32minfo[39m: Incoming request {"ip":"::ffff:127.0.0.1","method":"PATCH","path":"/api/v1/orders/550e8400-e29b-41d4-a716-446655440106/accept","requestId":"febbbde4-0695-4751-b424-ee37b9dd20a4","timestamp":"2026-04-19T14:13:56.005Z"}

      at Console.log (node_modules/winston/lib/winston/transports/console.js:87:23)

    console.log
      [34mdebug[39m: Token verified {"role":"shop_owner","timestamp":"2026-04-19T14:13:56.006Z","userId":"550e8400-e29b-41d4-a716-446655440102"}

      at Console.log (node_modules/winston/lib/winston/transports/console.js:87:23)

    console.log
      [34mdebug[39m: Role check passed {"path":"/550e8400-e29b-41d4-a716-446655440106/accept","role":"shop_owner","timestamp":"2026-04-19T14:13:56.009Z","userId":"550e8400-e29b-41d4-a716-446655440102"}

      at Console.log (node_modules/winston/lib/winston/transports/console.js:87:23)

    console.log
      [32minfo[39m: Incoming request {"ip":"::ffff:127.0.0.1","method":"PATCH","path":"/api/v1/orders/550e8400-e29b-41d4-a716-446655440106/reject","requestId":"9e1f7ed2-5e43-47f2-ae46-72739d3b799e","timestamp":"2026-04-19T14:13:56.013Z"}

      at Console.log (node_modules/winston/lib/winston/transports/console.js:87:23)

    console.log
      [34mdebug[39m: Token verified {"role":"shop_owner","timestamp":"2026-04-19T14:13:56.014Z","userId":"550e8400-e29b-41d4-a716-446655440102"}

      at Console.log (node_modules/winston/lib/winston/transports/console.js:87:23)

    console.log
      [34mdebug[39m: Role check passed {"path":"/550e8400-e29b-41d4-a716-446655440106/reject","role":"shop_owner","timestamp":"2026-04-19T14:13:56.014Z","userId":"550e8400-e29b-41d4-a716-446655440102"}

      at Console.log (node_modules/winston/lib/winston/transports/console.js:87:23)

    console.log
      [32minfo[39m: Incoming request {"ip":"::ffff:127.0.0.1","method":"PATCH","path":"/api/v1/orders/550e8400-e29b-41d4-a716-446655440106/reject","requestId":"9155949d-fddd-4fed-b02e-184a4b61a0c7","timestamp":"2026-04-19T14:13:56.017Z"}

      at Console.log (node_modules/winston/lib/winston/transports/console.js:87:23)

    console.log
      [34mdebug[39m: Token verified {"role":"shop_owner","timestamp":"2026-04-19T14:13:56.018Z","userId":"550e8400-e29b-41d4-a716-446655440102"}

      at Console.log (node_modules/winston/lib/winston/transports/console.js:87:23)

    console.log
      [34mdebug[39m: Role check passed {"path":"/550e8400-e29b-41d4-a716-446655440106/reject","role":"shop_owner","timestamp":"2026-04-19T14:13:56.019Z","userId":"550e8400-e29b-41d4-a716-446655440102"}

      at Console.log (node_modules/winston/lib/winston/transports/console.js:87:23)

    console.log
      [32minfo[39m: Incoming request {"ip":"::ffff:127.0.0.1","method":"PATCH","path":"/api/v1/orders/550e8400-e29b-41d4-a716-446655440106/ready","requestId":"e37e886c-cfd9-4d0c-952f-8268623b80a6","timestamp":"2026-04-19T14:13:56.022Z"}

      at Console.log (node_modules/winston/lib/winston/transports/console.js:87:23)

    console.log
      [34mdebug[39m: Token verified {"role":"shop_owner","timestamp":"2026-04-19T14:13:56.023Z","userId":"550e8400-e29b-41d4-a716-446655440102"}

      at Console.log (node_modules/winston/lib/winston/transports/console.js:87:23)

    console.log
      [34mdebug[39m: Role check passed {"path":"/550e8400-e29b-41d4-a716-446655440106/ready","role":"shop_owner","timestamp":"2026-04-19T14:13:56.024Z","userId":"550e8400-e29b-41d4-a716-446655440102"}

      at Console.log (node_modules/winston/lib/winston/transports/console.js:87:23)

    console.log
      [32minfo[39m: Incoming request {"ip":"::ffff:127.0.0.1","method":"PATCH","path":"/api/v1/orders/550e8400-e29b-41d4-a716-446655440106/cancel","requestId":"1c502252-376a-4f49-994a-adb65c6253af","timestamp":"2026-04-19T14:13:56.029Z"}

      at Console.log (node_modules/winston/lib/winston/transports/console.js:87:23)

    console.log
      [34mdebug[39m: Token verified {"role":"customer","timestamp":"2026-04-19T14:13:56.030Z","userId":"550e8400-e29b-41d4-a716-446655440101"}

      at Console.log (node_modules/winston/lib/winston/transports/console.js:87:23)

    console.log
      [34mdebug[39m: Role check passed {"path":"/550e8400-e29b-41d4-a716-446655440106/cancel","role":"customer","timestamp":"2026-04-19T14:13:56.031Z","userId":"550e8400-e29b-41d4-a716-446655440101"}

      at Console.log (node_modules/winston/lib/winston/transports/console.js:87:23)

    console.log
      [32minfo[39m: Incoming request {"ip":"::ffff:127.0.0.1","method":"PATCH","path":"/api/v1/orders/550e8400-e29b-41d4-a716-446655440106/cancel","requestId":"f94d407e-af71-4d51-afb5-65d7774bd4d0","timestamp":"2026-04-19T14:13:56.032Z"}

      at Console.log (node_modules/winston/lib/winston/transports/console.js:87:23)

    console.log
      [34mdebug[39m: Token verified {"role":"customer","timestamp":"2026-04-19T14:13:56.033Z","userId":"550e8400-e29b-41d4-a716-446655440101"}

      at Console.log (node_modules/winston/lib/winston/transports/console.js:87:23)

    console.log
      [34mdebug[39m: Role check passed {"path":"/550e8400-e29b-41d4-a716-446655440106/cancel","role":"customer","timestamp":"2026-04-19T14:13:56.033Z","userId":"550e8400-e29b-41d4-a716-446655440101"}

      at Console.log (node_modules/winston/lib/winston/transports/console.js:87:23)

    console.log
      [32minfo[39m: Incoming request {"ip":"::ffff:127.0.0.1","method":"PATCH","path":"/api/v1/orders/550e8400-e29b-41d4-a716-446655440106/partial-cancel","requestId":"7e8c7e6a-efb8-429d-8d5c-bccc1a9d7004","timestamp":"2026-04-19T14:13:56.034Z"}

      at Console.log (node_modules/winston/lib/winston/transports/console.js:87:23)

    console.log
      [34mdebug[39m: Token verified {"role":"shop_owner","timestamp":"2026-04-19T14:13:56.036Z","userId":"550e8400-e29b-41d4-a716-446655440102"}

      at Console.log (node_modules/winston/lib/winston/transports/console.js:87:23)

    console.log
      [34mdebug[39m: Role check passed {"path":"/550e8400-e29b-41d4-a716-446655440106/partial-cancel","role":"shop_owner","timestamp":"2026-04-19T14:13:56.036Z","userId":"550e8400-e29b-41d4-a716-446655440102"}

      at Console.log (node_modules/winston/lib/winston/transports/console.js:87:23)

    console.log
      [32minfo[39m: Incoming request {"ip":"::ffff:127.0.0.1","method":"PATCH","path":"/api/v1/orders/550e8400-e29b-41d4-a716-446655440106/partial-cancel","requestId":"512a22bc-7819-427d-bf03-61902a2865b4","timestamp":"2026-04-19T14:13:56.042Z"}

      at Console.log (node_modules/winston/lib/winston/transports/console.js:87:23)

    console.log
      [34mdebug[39m: Token verified {"role":"shop_owner","timestamp":"2026-04-19T14:13:56.043Z","userId":"550e8400-e29b-41d4-a716-446655440102"}

      at Console.log (node_modules/winston/lib/winston/transports/console.js:87:23)

    console.log
      [34mdebug[39m: Role check passed {"path":"/550e8400-e29b-41d4-a716-446655440106/partial-cancel","role":"shop_owner","timestamp":"2026-04-19T14:13:56.044Z","userId":"550e8400-e29b-41d4-a716-446655440102"}

      at Console.log (node_modules/winston/lib/winston/transports/console.js:87:23)

    console.log
      [32minfo[39m: Incoming request {"ip":"::ffff:127.0.0.1","method":"PATCH","path":"/api/v1/orders/550e8400-e29b-41d4-a716-446655440106/partial-cancel","requestId":"91e64ccf-06d6-423a-8211-04494c829cab","timestamp":"2026-04-19T14:13:56.046Z"}

      at Console.log (node_modules/winston/lib/winston/transports/console.js:87:23)

    console.log
      [34mdebug[39m: Token verified {"role":"shop_owner","timestamp":"2026-04-19T14:13:56.049Z","userId":"550e8400-e29b-41d4-a716-446655440102"}

      at Console.log (node_modules/winston/lib/winston/transports/console.js:87:23)

    console.log
      [34mdebug[39m: Role check passed {"path":"/550e8400-e29b-41d4-a716-446655440106/partial-cancel","role":"shop_owner","timestamp":"2026-04-19T14:13:56.050Z","userId":"550e8400-e29b-41d4-a716-446655440102"}

      at Console.log (node_modules/winston/lib/winston/transports/console.js:87:23)

    console.log
      [32minfo[39m: Incoming request {"ip":"::ffff:127.0.0.1","method":"PATCH","path":"/api/v1/orders/550e8400-e29b-41d4-a716-446655440106/partial-cancel","requestId":"6a944f5e-4653-49dc-97cb-f7a6ba1182a3","timestamp":"2026-04-19T14:13:56.054Z"}

      at Console.log (node_modules/winston/lib/winston/transports/console.js:87:23)

    console.log
      [34mdebug[39m: Token verified {"role":"shop_owner","timestamp":"2026-04-19T14:13:56.056Z","userId":"550e8400-e29b-41d4-a716-446655440102"}

      at Console.log (node_modules/winston/lib/winston/transports/console.js:87:23)

    console.log
      [34mdebug[39m: Role check passed {"path":"/550e8400-e29b-41d4-a716-446655440106/partial-cancel","role":"shop_owner","timestamp":"2026-04-19T14:13:56.056Z","userId":"550e8400-e29b-41d4-a716-446655440102"}

      at Console.log (node_modules/winston/lib/winston/transports/console.js:87:23)

    console.log
      [33mwarn[39m: Application error Only 1 unit(s) can be removed for item 550e8400-e29b-41d4-a716-446655440107. {"code":"ORDER_NOT_CANCELLABLE","path":"/api/v1/orders/550e8400-e29b-41d4-a716-446655440106/partial-cancel","statusCode":409,"timestamp":"2026-04-19T14:13:56.058Z"}

      at Console.log (node_modules/winston/lib/winston/transports/console.js:87:23)

PASS src/__tests__/integration/server.test.js
  ● Console

    console.log
      [32minfo[39m: Incoming request {"ip":"::ffff:127.0.0.1","method":"GET","path":"/health","requestId":"d7a9d80b-57f8-4a06-ba91-b5f9f28c26c9","timestamp":"2026-04-19T14:13:56.095Z"}

      at Console.log (node_modules/winston/lib/winston/transports/console.js:87:23)

    console.log
      [32minfo[39m: Incoming request {"ip":"::ffff:127.0.0.1","method":"GET","path":"/health","requestId":"3a4630f1-cfed-4425-ae66-1e257bfc7228","timestamp":"2026-04-19T14:13:56.098Z"}

      at Console.log (node_modules/winston/lib/winston/transports/console.js:87:23)

    console.log
      [32minfo[39m: Incoming request {"ip":"::ffff:127.0.0.1","method":"GET","path":"/health","requestId":"3b2251e2-0982-4b5a-a6ef-a4e3927de608","timestamp":"2026-04-19T14:13:56.100Z"}

      at Console.log (node_modules/winston/lib/winston/transports/console.js:87:23)

    console.log
      [32minfo[39m: Incoming request {"ip":"::ffff:127.0.0.1","method":"GET","path":"/readiness","requestId":"51a89bc9-0735-47f7-8907-95680b80762f","timestamp":"2026-04-19T14:13:56.110Z"}

      at Console.log (node_modules/winston/lib/winston/transports/console.js:87:23)

    console.log
      [32minfo[39m: Incoming request {"ip":"::ffff:127.0.0.1","method":"GET","path":"/readiness","requestId":"66d7edc8-e0f4-4899-8587-8a36ca97c998","timestamp":"2026-04-19T14:13:56.113Z"}

      at Console.log (node_modules/winston/lib/winston/transports/console.js:87:23)

    console.log
      [32minfo[39m: Incoming request {"ip":"::ffff:127.0.0.1","method":"GET","path":"/readiness","requestId":"69c3b3d9-eeea-4c49-bc49-3125e61ad94e","timestamp":"2026-04-19T14:13:56.121Z"}

      at Console.log (node_modules/winston/lib/winston/transports/console.js:87:23)

    console.log
      [32minfo[39m: Incoming request {"ip":"::ffff:127.0.0.1","method":"GET","path":"/readiness","requestId":"8ad1bf91-d21b-4223-9ada-17b51cc8f5c9","timestamp":"2026-04-19T14:13:56.143Z"}

      at Console.log (node_modules/winston/lib/winston/transports/console.js:87:23)

    console.log
      [32minfo[39m: Incoming request {"ip":"::ffff:127.0.0.1","method":"GET","path":"/readiness","requestId":"aa7b859b-7d70-4436-a963-f932c66280b5","timestamp":"2026-04-19T14:13:56.161Z"}

      at Console.log (node_modules/winston/lib/winston/transports/console.js:87:23)

    console.log
      [32minfo[39m: Incoming request {"ip":"::ffff:127.0.0.1","method":"GET","path":"/api/v1/nonexistent","requestId":"514dab41-5680-4be9-8e98-a699d31c4e26","timestamp":"2026-04-19T14:13:56.164Z"}

      at Console.log (node_modules/winston/lib/winston/transports/console.js:87:23)

    console.log
      [32minfo[39m: Incoming request {"ip":"::ffff:127.0.0.1","method":"GET","path":"/api/v1/invalid/path","requestId":"8b31da69-0a13-471d-8d06-193b3ffeeb37","timestamp":"2026-04-19T14:13:56.175Z"}

      at Console.log (node_modules/winston/lib/winston/transports/console.js:87:23)

    console.log
      [32minfo[39m: Incoming request {"ip":"::ffff:127.0.0.1","method":"GET","path":"/health","requestId":"eb1fd403-1d76-41ae-9712-45bb5e529674","timestamp":"2026-04-19T14:13:56.179Z"}

      at Console.log (node_modules/winston/lib/winston/transports/console.js:87:23)

    console.log
      [32minfo[39m: Incoming request {"ip":"::ffff:127.0.0.1","method":"GET","path":"/api/v1/nonexistent","requestId":"676ad04e-f70c-4daa-a2e0-9a6b4904d02a","timestamp":"2026-04-19T14:13:56.183Z"}

      at Console.log (node_modules/winston/lib/winston/transports/console.js:87:23)

    console.log
      [32minfo[39m: Incoming request {"ip":"::ffff:127.0.0.1","method":"GET","path":"/health","requestId":"9264d9ef-e8d3-4d92-812a-2d363a35b540","timestamp":"2026-04-19T14:13:56.186Z"}

      at Console.log (node_modules/winston/lib/winston/transports/console.js:87:23)

    console.log
      [32minfo[39m: Incoming request {"ip":"::ffff:127.0.0.1","method":"GET","path":"/health","requestId":"test-request-id-12345","timestamp":"2026-04-19T14:13:56.188Z"}

      at Console.log (node_modules/winston/lib/winston/transports/console.js:87:23)

    console.log
      [32minfo[39m: Incoming request {"ip":"::ffff:127.0.0.1","method":"OPTIONS","path":"/health","requestId":"4827f20f-a272-4800-86f5-4d22059cfbd8","timestamp":"2026-04-19T14:13:56.189Z"}

      at Console.log (node_modules/winston/lib/winston/transports/console.js:87:23)

    console.log
      [32minfo[39m: Incoming request {"ip":"::ffff:127.0.0.1","method":"GET","path":"/health","requestId":"30729c76-8ab1-4dad-84c1-bbd716f95db6","timestamp":"2026-04-19T14:13:56.192Z"}

      at Console.log (node_modules/winston/lib/winston/transports/console.js:87:23)

PASS src/__tests__/integration/payments.integration.test.js
  ● Console

    console.log
      [32minfo[39m: Incoming request {"ip":"::ffff:127.0.0.1","method":"POST","path":"/api/v1/payments/initiate","requestId":"7d38d2f7-0452-402a-87d7-c73399283e29","timestamp":"2026-04-19T14:13:56.007Z"}

      at Console.log (node_modules/winston/lib/winston/transports/console.js:87:23)

    console.log
      [34mdebug[39m: Token verified {"role":"customer","timestamp":"2026-04-19T14:13:56.010Z","userId":"550e8400-e29b-41d4-a716-446655441001"}

      at Console.log (node_modules/winston/lib/winston/transports/console.js:87:23)

    console.log
      [34mdebug[39m: Role check passed {"path":"/initiate","role":"customer","timestamp":"2026-04-19T14:13:56.011Z","userId":"550e8400-e29b-41d4-a716-446655441001"}

      at Console.log (node_modules/winston/lib/winston/transports/console.js:87:23)

    console.log
      [32minfo[39m: Incoming request {"ip":"::ffff:127.0.0.1","method":"POST","path":"/api/v1/payments/initiate","requestId":"b61b0351-fa19-4607-9741-744da39f4a69","timestamp":"2026-04-19T14:13:56.014Z"}

      at Console.log (node_modules/winston/lib/winston/transports/console.js:87:23)

    console.log
      [34mdebug[39m: Token verified {"role":"customer","timestamp":"2026-04-19T14:13:56.016Z","userId":"550e8400-e29b-41d4-a716-446655441001"}

      at Console.log (node_modules/winston/lib/winston/transports/console.js:87:23)

    console.log
      [34mdebug[39m: Role check passed {"path":"/initiate","role":"customer","timestamp":"2026-04-19T14:13:56.017Z","userId":"550e8400-e29b-41d4-a716-446655441001"}

      at Console.log (node_modules/winston/lib/winston/transports/console.js:87:23)

    console.log
      [32minfo[39m: Incoming request {"ip":"::ffff:127.0.0.1","method":"POST","path":"/api/v1/payments/initiate","requestId":"348c7e72-3fa1-4d9c-89a4-208785174115","timestamp":"2026-04-19T14:13:56.020Z"}

      at Console.log (node_modules/winston/lib/winston/transports/console.js:87:23)

    console.log
      [34mdebug[39m: Token verified {"role":"customer","timestamp":"2026-04-19T14:13:56.022Z","userId":"550e8400-e29b-41d4-a716-446655441001"}

      at Console.log (node_modules/winston/lib/winston/transports/console.js:87:23)

    console.log
      [34mdebug[39m: Role check passed {"path":"/initiate","role":"customer","timestamp":"2026-04-19T14:13:56.023Z","userId":"550e8400-e29b-41d4-a716-446655441001"}

      at Console.log (node_modules/winston/lib/winston/transports/console.js:87:23)

    console.log
      [32minfo[39m: Incoming request {"ip":"::ffff:127.0.0.1","method":"POST","path":"/api/v1/payments/initiate","requestId":"b8a000c5-3f57-48b9-8c4f-53fdaa617d70","timestamp":"2026-04-19T14:13:56.028Z"}

      at Console.log (node_modules/winston/lib/winston/transports/console.js:87:23)

    console.log
      [34mdebug[39m: Token verified {"role":"customer","timestamp":"2026-04-19T14:13:56.029Z","userId":"550e8400-e29b-41d4-a716-446655441001"}

      at Console.log (node_modules/winston/lib/winston/transports/console.js:87:23)

    console.log
      [34mdebug[39m: Role check passed {"path":"/initiate","role":"customer","timestamp":"2026-04-19T14:13:56.030Z","userId":"550e8400-e29b-41d4-a716-446655441001"}

      at Console.log (node_modules/winston/lib/winston/transports/console.js:87:23)

    console.log
      [32minfo[39m: Incoming request {"ip":"::ffff:127.0.0.1","method":"POST","path":"/api/v1/payments/initiate","requestId":"b68a558f-fab7-48ea-a560-b44dcc70a373","timestamp":"2026-04-19T14:13:56.032Z"}

      at Console.log (node_modules/winston/lib/winston/transports/console.js:87:23)

    console.log
      [34mdebug[39m: Token verified {"role":"customer","timestamp":"2026-04-19T14:13:56.034Z","userId":"550e8400-e29b-41d4-a716-446655441001"}

      at Console.log (node_modules/winston/lib/winston/transports/console.js:87:23)

    console.log
      [34mdebug[39m: Role check passed {"path":"/initiate","role":"customer","timestamp":"2026-04-19T14:13:56.034Z","userId":"550e8400-e29b-41d4-a716-446655441001"}

      at Console.log (node_modules/winston/lib/winston/transports/console.js:87:23)

    console.log
      [32minfo[39m: Incoming request {"ip":"::ffff:127.0.0.1","method":"POST","path":"/api/v1/payments/initiate","requestId":"c9d50c4e-53b1-4faa-bfbd-e2a022fbb961","timestamp":"2026-04-19T14:13:56.043Z"}

      at Console.log (node_modules/winston/lib/winston/transports/console.js:87:23)

    console.log
      [33mwarn[39m: Missing or invalid authorization header {"path":"/initiate","timestamp":"2026-04-19T14:13:56.044Z"}

      at Console.log (node_modules/winston/lib/winston/transports/console.js:87:23)

    console.log
      [33mwarn[39m: Application error Authorization header missing or malformed {"code":"UNAUTHORIZED","path":"/api/v1/payments/initiate","statusCode":401,"timestamp":"2026-04-19T14:13:56.045Z"}

      at Console.log (node_modules/winston/lib/winston/transports/console.js:87:23)

    console.log
      [32minfo[39m: Incoming request {"ip":"::ffff:127.0.0.1","method":"POST","path":"/api/v1/payments/initiate","requestId":"64ad30cc-6c74-4db2-a73b-ecae82623097","timestamp":"2026-04-19T14:13:56.051Z"}

      at Console.log (node_modules/winston/lib/winston/transports/console.js:87:23)

    console.log
      [34mdebug[39m: Token verified {"role":"customer","timestamp":"2026-04-19T14:13:56.052Z","userId":"550e8400-e29b-41d4-a716-446655441001"}

      at Console.log (node_modules/winston/lib/winston/transports/console.js:87:23)

    console.log
      [34mdebug[39m: Role check passed {"path":"/initiate","role":"customer","timestamp":"2026-04-19T14:13:56.052Z","userId":"550e8400-e29b-41d4-a716-446655441001"}

      at Console.log (node_modules/winston/lib/winston/transports/console.js:87:23)

    console.log
      [33mwarn[39m: Validation error {"messages":"order_id must be a valid UUID","path":"/initiate","source":"body","timestamp":"2026-04-19T14:13:56.053Z"}

      at Console.log (node_modules/winston/lib/winston/transports/console.js:87:23)

    console.log
      [33mwarn[39m: Application error Validation failed: order_id must be a valid UUID {"code":"VALIDATION_ERROR","path":"/api/v1/payments/initiate","statusCode":400,"timestamp":"2026-04-19T14:13:56.054Z"}

      at Console.log (node_modules/winston/lib/winston/transports/console.js:87:23)

    console.log
      [32minfo[39m: Incoming request {"ip":"::ffff:127.0.0.1","method":"POST","path":"/api/v1/payments/initiate","requestId":"545e594c-2e15-4630-8506-6ce26339c0e0","timestamp":"2026-04-19T14:13:56.056Z"}

      at Console.log (node_modules/winston/lib/winston/transports/console.js:87:23)

    console.log
      [34mdebug[39m: Token verified {"role":"customer","timestamp":"2026-04-19T14:13:56.056Z","userId":"550e8400-e29b-41d4-a716-446655441001"}

      at Console.log (node_modules/winston/lib/winston/transports/console.js:87:23)

    console.log
      [34mdebug[39m: Role check passed {"path":"/initiate","role":"customer","timestamp":"2026-04-19T14:13:56.057Z","userId":"550e8400-e29b-41d4-a716-446655441001"}

      at Console.log (node_modules/winston/lib/winston/transports/console.js:87:23)

    console.log
      [32minfo[39m: Incoming request {"ip":"::ffff:127.0.0.1","method":"POST","path":"/api/v1/payments/initiate","requestId":"3f29fce4-7657-47af-aae3-c9265a93f26b","timestamp":"2026-04-19T14:13:56.061Z"}

      at Console.log (node_modules/winston/lib/winston/transports/console.js:87:23)

    console.log
      [34mdebug[39m: Token verified {"role":"shop_owner","timestamp":"2026-04-19T14:13:56.062Z","userId":"550e8400-e29b-41d4-a716-446655441002"}

      at Console.log (node_modules/winston/lib/winston/transports/console.js:87:23)

    console.log
      [33mwarn[39m: Unauthorized role access attempt {"allowedRoles":["customer"],"path":"/initiate","timestamp":"2026-04-19T14:13:56.063Z","userId":"550e8400-e29b-41d4-a716-446655441002","userRole":"shop_owner"}

      at Console.log (node_modules/winston/lib/winston/transports/console.js:87:23)

    console.log
      [33mwarn[39m: Application error Your role 'shop_owner' does not have access to this resource. Allowed roles: customer {"code":"FORBIDDEN","path":"/api/v1/payments/initiate","statusCode":403,"timestamp":"2026-04-19T14:13:56.063Z"}

      at Console.log (node_modules/winston/lib/winston/transports/console.js:87:23)

    console.log
      [32minfo[39m: Incoming request {"ip":"::ffff:127.0.0.1","method":"GET","path":"/api/v1/payments/550e8400-e29b-41d4-a716-446655441004","requestId":"1df0d786-cdb8-4a93-8251-1f03b61602d2","timestamp":"2026-04-19T14:13:56.066Z"}

      at Console.log (node_modules/winston/lib/winston/transports/console.js:87:23)

    console.log
      [34mdebug[39m: Token verified {"role":"customer","timestamp":"2026-04-19T14:13:56.067Z","userId":"550e8400-e29b-41d4-a716-446655441001"}

      at Console.log (node_modules/winston/lib/winston/transports/console.js:87:23)

    console.log
      [34mdebug[39m: Role check passed {"path":"/550e8400-e29b-41d4-a716-446655441004","role":"customer","timestamp":"2026-04-19T14:13:56.068Z","userId":"550e8400-e29b-41d4-a716-446655441001"}

      at Console.log (node_modules/winston/lib/winston/transports/console.js:87:23)

    console.log
      [32minfo[39m: Incoming request {"ip":"::ffff:127.0.0.1","method":"GET","path":"/api/v1/payments/550e8400-e29b-41d4-a716-446655441004","requestId":"bb7b9a63-4cfe-4b73-bce8-11daa4d65d12","timestamp":"2026-04-19T14:13:56.072Z"}

      at Console.log (node_modules/winston/lib/winston/transports/console.js:87:23)

    console.log
      [34mdebug[39m: Token verified {"role":"shop_owner","timestamp":"2026-04-19T14:13:56.074Z","userId":"550e8400-e29b-41d4-a716-446655441002"}

      at Console.log (node_modules/winston/lib/winston/transports/console.js:87:23)

    console.log
      [34mdebug[39m: Role check passed {"path":"/550e8400-e29b-41d4-a716-446655441004","role":"shop_owner","timestamp":"2026-04-19T14:13:56.076Z","userId":"550e8400-e29b-41d4-a716-446655441002"}

      at Console.log (node_modules/winston/lib/winston/transports/console.js:87:23)

    console.log
      [32minfo[39m: Incoming request {"ip":"::ffff:127.0.0.1","method":"GET","path":"/api/v1/payments/550e8400-e29b-41d4-a716-446655441004","requestId":"28153c07-28a4-4b53-97a5-2992f3ddb136","timestamp":"2026-04-19T14:13:56.080Z"}

      at Console.log (node_modules/winston/lib/winston/transports/console.js:87:23)

    console.log
      [34mdebug[39m: Token verified {"role":"customer","timestamp":"2026-04-19T14:13:56.081Z","userId":"550e8400-e29b-41d4-a716-446655441001"}

      at Console.log (node_modules/winston/lib/winston/transports/console.js:87:23)

    console.log
      [34mdebug[39m: Role check passed {"path":"/550e8400-e29b-41d4-a716-446655441004","role":"customer","timestamp":"2026-04-19T14:13:56.081Z","userId":"550e8400-e29b-41d4-a716-446655441001"}

      at Console.log (node_modules/winston/lib/winston/transports/console.js:87:23)

    console.log
      [32minfo[39m: Incoming request {"ip":"::ffff:127.0.0.1","method":"GET","path":"/api/v1/payments/550e8400-e29b-41d4-a716-446655441004","requestId":"3f47993c-6a4e-428d-acf0-36f3d7ba51d4","timestamp":"2026-04-19T14:13:56.083Z"}

      at Console.log (node_modules/winston/lib/winston/transports/console.js:87:23)

    console.log
      [34mdebug[39m: Token verified {"role":"customer","timestamp":"2026-04-19T14:13:56.084Z","userId":"550e8400-e29b-41d4-a716-446655441001"}

      at Console.log (node_modules/winston/lib/winston/transports/console.js:87:23)

    console.log
      [34mdebug[39m: Role check passed {"path":"/550e8400-e29b-41d4-a716-446655441004","role":"customer","timestamp":"2026-04-19T14:13:56.084Z","userId":"550e8400-e29b-41d4-a716-446655441001"}

      at Console.log (node_modules/winston/lib/winston/transports/console.js:87:23)

    console.log
      [32minfo[39m: Incoming request {"ip":"::ffff:127.0.0.1","method":"GET","path":"/api/v1/payments/550e8400-e29b-41d4-a716-446655441004","requestId":"ee322ae6-1d49-4346-8289-a49b7d8cdb2a","timestamp":"2026-04-19T14:13:56.089Z"}

      at Console.log (node_modules/winston/lib/winston/transports/console.js:87:23)

    console.log
      [34mdebug[39m: Token verified {"role":"customer","timestamp":"2026-04-19T14:13:56.091Z","userId":"550e8400-e29b-41d4-a716-446655441001"}

      at Console.log (node_modules/winston/lib/winston/transports/console.js:87:23)

    console.log
      [34mdebug[39m: Role check passed {"path":"/550e8400-e29b-41d4-a716-446655441004","role":"customer","timestamp":"2026-04-19T14:13:56.091Z","userId":"550e8400-e29b-41d4-a716-446655441001"}

      at Console.log (node_modules/winston/lib/winston/transports/console.js:87:23)

    console.log
      [32minfo[39m: Incoming request {"ip":"::ffff:127.0.0.1","method":"GET","path":"/api/v1/payments/550e8400-e29b-41d4-a716-446655441004","requestId":"47a88fbc-eca5-4dbf-870b-581e7ee02ecf","timestamp":"2026-04-19T14:13:56.095Z"}

      at Console.log (node_modules/winston/lib/winston/transports/console.js:87:23)

    console.log
      [33mwarn[39m: Missing or invalid authorization header {"path":"/550e8400-e29b-41d4-a716-446655441004","timestamp":"2026-04-19T14:13:56.096Z"}

      at Console.log (node_modules/winston/lib/winston/transports/console.js:87:23)

    console.log
      [33mwarn[39m: Application error Authorization header missing or malformed {"code":"UNAUTHORIZED","path":"/api/v1/payments/550e8400-e29b-41d4-a716-446655441004","statusCode":401,"timestamp":"2026-04-19T14:13:56.096Z"}

      at Console.log (node_modules/winston/lib/winston/transports/console.js:87:23)

    console.log
      [32minfo[39m: Incoming request {"ip":"::ffff:127.0.0.1","method":"GET","path":"/api/v1/payments/550e8400-e29b-41d4-a716-446655441004","requestId":"edaa9ecd-858d-4612-a50d-b9816e0a3374","timestamp":"2026-04-19T14:13:56.100Z"}

      at Console.log (node_modules/winston/lib/winston/transports/console.js:87:23)

    console.log
      [34mdebug[39m: Token verified {"role":"customer","timestamp":"2026-04-19T14:13:56.101Z","userId":"550e8400-e29b-41d4-a716-446655441001"}

      at Console.log (node_modules/winston/lib/winston/transports/console.js:87:23)

    console.log
      [34mdebug[39m: Role check passed {"path":"/550e8400-e29b-41d4-a716-446655441004","role":"customer","timestamp":"2026-04-19T14:13:56.102Z","userId":"550e8400-e29b-41d4-a716-446655441001"}

      at Console.log (node_modules/winston/lib/winston/transports/console.js:87:23)

    console.log
      [33mwarn[39m: Failed to fetch gateway payment status {"cashfreeOrderId":"nearby-550e8400-e29b-41d4-a716-446655441004","error":"Gateway timeout","orderId":"550e8400-e29b-41d4-a716-446655441004","timestamp":"2026-04-19T14:13:56.104Z"}

      at Console.log (node_modules/winston/lib/winston/transports/console.js:87:23)

    console.log
      [32minfo[39m: Incoming request {"ip":"::ffff:127.0.0.1","method":"POST","path":"/api/v1/payments/webhook","requestId":"bfdd1deb-31d5-421f-98e3-309b2004ba9b","timestamp":"2026-04-19T14:13:56.135Z"}

      at Console.log (node_modules/winston/lib/winston/transports/console.js:87:23)

    console.log
      [32minfo[39m: Cashfree webhook: payment success processed {"orderId":"550e8400-e29b-41d4-a716-446655441004","paymentId":"pay_success_1","timestamp":"2026-04-19T14:13:56.143Z"}

      at Console.log (node_modules/winston/lib/winston/transports/console.js:87:23)

    console.log
      [32minfo[39m: Incoming request {"ip":"::ffff:127.0.0.1","method":"POST","path":"/api/v1/payments/webhook","requestId":"2727a18f-ab70-4a83-9c26-3ec5f797c817","timestamp":"2026-04-19T14:13:56.145Z"}

      at Console.log (node_modules/winston/lib/winston/transports/console.js:87:23)

    console.log
      [32minfo[39m: Cashfree webhook: payment failed processed {"orderId":"550e8400-e29b-41d4-a716-446655441004","paymentId":"pay_failed_1","timestamp":"2026-04-19T14:13:56.150Z"}

      at Console.log (node_modules/winston/lib/winston/transports/console.js:87:23)

    console.log
      [32minfo[39m: Incoming request {"ip":"::ffff:127.0.0.1","method":"POST","path":"/api/v1/payments/webhook","requestId":"b8444c2e-9e40-4352-8e15-ed6264a5b0ca","timestamp":"2026-04-19T14:13:56.160Z"}

      at Console.log (node_modules/winston/lib/winston/transports/console.js:87:23)

    console.log
      [32minfo[39m: Cashfree webhook: payment success processed {"orderId":"550e8400-e29b-41d4-a716-446655441004","paymentId":"pay_idempotent_unique","timestamp":"2026-04-19T14:13:56.161Z"}

      at Console.log (node_modules/winston/lib/winston/transports/console.js:87:23)

    console.log
      [32minfo[39m: Incoming request {"ip":"::ffff:127.0.0.1","method":"POST","path":"/api/v1/payments/webhook","requestId":"3f307f06-494b-4bfc-8d66-22a169c0dafd","timestamp":"2026-04-19T14:13:56.162Z"}

      at Console.log (node_modules/winston/lib/winston/transports/console.js:87:23)

    console.log
      [32minfo[39m: Cashfree webhook: idempotent duplicate, skipping {"event":"PAYMENT_SUCCESS","orderId":"550e8400-e29b-41d4-a716-446655441004","paymentId":"pay_idempotent_unique","timestamp":"2026-04-19T14:13:56.163Z"}

      at Console.log (node_modules/winston/lib/winston/transports/console.js:87:23)

    console.log
      [32minfo[39m: Incoming request {"ip":"::ffff:127.0.0.1","method":"POST","path":"/api/v1/payments/webhook","requestId":"560e0c12-7d91-4b70-bdb4-de1af566af58","timestamp":"2026-04-19T14:13:56.166Z"}

      at Console.log (node_modules/winston/lib/winston/transports/console.js:87:23)

    console.log
      [33mwarn[39m: Cashfree webhook: missing signature header {"ip":"::ffff:127.0.0.1","timestamp":"2026-04-19T14:13:56.166Z"}

      at Console.log (node_modules/winston/lib/winston/transports/console.js:87:23)

    console.log
      [32minfo[39m: Incoming request {"ip":"::ffff:127.0.0.1","method":"POST","path":"/api/v1/payments/webhook","requestId":"3e964cca-611b-4623-9995-365c69b72450","timestamp":"2026-04-19T14:13:56.173Z"}

      at Console.log (node_modules/winston/lib/winston/transports/console.js:87:23)

    console.log
      [33mwarn[39m: Cashfree webhook: signature length mismatch {"ip":"::ffff:127.0.0.1","timestamp":"2026-04-19T14:13:56.175Z"}

      at Console.log (node_modules/winston/lib/winston/transports/console.js:87:23)

    console.log
      [32minfo[39m: Incoming request {"ip":"::ffff:127.0.0.1","method":"POST","path":"/api/v1/payments/webhook","requestId":"c346b61e-6e7a-4dae-8c0a-1273f30f3115","timestamp":"2026-04-19T14:13:56.177Z"}

      at Console.log (node_modules/winston/lib/winston/transports/console.js:87:23)

    console.log
      [33mwarn[39m: Cashfree webhook: missing event or data {"ip":"::ffff:127.0.0.1","timestamp":"2026-04-19T14:13:56.180Z"}

      at Console.log (node_modules/winston/lib/winston/transports/console.js:87:23)

    console.log
      [32minfo[39m: Incoming request {"ip":"::ffff:127.0.0.1","method":"POST","path":"/api/v1/payments/webhook","requestId":"8b0b60d7-525f-4bd1-8036-6c65949757f8","timestamp":"2026-04-19T14:13:56.182Z"}

      at Console.log (node_modules/winston/lib/winston/transports/console.js:87:23)

    console.log
      [33mwarn[39m: Cashfree webhook: missing payment or order ID {"event":"PAYMENT_SUCCESS","ip":"::ffff:127.0.0.1","timestamp":"2026-04-19T14:13:56.182Z"}

      at Console.log (node_modules/winston/lib/winston/transports/console.js:87:23)

    console.log
      [32minfo[39m: Incoming request {"ip":"::ffff:127.0.0.1","method":"POST","path":"/api/v1/payments/webhook","requestId":"858d2a47-2d27-4536-92f2-7650bab50e64","timestamp":"2026-04-19T14:13:56.184Z"}

      at Console.log (node_modules/winston/lib/winston/transports/console.js:87:23)

    console.log
      [33mwarn[39m: Cashfree webhook: unknown event type {"event":"UNKNOWN_EVENT","orderId":"550e8400-e29b-41d4-a716-446655441004","paymentId":"pay_unknown","timestamp":"2026-04-19T14:13:56.185Z"}

      at Console.log (node_modules/winston/lib/winston/transports/console.js:87:23)

    console.log
      [32minfo[39m: Incoming request {"ip":"::ffff:127.0.0.1","method":"POST","path":"/api/v1/payments/webhook","requestId":"20367fa6-cb6b-4eb4-ac7b-97f6ed06b2df","timestamp":"2026-04-19T14:13:56.187Z"}

      at Console.log (node_modules/winston/lib/winston/transports/console.js:87:23)

    console.log
      [32minfo[39m: Cashfree webhook: payment failed processed {"orderId":"550e8400-e29b-41d4-a716-446655441004","paymentId":"pay_no_items","timestamp":"2026-04-19T14:13:56.189Z"}

      at Console.log (node_modules/winston/lib/winston/transports/console.js:87:23)

PASS src/__tests__/integration/delivery.test.js
  ● Console

    console.log
      [32minfo[39m: Incoming request {"ip":"::ffff:127.0.0.1","method":"GET","path":"/api/v1/delivery/orders","requestId":"04ebe071-5dbf-4610-9575-dc99abcfa36d","timestamp":"2026-04-19T14:13:56.076Z"}

      at Console.log (node_modules/winston/lib/winston/transports/console.js:87:23)

    console.log
      [33mwarn[39m: Missing or invalid authorization header {"path":"/orders","timestamp":"2026-04-19T14:13:56.080Z"}

      at Console.log (node_modules/winston/lib/winston/transports/console.js:87:23)

    console.log
      [33mwarn[39m: Application error Authorization header missing or malformed {"code":"UNAUTHORIZED","path":"/api/v1/delivery/orders","statusCode":401,"timestamp":"2026-04-19T14:13:56.083Z"}

      at Console.log (node_modules/winston/lib/winston/transports/console.js:87:23)

    console.log
      [32minfo[39m: Incoming request {"ip":"::ffff:127.0.0.1","method":"GET","path":"/api/v1/delivery/orders","requestId":"ec9302ee-8a42-4b41-8ad9-c22d84d34bad","timestamp":"2026-04-19T14:13:56.097Z"}

      at Console.log (node_modules/winston/lib/winston/transports/console.js:87:23)

    console.log
      [34mdebug[39m: Token verified {"role":"customer","timestamp":"2026-04-19T14:13:56.099Z","userId":"550e8400-e29b-41d4-a716-446655440203"}

      at Console.log (node_modules/winston/lib/winston/transports/console.js:87:23)

    console.log
      [33mwarn[39m: Unauthorized role access attempt {"allowedRoles":["delivery"],"path":"/orders","timestamp":"2026-04-19T14:13:56.100Z","userId":"550e8400-e29b-41d4-a716-446655440203","userRole":"customer"}

      at Console.log (node_modules/winston/lib/winston/transports/console.js:87:23)

    console.log
      [33mwarn[39m: Application error Your role 'customer' does not have access to this resource. Allowed roles: delivery {"code":"FORBIDDEN","path":"/api/v1/delivery/orders","statusCode":403,"timestamp":"2026-04-19T14:13:56.104Z"}

      at Console.log (node_modules/winston/lib/winston/transports/console.js:87:23)

    console.log
      [32minfo[39m: Incoming request {"ip":"::ffff:127.0.0.1","method":"GET","path":"/api/v1/delivery/orders","requestId":"d7480851-9559-477d-829a-60709d823b2d","timestamp":"2026-04-19T14:13:56.107Z"}

      at Console.log (node_modules/winston/lib/winston/transports/console.js:87:23)

    console.log
      [34mdebug[39m: Token verified {"role":"delivery","timestamp":"2026-04-19T14:13:56.108Z","userId":"550e8400-e29b-41d4-a716-446655440201"}

      at Console.log (node_modules/winston/lib/winston/transports/console.js:87:23)

    console.log
      [34mdebug[39m: Role check passed {"path":"/orders","role":"delivery","timestamp":"2026-04-19T14:13:56.108Z","userId":"550e8400-e29b-41d4-a716-446655440201"}

      at Console.log (node_modules/winston/lib/winston/transports/console.js:87:23)

    console.log
      [32minfo[39m: Incoming request {"ip":"::ffff:127.0.0.1","method":"GET","path":"/api/v1/delivery/orders","requestId":"afc87147-b39c-4e21-b294-87bda16e4503","timestamp":"2026-04-19T14:13:56.115Z"}

      at Console.log (node_modules/winston/lib/winston/transports/console.js:87:23)

    console.log
      [34mdebug[39m: Token verified {"role":"delivery","timestamp":"2026-04-19T14:13:56.118Z","userId":"550e8400-e29b-41d4-a716-446655440201"}

      at Console.log (node_modules/winston/lib/winston/transports/console.js:87:23)

    console.log
      [34mdebug[39m: Role check passed {"path":"/orders","role":"delivery","timestamp":"2026-04-19T14:13:56.118Z","userId":"550e8400-e29b-41d4-a716-446655440201"}

      at Console.log (node_modules/winston/lib/winston/transports/console.js:87:23)

    console.log
      [32minfo[39m: Incoming request {"ip":"::ffff:127.0.0.1","method":"PATCH","path":"/api/v1/delivery/orders/550e8400-e29b-41d4-a716-446655440205/accept","requestId":"0a5bde2e-ab50-4f42-8d0e-364b652e9417","timestamp":"2026-04-19T14:13:56.121Z"}

      at Console.log (node_modules/winston/lib/winston/transports/console.js:87:23)

    console.log
      [34mdebug[39m: Token verified {"role":"delivery","timestamp":"2026-04-19T14:13:56.124Z","userId":"550e8400-e29b-41d4-a716-446655440201"}

      at Console.log (node_modules/winston/lib/winston/transports/console.js:87:23)

    console.log
      [34mdebug[39m: Role check passed {"path":"/orders/550e8400-e29b-41d4-a716-446655440205/accept","role":"delivery","timestamp":"2026-04-19T14:13:56.124Z","userId":"550e8400-e29b-41d4-a716-446655440201"}

      at Console.log (node_modules/winston/lib/winston/transports/console.js:87:23)

    console.log
      [32minfo[39m: Delivery partner accepted assignment {"orderId":"550e8400-e29b-41d4-a716-446655440205","timestamp":"2026-04-19T14:13:56.127Z","userId":"550e8400-e29b-41d4-a716-446655440201"}

      at Console.log (node_modules/winston/lib/winston/transports/console.js:87:23)

    console.log
      [32minfo[39m: Incoming request {"ip":"::ffff:127.0.0.1","method":"PATCH","path":"/api/v1/delivery/orders/550e8400-e29b-41d4-a716-446655440205/accept","requestId":"55f72b3c-b532-45bb-8cb7-7de45659d8ea","timestamp":"2026-04-19T14:13:56.139Z"}

      at Console.log (node_modules/winston/lib/winston/transports/console.js:87:23)

    console.log
      [34mdebug[39m: Token verified {"role":"delivery","timestamp":"2026-04-19T14:13:56.141Z","userId":"550e8400-e29b-41d4-a716-446655440202"}

      at Console.log (node_modules/winston/lib/winston/transports/console.js:87:23)

    console.log
      [34mdebug[39m: Role check passed {"path":"/orders/550e8400-e29b-41d4-a716-446655440205/accept","role":"delivery","timestamp":"2026-04-19T14:13:56.141Z","userId":"550e8400-e29b-41d4-a716-446655440202"}

      at Console.log (node_modules/winston/lib/winston/transports/console.js:87:23)

    console.log
      [31merror[39m: delivery: accept assignment failed {"error":"You are not assigned to this order.","orderId":"550e8400-e29b-41d4-a716-446655440205","timestamp":"2026-04-19T14:13:56.143Z","userId":"550e8400-e29b-41d4-a716-446655440202"}

      at Console.log (node_modules/winston/lib/winston/transports/console.js:87:23)

    console.log
      [33mwarn[39m: Application error You are not assigned to this order. {"code":"FORBIDDEN","path":"/api/v1/delivery/orders/550e8400-e29b-41d4-a716-446655440205/accept","statusCode":403,"timestamp":"2026-04-19T14:13:56.143Z"}

      at Console.log (node_modules/winston/lib/winston/transports/console.js:87:23)

    console.log
      [32minfo[39m: Incoming request {"ip":"::ffff:127.0.0.1","method":"PATCH","path":"/api/v1/delivery/orders/550e8400-e29b-41d4-a716-446655440205/accept","requestId":"ef396edc-4548-4935-8352-5f822851caca","timestamp":"2026-04-19T14:13:56.145Z"}

      at Console.log (node_modules/winston/lib/winston/transports/console.js:87:23)

    console.log
      [34mdebug[39m: Token verified {"role":"delivery","timestamp":"2026-04-19T14:13:56.159Z","userId":"550e8400-e29b-41d4-a716-446655440201"}

      at Console.log (node_modules/winston/lib/winston/transports/console.js:87:23)

    console.log
      [34mdebug[39m: Role check passed {"path":"/orders/550e8400-e29b-41d4-a716-446655440205/accept","role":"delivery","timestamp":"2026-04-19T14:13:56.160Z","userId":"550e8400-e29b-41d4-a716-446655440201"}

      at Console.log (node_modules/winston/lib/winston/transports/console.js:87:23)

    console.log
      [31merror[39m: delivery: accept assignment failed {"error":"Invalid transition: order is 'pending', expected one of: assigned","orderId":"550e8400-e29b-41d4-a716-446655440205","timestamp":"2026-04-19T14:13:56.161Z","userId":"550e8400-e29b-41d4-a716-446655440201"}

      at Console.log (node_modules/winston/lib/winston/transports/console.js:87:23)

    console.log
      [33mwarn[39m: Application error Invalid transition: order is 'pending', expected one of: assigned {"code":"ORDER_INVALID_TRANSITION","path":"/api/v1/delivery/orders/550e8400-e29b-41d4-a716-446655440205/accept","statusCode":409,"timestamp":"2026-04-19T14:13:56.161Z"}

      at Console.log (node_modules/winston/lib/winston/transports/console.js:87:23)

    console.log
      [32minfo[39m: Incoming request {"ip":"::ffff:127.0.0.1","method":"PATCH","path":"/api/v1/delivery/orders/550e8400-e29b-41d4-a716-446655440205/accept","requestId":"28665673-7db8-4385-89e8-bd8b5ce4e274","timestamp":"2026-04-19T14:13:56.165Z"}

      at Console.log (node_modules/winston/lib/winston/transports/console.js:87:23)

    console.log
      [34mdebug[39m: Token verified {"role":"delivery","timestamp":"2026-04-19T14:13:56.166Z","userId":"550e8400-e29b-41d4-a716-446655440201"}

      at Console.log (node_modules/winston/lib/winston/transports/console.js:87:23)

    console.log
      [34mdebug[39m: Role check passed {"path":"/orders/550e8400-e29b-41d4-a716-446655440205/accept","role":"delivery","timestamp":"2026-04-19T14:13:56.167Z","userId":"550e8400-e29b-41d4-a716-446655440201"}

      at Console.log (node_modules/winston/lib/winston/transports/console.js:87:23)

    console.log
      [31merror[39m: delivery: accept assignment failed {"error":"Order not found.","orderId":"550e8400-e29b-41d4-a716-446655440205","timestamp":"2026-04-19T14:13:56.168Z","userId":"550e8400-e29b-41d4-a716-446655440201"}

      at Console.log (node_modules/winston/lib/winston/transports/console.js:87:23)

    console.log
      [33mwarn[39m: Application error Order not found. {"code":"ORDER_NOT_FOUND","path":"/api/v1/delivery/orders/550e8400-e29b-41d4-a716-446655440205/accept","statusCode":404,"timestamp":"2026-04-19T14:13:56.171Z"}

      at Console.log (node_modules/winston/lib/winston/transports/console.js:87:23)

    console.log
      [32minfo[39m: Incoming request {"ip":"::ffff:127.0.0.1","method":"PATCH","path":"/api/v1/delivery/orders/550e8400-e29b-41d4-a716-446655440205/reject","requestId":"7f97f7c9-cc09-4bdc-9a40-ad61602737ee","timestamp":"2026-04-19T14:13:56.177Z"}

      at Console.log (node_modules/winston/lib/winston/transports/console.js:87:23)

    console.log
      [34mdebug[39m: Token verified {"role":"delivery","timestamp":"2026-04-19T14:13:56.178Z","userId":"550e8400-e29b-41d4-a716-446655440201"}

      at Console.log (node_modules/winston/lib/winston/transports/console.js:87:23)

    console.log
      [34mdebug[39m: Role check passed {"path":"/orders/550e8400-e29b-41d4-a716-446655440205/reject","role":"delivery","timestamp":"2026-04-19T14:13:56.179Z","userId":"550e8400-e29b-41d4-a716-446655440201"}

      at Console.log (node_modules/winston/lib/winston/transports/console.js:87:23)

    console.log
      [32minfo[39m: Delivery partner rejected order, re-assigning {"orderId":"550e8400-e29b-41d4-a716-446655440205","timestamp":"2026-04-19T14:13:56.181Z","userId":"550e8400-e29b-41d4-a716-446655440201"}

      at Console.log (node_modules/winston/lib/winston/transports/console.js:87:23)

    console.log
      [32minfo[39m: Incoming request {"ip":"::ffff:127.0.0.1","method":"PATCH","path":"/api/v1/delivery/orders/550e8400-e29b-41d4-a716-446655440205/reject","requestId":"45ef3911-de7d-43da-a11d-1b449d5d8405","timestamp":"2026-04-19T14:13:56.184Z"}

      at Console.log (node_modules/winston/lib/winston/transports/console.js:87:23)

    console.log
      [34mdebug[39m: Token verified {"role":"delivery","timestamp":"2026-04-19T14:13:56.185Z","userId":"550e8400-e29b-41d4-a716-446655440202"}

      at Console.log (node_modules/winston/lib/winston/transports/console.js:87:23)

    console.log
      [34mdebug[39m: Role check passed {"path":"/orders/550e8400-e29b-41d4-a716-446655440205/reject","role":"delivery","timestamp":"2026-04-19T14:13:56.185Z","userId":"550e8400-e29b-41d4-a716-446655440202"}

      at Console.log (node_modules/winston/lib/winston/transports/console.js:87:23)

    console.log
      [31merror[39m: delivery: reject assignment failed {"error":"You are not assigned to this order.","orderId":"550e8400-e29b-41d4-a716-446655440205","timestamp":"2026-04-19T14:13:56.185Z","userId":"550e8400-e29b-41d4-a716-446655440202"}

      at Console.log (node_modules/winston/lib/winston/transports/console.js:87:23)

    console.log
      [33mwarn[39m: Application error You are not assigned to this order. {"code":"FORBIDDEN","path":"/api/v1/delivery/orders/550e8400-e29b-41d4-a716-446655440205/reject","statusCode":403,"timestamp":"2026-04-19T14:13:56.186Z"}

      at Console.log (node_modules/winston/lib/winston/transports/console.js:87:23)

    console.log
      [32minfo[39m: Incoming request {"ip":"::ffff:127.0.0.1","method":"PATCH","path":"/api/v1/delivery/orders/550e8400-e29b-41d4-a716-446655440205/reject","requestId":"f3eb8034-0806-403c-971e-9982e8213203","timestamp":"2026-04-19T14:13:56.189Z"}

      at Console.log (node_modules/winston/lib/winston/transports/console.js:87:23)

    console.log
      [34mdebug[39m: Token verified {"role":"delivery","timestamp":"2026-04-19T14:13:56.190Z","userId":"550e8400-e29b-41d4-a716-446655440201"}

      at Console.log (node_modules/winston/lib/winston/transports/console.js:87:23)

    console.log
      [34mdebug[39m: Role check passed {"path":"/orders/550e8400-e29b-41d4-a716-446655440205/reject","role":"delivery","timestamp":"2026-04-19T14:13:56.192Z","userId":"550e8400-e29b-41d4-a716-446655440201"}

      at Console.log (node_modules/winston/lib/winston/transports/console.js:87:23)

    console.log
      [31merror[39m: delivery: reject assignment failed {"error":"Invalid transition: order is 'picked_up', expected one of: assigned","orderId":"550e8400-e29b-41d4-a716-446655440205","timestamp":"2026-04-19T14:13:56.193Z","userId":"550e8400-e29b-41d4-a716-446655440201"}

      at Console.log (node_modules/winston/lib/winston/transports/console.js:87:23)

    console.log
      [33mwarn[39m: Application error Invalid transition: order is 'picked_up', expected one of: assigned {"code":"ORDER_INVALID_TRANSITION","path":"/api/v1/delivery/orders/550e8400-e29b-41d4-a716-446655440205/reject","statusCode":409,"timestamp":"2026-04-19T14:13:56.193Z"}

      at Console.log (node_modules/winston/lib/winston/transports/console.js:87:23)

    console.log
      [32minfo[39m: Incoming request {"ip":"::ffff:127.0.0.1","method":"PATCH","path":"/api/v1/delivery/orders/550e8400-e29b-41d4-a716-446655440205/pickup","requestId":"b5dac307-50e9-43cc-9cea-c6a7f2834543","timestamp":"2026-04-19T14:13:56.195Z"}

      at Console.log (node_modules/winston/lib/winston/transports/console.js:87:23)

    console.log
      [34mdebug[39m: Token verified {"role":"delivery","timestamp":"2026-04-19T14:13:56.197Z","userId":"550e8400-e29b-41d4-a716-446655440201"}

      at Console.log (node_modules/winston/lib/winston/transports/console.js:87:23)

    console.log
      [34mdebug[39m: Role check passed {"path":"/orders/550e8400-e29b-41d4-a716-446655440205/pickup","role":"delivery","timestamp":"2026-04-19T14:13:56.198Z","userId":"550e8400-e29b-41d4-a716-446655440201"}

      at Console.log (node_modules/winston/lib/winston/transports/console.js:87:23)

    console.log
      [32minfo[39m: Order picked up {"orderId":"550e8400-e29b-41d4-a716-446655440205","timestamp":"2026-04-19T14:13:56.199Z","userId":"550e8400-e29b-41d4-a716-446655440201"}

      at Console.log (node_modules/winston/lib/winston/transports/console.js:87:23)

    console.log
      [32minfo[39m: Incoming request {"ip":"::ffff:127.0.0.1","method":"PATCH","path":"/api/v1/delivery/orders/550e8400-e29b-41d4-a716-446655440205/pickup","requestId":"81336c02-c997-4bf7-9027-e66c497281e6","timestamp":"2026-04-19T14:13:56.202Z"}

      at Console.log (node_modules/winston/lib/winston/transports/console.js:87:23)

    console.log
      [34mdebug[39m: Token verified {"role":"delivery","timestamp":"2026-04-19T14:13:56.203Z","userId":"550e8400-e29b-41d4-a716-446655440202"}

      at Console.log (node_modules/winston/lib/winston/transports/console.js:87:23)

    console.log
      [34mdebug[39m: Role check passed {"path":"/orders/550e8400-e29b-41d4-a716-446655440205/pickup","role":"delivery","timestamp":"2026-04-19T14:13:56.203Z","userId":"550e8400-e29b-41d4-a716-446655440202"}

      at Console.log (node_modules/winston/lib/winston/transports/console.js:87:23)

    console.log
      [31merror[39m: delivery: mark picked up failed {"error":"You are not assigned to this order.","orderId":"550e8400-e29b-41d4-a716-446655440205","timestamp":"2026-04-19T14:13:56.204Z","userId":"550e8400-e29b-41d4-a716-446655440202"}

      at Console.log (node_modules/winston/lib/winston/transports/console.js:87:23)

    console.log
      [33mwarn[39m: Application error You are not assigned to this order. {"code":"FORBIDDEN","path":"/api/v1/delivery/orders/550e8400-e29b-41d4-a716-446655440205/pickup","statusCode":403,"timestamp":"2026-04-19T14:13:56.204Z"}

      at Console.log (node_modules/winston/lib/winston/transports/console.js:87:23)

    console.log
      [32minfo[39m: Incoming request {"ip":"::ffff:127.0.0.1","method":"PATCH","path":"/api/v1/delivery/orders/550e8400-e29b-41d4-a716-446655440205/pickup","requestId":"b17b97f6-3a6a-47fd-82e5-6c430686428b","timestamp":"2026-04-19T14:13:56.205Z"}

      at Console.log (node_modules/winston/lib/winston/transports/console.js:87:23)

    console.log
      [34mdebug[39m: Token verified {"role":"delivery","timestamp":"2026-04-19T14:13:56.206Z","userId":"550e8400-e29b-41d4-a716-446655440201"}

      at Console.log (node_modules/winston/lib/winston/transports/console.js:87:23)

    console.log
      [34mdebug[39m: Role check passed {"path":"/orders/550e8400-e29b-41d4-a716-446655440205/pickup","role":"delivery","timestamp":"2026-04-19T14:13:56.206Z","userId":"550e8400-e29b-41d4-a716-446655440201"}

      at Console.log (node_modules/winston/lib/winston/transports/console.js:87:23)

    console.log
      [31merror[39m: delivery: mark picked up failed {"error":"Invalid transition: order is 'pending', expected one of: assigned","orderId":"550e8400-e29b-41d4-a716-446655440205","timestamp":"2026-04-19T14:13:56.207Z","userId":"550e8400-e29b-41d4-a716-446655440201"}

      at Console.log (node_modules/winston/lib/winston/transports/console.js:87:23)

    console.log
      [33mwarn[39m: Application error Invalid transition: order is 'pending', expected one of: assigned {"code":"ORDER_INVALID_TRANSITION","path":"/api/v1/delivery/orders/550e8400-e29b-41d4-a716-446655440205/pickup","statusCode":409,"timestamp":"2026-04-19T14:13:56.208Z"}

      at Console.log (node_modules/winston/lib/winston/transports/console.js:87:23)

    console.log
      [32minfo[39m: Incoming request {"ip":"::ffff:127.0.0.1","method":"PATCH","path":"/api/v1/delivery/orders/550e8400-e29b-41d4-a716-446655440205/deliver","requestId":"8bf0901e-7a60-4a9a-af5e-75e6389f383f","timestamp":"2026-04-19T14:13:56.209Z"}

      at Console.log (node_modules/winston/lib/winston/transports/console.js:87:23)

    console.log
      [34mdebug[39m: Token verified {"role":"delivery","timestamp":"2026-04-19T14:13:56.210Z","userId":"550e8400-e29b-41d4-a716-446655440201"}

      at Console.log (node_modules/winston/lib/winston/transports/console.js:87:23)

    console.log
      [34mdebug[39m: Role check passed {"path":"/orders/550e8400-e29b-41d4-a716-446655440205/deliver","role":"delivery","timestamp":"2026-04-19T14:13:56.210Z","userId":"550e8400-e29b-41d4-a716-446655440201"}

      at Console.log (node_modules/winston/lib/winston/transports/console.js:87:23)

    console.log
      [32minfo[39m: Order delivered {"deliveredAt":"2026-04-19T14:13:56.210Z","orderId":"550e8400-e29b-41d4-a716-446655440205","timestamp":"2026-04-19T14:13:56.211Z","userId":"550e8400-e29b-41d4-a716-446655440201"}

      at Console.log (node_modules/winston/lib/winston/transports/console.js:87:23)

    console.log
      [32minfo[39m: Incoming request {"ip":"::ffff:127.0.0.1","method":"PATCH","path":"/api/v1/delivery/orders/550e8400-e29b-41d4-a716-446655440205/deliver","requestId":"dad7a91f-28e8-4807-8cb0-39886371165c","timestamp":"2026-04-19T14:13:56.215Z"}

      at Console.log (node_modules/winston/lib/winston/transports/console.js:87:23)

    console.log
      [34mdebug[39m: Token verified {"role":"delivery","timestamp":"2026-04-19T14:13:56.216Z","userId":"550e8400-e29b-41d4-a716-446655440201"}

      at Console.log (node_modules/winston/lib/winston/transports/console.js:87:23)

    console.log
      [34mdebug[39m: Role check passed {"path":"/orders/550e8400-e29b-41d4-a716-446655440205/deliver","role":"delivery","timestamp":"2026-04-19T14:13:56.216Z","userId":"550e8400-e29b-41d4-a716-446655440201"}

      at Console.log (node_modules/winston/lib/winston/transports/console.js:87:23)

    console.log
      [32minfo[39m: Order delivered {"deliveredAt":"2026-04-19T14:13:56.217Z","orderId":"550e8400-e29b-41d4-a716-446655440205","timestamp":"2026-04-19T14:13:56.217Z","userId":"550e8400-e29b-41d4-a716-446655440201"}

      at Console.log (node_modules/winston/lib/winston/transports/console.js:87:23)

    console.log
      [32minfo[39m: Incoming request {"ip":"::ffff:127.0.0.1","method":"PATCH","path":"/api/v1/delivery/orders/550e8400-e29b-41d4-a716-446655440205/deliver","requestId":"1e01e9a1-cf3e-4aac-86b1-bd22ce5ec2c0","timestamp":"2026-04-19T14:13:56.219Z"}

      at Console.log (node_modules/winston/lib/winston/transports/console.js:87:23)

    console.log
      [34mdebug[39m: Token verified {"role":"delivery","timestamp":"2026-04-19T14:13:56.220Z","userId":"550e8400-e29b-41d4-a716-446655440202"}

      at Console.log (node_modules/winston/lib/winston/transports/console.js:87:23)

    console.log
      [34mdebug[39m: Role check passed {"path":"/orders/550e8400-e29b-41d4-a716-446655440205/deliver","role":"delivery","timestamp":"2026-04-19T14:13:56.220Z","userId":"550e8400-e29b-41d4-a716-446655440202"}

      at Console.log (node_modules/winston/lib/winston/transports/console.js:87:23)

    console.log
      [31merror[39m: delivery: mark delivered failed {"error":"You are not assigned to this order.","orderId":"550e8400-e29b-41d4-a716-446655440205","timestamp":"2026-04-19T14:13:56.221Z","userId":"550e8400-e29b-41d4-a716-446655440202"}

      at Console.log (node_modules/winston/lib/winston/transports/console.js:87:23)

    console.log
      [33mwarn[39m: Application error You are not assigned to this order. {"code":"FORBIDDEN","path":"/api/v1/delivery/orders/550e8400-e29b-41d4-a716-446655440205/deliver","statusCode":403,"timestamp":"2026-04-19T14:13:56.221Z"}

      at Console.log (node_modules/winston/lib/winston/transports/console.js:87:23)

    console.log
      [32minfo[39m: Incoming request {"ip":"::ffff:127.0.0.1","method":"PATCH","path":"/api/v1/delivery/orders/550e8400-e29b-41d4-a716-446655440205/deliver","requestId":"339301bf-94fe-45be-80af-4cfaf7cf7e2c","timestamp":"2026-04-19T14:13:56.222Z"}

      at Console.log (node_modules/winston/lib/winston/transports/console.js:87:23)

    console.log
      [34mdebug[39m: Token verified {"role":"delivery","timestamp":"2026-04-19T14:13:56.223Z","userId":"550e8400-e29b-41d4-a716-446655440201"}

      at Console.log (node_modules/winston/lib/winston/transports/console.js:87:23)

    console.log
      [34mdebug[39m: Role check passed {"path":"/orders/550e8400-e29b-41d4-a716-446655440205/deliver","role":"delivery","timestamp":"2026-04-19T14:13:56.224Z","userId":"550e8400-e29b-41d4-a716-446655440201"}

      at Console.log (node_modules/winston/lib/winston/transports/console.js:87:23)

    console.log
      [31merror[39m: delivery: mark delivered failed {"error":"Invalid transition: order is 'assigned', expected one of: picked_up, out_for_delivery","orderId":"550e8400-e29b-41d4-a716-446655440205","timestamp":"2026-04-19T14:13:56.224Z","userId":"550e8400-e29b-41d4-a716-446655440201"}

      at Console.log (node_modules/winston/lib/winston/transports/console.js:87:23)

    console.log
      [33mwarn[39m: Application error Invalid transition: order is 'assigned', expected one of: picked_up, out_for_delivery {"code":"ORDER_INVALID_TRANSITION","path":"/api/v1/delivery/orders/550e8400-e29b-41d4-a716-446655440205/deliver","statusCode":409,"timestamp":"2026-04-19T14:13:56.224Z"}

      at Console.log (node_modules/winston/lib/winston/transports/console.js:87:23)

    console.log
      [32minfo[39m: Incoming request {"ip":"::ffff:127.0.0.1","method":"PATCH","path":"/api/v1/delivery/orders/550e8400-e29b-41d4-a716-446655440205/deliver","requestId":"2c0e6715-16b2-41e6-b376-a0fdba0d42ad","timestamp":"2026-04-19T14:13:56.227Z"}

      at Console.log (node_modules/winston/lib/winston/transports/console.js:87:23)

    console.log
      [34mdebug[39m: Token verified {"role":"delivery","timestamp":"2026-04-19T14:13:56.229Z","userId":"550e8400-e29b-41d4-a716-446655440201"}

      at Console.log (node_modules/winston/lib/winston/transports/console.js:87:23)

    console.log
      [34mdebug[39m: Role check passed {"path":"/orders/550e8400-e29b-41d4-a716-446655440205/deliver","role":"delivery","timestamp":"2026-04-19T14:13:56.229Z","userId":"550e8400-e29b-41d4-a716-446655440201"}

      at Console.log (node_modules/winston/lib/winston/transports/console.js:87:23)

    console.log
      [31merror[39m: delivery: mark delivered failed {"error":"Order not found.","orderId":"550e8400-e29b-41d4-a716-446655440205","timestamp":"2026-04-19T14:13:56.229Z","userId":"550e8400-e29b-41d4-a716-446655440201"}

      at Console.log (node_modules/winston/lib/winston/transports/console.js:87:23)

    console.log
      [33mwarn[39m: Application error Order not found. {"code":"ORDER_NOT_FOUND","path":"/api/v1/delivery/orders/550e8400-e29b-41d4-a716-446655440205/deliver","statusCode":404,"timestamp":"2026-04-19T14:13:56.229Z"}

      at Console.log (node_modules/winston/lib/winston/transports/console.js:87:23)

    console.log
      [32minfo[39m: Incoming request {"ip":"::ffff:127.0.0.1","method":"PATCH","path":"/api/v1/delivery/orders/550e8400-e29b-41d4-a716-446655440205/accept","requestId":"fcf8ab50-ebbb-4658-9939-c2aaa8088e19","timestamp":"2026-04-19T14:13:56.240Z"}

      at Console.log (node_modules/winston/lib/winston/transports/console.js:87:23)

    console.log
      [34mdebug[39m: Token verified {"role":"delivery","timestamp":"2026-04-19T14:13:56.240Z","userId":"550e8400-e29b-41d4-a716-446655440201"}

      at Console.log (node_modules/winston/lib/winston/transports/console.js:87:23)

    console.log
      [34mdebug[39m: Role check passed {"path":"/orders/550e8400-e29b-41d4-a716-446655440205/accept","role":"delivery","timestamp":"2026-04-19T14:13:56.240Z","userId":"550e8400-e29b-41d4-a716-446655440201"}

      at Console.log (node_modules/winston/lib/winston/transports/console.js:87:23)

    console.log
      [32minfo[39m: Delivery partner accepted assignment {"orderId":"550e8400-e29b-41d4-a716-446655440205","timestamp":"2026-04-19T14:13:56.241Z","userId":"550e8400-e29b-41d4-a716-446655440201"}

      at Console.log (node_modules/winston/lib/winston/transports/console.js:87:23)

    console.log
      [32minfo[39m: Incoming request {"ip":"::ffff:127.0.0.1","method":"PATCH","path":"/api/v1/delivery/orders/550e8400-e29b-41d4-a716-446655440205/accept","requestId":"099bab51-5b02-4fc8-ab32-f4146038867a","timestamp":"2026-04-19T14:13:56.242Z"}

      at Console.log (node_modules/winston/lib/winston/transports/console.js:87:23)

    console.log
      [33mwarn[39m: Missing or invalid authorization header {"path":"/orders/550e8400-e29b-41d4-a716-446655440205/accept","timestamp":"2026-04-19T14:13:56.243Z"}

      at Console.log (node_modules/winston/lib/winston/transports/console.js:87:23)

    console.log
      [33mwarn[39m: Application error Authorization header missing or malformed {"code":"UNAUTHORIZED","path":"/api/v1/delivery/orders/550e8400-e29b-41d4-a716-446655440205/accept","statusCode":401,"timestamp":"2026-04-19T14:13:56.243Z"}

      at Console.log (node_modules/winston/lib/winston/transports/console.js:87:23)

    console.log
      [32minfo[39m: Incoming request {"ip":"::ffff:127.0.0.1","method":"PATCH","path":"/api/v1/delivery/orders/550e8400-e29b-41d4-a716-446655440205/pickup","requestId":"cd12eff7-d682-433d-bd88-1623fb96076a","timestamp":"2026-04-19T14:13:56.247Z"}

      at Console.log (node_modules/winston/lib/winston/transports/console.js:87:23)

    console.log
      [34mdebug[39m: Token verified {"role":"customer","timestamp":"2026-04-19T14:13:56.248Z","userId":"550e8400-e29b-41d4-a716-446655440203"}

      at Console.log (node_modules/winston/lib/winston/transports/console.js:87:23)

    console.log
      [33mwarn[39m: Unauthorized role access attempt {"allowedRoles":["delivery"],"path":"/orders/550e8400-e29b-41d4-a716-446655440205/pickup","timestamp":"2026-04-19T14:13:56.248Z","userId":"550e8400-e29b-41d4-a716-446655440203","userRole":"customer"}

      at Console.log (node_modules/winston/lib/winston/transports/console.js:87:23)

    console.log
      [33mwarn[39m: Application error Your role 'customer' does not have access to this resource. Allowed roles: delivery {"code":"FORBIDDEN","path":"/api/v1/delivery/orders/550e8400-e29b-41d4-a716-446655440205/pickup","statusCode":403,"timestamp":"2026-04-19T14:13:56.248Z"}

      at Console.log (node_modules/winston/lib/winston/transports/console.js:87:23)

PASS src/__tests__/integration/search.test.js
  ● Console

    console.log
      [32minfo[39m: Incoming request {"ip":"::ffff:127.0.0.1","method":"GET","path":"/api/v1/search/shops","requestId":"3bcc0fe8-e24b-4fa7-8dcc-cb0beee0ef4a","timestamp":"2026-04-19T14:13:56.198Z"}

      at Console.log (node_modules/winston/lib/winston/transports/console.js:87:23)

    console.log
      [32minfo[39m: SearchService.searchShops called {"category":"kirana","lat":17.385,"limit":20,"lng":78.4867,"openOnly":true,"page":1,"radiusKm":3,"timestamp":"2026-04-19T14:13:56.202Z"}

      at Console.log (node_modules/winston/lib/winston/transports/console.js:87:23)

    console.log
      [32minfo[39m: Shop search completed {"found":1,"limit":20,"page":1,"timestamp":"2026-04-19T14:13:56.205Z"}

      at Console.log (node_modules/winston/lib/winston/transports/console.js:87:23)

    console.log
      [32minfo[39m: Incoming request {"ip":"::ffff:127.0.0.1","method":"GET","path":"/api/v1/search/shops","requestId":"fba198d2-5f2e-4c59-b228-30ef9fbc6668","timestamp":"2026-04-19T14:13:56.207Z"}

      at Console.log (node_modules/winston/lib/winston/transports/console.js:87:23)

    console.log
      [32minfo[39m: SearchService.searchShops called {"category":null,"lat":17.385,"limit":20,"lng":78.4867,"openOnly":false,"page":1,"radiusKm":3,"timestamp":"2026-04-19T14:13:56.208Z"}

      at Console.log (node_modules/winston/lib/winston/transports/console.js:87:23)

    console.log
      [32minfo[39m: Shop search completed {"found":0,"limit":20,"page":1,"timestamp":"2026-04-19T14:13:56.208Z"}

      at Console.log (node_modules/winston/lib/winston/transports/console.js:87:23)

    console.log
      [32minfo[39m: Incoming request {"ip":"::ffff:127.0.0.1","method":"GET","path":"/api/v1/search/shops","requestId":"1ac51c8f-cf45-4629-b4ab-9162252735b2","timestamp":"2026-04-19T14:13:56.210Z"}

      at Console.log (node_modules/winston/lib/winston/transports/console.js:87:23)

    console.log
      [33mwarn[39m: Validation error {"messages":"\"lat\" is required","path":"/shops","source":"query","timestamp":"2026-04-19T14:13:56.211Z"}

      at Console.log (node_modules/winston/lib/winston/transports/console.js:87:23)

    console.log
      [33mwarn[39m: Application error Validation failed: "lat" is required {"code":"VALIDATION_ERROR","path":"/api/v1/search/shops","statusCode":400,"timestamp":"2026-04-19T14:13:56.212Z"}

      at Console.log (node_modules/winston/lib/winston/transports/console.js:87:23)

    console.log
      [32minfo[39m: Incoming request {"ip":"::ffff:127.0.0.1","method":"GET","path":"/api/v1/search/shops","requestId":"5be8674a-cefe-42a0-89e7-63640f4cfe93","timestamp":"2026-04-19T14:13:56.215Z"}

      at Console.log (node_modules/winston/lib/winston/transports/console.js:87:23)

    console.log
      [33mwarn[39m: Validation error {"messages":"Category must be one of: kirana, vegetable_vendor, pharmacy, restaurant, pet_store, mobile_shop, furniture_store","path":"/shops","source":"query","timestamp":"2026-04-19T14:13:56.217Z"}

      at Console.log (node_modules/winston/lib/winston/transports/console.js:87:23)

    console.log
      [33mwarn[39m: Application error Validation failed: Category must be one of: kirana, vegetable_vendor, pharmacy, restaurant, pet_store, mobile_shop, furniture_store {"code":"VALIDATION_ERROR","path":"/api/v1/search/shops","statusCode":400,"timestamp":"2026-04-19T14:13:56.218Z"}

      at Console.log (node_modules/winston/lib/winston/transports/console.js:87:23)

    console.log
      [32minfo[39m: Incoming request {"ip":"::ffff:127.0.0.1","method":"GET","path":"/api/v1/search/shops","requestId":"2b872eae-3a1e-47ab-9aef-0024c1ed75c7","timestamp":"2026-04-19T14:13:56.220Z"}

      at Console.log (node_modules/winston/lib/winston/transports/console.js:87:23)

    console.log
      [33mwarn[39m: Validation error {"messages":"radius_km must not exceed 20","path":"/shops","source":"query","timestamp":"2026-04-19T14:13:56.220Z"}

      at Console.log (node_modules/winston/lib/winston/transports/console.js:87:23)

    console.log
      [33mwarn[39m: Application error Validation failed: radius_km must not exceed 20 {"code":"VALIDATION_ERROR","path":"/api/v1/search/shops","statusCode":400,"timestamp":"2026-04-19T14:13:56.220Z"}

      at Console.log (node_modules/winston/lib/winston/transports/console.js:87:23)

    console.log
      [32minfo[39m: Incoming request {"ip":"::ffff:127.0.0.1","method":"GET","path":"/api/v1/search/shops","requestId":"059b4f7e-79da-492b-9fde-28bd9aa136ec","timestamp":"2026-04-19T14:13:56.222Z"}

      at Console.log (node_modules/winston/lib/winston/transports/console.js:87:23)

    console.log
      [32minfo[39m: SearchService.searchShops called {"category":null,"lat":17.385,"limit":20,"lng":78.4867,"openOnly":false,"page":1,"radiusKm":3,"timestamp":"2026-04-19T14:13:56.222Z"}

      at Console.log (node_modules/winston/lib/winston/transports/console.js:87:23)

    console.log
      [31merror[39m: SearchService.searchShops failed {"error":"typesense unavailable","lat":17.385,"lng":78.4867,"radiusKm":3,"timestamp":"2026-04-19T14:13:56.223Z"}

      at Console.log (node_modules/winston/lib/winston/transports/console.js:87:23)

    console.log
      [31merror[39m: Search shops endpoint error {"error":"Failed to search shops. Please try again.","query":{"lat":17.385,"limit":20,"lng":78.4867,"open_only":false,"page":1,"radius_km":3},"timestamp":"2026-04-19T14:13:56.223Z"}

      at Console.log (node_modules/winston/lib/winston/transports/console.js:87:23)

    console.log
      [33mwarn[39m: Application error Failed to search shops. Please try again. {"code":"INTERNAL_ERROR","path":"/api/v1/search/shops","statusCode":500,"timestamp":"2026-04-19T14:13:56.223Z"}

      at Console.log (node_modules/winston/lib/winston/transports/console.js:87:23)

    console.log
      [32minfo[39m: Incoming request {"ip":"::ffff:127.0.0.1","method":"GET","path":"/api/v1/search/products","requestId":"f4f4e2cc-9635-4c97-9a68-9a9464ab3127","timestamp":"2026-04-19T14:13:56.224Z"}

      at Console.log (node_modules/winston/lib/winston/transports/console.js:87:23)

    console.log
      [32minfo[39m: SearchService.searchProducts called {"category":"dairy","limit":20,"page":1,"q":"mlik","shopId":"550e8400-e29b-41d4-a716-446655440020","timestamp":"2026-04-19T14:13:56.225Z"}

      at Console.log (node_modules/winston/lib/winston/transports/console.js:87:23)

    console.log
      [32minfo[39m: Product search completed {"found":1,"limit":20,"page":1,"timestamp":"2026-04-19T14:13:56.226Z"}

      at Console.log (node_modules/winston/lib/winston/transports/console.js:87:23)

    console.log
      [32minfo[39m: Incoming request {"ip":"::ffff:127.0.0.1","method":"GET","path":"/api/v1/search/products","requestId":"93f7116b-4f62-4389-915c-338d8fbc0f57","timestamp":"2026-04-19T14:13:56.229Z"}

      at Console.log (node_modules/winston/lib/winston/transports/console.js:87:23)

    console.log
      [32minfo[39m: SearchService.searchProducts called {"category":null,"limit":20,"page":1,"q":"milk","shopId":null,"timestamp":"2026-04-19T14:13:56.230Z"}

      at Console.log (node_modules/winston/lib/winston/transports/console.js:87:23)

    console.log
      [32minfo[39m: Product search completed {"found":0,"limit":20,"page":1,"timestamp":"2026-04-19T14:13:56.231Z"}

      at Console.log (node_modules/winston/lib/winston/transports/console.js:87:23)

    console.log
      [32minfo[39m: Incoming request {"ip":"::ffff:127.0.0.1","method":"GET","path":"/api/v1/search/products","requestId":"f53f2b55-12ff-4c84-87fe-5fbd32a1bfdd","timestamp":"2026-04-19T14:13:56.236Z"}

      at Console.log (node_modules/winston/lib/winston/transports/console.js:87:23)

    console.log
      [33mwarn[39m: Validation error {"messages":"\"q\" is required","path":"/products","source":"query","timestamp":"2026-04-19T14:13:56.236Z"}

      at Console.log (node_modules/winston/lib/winston/transports/console.js:87:23)

    console.log
      [33mwarn[39m: Application error Validation failed: "q" is required {"code":"VALIDATION_ERROR","path":"/api/v1/search/products","statusCode":400,"timestamp":"2026-04-19T14:13:56.238Z"}

      at Console.log (node_modules/winston/lib/winston/transports/console.js:87:23)

    console.log
      [32minfo[39m: Incoming request {"ip":"::ffff:127.0.0.1","method":"GET","path":"/api/v1/search/products","requestId":"0fc69682-d589-4b63-ad9d-c49de6cebc7c","timestamp":"2026-04-19T14:13:56.239Z"}

      at Console.log (node_modules/winston/lib/winston/transports/console.js:87:23)

    console.log
      [33mwarn[39m: Validation error {"messages":"Category must be one of: grocery, vegetable, fruit, dairy, medicine, personal_care, household, electronics, clothing, food_beverage, pet_supplies, other","path":"/products","source":"query","timestamp":"2026-04-19T14:13:56.240Z"}

      at Console.log (node_modules/winston/lib/winston/transports/console.js:87:23)

    console.log
      [33mwarn[39m: Application error Validation failed: Category must be one of: grocery, vegetable, fruit, dairy, medicine, personal_care, household, electronics, clothing, food_beverage, pet_supplies, other {"code":"VALIDATION_ERROR","path":"/api/v1/search/products","statusCode":400,"timestamp":"2026-04-19T14:13:56.240Z"}

      at Console.log (node_modules/winston/lib/winston/transports/console.js:87:23)

    console.log
      [32minfo[39m: Incoming request {"ip":"::ffff:127.0.0.1","method":"GET","path":"/api/v1/search/products","requestId":"979227ec-4349-49f2-8adc-11c9bc841616","timestamp":"2026-04-19T14:13:56.242Z"}

      at Console.log (node_modules/winston/lib/winston/transports/console.js:87:23)

    console.log
      [33mwarn[39m: Validation error {"messages":"shop_id must be a valid UUID","path":"/products","source":"query","timestamp":"2026-04-19T14:13:56.243Z"}

      at Console.log (node_modules/winston/lib/winston/transports/console.js:87:23)

    console.log
      [33mwarn[39m: Application error Validation failed: shop_id must be a valid UUID {"code":"VALIDATION_ERROR","path":"/api/v1/search/products","statusCode":400,"timestamp":"2026-04-19T14:13:56.244Z"}

      at Console.log (node_modules/winston/lib/winston/transports/console.js:87:23)

    console.log
      [32minfo[39m: Incoming request {"ip":"::ffff:127.0.0.1","method":"GET","path":"/api/v1/search/products","requestId":"d14aae1e-2c7e-4885-89dc-7208c40501c6","timestamp":"2026-04-19T14:13:56.247Z"}

      at Console.log (node_modules/winston/lib/winston/transports/console.js:87:23)

    console.log
      [32minfo[39m: SearchService.searchProducts called {"category":null,"limit":20,"page":1,"q":"milk","shopId":null,"timestamp":"2026-04-19T14:13:56.249Z"}

      at Console.log (node_modules/winston/lib/winston/transports/console.js:87:23)

    console.log
      [31merror[39m: SearchService.searchProducts failed {"category":null,"error":"typesense unavailable","q":"milk","shopId":null,"timestamp":"2026-04-19T14:13:56.250Z"}

      at Console.log (node_modules/winston/lib/winston/transports/console.js:87:23)

    console.log
      [31merror[39m: Search products endpoint error {"error":"Failed to search products. Please try again.","query":{"limit":20,"page":1,"q":"milk"},"timestamp":"2026-04-19T14:13:56.251Z"}

      at Console.log (node_modules/winston/lib/winston/transports/console.js:87:23)

    console.log
      [33mwarn[39m: Application error Failed to search products. Please try again. {"code":"INTERNAL_ERROR","path":"/api/v1/search/products","statusCode":500,"timestamp":"2026-04-19T14:13:56.251Z"}

      at Console.log (node_modules/winston/lib/winston/transports/console.js:87:23)

PASS src/__tests__/integration/sprint1.e2e.test.js
  ● Console

    console.log
      [32minfo[39m: Incoming request {"ip":"::ffff:127.0.0.1","method":"GET","path":"/health","requestId":"3e2d9cdd-ff5a-4c39-a831-3256538ede4b","timestamp":"2026-04-19T14:13:56.287Z"}

      at Console.log (node_modules/winston/lib/winston/transports/console.js:87:23)

    console.log
      [32minfo[39m: Incoming request {"ip":"::ffff:127.0.0.1","method":"GET","path":"/readiness","requestId":"b2238f42-79c1-4f6f-b395-3f98e4125997","timestamp":"2026-04-19T14:13:56.288Z"}

      at Console.log (node_modules/winston/lib/winston/transports/console.js:87:23)

    console.log
      [32minfo[39m: Incoming request {"ip":"::ffff:127.0.0.1","method":"POST","path":"/api/v1/auth/send-otp","requestId":"2adf274a-0d4a-4326-a4ee-42887420dec6","timestamp":"2026-04-19T14:13:56.290Z"}

      at Console.log (node_modules/winston/lib/winston/transports/console.js:87:23)

    console.log
      [32minfo[39m: Send OTP requested {"phone":"3210","timestamp":"2026-04-19T14:13:56.292Z"}

      at Console.log (node_modules/winston/lib/winston/transports/console.js:87:23)

    console.log
      [32minfo[39m: OTP generated and stored {"devMode":false,"phone":"3210","timestamp":"2026-04-19T14:13:56.293Z"}

      at Console.log (node_modules/winston/lib/winston/transports/console.js:87:23)

    console.log
      [32minfo[39m: Incoming request {"ip":"::ffff:127.0.0.1","method":"POST","path":"/api/v1/auth/verify-otp","requestId":"022e5bcd-77b6-4531-84a1-eb85f7cf127e","timestamp":"2026-04-19T14:13:56.293Z"}

      at Console.log (node_modules/winston/lib/winston/transports/console.js:87:23)

    console.log
      [32minfo[39m: New user profile created {"phone":"3210","role":"customer","timestamp":"2026-04-19T14:13:56.294Z","userId":"f81e1e1c-2f00-4413-a34c-1e1e8087e1c7"}

      at Console.log (node_modules/winston/lib/winston/transports/console.js:87:23)

    console.log
      [32minfo[39m: OTP verification successful {"phone":"3210","timestamp":"2026-04-19T14:13:56.294Z","userId":"f81e1e1c-2f00-4413-a34c-1e1e8087e1c7"}

      at Console.log (node_modules/winston/lib/winston/transports/console.js:87:23)


  ●  Cannot log after tests are done. Did you forget to wait for something async in your test?
    Attempted to log "Error: connect ECONNREFUSED 127.0.0.1:6379
        at TCPConnectWrap.afterConnect [as oncomplete] (node:net:1637:16) {
      errno: -61,
      code: 'ECONNREFUSED',
      syscall: 'connect',
      address: '127.0.0.1',
      port: 6379
    }".

      at TCPConnectWrap.afterConnect [as oncomplete] (node:net:1637:16) {
        errno: -61,
        code: 'ECONNREFUSED',
        syscall: 'connect',
        address: '127.0.0.1',
        port: 6379
      }".
      at console.error (node_modules/@jest/console/build/BufferedConsole.js:127:10)
      at Queue.emit (node_modules/bullmq/src/classes/queue-base.ts:137:17)
      at Queue.emit (node_modules/bullmq/src/classes/queue.ts:193:18)
      at RedisConnection.<anonymous> (node_modules/bullmq/src/classes/queue-base.ts:76:56)
      at EventEmitter.RedisConnection.handleClientError (node_modules/bullmq/src/classes/redis-connection.ts:123:12)
      at EventEmitter.silentEmit (node_modules/ioredis/built/Redis.js:529:30)
      at Socket.<anonymous> (node_modules/ioredis/built/redis/event_handler.js:221:14)

PASS src/__tests__/integration/shopsKyc.test.js
  ● Console

    console.log
      [32minfo[39m: Typesense client initialized {"host":"localhost","port":"8108","protocol":"http","timestamp":"2026-04-19T14:13:56.286Z"}

      at Console.log (node_modules/winston/lib/winston/transports/console.js:87:23)

    console.log
      [32minfo[39m: Incoming request {"ip":"::ffff:127.0.0.1","method":"POST","path":"/api/v1/shops/550e8400-e29b-41d4-a716-446655440020/kyc","requestId":"6b89eaec-d290-4227-9259-e73d1abd5e55","timestamp":"2026-04-19T14:13:56.374Z"}

      at Console.log (node_modules/winston/lib/winston/transports/console.js:87:23)

    console.log
      [34mdebug[39m: Token verified {"role":"shop_owner","timestamp":"2026-04-19T14:13:56.377Z","userId":"550e8400-e29b-41d4-a716-446655440001"}

      at Console.log (node_modules/winston/lib/winston/transports/console.js:87:23)

    console.log
      [34mdebug[39m: Multer fileFilter processing {"fieldname":"document","mimetype":"application/pdf","timestamp":"2026-04-19T14:13:56.378Z"}

      at Console.log (node_modules/winston/lib/winston/transports/console.js:87:23)

    console.log
      [34mdebug[39m: File passed multer validation {"fieldname":"document","timestamp":"2026-04-19T14:13:56.380Z"}

      at Console.log (node_modules/winston/lib/winston/transports/console.js:87:23)

    console.log
      [34mdebug[39m: Role check passed {"path":"/550e8400-e29b-41d4-a716-446655440020/kyc","role":"shop_owner","timestamp":"2026-04-19T14:13:56.382Z","userId":"550e8400-e29b-41d4-a716-446655440001"}

      at Console.log (node_modules/winston/lib/winston/transports/console.js:87:23)

    console.log
      [34mdebug[39m: Shop ownership verified via database {"shopId":"550e8400-e29b-41d4-a716-446655440020","timestamp":"2026-04-19T14:13:56.382Z","userId":"550e8400-e29b-41d4-a716-446655440001"}

      at Console.log (node_modules/winston/lib/winston/transports/console.js:87:23)

    console.log
      [34mdebug[39m: KYC upload request received {"hasFile":true,"hasIdempotencyKey":true,"shopId":"550e8400-e29b-41d4-a716-446655440020","timestamp":"2026-04-19T14:13:56.382Z","userId":"550e8400-e29b-41d4-a716-446655440001"}

      at Console.log (node_modules/winston/lib/winston/transports/console.js:87:23)

    console.log
      [32minfo[39m: Starting KYC document upload {"filename":"kyc.pdf","hasIdempotencyKey":true,"shopId":"550e8400-e29b-41d4-a716-446655440020","size":8192,"timestamp":"2026-04-19T14:13:56.384Z","userId":"550e8400-e29b-41d4-a716-446655440001"}

      at Console.log (node_modules/winston/lib/winston/transports/console.js:87:23)

    console.log
      [34mdebug[39m: Generated R2 key for KYC upload {"key":"kyc/550e8400-e29b-41d4-a716-446655440020/1776608036388-463a8177.pdf","shopId":"550e8400-e29b-41d4-a716-446655440020","timestamp":"2026-04-19T14:13:56.388Z"}

      at Console.log (node_modules/winston/lib/winston/transports/console.js:87:23)

    console.log
      [32minfo[39m: KYC file uploaded to R2 {"bucket":"nearby-kyc","key":"kyc/550e8400-e29b-41d4-a716-446655440020/1776608036388-463a8177.pdf","shopId":"550e8400-e29b-41d4-a716-446655440020","timestamp":"2026-04-19T14:13:56.388Z"}

      at Console.log (node_modules/winston/lib/winston/transports/console.js:87:23)

    console.log
      [34mdebug[39m: Generated signed URL for KYC document {"expiresIn":300,"shopId":"550e8400-e29b-41d4-a716-446655440020","timestamp":"2026-04-19T14:13:56.388Z"}

      at Console.log (node_modules/winston/lib/winston/transports/console.js:87:23)

    console.log
      [32minfo[39m: KYC document upload completed successfully {"kycStatus":"kyc_submitted","shopId":"550e8400-e29b-41d4-a716-446655440020","timestamp":"2026-04-19T14:13:56.388Z","userId":"550e8400-e29b-41d4-a716-446655440001"}

      at Console.log (node_modules/winston/lib/winston/transports/console.js:87:23)

    console.log
      [32minfo[39m: KYC upload endpoint success {"kycStatus":"kyc_submitted","shopId":"550e8400-e29b-41d4-a716-446655440020","timestamp":"2026-04-19T14:13:56.388Z","userId":"550e8400-e29b-41d4-a716-446655440001"}

      at Console.log (node_modules/winston/lib/winston/transports/console.js:87:23)

    console.log
      [32minfo[39m: Incoming request {"ip":"::ffff:127.0.0.1","method":"POST","path":"/api/v1/shops/550e8400-e29b-41d4-a716-446655440020/kyc","requestId":"f4f5547c-6ae5-44ff-b4bf-e465b45b31c1","timestamp":"2026-04-19T14:13:56.391Z"}

      at Console.log (node_modules/winston/lib/winston/transports/console.js:87:23)

    console.log
      [34mdebug[39m: Token verified {"role":"shop_owner","timestamp":"2026-04-19T14:13:56.392Z","userId":"550e8400-e29b-41d4-a716-446655440001"}

      at Console.log (node_modules/winston/lib/winston/transports/console.js:87:23)

    console.log
      [34mdebug[39m: Multer fileFilter processing {"fieldname":"document","mimetype":"application/pdf","timestamp":"2026-04-19T14:13:56.392Z"}

      at Console.log (node_modules/winston/lib/winston/transports/console.js:87:23)

    console.log
      [34mdebug[39m: File passed multer validation {"fieldname":"document","timestamp":"2026-04-19T14:13:56.392Z"}

      at Console.log (node_modules/winston/lib/winston/transports/console.js:87:23)

    console.log
      [34mdebug[39m: Role check passed {"path":"/550e8400-e29b-41d4-a716-446655440020/kyc","role":"shop_owner","timestamp":"2026-04-19T14:13:56.393Z","userId":"550e8400-e29b-41d4-a716-446655440001"}

      at Console.log (node_modules/winston/lib/winston/transports/console.js:87:23)

    console.log
      [34mdebug[39m: Shop ownership verified via database {"shopId":"550e8400-e29b-41d4-a716-446655440020","timestamp":"2026-04-19T14:13:56.393Z","userId":"550e8400-e29b-41d4-a716-446655440001"}

      at Console.log (node_modules/winston/lib/winston/transports/console.js:87:23)

    console.log
      [34mdebug[39m: KYC upload request received {"hasFile":true,"hasIdempotencyKey":true,"shopId":"550e8400-e29b-41d4-a716-446655440020","timestamp":"2026-04-19T14:13:56.393Z","userId":"550e8400-e29b-41d4-a716-446655440001"}

      at Console.log (node_modules/winston/lib/winston/transports/console.js:87:23)

    console.log
      [32minfo[39m: Starting KYC document upload {"filename":"kyc.pdf","hasIdempotencyKey":true,"shopId":"550e8400-e29b-41d4-a716-446655440020","size":8192,"timestamp":"2026-04-19T14:13:56.393Z","userId":"550e8400-e29b-41d4-a716-446655440001"}

      at Console.log (node_modules/winston/lib/winston/transports/console.js:87:23)

    console.log
      [32minfo[39m: KYC upload idempotency hit, returning cached response {"idempotencyKey":"85e9f9ff-7601-4440-90c5-fd7f8dbf7f7c","shopId":"550e8400-e29b-41d4-a716-446655440020","timestamp":"2026-04-19T14:13:56.393Z"}

      at Console.log (node_modules/winston/lib/winston/transports/console.js:87:23)

    console.log
      [32minfo[39m: KYC upload endpoint success {"kycStatus":"kyc_submitted","shopId":"550e8400-e29b-41d4-a716-446655440020","timestamp":"2026-04-19T14:13:56.393Z","userId":"550e8400-e29b-41d4-a716-446655440001"}

      at Console.log (node_modules/winston/lib/winston/transports/console.js:87:23)

    console.log
      [32minfo[39m: Incoming request {"ip":"::ffff:127.0.0.1","method":"POST","path":"/api/v1/shops/550e8400-e29b-41d4-a716-446655440020/kyc","requestId":"45bb4ac5-2801-4d06-93b8-6293845c87d5","timestamp":"2026-04-19T14:13:56.394Z"}

      at Console.log (node_modules/winston/lib/winston/transports/console.js:87:23)

    console.log
      [34mdebug[39m: Token verified {"role":"shop_owner","timestamp":"2026-04-19T14:13:56.395Z","userId":"550e8400-e29b-41d4-a716-446655440001"}

      at Console.log (node_modules/winston/lib/winston/transports/console.js:87:23)

    console.log
      [34mdebug[39m: Multer fileFilter processing {"fieldname":"document","mimetype":"application/pdf","timestamp":"2026-04-19T14:13:56.395Z"}

      at Console.log (node_modules/winston/lib/winston/transports/console.js:87:23)

    console.log
      [34mdebug[39m: File passed multer validation {"fieldname":"document","timestamp":"2026-04-19T14:13:56.395Z"}

      at Console.log (node_modules/winston/lib/winston/transports/console.js:87:23)

    console.log
      [34mdebug[39m: Role check passed {"path":"/550e8400-e29b-41d4-a716-446655440020/kyc","role":"shop_owner","timestamp":"2026-04-19T14:13:56.395Z","userId":"550e8400-e29b-41d4-a716-446655440001"}

      at Console.log (node_modules/winston/lib/winston/transports/console.js:87:23)

    console.log
      [34mdebug[39m: Shop ownership verified via database {"shopId":"550e8400-e29b-41d4-a716-446655440020","timestamp":"2026-04-19T14:13:56.395Z","userId":"550e8400-e29b-41d4-a716-446655440001"}

      at Console.log (node_modules/winston/lib/winston/transports/console.js:87:23)

    console.log
      [34mdebug[39m: KYC upload request received {"hasFile":true,"hasIdempotencyKey":false,"shopId":"550e8400-e29b-41d4-a716-446655440020","timestamp":"2026-04-19T14:13:56.396Z","userId":"550e8400-e29b-41d4-a716-446655440001"}

      at Console.log (node_modules/winston/lib/winston/transports/console.js:87:23)

    console.log
      [32minfo[39m: Starting KYC document upload {"filename":"kyc.pdf","hasIdempotencyKey":false,"shopId":"550e8400-e29b-41d4-a716-446655440020","size":8192,"timestamp":"2026-04-19T14:13:56.396Z","userId":"550e8400-e29b-41d4-a716-446655440001"}

      at Console.log (node_modules/winston/lib/winston/transports/console.js:87:23)

    console.log
      [33mwarn[39m: KYC upload: Missing idempotency key {"shopId":"550e8400-e29b-41d4-a716-446655440020","timestamp":"2026-04-19T14:13:56.396Z","userId":"550e8400-e29b-41d4-a716-446655440001"}

      at Console.log (node_modules/winston/lib/winston/transports/console.js:87:23)

    console.log
      [31merror[39m: KYC upload endpoint error {"error":"idempotency-key header is required","shopId":"550e8400-e29b-41d4-a716-446655440020","timestamp":"2026-04-19T14:13:56.396Z","userId":"550e8400-e29b-41d4-a716-446655440001"}

      at Console.log (node_modules/winston/lib/winston/transports/console.js:87:23)

    console.log
      [33mwarn[39m: Application error idempotency-key header is required {"code":"VALIDATION_ERROR","path":"/api/v1/shops/550e8400-e29b-41d4-a716-446655440020/kyc","statusCode":400,"timestamp":"2026-04-19T14:13:56.397Z"}

      at Console.log (node_modules/winston/lib/winston/transports/console.js:87:23)

    console.log
      [32minfo[39m: Incoming request {"ip":"::ffff:127.0.0.1","method":"POST","path":"/api/v1/shops/550e8400-e29b-41d4-a716-446655440020/kyc","requestId":"ee45cf5b-6483-4658-9cb8-b31900ffbe65","timestamp":"2026-04-19T14:13:56.400Z"}

      at Console.log (node_modules/winston/lib/winston/transports/console.js:87:23)

    console.log
      [34mdebug[39m: Token verified {"role":"shop_owner","timestamp":"2026-04-19T14:13:56.400Z","userId":"550e8400-e29b-41d4-a716-446655440001"}

      at Console.log (node_modules/winston/lib/winston/transports/console.js:87:23)

    console.log
      [34mdebug[39m: Role check passed {"path":"/550e8400-e29b-41d4-a716-446655440020/kyc","role":"shop_owner","timestamp":"2026-04-19T14:13:56.402Z","userId":"550e8400-e29b-41d4-a716-446655440001"}

      at Console.log (node_modules/winston/lib/winston/transports/console.js:87:23)

    console.log
      [33mwarn[39m: KYC upload: No file in request {"shopId":"550e8400-e29b-41d4-a716-446655440020","timestamp":"2026-04-19T14:13:56.402Z","userId":"550e8400-e29b-41d4-a716-446655440001"}

      at Console.log (node_modules/winston/lib/winston/transports/console.js:87:23)

    console.log
      [32minfo[39m: Incoming request {"ip":"::ffff:127.0.0.1","method":"POST","path":"/api/v1/shops/550e8400-e29b-41d4-a716-446655440020/kyc","requestId":"97f690e6-5030-42f2-8510-b7ed39a7ad6b","timestamp":"2026-04-19T14:13:56.404Z"}

      at Console.log (node_modules/winston/lib/winston/transports/console.js:87:23)

    console.log
      [34mdebug[39m: Token verified {"role":"shop_owner","timestamp":"2026-04-19T14:13:56.404Z","userId":"550e8400-e29b-41d4-a716-446655440001"}

      at Console.log (node_modules/winston/lib/winston/transports/console.js:87:23)

    console.log
      [34mdebug[39m: Multer fileFilter processing {"fieldname":"document","mimetype":"application/pdf","timestamp":"2026-04-19T14:13:56.405Z"}

      at Console.log (node_modules/winston/lib/winston/transports/console.js:87:23)

    console.log
      [34mdebug[39m: File passed multer validation {"fieldname":"document","timestamp":"2026-04-19T14:13:56.405Z"}

      at Console.log (node_modules/winston/lib/winston/transports/console.js:87:23)

    console.log
      [34mdebug[39m: Role check passed {"path":"/550e8400-e29b-41d4-a716-446655440020/kyc","role":"shop_owner","timestamp":"2026-04-19T14:13:56.405Z","userId":"550e8400-e29b-41d4-a716-446655440001"}

      at Console.log (node_modules/winston/lib/winston/transports/console.js:87:23)

    console.log
      [33mwarn[39m: Database ownership check failed (JWT manipulation attempt?) {"shopId":"550e8400-e29b-41d4-a716-446655440020","shopOwnerId":"550e8400-e29b-41d4-a716-446655440099","timestamp":"2026-04-19T14:13:56.405Z","userId":"550e8400-e29b-41d4-a716-446655440001"}

      at Console.log (node_modules/winston/lib/winston/transports/console.js:87:23)

    console.log
      [33mwarn[39m: Application error You do not own this shop {"code":"FORBIDDEN","path":"/api/v1/shops/550e8400-e29b-41d4-a716-446655440020/kyc","statusCode":403,"timestamp":"2026-04-19T14:13:56.405Z"}

      at Console.log (node_modules/winston/lib/winston/transports/console.js:87:23)

PASS __tests__/integration/trust-score.integration.test.js
  ● Console

    console.log
      [32minfo[39m: Starting nightly trust score recomputation {"timestamp":"2026-04-19T14:13:56.510Z"}

      at Console.log (node_modules/winston/lib/winston/transports/console.js:87:23)

    console.log
      [31merror[39m: Error processing shop in trust score job {"error":"_supabase.supabase.from(...).select(...).eq(...).eq is not a function","shopId":"fda04759-39a9-44b9-9b01-2a11e06df722","timestamp":"2026-04-19T14:13:56.518Z"}

      at Console.log (node_modules/winston/lib/winston/transports/console.js:87:23)

    console.log
      [32minfo[39m: Trust score job completed {"alertCount":0,"jobId":"test-job","timestamp":"2026-04-19T14:13:56.519Z","totalShops":1,"updatedCount":0}

      at Console.log (node_modules/winston/lib/winston/transports/console.js:87:23)

    console.log
      [32minfo[39m: Starting nightly trust score recomputation {"timestamp":"2026-04-19T14:13:56.520Z"}

      at Console.log (node_modules/winston/lib/winston/transports/console.js:87:23)

    console.log
      [31merror[39m: Error processing shop in trust score job {"error":"_supabase.supabase.from(...).select(...).eq(...).eq is not a function","shopId":"fda04759-39a9-44b9-9b01-2a11e06df722","timestamp":"2026-04-19T14:13:56.520Z"}

      at Console.log (node_modules/winston/lib/winston/transports/console.js:87:23)

    console.log
      [32minfo[39m: Trust score job completed {"alertCount":0,"jobId":"test-job","timestamp":"2026-04-19T14:13:56.520Z","totalShops":1,"updatedCount":0}

      at Console.log (node_modules/winston/lib/winston/transports/console.js:87:23)


  ●  Cannot log after tests are done. Did you forget to wait for something async in your test?
    Attempted to log "Error: connect ECONNREFUSED 127.0.0.1:6379
        at TCPConnectWrap.afterConnect [as oncomplete] (node:net:1637:16) {
      errno: -61,
      code: 'ECONNREFUSED',
      syscall: 'connect',
      address: '127.0.0.1',
      port: 6379
    }".

      at TCPConnectWrap.afterConnect [as oncomplete] (node:net:1637:16) {
        errno: -61,
        code: 'ECONNREFUSED',
        syscall: 'connect',
        address: '127.0.0.1',
        port: 6379
      }".
      at console.error (node_modules/@jest/console/build/BufferedConsole.js:127:10)
      at Queue.emit (node_modules/bullmq/src/classes/queue-base.ts:137:17)
      at Queue.emit (node_modules/bullmq/src/classes/queue.ts:193:18)
      at RedisConnection.<anonymous> (node_modules/bullmq/src/classes/queue-base.ts:76:56)
      at EventEmitter.RedisConnection.handleClientError (node_modules/bullmq/src/classes/redis-connection.ts:123:12)
      at EventEmitter.silentEmit (node_modules/ioredis/built/Redis.js:529:30)
      at Socket.<anonymous> (node_modules/ioredis/built/redis/event_handler.js:221:14)


  ●  Cannot log after tests are done. Did you forget to wait for something async in your test?
    Attempted to log "Error: connect ECONNREFUSED 127.0.0.1:6379
        at TCPConnectWrap.afterConnect [as oncomplete] (node:net:1637:16) {
      errno: -61,
      code: 'ECONNREFUSED',
      syscall: 'connect',
      address: '127.0.0.1',
      port: 6379
    }".

      at TCPConnectWrap.afterConnect [as oncomplete] (node:net:1637:16) {
        errno: -61,
        code: 'ECONNREFUSED',
        syscall: 'connect',
        address: '127.0.0.1',
        port: 6379
      }".
      at console.error (node_modules/@jest/console/build/BufferedConsole.js:127:10)
      at Queue.emit (node_modules/bullmq/src/classes/queue-base.ts:137:17)
      at Queue.emit (node_modules/bullmq/src/classes/queue.ts:193:18)
      at RedisConnection.<anonymous> (node_modules/bullmq/src/classes/queue-base.ts:76:56)
      at EventEmitter.RedisConnection.handleClientError (node_modules/bullmq/src/classes/redis-connection.ts:123:12)
      at EventEmitter.silentEmit (node_modules/ioredis/built/Redis.js:529:30)
      at Socket.<anonymous> (node_modules/ioredis/built/redis/event_handler.js:221:14)

FAIL __tests__/integration/delivery-partners-extended.integration.test.js
  ● Console

    console.log
      [32minfo[39m: Typesense client initialized {"host":"localhost","port":"8108","protocol":"http","timestamp":"2026-04-19T14:13:54.962Z"}

      at Console.log (node_modules/winston/lib/winston/transports/console.js:87:23)

    console.error
      Error: connect ECONNREFUSED 127.0.0.1:6379
          at TCPConnectWrap.afterConnect [as oncomplete] (node:net:1637:16) {
        errno: -61,
        code: 'ECONNREFUSED',
        syscall: 'connect',
        address: '127.0.0.1',
        port: 6379
      }

      at Queue.emit (node_modules/bullmq/src/classes/queue-base.ts:137:17)
      at Queue.emit (node_modules/bullmq/src/classes/queue.ts:193:18)
      at RedisConnection.<anonymous> (node_modules/bullmq/src/classes/queue-base.ts:76:56)
      at EventEmitter.RedisConnection.handleClientError (node_modules/bullmq/src/classes/redis-connection.ts:123:12)
      at EventEmitter.silentEmit (node_modules/ioredis/built/Redis.js:529:30)
      at Socket.<anonymous> (node_modules/ioredis/built/redis/event_handler.js:221:14)

    console.log
      [31merror[39m: Typesense sync worker error {"error":"connect ECONNREFUSED 127.0.0.1:6379","stack":"Error: connect ECONNREFUSED 127.0.0.1:6379\n    at TCPConnectWrap.afterConnect [as oncomplete] (node:net:1637:16)","timestamp":"2026-04-19T14:13:55.465Z"}

      at Console.log (node_modules/winston/lib/winston/transports/console.js:87:23)

    console.log
      [31merror[39m: Typesense sync worker error {"error":"connect ECONNREFUSED 127.0.0.1:6379","stack":"Error: connect ECONNREFUSED 127.0.0.1:6379\n    at TCPConnectWrap.afterConnect [as oncomplete] (node:net:1637:16)","timestamp":"2026-04-19T14:13:55.498Z"}

      at Console.log (node_modules/winston/lib/winston/transports/console.js:87:23)

    console.log
      [32minfo[39m: Incoming request {"ip":"::ffff:127.0.0.1","method":"PATCH","path":"/api/v1/delivery-partners/cdf77211-c0d3-47a4-941c-df0c64361258/vehicle","requestId":"fb4af207-ebed-4732-b754-c71672368b70","timestamp":"2026-04-19T14:13:55.502Z"}

      at Console.log (node_modules/winston/lib/winston/transports/console.js:87:23)

    console.log
      [34mdebug[39m: Token verified {"role":"delivery","timestamp":"2026-04-19T14:13:55.517Z","userId":"cdf77211-c0d3-47a4-941c-df0c64361258"}

      at Console.log (node_modules/winston/lib/winston/transports/console.js:87:23)

    console.log
      [34mdebug[39m: Role check passed {"path":"/delivery-partners/cdf77211-c0d3-47a4-941c-df0c64361258/vehicle","role":"delivery","timestamp":"2026-04-19T14:13:55.518Z","userId":"cdf77211-c0d3-47a4-941c-df0c64361258"}

      at Console.log (node_modules/winston/lib/winston/transports/console.js:87:23)

    console.log
      [32minfo[39m: Partner vehicle update requested {"partnerId":"cdf77211-c0d3-47a4-941c-df0c64361258","timestamp":"2026-04-19T14:13:55.520Z","userId":"cdf77211-c0d3-47a4-941c-df0c64361258"}

      at Console.log (node_modules/winston/lib/winston/transports/console.js:87:23)

    console.log
      [31merror[39m: Partner vehicle update error {"error":"_supabase.supabase.from(...).update(...).eq is not a function","timestamp":"2026-04-19T14:13:55.532Z"}

      at Console.log (node_modules/winston/lib/winston/transports/console.js:87:23)

    console.log
      [31merror[39m: Unexpected error _supabase.supabase.from(...).update(...).eq is not a function {"path":"/api/v1/delivery-partners/cdf77211-c0d3-47a4-941c-df0c64361258/vehicle","stack":"TypeError: _supabase.supabase.from(...).update(...).eq is not a function\n    at eq (/Users/trinadh/projects/nearby/backend/src/routes/delivery-partners.js:509:10)\n    at processTicksAndRejections (node:internal/process/task_queues:103:5)","timestamp":"2026-04-19T14:13:55.576Z"}

      at Console.log (node_modules/winston/lib/winston/transports/console.js:87:23)

    console.log
      [32minfo[39m: Incoming request {"ip":"::ffff:127.0.0.1","method":"PATCH","path":"/api/v1/delivery-partners/679a0c5d-9501-4baa-8c89-cade5b3a44d7/vehicle","requestId":"cdfb720f-1305-42de-bade-9bfb3762e600","timestamp":"2026-04-19T14:13:55.585Z"}

      at Console.log (node_modules/winston/lib/winston/transports/console.js:87:23)

    console.log
      [34mdebug[39m: Token verified {"role":"delivery","timestamp":"2026-04-19T14:13:55.587Z","userId":"679a0c5d-9501-4baa-8c89-cade5b3a44d7"}

      at Console.log (node_modules/winston/lib/winston/transports/console.js:87:23)

    console.log
      [34mdebug[39m: Role check passed {"path":"/delivery-partners/679a0c5d-9501-4baa-8c89-cade5b3a44d7/vehicle","role":"delivery","timestamp":"2026-04-19T14:13:55.592Z","userId":"679a0c5d-9501-4baa-8c89-cade5b3a44d7"}

      at Console.log (node_modules/winston/lib/winston/transports/console.js:87:23)

    console.log
      [33mwarn[39m: Partner vehicle update validation failed {"error":"Vehicle number must be valid (e.g., DL01AB1234)","timestamp":"2026-04-19T14:13:55.592Z"}

      at Console.log (node_modules/winston/lib/winston/transports/console.js:87:23)

    console.log
      [32minfo[39m: Incoming request {"ip":"::ffff:127.0.0.1","method":"PATCH","path":"/api/v1/delivery-partners/f080ff9f-8033-4bd4-bd86-2eb49f8481ec/vehicle","requestId":"7ff339d3-a424-4470-a69c-c47c06ee8144","timestamp":"2026-04-19T14:13:55.595Z"}

      at Console.log (node_modules/winston/lib/winston/transports/console.js:87:23)

    console.log
      [33mwarn[39m: Missing or invalid authorization header {"path":"/delivery-partners/f080ff9f-8033-4bd4-bd86-2eb49f8481ec/vehicle","timestamp":"2026-04-19T14:13:55.597Z"}

      at Console.log (node_modules/winston/lib/winston/transports/console.js:87:23)

    console.log
      [33mwarn[39m: Application error Authorization header missing or malformed {"code":"UNAUTHORIZED","path":"/api/v1/delivery-partners/f080ff9f-8033-4bd4-bd86-2eb49f8481ec/vehicle","statusCode":401,"timestamp":"2026-04-19T14:13:55.597Z"}

      at Console.log (node_modules/winston/lib/winston/transports/console.js:87:23)

    console.log
      [32minfo[39m: Incoming request {"ip":"::ffff:127.0.0.1","method":"PATCH","path":"/api/v1/delivery-partners/6f5499fd-c1d0-459d-8a5c-dc90a2ebe945/vehicle","requestId":"85c4f52d-d1bb-438f-b284-7170d471f1bb","timestamp":"2026-04-19T14:13:55.599Z"}

      at Console.log (node_modules/winston/lib/winston/transports/console.js:87:23)

    console.log
      [34mdebug[39m: Token verified {"role":"delivery","timestamp":"2026-04-19T14:13:55.600Z","userId":"64ffd17a-3ece-47a1-b582-9193773c919d"}

      at Console.log (node_modules/winston/lib/winston/transports/console.js:87:23)

    console.log
      [34mdebug[39m: Role check passed {"path":"/delivery-partners/6f5499fd-c1d0-459d-8a5c-dc90a2ebe945/vehicle","role":"delivery","timestamp":"2026-04-19T14:13:55.600Z","userId":"64ffd17a-3ece-47a1-b582-9193773c919d"}

      at Console.log (node_modules/winston/lib/winston/transports/console.js:87:23)

    console.log
      [32minfo[39m: Partner vehicle update requested {"partnerId":"6f5499fd-c1d0-459d-8a5c-dc90a2ebe945","timestamp":"2026-04-19T14:13:55.602Z","userId":"64ffd17a-3ece-47a1-b582-9193773c919d"}

      at Console.log (node_modules/winston/lib/winston/transports/console.js:87:23)

    console.log
      [33mwarn[39m: Partner vehicle update: Partner not found {"id":"6f5499fd-c1d0-459d-8a5c-dc90a2ebe945","timestamp":"2026-04-19T14:13:55.602Z"}

      at Console.log (node_modules/winston/lib/winston/transports/console.js:87:23)

    console.log
      [32minfo[39m: Incoming request {"ip":"::ffff:127.0.0.1","method":"PATCH","path":"/api/v1/delivery-partners/ae2d5cfb-1fe1-49c1-86e0-26675a2a9529/vehicle","requestId":"79c9e39a-46c2-48c0-ac41-f41afdc2280c","timestamp":"2026-04-19T14:13:55.604Z"}

      at Console.log (node_modules/winston/lib/winston/transports/console.js:87:23)

    console.log
      [34mdebug[39m: Token verified {"role":"delivery","timestamp":"2026-04-19T14:13:55.604Z","userId":"ae2d5cfb-1fe1-49c1-86e0-26675a2a9529"}

      at Console.log (node_modules/winston/lib/winston/transports/console.js:87:23)

    console.log
      [34mdebug[39m: Role check passed {"path":"/delivery-partners/ae2d5cfb-1fe1-49c1-86e0-26675a2a9529/vehicle","role":"delivery","timestamp":"2026-04-19T14:13:55.605Z","userId":"ae2d5cfb-1fe1-49c1-86e0-26675a2a9529"}

      at Console.log (node_modules/winston/lib/winston/transports/console.js:87:23)

    console.log
      [32minfo[39m: Partner vehicle update requested {"partnerId":"ae2d5cfb-1fe1-49c1-86e0-26675a2a9529","timestamp":"2026-04-19T14:13:55.605Z","userId":"ae2d5cfb-1fe1-49c1-86e0-26675a2a9529"}

      at Console.log (node_modules/winston/lib/winston/transports/console.js:87:23)

    console.log
      [31merror[39m: Partner vehicle update error {"error":"_supabase.supabase.from(...).update(...).eq is not a function","timestamp":"2026-04-19T14:13:55.605Z"}

      at Console.log (node_modules/winston/lib/winston/transports/console.js:87:23)

    console.log
      [31merror[39m: Unexpected error _supabase.supabase.from(...).update(...).eq is not a function {"path":"/api/v1/delivery-partners/ae2d5cfb-1fe1-49c1-86e0-26675a2a9529/vehicle","stack":"TypeError: _supabase.supabase.from(...).update(...).eq is not a function\n    at eq (/Users/trinadh/projects/nearby/backend/src/routes/delivery-partners.js:509:10)\n    at processTicksAndRejections (node:internal/process/task_queues:103:5)","timestamp":"2026-04-19T14:13:55.605Z"}

      at Console.log (node_modules/winston/lib/winston/transports/console.js:87:23)

    console.log
      [32minfo[39m: Incoming request {"ip":"::ffff:127.0.0.1","method":"PATCH","path":"/api/v1/delivery-partners/ae2d5cfb-1fe1-49c1-86e0-26675a2a9529/vehicle","requestId":"f9bd5dd2-f368-4c53-958c-20a21c203152","timestamp":"2026-04-19T14:13:55.607Z"}

      at Console.log (node_modules/winston/lib/winston/transports/console.js:87:23)

    console.log
      [34mdebug[39m: Token verified {"role":"delivery","timestamp":"2026-04-19T14:13:55.608Z","userId":"ae2d5cfb-1fe1-49c1-86e0-26675a2a9529"}

      at Console.log (node_modules/winston/lib/winston/transports/console.js:87:23)

    console.log
      [34mdebug[39m: Role check passed {"path":"/delivery-partners/ae2d5cfb-1fe1-49c1-86e0-26675a2a9529/vehicle","role":"delivery","timestamp":"2026-04-19T14:13:55.608Z","userId":"ae2d5cfb-1fe1-49c1-86e0-26675a2a9529"}

      at Console.log (node_modules/winston/lib/winston/transports/console.js:87:23)

    console.log
      [32minfo[39m: Partner vehicle update requested {"partnerId":"ae2d5cfb-1fe1-49c1-86e0-26675a2a9529","timestamp":"2026-04-19T14:13:55.609Z","userId":"ae2d5cfb-1fe1-49c1-86e0-26675a2a9529"}

      at Console.log (node_modules/winston/lib/winston/transports/console.js:87:23)

    console.log
      [31merror[39m: Partner vehicle update error {"error":"_supabase.supabase.from(...).update(...).eq is not a function","timestamp":"2026-04-19T14:13:55.610Z"}

      at Console.log (node_modules/winston/lib/winston/transports/console.js:87:23)

    console.log
      [31merror[39m: Unexpected error _supabase.supabase.from(...).update(...).eq is not a function {"path":"/api/v1/delivery-partners/ae2d5cfb-1fe1-49c1-86e0-26675a2a9529/vehicle","stack":"TypeError: _supabase.supabase.from(...).update(...).eq is not a function\n    at eq (/Users/trinadh/projects/nearby/backend/src/routes/delivery-partners.js:509:10)\n    at processTicksAndRejections (node:internal/process/task_queues:103:5)","timestamp":"2026-04-19T14:13:55.611Z"}

      at Console.log (node_modules/winston/lib/winston/transports/console.js:87:23)

    console.log
      [32minfo[39m: Incoming request {"ip":"::ffff:127.0.0.1","method":"PATCH","path":"/api/v1/delivery-partners/77ad92ea-cf4a-4c72-b15a-0c49fcac0c9c/vehicle","requestId":"822318e7-029c-4dfa-a22f-0f516ba15f8c","timestamp":"2026-04-19T14:13:55.614Z"}

      at Console.log (node_modules/winston/lib/winston/transports/console.js:87:23)

    console.log
      [34mdebug[39m: Token verified {"role":"delivery","timestamp":"2026-04-19T14:13:55.616Z","userId":"77ad92ea-cf4a-4c72-b15a-0c49fcac0c9c"}

      at Console.log (node_modules/winston/lib/winston/transports/console.js:87:23)

    console.log
      [34mdebug[39m: Role check passed {"path":"/delivery-partners/77ad92ea-cf4a-4c72-b15a-0c49fcac0c9c/vehicle","role":"delivery","timestamp":"2026-04-19T14:13:55.616Z","userId":"77ad92ea-cf4a-4c72-b15a-0c49fcac0c9c"}

      at Console.log (node_modules/winston/lib/winston/transports/console.js:87:23)

    console.log
      [33mwarn[39m: Partner vehicle update validation failed {"error":"\"vehicle_number\" is required","timestamp":"2026-04-19T14:13:55.618Z"}

      at Console.log (node_modules/winston/lib/winston/transports/console.js:87:23)

    console.log
      [32minfo[39m: Incoming request {"ip":"::ffff:127.0.0.1","method":"PATCH","path":"/api/v1/delivery-partners/d1145686-9b6e-4587-a19e-e316c352e78c/vehicle","requestId":"74ca935d-18eb-4d23-94c5-a818cd7fd8e2","timestamp":"2026-04-19T14:13:55.622Z"}

      at Console.log (node_modules/winston/lib/winston/transports/console.js:87:23)

    console.log
      [34mdebug[39m: Token verified {"role":"delivery","timestamp":"2026-04-19T14:13:55.623Z","userId":"d1145686-9b6e-4587-a19e-e316c352e78c"}

      at Console.log (node_modules/winston/lib/winston/transports/console.js:87:23)

    console.log
      [34mdebug[39m: Role check passed {"path":"/delivery-partners/d1145686-9b6e-4587-a19e-e316c352e78c/vehicle","role":"delivery","timestamp":"2026-04-19T14:13:55.623Z","userId":"d1145686-9b6e-4587-a19e-e316c352e78c"}

      at Console.log (node_modules/winston/lib/winston/transports/console.js:87:23)

    console.log
      [32minfo[39m: Partner vehicle update requested {"partnerId":"d1145686-9b6e-4587-a19e-e316c352e78c","timestamp":"2026-04-19T14:13:55.624Z","userId":"d1145686-9b6e-4587-a19e-e316c352e78c"}

      at Console.log (node_modules/winston/lib/winston/transports/console.js:87:23)

    console.log
      [31merror[39m: Partner vehicle update error {"error":"_supabase.supabase.from(...).update(...).eq is not a function","timestamp":"2026-04-19T14:13:55.625Z"}

      at Console.log (node_modules/winston/lib/winston/transports/console.js:87:23)

    console.log
      [31merror[39m: Unexpected error _supabase.supabase.from(...).update(...).eq is not a function {"path":"/api/v1/delivery-partners/d1145686-9b6e-4587-a19e-e316c352e78c/vehicle","stack":"TypeError: _supabase.supabase.from(...).update(...).eq is not a function\n    at eq (/Users/trinadh/projects/nearby/backend/src/routes/delivery-partners.js:509:10)\n    at processTicksAndRejections (node:internal/process/task_queues:103:5)","timestamp":"2026-04-19T14:13:55.625Z"}

      at Console.log (node_modules/winston/lib/winston/transports/console.js:87:23)

    console.log
      [32minfo[39m: Incoming request {"ip":"::ffff:127.0.0.1","method":"PATCH","path":"/api/v1/delivery-partners/fdf95f67-da65-4077-8271-0c1ff9d2b701/bank","requestId":"39538305-302f-4fa4-8503-20c1d8609e13","timestamp":"2026-04-19T14:13:55.629Z"}

      at Console.log (node_modules/winston/lib/winston/transports/console.js:87:23)

    console.log
      [34mdebug[39m: Token verified {"role":"delivery","timestamp":"2026-04-19T14:13:55.629Z","userId":"fdf95f67-da65-4077-8271-0c1ff9d2b701"}

      at Console.log (node_modules/winston/lib/winston/transports/console.js:87:23)

    console.log
      [34mdebug[39m: Role check passed {"path":"/delivery-partners/fdf95f67-da65-4077-8271-0c1ff9d2b701/bank","role":"delivery","timestamp":"2026-04-19T14:13:55.644Z","userId":"fdf95f67-da65-4077-8271-0c1ff9d2b701"}

      at Console.log (node_modules/winston/lib/winston/transports/console.js:87:23)

    console.log
      [33mwarn[39m: Partner bank update validation failed {"error":"\"bankAccountNumber\" is required","timestamp":"2026-04-19T14:13:55.648Z"}

      at Console.log (node_modules/winston/lib/winston/transports/console.js:87:23)

    console.log
      [32minfo[39m: Incoming request {"ip":"::ffff:127.0.0.1","method":"PATCH","path":"/api/v1/delivery-partners/fee570a8-34d5-48a6-b7cf-47d78c2f6030/bank","requestId":"146c776c-2f51-4221-a535-98a207a0b6f8","timestamp":"2026-04-19T14:13:55.654Z"}

      at Console.log (node_modules/winston/lib/winston/transports/console.js:87:23)

    console.log
      [34mdebug[39m: Token verified {"role":"delivery","timestamp":"2026-04-19T14:13:55.654Z","userId":"fee570a8-34d5-48a6-b7cf-47d78c2f6030"}

      at Console.log (node_modules/winston/lib/winston/transports/console.js:87:23)

    console.log
      [34mdebug[39m: Role check passed {"path":"/delivery-partners/fee570a8-34d5-48a6-b7cf-47d78c2f6030/bank","role":"delivery","timestamp":"2026-04-19T14:13:55.655Z","userId":"fee570a8-34d5-48a6-b7cf-47d78c2f6030"}

      at Console.log (node_modules/winston/lib/winston/transports/console.js:87:23)

    console.log
      [33mwarn[39m: Partner bank update validation failed {"error":"\"bankAccountNumber\" is required","timestamp":"2026-04-19T14:13:55.655Z"}

      at Console.log (node_modules/winston/lib/winston/transports/console.js:87:23)

    console.log
      [32minfo[39m: Incoming request {"ip":"::ffff:127.0.0.1","method":"PATCH","path":"/api/v1/delivery-partners/ce7ae467-3b84-4d64-b2b3-b72e7b981ea2/bank","requestId":"dfe8fac8-6ed5-4ba7-ab16-51b49519bf70","timestamp":"2026-04-19T14:13:55.657Z"}

      at Console.log (node_modules/winston/lib/winston/transports/console.js:87:23)

    console.log
      [34mdebug[39m: Token verified {"role":"delivery","timestamp":"2026-04-19T14:13:55.661Z","userId":"ce7ae467-3b84-4d64-b2b3-b72e7b981ea2"}

      at Console.log (node_modules/winston/lib/winston/transports/console.js:87:23)

    console.log
      [34mdebug[39m: Role check passed {"path":"/delivery-partners/ce7ae467-3b84-4d64-b2b3-b72e7b981ea2/bank","role":"delivery","timestamp":"2026-04-19T14:13:55.662Z","userId":"ce7ae467-3b84-4d64-b2b3-b72e7b981ea2"}

      at Console.log (node_modules/winston/lib/winston/transports/console.js:87:23)

    console.log
      [33mwarn[39m: Partner bank update validation failed {"error":"\"bankAccountNumber\" is required","timestamp":"2026-04-19T14:13:55.662Z"}

      at Console.log (node_modules/winston/lib/winston/transports/console.js:87:23)

    console.log
      [32minfo[39m: Incoming request {"ip":"::ffff:127.0.0.1","method":"PATCH","path":"/api/v1/delivery-partners/96c754e5-5d2d-4c7f-8719-e65d461e537c/bank","requestId":"8ac517ee-9579-4305-99f4-9104689ed3cb","timestamp":"2026-04-19T14:13:55.666Z"}

      at Console.log (node_modules/winston/lib/winston/transports/console.js:87:23)

    console.log
      [34mdebug[39m: Token verified {"role":"delivery","timestamp":"2026-04-19T14:13:55.666Z","userId":"96c754e5-5d2d-4c7f-8719-e65d461e537c"}

      at Console.log (node_modules/winston/lib/winston/transports/console.js:87:23)

    console.log
      [34mdebug[39m: Role check passed {"path":"/delivery-partners/96c754e5-5d2d-4c7f-8719-e65d461e537c/bank","role":"delivery","timestamp":"2026-04-19T14:13:55.667Z","userId":"96c754e5-5d2d-4c7f-8719-e65d461e537c"}

      at Console.log (node_modules/winston/lib/winston/transports/console.js:87:23)

    console.log
      [33mwarn[39m: Partner bank update validation failed {"error":"\"bankAccountNumber\" is required","timestamp":"2026-04-19T14:13:55.667Z"}

      at Console.log (node_modules/winston/lib/winston/transports/console.js:87:23)

    console.log
      [32minfo[39m: Incoming request {"ip":"::ffff:127.0.0.1","method":"PATCH","path":"/api/v1/delivery-partners/1528596f-a01f-4849-bb61-752592ff2648/bank","requestId":"98c2fcb4-f19f-4e7f-8da5-fff063502548","timestamp":"2026-04-19T14:13:55.669Z"}

      at Console.log (node_modules/winston/lib/winston/transports/console.js:87:23)

    console.log
      [33mwarn[39m: Missing or invalid authorization header {"path":"/delivery-partners/1528596f-a01f-4849-bb61-752592ff2648/bank","timestamp":"2026-04-19T14:13:55.670Z"}

      at Console.log (node_modules/winston/lib/winston/transports/console.js:87:23)

    console.log
      [33mwarn[39m: Application error Authorization header missing or malformed {"code":"UNAUTHORIZED","path":"/api/v1/delivery-partners/1528596f-a01f-4849-bb61-752592ff2648/bank","statusCode":401,"timestamp":"2026-04-19T14:13:55.670Z"}

      at Console.log (node_modules/winston/lib/winston/transports/console.js:87:23)

    console.log
      [32minfo[39m: Incoming request {"ip":"::ffff:127.0.0.1","method":"PATCH","path":"/api/v1/delivery-partners/c7dd4fcb-e347-4dc6-ac41-c4d34a93f8a6/bank","requestId":"e4513941-1023-4686-882e-c4f9e6871aad","timestamp":"2026-04-19T14:13:55.675Z"}

      at Console.log (node_modules/winston/lib/winston/transports/console.js:87:23)

    console.log
      [34mdebug[39m: Token verified {"role":"delivery","timestamp":"2026-04-19T14:13:55.677Z","userId":"658f00f7-3872-492a-bc39-99bcfd7a2337"}

      at Console.log (node_modules/winston/lib/winston/transports/console.js:87:23)

    console.log
      [34mdebug[39m: Role check passed {"path":"/delivery-partners/c7dd4fcb-e347-4dc6-ac41-c4d34a93f8a6/bank","role":"delivery","timestamp":"2026-04-19T14:13:55.678Z","userId":"658f00f7-3872-492a-bc39-99bcfd7a2337"}

      at Console.log (node_modules/winston/lib/winston/transports/console.js:87:23)

    console.log
      [33mwarn[39m: Partner bank update validation failed {"error":"\"bankAccountNumber\" is required","timestamp":"2026-04-19T14:13:55.679Z"}

      at Console.log (node_modules/winston/lib/winston/transports/console.js:87:23)

    console.log
      [32minfo[39m: Incoming request {"ip":"::ffff:127.0.0.1","method":"PATCH","path":"/api/v1/delivery-partners/76570fc2-66b4-433a-8c7f-0c2ebf572461/bank","requestId":"71e4bd85-7a4c-4119-80ca-4c62e2f4a07b","timestamp":"2026-04-19T14:13:55.683Z"}

      at Console.log (node_modules/winston/lib/winston/transports/console.js:87:23)

    console.log
      [34mdebug[39m: Token verified {"role":"delivery","timestamp":"2026-04-19T14:13:55.684Z","userId":"76570fc2-66b4-433a-8c7f-0c2ebf572461"}

      at Console.log (node_modules/winston/lib/winston/transports/console.js:87:23)

    console.log
      [34mdebug[39m: Role check passed {"path":"/delivery-partners/76570fc2-66b4-433a-8c7f-0c2ebf572461/bank","role":"delivery","timestamp":"2026-04-19T14:13:55.684Z","userId":"76570fc2-66b4-433a-8c7f-0c2ebf572461"}

      at Console.log (node_modules/winston/lib/winston/transports/console.js:87:23)

    console.log
      [33mwarn[39m: Partner bank update validation failed {"error":"\"bankAccountNumber\" is required","timestamp":"2026-04-19T14:13:55.685Z"}

      at Console.log (node_modules/winston/lib/winston/transports/console.js:87:23)

    console.log
      [32minfo[39m: Incoming request {"ip":"::ffff:127.0.0.1","method":"PATCH","path":"/api/v1/delivery-partners/76570fc2-66b4-433a-8c7f-0c2ebf572461/bank","requestId":"2732c0dd-fd37-4756-bd2c-2dc33a8f77ab","timestamp":"2026-04-19T14:13:55.686Z"}

      at Console.log (node_modules/winston/lib/winston/transports/console.js:87:23)

    console.log
      [34mdebug[39m: Token verified {"role":"delivery","timestamp":"2026-04-19T14:13:55.687Z","userId":"76570fc2-66b4-433a-8c7f-0c2ebf572461"}

      at Console.log (node_modules/winston/lib/winston/transports/console.js:87:23)

    console.log
      [34mdebug[39m: Role check passed {"path":"/delivery-partners/76570fc2-66b4-433a-8c7f-0c2ebf572461/bank","role":"delivery","timestamp":"2026-04-19T14:13:55.687Z","userId":"76570fc2-66b4-433a-8c7f-0c2ebf572461"}

      at Console.log (node_modules/winston/lib/winston/transports/console.js:87:23)

    console.log
      [33mwarn[39m: Partner bank update validation failed {"error":"\"bankAccountNumber\" is required","timestamp":"2026-04-19T14:13:55.687Z"}

      at Console.log (node_modules/winston/lib/winston/transports/console.js:87:23)

    console.log
      [32minfo[39m: Incoming request {"ip":"::ffff:127.0.0.1","method":"PATCH","path":"/api/v1/delivery-partners/12dbfb8a-8b64-4a0d-9309-efc4c5082842/bank","requestId":"6601c59b-d0f3-4a52-a387-cf8ad522a7e7","timestamp":"2026-04-19T14:13:55.690Z"}

      at Console.log (node_modules/winston/lib/winston/transports/console.js:87:23)

    console.log
      [34mdebug[39m: Token verified {"role":"delivery","timestamp":"2026-04-19T14:13:55.691Z","userId":"12dbfb8a-8b64-4a0d-9309-efc4c5082842"}

      at Console.log (node_modules/winston/lib/winston/transports/console.js:87:23)

    console.log
      [34mdebug[39m: Role check passed {"path":"/delivery-partners/12dbfb8a-8b64-4a0d-9309-efc4c5082842/bank","role":"delivery","timestamp":"2026-04-19T14:13:55.692Z","userId":"12dbfb8a-8b64-4a0d-9309-efc4c5082842"}

      at Console.log (node_modules/winston/lib/winston/transports/console.js:87:23)

    console.log
      [33mwarn[39m: Partner bank update validation failed {"error":"\"bankAccountNumber\" is required","timestamp":"2026-04-19T14:13:55.692Z"}

      at Console.log (node_modules/winston/lib/winston/transports/console.js:87:23)

    console.log
      [32minfo[39m: Incoming request {"ip":"::ffff:127.0.0.1","method":"PATCH","path":"/api/v1/delivery-partners/38b11dab-9dae-462f-94ce-baacd1a7bede/toggle-online","requestId":"d68d187f-f78e-44db-8ece-e9f4ca217309","timestamp":"2026-04-19T14:13:55.695Z"}

      at Console.log (node_modules/winston/lib/winston/transports/console.js:87:23)

    console.log
      [34mdebug[39m: Token verified {"role":"delivery","timestamp":"2026-04-19T14:13:55.696Z","userId":"38b11dab-9dae-462f-94ce-baacd1a7bede"}

      at Console.log (node_modules/winston/lib/winston/transports/console.js:87:23)

    console.log
      [34mdebug[39m: Role check passed {"path":"/delivery-partners/38b11dab-9dae-462f-94ce-baacd1a7bede/toggle-online","role":"delivery","timestamp":"2026-04-19T14:13:55.697Z","userId":"38b11dab-9dae-462f-94ce-baacd1a7bede"}

      at Console.log (node_modules/winston/lib/winston/transports/console.js:87:23)

    console.log
      [32minfo[39m: Incoming request {"ip":"::ffff:127.0.0.1","method":"PATCH","path":"/api/v1/delivery-partners/e0899b56-41eb-440d-bb6e-3bbef71c09bd/toggle-online","requestId":"2ce5afd5-c34a-4c12-87aa-9a89d9954419","timestamp":"2026-04-19T14:13:55.699Z"}

      at Console.log (node_modules/winston/lib/winston/transports/console.js:87:23)

    console.log
      [34mdebug[39m: Token verified {"role":"delivery","timestamp":"2026-04-19T14:13:55.700Z","userId":"e0899b56-41eb-440d-bb6e-3bbef71c09bd"}

      at Console.log (node_modules/winston/lib/winston/transports/console.js:87:23)

    console.log
      [34mdebug[39m: Role check passed {"path":"/delivery-partners/e0899b56-41eb-440d-bb6e-3bbef71c09bd/toggle-online","role":"delivery","timestamp":"2026-04-19T14:13:55.701Z","userId":"e0899b56-41eb-440d-bb6e-3bbef71c09bd"}

      at Console.log (node_modules/winston/lib/winston/transports/console.js:87:23)

    console.log
      [32minfo[39m: Incoming request {"ip":"::ffff:127.0.0.1","method":"PATCH","path":"/api/v1/delivery-partners/e0899b56-41eb-440d-bb6e-3bbef71c09bd/toggle-online","requestId":"13415aac-243b-47f0-8675-a7268a8b633a","timestamp":"2026-04-19T14:13:55.729Z"}

      at Console.log (node_modules/winston/lib/winston/transports/console.js:87:23)

    console.log
      [34mdebug[39m: Token verified {"role":"delivery","timestamp":"2026-04-19T14:13:55.731Z","userId":"e0899b56-41eb-440d-bb6e-3bbef71c09bd"}

      at Console.log (node_modules/winston/lib/winston/transports/console.js:87:23)

    console.log
      [34mdebug[39m: Role check passed {"path":"/delivery-partners/e0899b56-41eb-440d-bb6e-3bbef71c09bd/toggle-online","role":"delivery","timestamp":"2026-04-19T14:13:55.731Z","userId":"e0899b56-41eb-440d-bb6e-3bbef71c09bd"}

      at Console.log (node_modules/winston/lib/winston/transports/console.js:87:23)

    console.log
      [32minfo[39m: Incoming request {"ip":"::ffff:127.0.0.1","method":"PATCH","path":"/api/v1/delivery-partners/d1c70de0-e010-4265-86c3-d2ca2ceaa815/toggle-online","requestId":"1f4fb3c5-df18-4edd-b0cc-53a3b9648328","timestamp":"2026-04-19T14:13:55.735Z"}

      at Console.log (node_modules/winston/lib/winston/transports/console.js:87:23)

    console.log
      [34mdebug[39m: Token verified {"role":"delivery","timestamp":"2026-04-19T14:13:55.736Z","userId":"d1c70de0-e010-4265-86c3-d2ca2ceaa815"}

      at Console.log (node_modules/winston/lib/winston/transports/console.js:87:23)

    console.log
      [34mdebug[39m: Role check passed {"path":"/delivery-partners/d1c70de0-e010-4265-86c3-d2ca2ceaa815/toggle-online","role":"delivery","timestamp":"2026-04-19T14:13:55.736Z","userId":"d1c70de0-e010-4265-86c3-d2ca2ceaa815"}

      at Console.log (node_modules/winston/lib/winston/transports/console.js:87:23)

    console.log
      [32minfo[39m: Incoming request {"ip":"::ffff:127.0.0.1","method":"PATCH","path":"/api/v1/delivery-partners/15801a47-bf8f-4b83-90c7-33c188a96d2f/toggle-online","requestId":"0ca30099-3c9a-411f-b966-9ffa8a30e953","timestamp":"2026-04-19T14:13:55.738Z"}

      at Console.log (node_modules/winston/lib/winston/transports/console.js:87:23)

    console.log
      [34mdebug[39m: Token verified {"role":"delivery","timestamp":"2026-04-19T14:13:55.740Z","userId":"15801a47-bf8f-4b83-90c7-33c188a96d2f"}

      at Console.log (node_modules/winston/lib/winston/transports/console.js:87:23)

    console.log
      [34mdebug[39m: Role check passed {"path":"/delivery-partners/15801a47-bf8f-4b83-90c7-33c188a96d2f/toggle-online","role":"delivery","timestamp":"2026-04-19T14:13:55.741Z","userId":"15801a47-bf8f-4b83-90c7-33c188a96d2f"}

      at Console.log (node_modules/winston/lib/winston/transports/console.js:87:23)

    console.log
      [32minfo[39m: Incoming request {"ip":"::ffff:127.0.0.1","method":"PATCH","path":"/api/v1/delivery-partners/6175d04f-18cd-40a7-a57f-5158d3934e27/toggle-online","requestId":"92bb2409-6e01-41fd-99d8-7f2885f63ccb","timestamp":"2026-04-19T14:13:55.748Z"}

      at Console.log (node_modules/winston/lib/winston/transports/console.js:87:23)

    console.log
      [34mdebug[39m: Token verified {"role":"delivery","timestamp":"2026-04-19T14:13:55.748Z","userId":"6175d04f-18cd-40a7-a57f-5158d3934e27"}

      at Console.log (node_modules/winston/lib/winston/transports/console.js:87:23)

    console.log
      [34mdebug[39m: Role check passed {"path":"/delivery-partners/6175d04f-18cd-40a7-a57f-5158d3934e27/toggle-online","role":"delivery","timestamp":"2026-04-19T14:13:55.749Z","userId":"6175d04f-18cd-40a7-a57f-5158d3934e27"}

      at Console.log (node_modules/winston/lib/winston/transports/console.js:87:23)

    console.log
      [32minfo[39m: Incoming request {"ip":"::ffff:127.0.0.1","method":"PATCH","path":"/api/v1/delivery-partners/47a09dcd-0165-4c0f-8a05-3949f4ca8443/toggle-online","requestId":"77018968-48db-450c-b007-edac1a249fe9","timestamp":"2026-04-19T14:13:55.750Z"}

      at Console.log (node_modules/winston/lib/winston/transports/console.js:87:23)

    console.log
      [33mwarn[39m: Missing or invalid authorization header {"path":"/delivery-partners/47a09dcd-0165-4c0f-8a05-3949f4ca8443/toggle-online","timestamp":"2026-04-19T14:13:55.751Z"}

      at Console.log (node_modules/winston/lib/winston/transports/console.js:87:23)

    console.log
      [33mwarn[39m: Application error Authorization header missing or malformed {"code":"UNAUTHORIZED","path":"/api/v1/delivery-partners/47a09dcd-0165-4c0f-8a05-3949f4ca8443/toggle-online","statusCode":401,"timestamp":"2026-04-19T14:13:55.752Z"}

      at Console.log (node_modules/winston/lib/winston/transports/console.js:87:23)

    console.log
      [32minfo[39m: Incoming request {"ip":"::ffff:127.0.0.1","method":"PATCH","path":"/api/v1/delivery-partners/3ec0b19a-a451-465d-9fa7-3e0d02fb504c/toggle-online","requestId":"9b919ff3-673e-46e8-ba5b-7350d986cb90","timestamp":"2026-04-19T14:13:55.753Z"}

      at Console.log (node_modules/winston/lib/winston/transports/console.js:87:23)

    console.log
      [34mdebug[39m: Token verified {"role":"delivery","timestamp":"2026-04-19T14:13:55.754Z","userId":"97282b2a-fe3a-4804-9811-610a296d6303"}

      at Console.log (node_modules/winston/lib/winston/transports/console.js:87:23)

    console.log
      [34mdebug[39m: Role check passed {"path":"/delivery-partners/3ec0b19a-a451-465d-9fa7-3e0d02fb504c/toggle-online","role":"delivery","timestamp":"2026-04-19T14:13:55.754Z","userId":"97282b2a-fe3a-4804-9811-610a296d6303"}

      at Console.log (node_modules/winston/lib/winston/transports/console.js:87:23)

    console.log
      [32minfo[39m: Incoming request {"ip":"::ffff:127.0.0.1","method":"PATCH","path":"/api/v1/delivery-partners/f42fa007-c07c-4bb5-a9e0-effcf05538ef/toggle-online","requestId":"d9703433-82da-40c3-a146-9ece4e2cc4ba","timestamp":"2026-04-19T14:13:55.756Z"}

      at Console.log (node_modules/winston/lib/winston/transports/console.js:87:23)

    console.log
      [34mdebug[39m: Token verified {"role":"delivery","timestamp":"2026-04-19T14:13:55.757Z","userId":"f42fa007-c07c-4bb5-a9e0-effcf05538ef"}

      at Console.log (node_modules/winston/lib/winston/transports/console.js:87:23)

    console.log
      [34mdebug[39m: Role check passed {"path":"/delivery-partners/f42fa007-c07c-4bb5-a9e0-effcf05538ef/toggle-online","role":"delivery","timestamp":"2026-04-19T14:13:55.757Z","userId":"f42fa007-c07c-4bb5-a9e0-effcf05538ef"}

      at Console.log (node_modules/winston/lib/winston/transports/console.js:87:23)

    console.log
      [32minfo[39m: Incoming request {"ip":"::ffff:127.0.0.1","method":"PATCH","path":"/api/v1/delivery-partners/45f4ef22-d1b8-4e33-a3b3-a7f07eb5fa6a/toggle-online","requestId":"7c0ab98e-1628-4aee-8c74-d95dc7a5eaef","timestamp":"2026-04-19T14:13:55.761Z"}

      at Console.log (node_modules/winston/lib/winston/transports/console.js:87:23)

    console.log
      [34mdebug[39m: Token verified {"role":"delivery","timestamp":"2026-04-19T14:13:55.762Z","userId":"45f4ef22-d1b8-4e33-a3b3-a7f07eb5fa6a"}

      at Console.log (node_modules/winston/lib/winston/transports/console.js:87:23)

    console.log
      [34mdebug[39m: Role check passed {"path":"/delivery-partners/45f4ef22-d1b8-4e33-a3b3-a7f07eb5fa6a/toggle-online","role":"delivery","timestamp":"2026-04-19T14:13:55.762Z","userId":"45f4ef22-d1b8-4e33-a3b3-a7f07eb5fa6a"}

      at Console.log (node_modules/winston/lib/winston/transports/console.js:87:23)

    console.log
      [32minfo[39m: Incoming request {"ip":"::ffff:127.0.0.1","method":"PATCH","path":"/api/v1/delivery-partners/55267a1a-6951-4de0-8e9a-ecbaa02c3117/toggle-online","requestId":"95540ac8-9042-419d-b280-dac33596ace7","timestamp":"2026-04-19T14:13:55.765Z"}

      at Console.log (node_modules/winston/lib/winston/transports/console.js:87:23)

    console.log
      [34mdebug[39m: Token verified {"role":"delivery","timestamp":"2026-04-19T14:13:55.766Z","userId":"55267a1a-6951-4de0-8e9a-ecbaa02c3117"}

      at Console.log (node_modules/winston/lib/winston/transports/console.js:87:23)

    console.log
      [34mdebug[39m: Role check passed {"path":"/delivery-partners/55267a1a-6951-4de0-8e9a-ecbaa02c3117/toggle-online","role":"delivery","timestamp":"2026-04-19T14:13:55.766Z","userId":"55267a1a-6951-4de0-8e9a-ecbaa02c3117"}

      at Console.log (node_modules/winston/lib/winston/transports/console.js:87:23)

    console.log
      [32minfo[39m: Incoming request {"ip":"::ffff:127.0.0.1","method":"PATCH","path":"/api/v1/delivery-partners/55267a1a-6951-4de0-8e9a-ecbaa02c3117/toggle-online","requestId":"ca2d8265-6d28-47b3-b6b4-42e2629c216e","timestamp":"2026-04-19T14:13:55.767Z"}

      at Console.log (node_modules/winston/lib/winston/transports/console.js:87:23)

    console.log
      [34mdebug[39m: Token verified {"role":"delivery","timestamp":"2026-04-19T14:13:55.769Z","userId":"55267a1a-6951-4de0-8e9a-ecbaa02c3117"}

      at Console.log (node_modules/winston/lib/winston/transports/console.js:87:23)

    console.log
      [34mdebug[39m: Role check passed {"path":"/delivery-partners/55267a1a-6951-4de0-8e9a-ecbaa02c3117/toggle-online","role":"delivery","timestamp":"2026-04-19T14:13:55.769Z","userId":"55267a1a-6951-4de0-8e9a-ecbaa02c3117"}

      at Console.log (node_modules/winston/lib/winston/transports/console.js:87:23)

    console.log
      [32minfo[39m: Incoming request {"ip":"::ffff:127.0.0.1","method":"GET","path":"/api/v1/delivery-partners/f7af4249-cce6-4311-b1a4-2cb2bd645a2b/stats","requestId":"d012dc3e-b49f-4704-997d-7f68c165dab9","timestamp":"2026-04-19T14:13:55.773Z"}

      at Console.log (node_modules/winston/lib/winston/transports/console.js:87:23)

    console.log
      [34mdebug[39m: Token verified {"role":"delivery","timestamp":"2026-04-19T14:13:55.774Z","userId":"f7af4249-cce6-4311-b1a4-2cb2bd645a2b"}

      at Console.log (node_modules/winston/lib/winston/transports/console.js:87:23)

    console.log
      [34mdebug[39m: Role check passed {"path":"/delivery-partners/f7af4249-cce6-4311-b1a4-2cb2bd645a2b/stats","role":"delivery","timestamp":"2026-04-19T14:13:55.775Z","userId":"f7af4249-cce6-4311-b1a4-2cb2bd645a2b"}

      at Console.log (node_modules/winston/lib/winston/transports/console.js:87:23)

    console.log
      [32minfo[39m: Partner stats requested {"partnerId":"f7af4249-cce6-4311-b1a4-2cb2bd645a2b","timestamp":"2026-04-19T14:13:55.776Z","userId":"f7af4249-cce6-4311-b1a4-2cb2bd645a2b"}

      at Console.log (node_modules/winston/lib/winston/transports/console.js:87:23)

    console.log
      [32minfo[39m: Partner stats retrieved {"partnerId":"f7af4249-cce6-4311-b1a4-2cb2bd645a2b","timestamp":"2026-04-19T14:13:55.777Z"}

      at Console.log (node_modules/winston/lib/winston/transports/console.js:87:23)

    console.log
      [32minfo[39m: Incoming request {"ip":"::ffff:127.0.0.1","method":"GET","path":"/api/v1/delivery-partners/8c32b13f-c807-4a94-86b3-14e141a2fb00/stats","requestId":"81effe74-9cd4-425b-9bfa-692a31b56767","timestamp":"2026-04-19T14:13:55.782Z"}

      at Console.log (node_modules/winston/lib/winston/transports/console.js:87:23)

    console.log
      [34mdebug[39m: Token verified {"role":"delivery","timestamp":"2026-04-19T14:13:55.783Z","userId":"8c32b13f-c807-4a94-86b3-14e141a2fb00"}

      at Console.log (node_modules/winston/lib/winston/transports/console.js:87:23)

    console.log
      [34mdebug[39m: Role check passed {"path":"/delivery-partners/8c32b13f-c807-4a94-86b3-14e141a2fb00/stats","role":"delivery","timestamp":"2026-04-19T14:13:55.784Z","userId":"8c32b13f-c807-4a94-86b3-14e141a2fb00"}

      at Console.log (node_modules/winston/lib/winston/transports/console.js:87:23)

    console.log
      [32minfo[39m: Partner stats requested {"partnerId":"8c32b13f-c807-4a94-86b3-14e141a2fb00","timestamp":"2026-04-19T14:13:55.785Z","userId":"8c32b13f-c807-4a94-86b3-14e141a2fb00"}

      at Console.log (node_modules/winston/lib/winston/transports/console.js:87:23)

    console.log
      [32minfo[39m: Partner stats retrieved {"partnerId":"8c32b13f-c807-4a94-86b3-14e141a2fb00","timestamp":"2026-04-19T14:13:55.787Z"}

      at Console.log (node_modules/winston/lib/winston/transports/console.js:87:23)

    console.log
      [32minfo[39m: Incoming request {"ip":"::ffff:127.0.0.1","method":"GET","path":"/api/v1/delivery-partners/e3263a62-ffed-4f8b-8f03-bae130f0e0ae/stats","requestId":"1e725f54-b9a8-41e3-95ca-26a2993afca1","timestamp":"2026-04-19T14:13:55.789Z"}

      at Console.log (node_modules/winston/lib/winston/transports/console.js:87:23)

    console.log
      [34mdebug[39m: Token verified {"role":"delivery","timestamp":"2026-04-19T14:13:55.791Z","userId":"e3263a62-ffed-4f8b-8f03-bae130f0e0ae"}

      at Console.log (node_modules/winston/lib/winston/transports/console.js:87:23)

    console.log
      [34mdebug[39m: Role check passed {"path":"/delivery-partners/e3263a62-ffed-4f8b-8f03-bae130f0e0ae/stats","role":"delivery","timestamp":"2026-04-19T14:13:55.791Z","userId":"e3263a62-ffed-4f8b-8f03-bae130f0e0ae"}

      at Console.log (node_modules/winston/lib/winston/transports/console.js:87:23)

    console.log
      [32minfo[39m: Partner stats requested {"partnerId":"e3263a62-ffed-4f8b-8f03-bae130f0e0ae","timestamp":"2026-04-19T14:13:55.792Z","userId":"e3263a62-ffed-4f8b-8f03-bae130f0e0ae"}

      at Console.log (node_modules/winston/lib/winston/transports/console.js:87:23)

    console.log
      [32minfo[39m: Partner stats retrieved {"partnerId":"e3263a62-ffed-4f8b-8f03-bae130f0e0ae","timestamp":"2026-04-19T14:13:55.792Z"}

      at Console.log (node_modules/winston/lib/winston/transports/console.js:87:23)

    console.log
      [32minfo[39m: Incoming request {"ip":"::ffff:127.0.0.1","method":"GET","path":"/api/v1/delivery-partners/8fd8b7bb-bf04-4880-91b0-cc017ea6a371/stats","requestId":"5532fb9f-1ee7-4973-bc43-dcda026d0b94","timestamp":"2026-04-19T14:13:55.794Z"}

      at Console.log (node_modules/winston/lib/winston/transports/console.js:87:23)

    console.log
      [33mwarn[39m: Missing or invalid authorization header {"path":"/delivery-partners/8fd8b7bb-bf04-4880-91b0-cc017ea6a371/stats","timestamp":"2026-04-19T14:13:55.795Z"}

      at Console.log (node_modules/winston/lib/winston/transports/console.js:87:23)

    console.log
      [33mwarn[39m: Application error Authorization header missing or malformed {"code":"UNAUTHORIZED","path":"/api/v1/delivery-partners/8fd8b7bb-bf04-4880-91b0-cc017ea6a371/stats","statusCode":401,"timestamp":"2026-04-19T14:13:55.796Z"}

      at Console.log (node_modules/winston/lib/winston/transports/console.js:87:23)

    console.log
      [32minfo[39m: Incoming request {"ip":"::ffff:127.0.0.1","method":"GET","path":"/api/v1/delivery-partners/5fd11ae0-c6e4-4aad-b1ec-b24b3086391b/stats","requestId":"906072cb-707d-4448-b793-1d7f3dbc0c7b","timestamp":"2026-04-19T14:13:55.800Z"}

      at Console.log (node_modules/winston/lib/winston/transports/console.js:87:23)

    console.log
      [34mdebug[39m: Token verified {"role":"delivery","timestamp":"2026-04-19T14:13:55.802Z","userId":"d997c492-b3f5-4bf3-b283-53fb2012806e"}

      at Console.log (node_modules/winston/lib/winston/transports/console.js:87:23)

    console.log
      [34mdebug[39m: Role check passed {"path":"/delivery-partners/5fd11ae0-c6e4-4aad-b1ec-b24b3086391b/stats","role":"delivery","timestamp":"2026-04-19T14:13:55.802Z","userId":"d997c492-b3f5-4bf3-b283-53fb2012806e"}

      at Console.log (node_modules/winston/lib/winston/transports/console.js:87:23)

    console.log
      [32minfo[39m: Partner stats requested {"partnerId":"5fd11ae0-c6e4-4aad-b1ec-b24b3086391b","timestamp":"2026-04-19T14:13:55.803Z","userId":"d997c492-b3f5-4bf3-b283-53fb2012806e"}

      at Console.log (node_modules/winston/lib/winston/transports/console.js:87:23)

    console.log
      [33mwarn[39m: Partner stats: Partner not found {"id":"5fd11ae0-c6e4-4aad-b1ec-b24b3086391b","timestamp":"2026-04-19T14:13:55.803Z"}

      at Console.log (node_modules/winston/lib/winston/transports/console.js:87:23)

    console.log
      [32minfo[39m: Incoming request {"ip":"::ffff:127.0.0.1","method":"GET","path":"/api/v1/delivery-partners/379e6500-4d2d-492e-897c-f13640d4dc3c/stats","requestId":"0c027e1b-b30b-4ed2-9d0d-cc93dcceb0f9","timestamp":"2026-04-19T14:13:55.805Z"}

      at Console.log (node_modules/winston/lib/winston/transports/console.js:87:23)

    console.log
      [34mdebug[39m: Token verified {"role":"delivery","timestamp":"2026-04-19T14:13:55.806Z","userId":"7e4fc5e2-aca4-47ee-bc46-73bcd1968f65"}

      at Console.log (node_modules/winston/lib/winston/transports/console.js:87:23)

    console.log
      [34mdebug[39m: Role check passed {"path":"/delivery-partners/379e6500-4d2d-492e-897c-f13640d4dc3c/stats","role":"delivery","timestamp":"2026-04-19T14:13:55.807Z","userId":"7e4fc5e2-aca4-47ee-bc46-73bcd1968f65"}

      at Console.log (node_modules/winston/lib/winston/transports/console.js:87:23)

    console.log
      [32minfo[39m: Partner stats requested {"partnerId":"379e6500-4d2d-492e-897c-f13640d4dc3c","timestamp":"2026-04-19T14:13:55.807Z","userId":"7e4fc5e2-aca4-47ee-bc46-73bcd1968f65"}

      at Console.log (node_modules/winston/lib/winston/transports/console.js:87:23)

    console.log
      [33mwarn[39m: Partner stats: Partner not found {"id":"379e6500-4d2d-492e-897c-f13640d4dc3c","timestamp":"2026-04-19T14:13:55.808Z"}

      at Console.log (node_modules/winston/lib/winston/transports/console.js:87:23)

    console.log
      [32minfo[39m: Incoming request {"ip":"::ffff:127.0.0.1","method":"GET","path":"/api/v1/delivery-partners/1047baa5-7309-432d-a6ea-964fd36d7a29/stats","requestId":"3c835134-a6cd-4d0c-bb01-2eb5f9d33548","timestamp":"2026-04-19T14:13:55.809Z"}

      at Console.log (node_modules/winston/lib/winston/transports/console.js:87:23)

    console.log
      [34mdebug[39m: Token verified {"role":"delivery","timestamp":"2026-04-19T14:13:55.811Z","userId":"1047baa5-7309-432d-a6ea-964fd36d7a29"}

      at Console.log (node_modules/winston/lib/winston/transports/console.js:87:23)

    console.log
      [34mdebug[39m: Role check passed {"path":"/delivery-partners/1047baa5-7309-432d-a6ea-964fd36d7a29/stats","role":"delivery","timestamp":"2026-04-19T14:13:55.811Z","userId":"1047baa5-7309-432d-a6ea-964fd36d7a29"}

      at Console.log (node_modules/winston/lib/winston/transports/console.js:87:23)

    console.log
      [32minfo[39m: Partner stats requested {"partnerId":"1047baa5-7309-432d-a6ea-964fd36d7a29","timestamp":"2026-04-19T14:13:55.812Z","userId":"1047baa5-7309-432d-a6ea-964fd36d7a29"}

      at Console.log (node_modules/winston/lib/winston/transports/console.js:87:23)

    console.log
      [32minfo[39m: Partner stats retrieved {"partnerId":"1047baa5-7309-432d-a6ea-964fd36d7a29","timestamp":"2026-04-19T14:13:55.814Z"}

      at Console.log (node_modules/winston/lib/winston/transports/console.js:87:23)

    console.log
      [32minfo[39m: Incoming request {"ip":"::ffff:127.0.0.1","method":"PATCH","path":"/api/v1/delivery-partners/e7e36ed7-cc26-48d5-9f17-cd8a10ef55e9/toggle-online","requestId":"93f346eb-d944-4098-b3e0-2525f1a47354","timestamp":"2026-04-19T14:13:55.829Z"}

      at Console.log (node_modules/winston/lib/winston/transports/console.js:87:23)

    console.log
      [34mdebug[39m: Token verified {"role":"delivery","timestamp":"2026-04-19T14:13:55.830Z","userId":"e7e36ed7-cc26-48d5-9f17-cd8a10ef55e9"}

      at Console.log (node_modules/winston/lib/winston/transports/console.js:87:23)

    console.log
      [34mdebug[39m: Role check passed {"path":"/delivery-partners/e7e36ed7-cc26-48d5-9f17-cd8a10ef55e9/toggle-online","role":"delivery","timestamp":"2026-04-19T14:13:55.831Z","userId":"e7e36ed7-cc26-48d5-9f17-cd8a10ef55e9"}

      at Console.log (node_modules/winston/lib/winston/transports/console.js:87:23)

    console.log
      [32minfo[39m: Incoming request {"ip":"::ffff:127.0.0.1","method":"PATCH","path":"/api/v1/delivery-partners/e7e36ed7-cc26-48d5-9f17-cd8a10ef55e9/toggle-online","requestId":"6323660d-0ec9-4a5a-a806-7999c83f22db","timestamp":"2026-04-19T14:13:55.831Z"}

      at Console.log (node_modules/winston/lib/winston/transports/console.js:87:23)

    console.log
      [34mdebug[39m: Token verified {"role":"delivery","timestamp":"2026-04-19T14:13:55.832Z","userId":"e7e36ed7-cc26-48d5-9f17-cd8a10ef55e9"}

      at Console.log (node_modules/winston/lib/winston/transports/console.js:87:23)

    console.log
      [34mdebug[39m: Role check passed {"path":"/delivery-partners/e7e36ed7-cc26-48d5-9f17-cd8a10ef55e9/toggle-online","role":"delivery","timestamp":"2026-04-19T14:13:55.832Z","userId":"e7e36ed7-cc26-48d5-9f17-cd8a10ef55e9"}

      at Console.log (node_modules/winston/lib/winston/transports/console.js:87:23)

    console.log
      [32minfo[39m: Incoming request {"ip":"::ffff:127.0.0.1","method":"PATCH","path":"/api/v1/delivery-partners/e7e36ed7-cc26-48d5-9f17-cd8a10ef55e9/toggle-online","requestId":"68adc78e-adb2-40aa-b51b-c70190221918","timestamp":"2026-04-19T14:13:55.832Z"}

      at Console.log (node_modules/winston/lib/winston/transports/console.js:87:23)

    console.log
      [34mdebug[39m: Token verified {"role":"delivery","timestamp":"2026-04-19T14:13:55.833Z","userId":"e7e36ed7-cc26-48d5-9f17-cd8a10ef55e9"}

      at Console.log (node_modules/winston/lib/winston/transports/console.js:87:23)

    console.log
      [34mdebug[39m: Role check passed {"path":"/delivery-partners/e7e36ed7-cc26-48d5-9f17-cd8a10ef55e9/toggle-online","role":"delivery","timestamp":"2026-04-19T14:13:55.833Z","userId":"e7e36ed7-cc26-48d5-9f17-cd8a10ef55e9"}

      at Console.log (node_modules/winston/lib/winston/transports/console.js:87:23)

    console.log
      [32minfo[39m: Incoming request {"ip":"::ffff:127.0.0.1","method":"PATCH","path":"/api/v1/delivery-partners/ffb35211-7f24-4f6f-9f05-735a4d686108/vehicle","requestId":"ae7d247f-301a-47c3-8c7d-890afa1b7356","timestamp":"2026-04-19T14:13:55.837Z"}

      at Console.log (node_modules/winston/lib/winston/transports/console.js:87:23)

    console.log
      [34mdebug[39m: Token verified {"role":"delivery","timestamp":"2026-04-19T14:13:55.838Z","userId":"ffb35211-7f24-4f6f-9f05-735a4d686108"}

      at Console.log (node_modules/winston/lib/winston/transports/console.js:87:23)

    console.log
      [34mdebug[39m: Role check passed {"path":"/delivery-partners/ffb35211-7f24-4f6f-9f05-735a4d686108/vehicle","role":"delivery","timestamp":"2026-04-19T14:13:55.838Z","userId":"ffb35211-7f24-4f6f-9f05-735a4d686108"}

      at Console.log (node_modules/winston/lib/winston/transports/console.js:87:23)

    console.log
      [32minfo[39m: Partner vehicle update requested {"partnerId":"ffb35211-7f24-4f6f-9f05-735a4d686108","timestamp":"2026-04-19T14:13:55.838Z","userId":"ffb35211-7f24-4f6f-9f05-735a4d686108"}

      at Console.log (node_modules/winston/lib/winston/transports/console.js:87:23)

    console.log
      [31merror[39m: Partner vehicle update error {"error":"_supabase.supabase.from(...).update(...).eq is not a function","timestamp":"2026-04-19T14:13:55.839Z"}

      at Console.log (node_modules/winston/lib/winston/transports/console.js:87:23)

    console.log
      [31merror[39m: Unexpected error _supabase.supabase.from(...).update(...).eq is not a function {"path":"/api/v1/delivery-partners/ffb35211-7f24-4f6f-9f05-735a4d686108/vehicle","stack":"TypeError: _supabase.supabase.from(...).update(...).eq is not a function\n    at eq (/Users/trinadh/projects/nearby/backend/src/routes/delivery-partners.js:509:10)\n    at processTicksAndRejections (node:internal/process/task_queues:103:5)","timestamp":"2026-04-19T14:13:55.839Z"}

      at Console.log (node_modules/winston/lib/winston/transports/console.js:87:23)

    console.log
      [32minfo[39m: Incoming request {"ip":"::ffff:127.0.0.1","method":"PATCH","path":"/api/v1/delivery-partners/ffb35211-7f24-4f6f-9f05-735a4d686108/vehicle","requestId":"f06604bd-c9da-4fe2-a21d-8d78e6df8a72","timestamp":"2026-04-19T14:13:55.839Z"}

      at Console.log (node_modules/winston/lib/winston/transports/console.js:87:23)

    console.log
      [34mdebug[39m: Token verified {"role":"delivery","timestamp":"2026-04-19T14:13:55.840Z","userId":"ffb35211-7f24-4f6f-9f05-735a4d686108"}

      at Console.log (node_modules/winston/lib/winston/transports/console.js:87:23)

    console.log
      [34mdebug[39m: Role check passed {"path":"/delivery-partners/ffb35211-7f24-4f6f-9f05-735a4d686108/vehicle","role":"delivery","timestamp":"2026-04-19T14:13:55.840Z","userId":"ffb35211-7f24-4f6f-9f05-735a4d686108"}

      at Console.log (node_modules/winston/lib/winston/transports/console.js:87:23)

    console.log
      [32minfo[39m: Partner vehicle update requested {"partnerId":"ffb35211-7f24-4f6f-9f05-735a4d686108","timestamp":"2026-04-19T14:13:55.841Z","userId":"ffb35211-7f24-4f6f-9f05-735a4d686108"}

      at Console.log (node_modules/winston/lib/winston/transports/console.js:87:23)

    console.log
      [31merror[39m: Partner vehicle update error {"error":"_supabase.supabase.from(...).update(...).eq is not a function","timestamp":"2026-04-19T14:13:55.841Z"}

      at Console.log (node_modules/winston/lib/winston/transports/console.js:87:23)

    console.log
      [31merror[39m: Unexpected error _supabase.supabase.from(...).update(...).eq is not a function {"path":"/api/v1/delivery-partners/ffb35211-7f24-4f6f-9f05-735a4d686108/vehicle","stack":"TypeError: _supabase.supabase.from(...).update(...).eq is not a function\n    at eq (/Users/trinadh/projects/nearby/backend/src/routes/delivery-partners.js:509:10)\n    at processTicksAndRejections (node:internal/process/task_queues:103:5)","timestamp":"2026-04-19T14:13:55.841Z"}

      at Console.log (node_modules/winston/lib/winston/transports/console.js:87:23)

    console.log
      [32minfo[39m: Incoming request {"ip":"::ffff:127.0.0.1","method":"PATCH","path":"/api/v1/delivery-partners/ffb35211-7f24-4f6f-9f05-735a4d686108/vehicle","requestId":"fbfbfee6-8406-4e60-bcf7-6bd1a8cb58fd","timestamp":"2026-04-19T14:13:55.843Z"}

      at Console.log (node_modules/winston/lib/winston/transports/console.js:87:23)

    console.log
      [34mdebug[39m: Token verified {"role":"delivery","timestamp":"2026-04-19T14:13:55.844Z","userId":"ffb35211-7f24-4f6f-9f05-735a4d686108"}

      at Console.log (node_modules/winston/lib/winston/transports/console.js:87:23)

    console.log
      [34mdebug[39m: Role check passed {"path":"/delivery-partners/ffb35211-7f24-4f6f-9f05-735a4d686108/vehicle","role":"delivery","timestamp":"2026-04-19T14:13:55.846Z","userId":"ffb35211-7f24-4f6f-9f05-735a4d686108"}

      at Console.log (node_modules/winston/lib/winston/transports/console.js:87:23)

    console.log
      [32minfo[39m: Partner vehicle update requested {"partnerId":"ffb35211-7f24-4f6f-9f05-735a4d686108","timestamp":"2026-04-19T14:13:55.847Z","userId":"ffb35211-7f24-4f6f-9f05-735a4d686108"}

      at Console.log (node_modules/winston/lib/winston/transports/console.js:87:23)

    console.log
      [31merror[39m: Partner vehicle update error {"error":"_supabase.supabase.from(...).update(...).eq is not a function","timestamp":"2026-04-19T14:13:55.848Z"}

      at Console.log (node_modules/winston/lib/winston/transports/console.js:87:23)

    console.log
      [31merror[39m: Unexpected error _supabase.supabase.from(...).update(...).eq is not a function {"path":"/api/v1/delivery-partners/ffb35211-7f24-4f6f-9f05-735a4d686108/vehicle","stack":"TypeError: _supabase.supabase.from(...).update(...).eq is not a function\n    at eq (/Users/trinadh/projects/nearby/backend/src/routes/delivery-partners.js:509:10)\n    at processTicksAndRejections (node:internal/process/task_queues:103:5)","timestamp":"2026-04-19T14:13:55.848Z"}

      at Console.log (node_modules/winston/lib/winston/transports/console.js:87:23)

    console.log
      [32minfo[39m: Incoming request {"ip":"::ffff:127.0.0.1","method":"PATCH","path":"/api/v1/delivery-partners/d2903ed0-de75-4673-8f61-4b60828e7202/bank","requestId":"5052a6b5-6346-4d9f-a696-648650ca550f","timestamp":"2026-04-19T14:13:55.850Z"}

      at Console.log (node_modules/winston/lib/winston/transports/console.js:87:23)

    console.log
      [34mdebug[39m: Token verified {"role":"delivery","timestamp":"2026-04-19T14:13:55.851Z","userId":"d2903ed0-de75-4673-8f61-4b60828e7202"}

      at Console.log (node_modules/winston/lib/winston/transports/console.js:87:23)

    console.log
      [34mdebug[39m: Role check passed {"path":"/delivery-partners/d2903ed0-de75-4673-8f61-4b60828e7202/bank","role":"delivery","timestamp":"2026-04-19T14:13:55.851Z","userId":"d2903ed0-de75-4673-8f61-4b60828e7202"}

      at Console.log (node_modules/winston/lib/winston/transports/console.js:87:23)

    console.log
      [33mwarn[39m: Partner bank update validation failed {"error":"\"bankAccountNumber\" is required","timestamp":"2026-04-19T14:13:55.851Z"}

      at Console.log (node_modules/winston/lib/winston/transports/console.js:87:23)

    console.log
      [32minfo[39m: Incoming request {"ip":"::ffff:127.0.0.1","method":"PATCH","path":"/api/v1/delivery-partners/d2903ed0-de75-4673-8f61-4b60828e7202/bank","requestId":"46eb3a8b-77c7-4400-a7b2-bed403b437fd","timestamp":"2026-04-19T14:13:55.852Z"}

      at Console.log (node_modules/winston/lib/winston/transports/console.js:87:23)

    console.log
      [34mdebug[39m: Token verified {"role":"delivery","timestamp":"2026-04-19T14:13:55.852Z","userId":"d2903ed0-de75-4673-8f61-4b60828e7202"}

      at Console.log (node_modules/winston/lib/winston/transports/console.js:87:23)

    console.log
      [34mdebug[39m: Role check passed {"path":"/delivery-partners/d2903ed0-de75-4673-8f61-4b60828e7202/bank","role":"delivery","timestamp":"2026-04-19T14:13:55.852Z","userId":"d2903ed0-de75-4673-8f61-4b60828e7202"}

      at Console.log (node_modules/winston/lib/winston/transports/console.js:87:23)

    console.log
      [33mwarn[39m: Partner bank update validation failed {"error":"\"bankAccountNumber\" is required","timestamp":"2026-04-19T14:13:55.852Z"}

      at Console.log (node_modules/winston/lib/winston/transports/console.js:87:23)

    console.log
      [32minfo[39m: Incoming request {"ip":"::ffff:127.0.0.1","method":"PATCH","path":"/api/v1/delivery-partners/d2903ed0-de75-4673-8f61-4b60828e7202/bank","requestId":"e43cdca1-bbe1-4a72-8d87-01bf7434e167","timestamp":"2026-04-19T14:13:55.853Z"}

      at Console.log (node_modules/winston/lib/winston/transports/console.js:87:23)

    console.log
      [34mdebug[39m: Token verified {"role":"delivery","timestamp":"2026-04-19T14:13:55.853Z","userId":"d2903ed0-de75-4673-8f61-4b60828e7202"}

      at Console.log (node_modules/winston/lib/winston/transports/console.js:87:23)

    console.log
      [34mdebug[39m: Role check passed {"path":"/delivery-partners/d2903ed0-de75-4673-8f61-4b60828e7202/bank","role":"delivery","timestamp":"2026-04-19T14:13:55.854Z","userId":"d2903ed0-de75-4673-8f61-4b60828e7202"}

      at Console.log (node_modules/winston/lib/winston/transports/console.js:87:23)

    console.log
      [33mwarn[39m: Partner bank update validation failed {"error":"\"bankAccountNumber\" is required","timestamp":"2026-04-19T14:13:55.854Z"}

      at Console.log (node_modules/winston/lib/winston/transports/console.js:87:23)

    console.log
      [32minfo[39m: Incoming request {"ip":"::ffff:127.0.0.1","method":"GET","path":"/api/v1/delivery-partners/invalid-uuid/stats","requestId":"1bee7cd0-4a0c-4984-85fc-3f368e61c35a","timestamp":"2026-04-19T14:13:55.857Z"}

      at Console.log (node_modules/winston/lib/winston/transports/console.js:87:23)

    console.log
      [34mdebug[39m: Token verified {"role":"delivery","timestamp":"2026-04-19T14:13:55.858Z","userId":"bdd82de5-4550-41a0-919c-72e4923d34e0"}

      at Console.log (node_modules/winston/lib/winston/transports/console.js:87:23)

    console.log
      [34mdebug[39m: Role check passed {"path":"/delivery-partners/invalid-uuid/stats","role":"delivery","timestamp":"2026-04-19T14:13:55.859Z","userId":"bdd82de5-4550-41a0-919c-72e4923d34e0"}

      at Console.log (node_modules/winston/lib/winston/transports/console.js:87:23)

    console.log
      [33mwarn[39m: Invalid partner ID format {"id":"invalid-","timestamp":"2026-04-19T14:13:55.859Z"}

      at Console.log (node_modules/winston/lib/winston/transports/console.js:87:23)

    console.log
      [32minfo[39m: Incoming request {"ip":"::ffff:127.0.0.1","method":"PATCH","path":"/api/v1/delivery-partners/13dd7d66-ff8a-4d58-b360-ad19705f07e1/bank","requestId":"51fa003a-752e-472d-ad34-bf602a24e381","timestamp":"2026-04-19T14:13:55.861Z"}

      at Console.log (node_modules/winston/lib/winston/transports/console.js:87:23)

    console.log
      [34mdebug[39m: Token verified {"role":"delivery","timestamp":"2026-04-19T14:13:55.863Z","userId":"13dd7d66-ff8a-4d58-b360-ad19705f07e1"}

      at Console.log (node_modules/winston/lib/winston/transports/console.js:87:23)

    console.log
      [34mdebug[39m: Role check passed {"path":"/delivery-partners/13dd7d66-ff8a-4d58-b360-ad19705f07e1/bank","role":"delivery","timestamp":"2026-04-19T14:13:55.863Z","userId":"13dd7d66-ff8a-4d58-b360-ad19705f07e1"}

      at Console.log (node_modules/winston/lib/winston/transports/console.js:87:23)

    console.log
      [33mwarn[39m: Partner bank update validation failed {"error":"\"bankAccountNumber\" is required","timestamp":"2026-04-19T14:13:55.864Z"}

      at Console.log (node_modules/winston/lib/winston/transports/console.js:87:23)

  ● Delivery Partners Extended Endpoints › PATCH /api/v1/delivery-partners/:id/vehicle › should update vehicle details

    expect(received).toContain(expected) // indexOf

    Expected value: 500
    Received array: [200, 201]

      71 |         });
      72 |
    > 73 |       expect([200, 201]).toContain(response.status);
         |                          ^
      74 |       expect(response.body.success).toBe(true);
      75 |     });
      76 |

      at Object.toContain (__tests__/integration/delivery-partners-extended.integration.test.js:73:26)

  ● Delivery Partners Extended Endpoints › PATCH /api/v1/delivery-partners/:id/vehicle › should prevent partner from updating others vehicle

    expect(received).toBe(expected) // Object.is equality

    Expected: 403
    Received: 404

      108 |         });
      109 |
    > 110 |       expect(response.status).toBe(403);
          |                               ^
      111 |       expect(response.body.success).toBe(false);
      112 |     });
      113 |

      at Object.toBe (__tests__/integration/delivery-partners-extended.integration.test.js:110:31)

  ● Delivery Partners Extended Endpoints › PATCH /api/v1/delivery-partners/:id/vehicle › should persist vehicle updates to database

    expect(received).toBe(expected) // Object.is equality

    Expected: "DL01AB8888"
    Received: "DL01AB1234"

      158 |         .single();
      159 |
    > 160 |       expect(partner.vehicle_number).toBe(newVehicleNum);
          |                                      ^
      161 |     });
      162 |   });
      163 |

      at Object.toBe (__tests__/integration/delivery-partners-extended.integration.test.js:160:38)

  ● Delivery Partners Extended Endpoints › PATCH /api/v1/delivery-partners/:id/bank › should update bank account details

    expect(received).toContain(expected) // indexOf

    Expected value: 400
    Received array: [200, 201]

      173 |         });
      174 |
    > 175 |       expect([200, 201]).toContain(response.status);
          |                          ^
      176 |       expect(response.body.success).toBe(true);
      177 |     });
      178 |

      at Object.toContain (__tests__/integration/delivery-partners-extended.integration.test.js:175:26)

  ● Delivery Partners Extended Endpoints › PATCH /api/v1/delivery-partners/:id/bank › should prevent updating others bank account

    expect(received).toBe(expected) // Object.is equality

    Expected: 403
    Received: 400

      244 |         });
      245 |
    > 246 |       expect(response.status).toBe(403);
          |                               ^
      247 |     });
      248 |
      249 |     it('should be idempotent', async () => {

      at Object.toBe (__tests__/integration/delivery-partners-extended.integration.test.js:246:31)

  ● Delivery Partners Extended Endpoints › PATCH /api/v1/delivery-partners/:id/bank › should persist bank updates to database

    expect(received).toBe(expected) // Object.is equality

    Expected: "6666666666"
    Received: "1234567890"

      286 |         .single();
      287 |
    > 288 |       expect(partner.bank_account_number).toBe(newAccount);
          |                                           ^
      289 |     });
      290 |   });
      291 |

      at Object.toBe (__tests__/integration/delivery-partners-extended.integration.test.js:288:43)

  ● Delivery Partners Extended Endpoints › PATCH /api/v1/delivery-partners/:id/toggle-online › should toggle online status to true

    expect(received).toContain(expected) // indexOf

    Expected value: 400
    Received array: [200, 201]

      301 |         });
      302 |
    > 303 |       expect([200, 201]).toContain(response.status);
          |                          ^
      304 |       expect(response.body.success).toBe(true);
      305 |     });
      306 |

      at Object.toContain (__tests__/integration/delivery-partners-extended.integration.test.js:303:26)

  ● Delivery Partners Extended Endpoints › PATCH /api/v1/delivery-partners/:id/toggle-online › should toggle online status to false

    expect(received).toContain(expected) // indexOf

    Expected value: 400
    Received array: [200, 201]

      324 |         });
      325 |
    > 326 |       expect([200, 201]).toContain(response.status);
          |                          ^
      327 |       expect(response.body.success).toBe(true);
      328 |     });
      329 |

      at Object.toContain (__tests__/integration/delivery-partners-extended.integration.test.js:326:26)

  ● Delivery Partners Extended Endpoints › PATCH /api/v1/delivery-partners/:id/toggle-online › should prevent toggling others online status

    expect(received).toBe(expected) // Object.is equality

    Expected: 403
    Received: 400

      395 |         });
      396 |
    > 397 |       expect(response.status).toBe(403);
          |                               ^
      398 |     });
      399 |
      400 |     it('should not allow toggle if KYC not approved', async () => {

      at Object.toBe (__tests__/integration/delivery-partners-extended.integration.test.js:397:31)

  ● Delivery Partners Extended Endpoints › PATCH /api/v1/delivery-partners/:id/toggle-online › should not allow toggle if KYC not approved

    expect(received).toBe(expected) // Object.is equality

    Expected: 403
    Received: 400

      430 |         });
      431 |
    > 432 |       expect(response.status).toBe(403);
          |                               ^
      433 |
      434 |       // Cleanup
      435 |       await supabase.from('delivery_partners').delete().eq('id', unverifiedPartnerId);

      at Object.toBe (__tests__/integration/delivery-partners-extended.integration.test.js:432:31)

  ● Delivery Partners Extended Endpoints › PATCH /api/v1/delivery-partners/:id/toggle-online › should persist online status to database

    expect(received).toBe(expected) // Object.is equality

    Expected: true
    Received: false

      453 |         .single();
      454 |
    > 455 |       expect(partner.is_online).toBe(true);
          |                                 ^
      456 |     });
      457 |
      458 |     it('should be idempotent', async () => {

      at Object.toBe (__tests__/integration/delivery-partners-extended.integration.test.js:455:33)

  ● Delivery Partners Extended Endpoints › GET /api/v1/delivery-partners/:id/stats › should prevent viewing others stats

    expect(received).toBe(expected) // Object.is equality

    Expected: 403
    Received: 404

      531 |         .set('Authorization', `Bearer ${partnerToken}`);
      532 |
    > 533 |       expect(response.status).toBe(403);
          |                               ^
      534 |     });
      535 |
      536 |     it('should return 404 for non-existent partner', async () => {

      at Object.toBe (__tests__/integration/delivery-partners-extended.integration.test.js:533:31)


  ●  Cannot log after tests are done. Did you forget to wait for something async in your test?
    Attempted to log "Error: connect ECONNREFUSED 127.0.0.1:6379
        at TCPConnectWrap.afterConnect [as oncomplete] (node:net:1637:16) {
      errno: -61,
      code: 'ECONNREFUSED',
      syscall: 'connect',
      address: '127.0.0.1',
      port: 6379
    }".

      at TCPConnectWrap.afterConnect [as oncomplete] (node:net:1637:16) {
        errno: -61,
        code: 'ECONNREFUSED',
        syscall: 'connect',
        address: '127.0.0.1',
        port: 6379
      }".
      at console.error (node_modules/@jest/console/build/BufferedConsole.js:127:10)
      at Queue.emit (node_modules/bullmq/src/classes/queue-base.ts:137:17)
      at Queue.emit (node_modules/bullmq/src/classes/queue.ts:193:18)
      at RedisConnection.<anonymous> (node_modules/bullmq/src/classes/queue-base.ts:76:56)
      at EventEmitter.RedisConnection.handleClientError (node_modules/bullmq/src/classes/redis-connection.ts:123:12)
      at EventEmitter.silentEmit (node_modules/ioredis/built/Redis.js:529:30)
      at Socket.<anonymous> (node_modules/ioredis/built/redis/event_handler.js:221:14)

PASS __tests__/integration/reviews.integration.test.js
  ● Console

    console.error
      Error: connect ECONNREFUSED 127.0.0.1:6379
          at TCPConnectWrap.afterConnect [as oncomplete] (node:net:1637:16) {
        errno: -61,
        code: 'ECONNREFUSED',
        syscall: 'connect',
        address: '127.0.0.1',
        port: 6379
      }

      at Queue.emit (node_modules/bullmq/src/classes/queue-base.ts:137:17)
      at Queue.emit (node_modules/bullmq/src/classes/queue.ts:193:18)
      at RedisConnection.<anonymous> (node_modules/bullmq/src/classes/queue-base.ts:76:56)
      at EventEmitter.RedisConnection.handleClientError (node_modules/bullmq/src/classes/redis-connection.ts:123:12)
      at EventEmitter.silentEmit (node_modules/ioredis/built/Redis.js:529:30)
      at Socket.<anonymous> (node_modules/ioredis/built/redis/event_handler.js:221:14)

    console.log
      [31merror[39m: Typesense sync worker error {"error":"connect ECONNREFUSED 127.0.0.1:6379","stack":"Error: connect ECONNREFUSED 127.0.0.1:6379\n    at TCPConnectWrap.afterConnect [as oncomplete] (node:net:1637:16)","timestamp":"2026-04-19T14:13:56.501Z"}

      at Console.log (node_modules/winston/lib/winston/transports/console.js:87:23)

    console.log
      [31merror[39m: Typesense sync worker error {"error":"connect ECONNREFUSED 127.0.0.1:6379","stack":"Error: connect ECONNREFUSED 127.0.0.1:6379\n    at TCPConnectWrap.afterConnect [as oncomplete] (node:net:1637:16)","timestamp":"2026-04-19T14:13:56.505Z"}

      at Console.log (node_modules/winston/lib/winston/transports/console.js:87:23)

    console.log
      [32minfo[39m: Incoming request {"ip":"::ffff:127.0.0.1","method":"POST","path":"/api/v1/reviews","requestId":"022f2e53-eaa9-426a-adc7-0fe1714b079e","timestamp":"2026-04-19T14:13:56.506Z"}

      at Console.log (node_modules/winston/lib/winston/transports/console.js:87:23)

    console.log
      [34mdebug[39m: Token verified {"role":"customer","timestamp":"2026-04-19T14:13:56.516Z","userId":"be57c65e-ead2-47b0-a8f3-23a2e2dd92a5"}

      at Console.log (node_modules/winston/lib/winston/transports/console.js:87:23)

    console.log
      [34mdebug[39m: Role check passed {"path":"/","role":"customer","timestamp":"2026-04-19T14:13:56.519Z","userId":"be57c65e-ead2-47b0-a8f3-23a2e2dd92a5"}

      at Console.log (node_modules/winston/lib/winston/transports/console.js:87:23)

    console.log
      [32minfo[39m: Review created {"customerId":"be57c65e-ead2-47b0-a8f3-23a2e2dd92a5","orderId":"f67e07dd-a370-47a5-aab9-aacf4f1bbfb0","rating":5,"reviewId":"7a2c127d-88ce-433b-918b-2111964bdf0d","timestamp":"2026-04-19T14:13:56.520Z"}

      at Console.log (node_modules/winston/lib/winston/transports/console.js:87:23)

    console.log
      [32minfo[39m: Review created via API {"customerId":"be57c65e-ead2-47b0-a8f3-23a2e2dd92a5","orderId":"f67e07dd-a370-47a5-aab9-aacf4f1bbfb0","reviewId":"7a2c127d-88ce-433b-918b-2111964bdf0d","timestamp":"2026-04-19T14:13:56.522Z"}

      at Console.log (node_modules/winston/lib/winston/transports/console.js:87:23)

    console.log
      [32minfo[39m: Incoming request {"ip":"::ffff:127.0.0.1","method":"POST","path":"/api/v1/reviews","requestId":"de35007b-58bd-4a31-a97a-22edb26c7d05","timestamp":"2026-04-19T14:13:56.527Z"}

      at Console.log (node_modules/winston/lib/winston/transports/console.js:87:23)

    console.log
      [34mdebug[39m: Token verified {"role":"customer","timestamp":"2026-04-19T14:13:56.528Z","userId":"be57c65e-ead2-47b0-a8f3-23a2e2dd92a5"}

      at Console.log (node_modules/winston/lib/winston/transports/console.js:87:23)

    console.log
      [34mdebug[39m: Role check passed {"path":"/","role":"customer","timestamp":"2026-04-19T14:13:56.529Z","userId":"be57c65e-ead2-47b0-a8f3-23a2e2dd92a5"}

      at Console.log (node_modules/winston/lib/winston/transports/console.js:87:23)

    console.log
      [31merror[39m: Create review endpoint error {"customerId":"be57c65e-ead2-47b0-a8f3-23a2e2dd92a5","error":"You have already reviewed this order.","timestamp":"2026-04-19T14:13:56.531Z"}

      at Console.log (node_modules/winston/lib/winston/transports/console.js:87:23)

    console.log
      [33mwarn[39m: Application error You have already reviewed this order. {"code":"REVIEW_ALREADY_EXISTS","path":"/api/v1/reviews","statusCode":409,"timestamp":"2026-04-19T14:13:56.531Z"}

      at Console.log (node_modules/winston/lib/winston/transports/console.js:87:23)

    console.log
      [32minfo[39m: Incoming request {"ip":"::ffff:127.0.0.1","method":"POST","path":"/api/v1/reviews","requestId":"b21c10a3-56d5-49b0-a0ae-0c91c1ce24d7","timestamp":"2026-04-19T14:13:56.533Z"}

      at Console.log (node_modules/winston/lib/winston/transports/console.js:87:23)

    console.log
      [34mdebug[39m: Token verified {"role":"customer","timestamp":"2026-04-19T14:13:56.534Z","userId":"be57c65e-ead2-47b0-a8f3-23a2e2dd92a5"}

      at Console.log (node_modules/winston/lib/winston/transports/console.js:87:23)

    console.log
      [34mdebug[39m: Role check passed {"path":"/","role":"customer","timestamp":"2026-04-19T14:13:56.534Z","userId":"be57c65e-ead2-47b0-a8f3-23a2e2dd92a5"}

      at Console.log (node_modules/winston/lib/winston/transports/console.js:87:23)

    console.log
      [31merror[39m: Create review endpoint error {"customerId":"be57c65e-ead2-47b0-a8f3-23a2e2dd92a5","error":"Only delivered orders can be reviewed.","timestamp":"2026-04-19T14:13:56.535Z"}

      at Console.log (node_modules/winston/lib/winston/transports/console.js:87:23)

    console.log
      [33mwarn[39m: Application error Only delivered orders can be reviewed. {"code":"ORDER_NOT_DELIVERED","path":"/api/v1/reviews","statusCode":400,"timestamp":"2026-04-19T14:13:56.535Z"}

      at Console.log (node_modules/winston/lib/winston/transports/console.js:87:23)

    console.log
      [32minfo[39m: Incoming request {"ip":"::ffff:127.0.0.1","method":"POST","path":"/api/v1/reviews","requestId":"5d375e89-6b46-428d-a9c4-087399275869","timestamp":"2026-04-19T14:13:56.536Z"}

      at Console.log (node_modules/winston/lib/winston/transports/console.js:87:23)

    console.log
      [34mdebug[39m: Token verified {"role":"customer","timestamp":"2026-04-19T14:13:56.537Z","userId":"be57c65e-ead2-47b0-a8f3-23a2e2dd92a5"}

      at Console.log (node_modules/winston/lib/winston/transports/console.js:87:23)

    console.log
      [34mdebug[39m: Role check passed {"path":"/","role":"customer","timestamp":"2026-04-19T14:13:56.537Z","userId":"be57c65e-ead2-47b0-a8f3-23a2e2dd92a5"}

      at Console.log (node_modules/winston/lib/winston/transports/console.js:87:23)

    console.log
      [32minfo[39m: Incoming request {"ip":"::ffff:127.0.0.1","method":"POST","path":"/api/v1/reviews","requestId":"aa288814-f23d-47ed-87af-56be61678a37","timestamp":"2026-04-19T14:13:56.539Z"}

      at Console.log (node_modules/winston/lib/winston/transports/console.js:87:23)

    console.log
      [34mdebug[39m: Token verified {"role":"customer","timestamp":"2026-04-19T14:13:56.540Z","userId":"be57c65e-ead2-47b0-a8f3-23a2e2dd92a5"}

      at Console.log (node_modules/winston/lib/winston/transports/console.js:87:23)

    console.log
      [34mdebug[39m: Role check passed {"path":"/","role":"customer","timestamp":"2026-04-19T14:13:56.540Z","userId":"be57c65e-ead2-47b0-a8f3-23a2e2dd92a5"}

      at Console.log (node_modules/winston/lib/winston/transports/console.js:87:23)

    console.log
      [32minfo[39m: Review created {"customerId":"be57c65e-ead2-47b0-a8f3-23a2e2dd92a5","orderId":"f67e07dd-a370-47a5-aab9-aacf4f1bbfb0","rating":4,"reviewId":"0c57e0fc-7994-4ce0-9d2e-67385701774b","timestamp":"2026-04-19T14:13:56.540Z"}

      at Console.log (node_modules/winston/lib/winston/transports/console.js:87:23)

    console.log
      [32minfo[39m: Review created via API {"customerId":"be57c65e-ead2-47b0-a8f3-23a2e2dd92a5","orderId":"f67e07dd-a370-47a5-aab9-aacf4f1bbfb0","reviewId":"0c57e0fc-7994-4ce0-9d2e-67385701774b","timestamp":"2026-04-19T14:13:56.541Z"}

      at Console.log (node_modules/winston/lib/winston/transports/console.js:87:23)

    console.log
      [32minfo[39m: Incoming request {"ip":"::ffff:127.0.0.1","method":"GET","path":"/api/v1/shops/9149ed4c-91d2-4213-b273-a6138de51072/reviews","requestId":"a6ac4309-1a36-4615-81f5-4d25492c3a65","timestamp":"2026-04-19T14:13:56.542Z"}

      at Console.log (node_modules/winston/lib/winston/transports/console.js:87:23)

    console.log
      [32minfo[39m: Incoming request {"ip":"::ffff:127.0.0.1","method":"GET","path":"/api/v1/shops/9149ed4c-91d2-4213-b273-a6138de51072/reviews","requestId":"07e318b5-1412-4b0c-ab77-5b54aad425df","timestamp":"2026-04-19T14:13:56.544Z"}

      at Console.log (node_modules/winston/lib/winston/transports/console.js:87:23)

    console.log
      [32minfo[39m: Incoming request {"ip":"::ffff:127.0.0.1","method":"GET","path":"/api/v1/shops/9149ed4c-91d2-4213-b273-a6138de51072/review-stats","requestId":"06e26f5e-7b51-4cf1-8c02-8fe1c6afa2cf","timestamp":"2026-04-19T14:13:56.547Z"}

      at Console.log (node_modules/winston/lib/winston/transports/console.js:87:23)

PASS src/__tests__/integration/orderJobs.test.js
  ● Console

    console.log
      [32minfo[39m: Auto-cancel skipped for non-pending order {"orderId":"order-1","status":"accepted","timestamp":"2026-04-19T14:13:56.590Z"}

      at Console.log (node_modules/winston/lib/winston/transports/console.js:87:23)

    console.log
      [32minfo[39m: Auto-cancel job completed {"jobId":"job-2","orderId":"order-2","timestamp":"2026-04-19T14:13:56.593Z"}

      at Console.log (node_modules/winston/lib/winston/transports/console.js:87:23)

    console.log
      [32minfo[39m: Notify-shop job completed {"jobId":"job-3","orderId":"order-3","pushDelivered":true,"shopId":"shop-1","timestamp":"2026-04-19T14:13:56.595Z"}

      at Console.log (node_modules/winston/lib/winston/transports/console.js:87:23)

    console.log
      [32minfo[39m: Notify-shop job completed {"jobId":"job-4","orderId":"order-4","pushDelivered":false,"shopId":"shop-1","timestamp":"2026-04-19T14:13:56.596Z"}

      at Console.log (node_modules/winston/lib/winston/transports/console.js:87:23)

PASS __tests__/unit/trustScoreFormula.unit.test.js

  ●  Cannot log after tests are done. Did you forget to wait for something async in your test?
    Attempted to log "Error: connect ECONNREFUSED 127.0.0.1:6379
        at TCPConnectWrap.afterConnect [as oncomplete] (node:net:1637:16) {
      errno: -61,
      code: 'ECONNREFUSED',
      syscall: 'connect',
      address: '127.0.0.1',
      port: 6379
    }".

      at TCPConnectWrap.afterConnect [as oncomplete] (node:net:1637:16) {
        errno: -61,
        code: 'ECONNREFUSED',
        syscall: 'connect',
        address: '127.0.0.1',
        port: 6379
      }".
      at console.error (node_modules/@jest/console/build/BufferedConsole.js:127:10)
      at Queue.emit (node_modules/bullmq/src/classes/queue-base.ts:137:17)
      at Queue.emit (node_modules/bullmq/src/classes/queue.ts:193:18)
      at RedisConnection.<anonymous> (node_modules/bullmq/src/classes/queue-base.ts:76:56)
      at EventEmitter.RedisConnection.handleClientError (node_modules/bullmq/src/classes/redis-connection.ts:123:12)
      at EventEmitter.silentEmit (node_modules/ioredis/built/Redis.js:529:30)
      at Socket.<anonymous> (node_modules/ioredis/built/redis/event_handler.js:221:14)

PASS src/__tests__/integration/middleware.test.js
  ● Console

    console.log
      [33mwarn[39m: Validation error {"messages":"\"email\" must be a valid email","path":"/test","source":"body","timestamp":"2026-04-19T14:13:56.645Z"}

      at Console.log (node_modules/winston/lib/winston/transports/console.js:87:23)

    console.log
      [33mwarn[39m: Application error Validation failed: "email" must be a valid email {"code":"VALIDATION_ERROR","path":"/test","statusCode":400,"timestamp":"2026-04-19T14:13:56.647Z"}

      at Console.log (node_modules/winston/lib/winston/transports/console.js:87:23)

    console.log
      [34mdebug[39m: Token verified {"role":"customer","timestamp":"2026-04-19T14:13:56.654Z","userId":"test-user"}

      at Console.log (node_modules/winston/lib/winston/transports/console.js:87:23)

    console.log
      [33mwarn[39m: Missing or invalid authorization header {"path":"/test","timestamp":"2026-04-19T14:13:56.656Z"}

      at Console.log (node_modules/winston/lib/winston/transports/console.js:87:23)

    console.log
      [33mwarn[39m: Application error Authorization header missing or malformed {"code":"UNAUTHORIZED","path":"/test","statusCode":401,"timestamp":"2026-04-19T14:13:56.656Z"}

      at Console.log (node_modules/winston/lib/winston/transports/console.js:87:23)

    console.log
      [33mwarn[39m: Invalid token {"error":"jwt malformed","timestamp":"2026-04-19T14:13:56.658Z"}

      at Console.log (node_modules/winston/lib/winston/transports/console.js:87:23)

    console.log
      [33mwarn[39m: Application error Invalid or malformed token {"code":"INVALID_TOKEN","path":"/test","statusCode":401,"timestamp":"2026-04-19T14:13:56.658Z"}

      at Console.log (node_modules/winston/lib/winston/transports/console.js:87:23)

    console.log
      [34mdebug[39m: Token verified {"role":"shop_owner","timestamp":"2026-04-19T14:13:56.660Z","userId":"abc123"}

      at Console.log (node_modules/winston/lib/winston/transports/console.js:87:23)

    console.log
      [34mdebug[39m: Token verified {"role":"admin","timestamp":"2026-04-19T14:13:56.662Z","userId":"test-user"}

      at Console.log (node_modules/winston/lib/winston/transports/console.js:87:23)

    console.log
      [34mdebug[39m: Role check passed {"path":"/test","role":"admin","timestamp":"2026-04-19T14:13:56.662Z","userId":"test-user"}

      at Console.log (node_modules/winston/lib/winston/transports/console.js:87:23)

    console.log
      [34mdebug[39m: Token verified {"role":"customer","timestamp":"2026-04-19T14:13:56.664Z","userId":"test-user"}

      at Console.log (node_modules/winston/lib/winston/transports/console.js:87:23)

    console.log
      [33mwarn[39m: Unauthorized role access attempt {"allowedRoles":["admin"],"path":"/test","timestamp":"2026-04-19T14:13:56.664Z","userId":"test-user","userRole":"customer"}

      at Console.log (node_modules/winston/lib/winston/transports/console.js:87:23)

    console.log
      [33mwarn[39m: Application error Your role 'customer' does not have access to this resource. Allowed roles: admin {"code":"FORBIDDEN","path":"/test","statusCode":403,"timestamp":"2026-04-19T14:13:56.664Z"}

      at Console.log (node_modules/winston/lib/winston/transports/console.js:87:23)

    console.log
      [34mdebug[39m: Token verified {"role":"delivery","timestamp":"2026-04-19T14:13:56.667Z","userId":"test-user"}

      at Console.log (node_modules/winston/lib/winston/transports/console.js:87:23)

    console.log
      [34mdebug[39m: Role check passed {"path":"/test","role":"delivery","timestamp":"2026-04-19T14:13:56.668Z","userId":"test-user"}

      at Console.log (node_modules/winston/lib/winston/transports/console.js:87:23)

    console.log
      [34mdebug[39m: Token verified {"role":"customer","timestamp":"2026-04-19T14:13:56.672Z","userId":"test-user"}

      at Console.log (node_modules/winston/lib/winston/transports/console.js:87:23)

    console.log
      [33mwarn[39m: Unauthorized role access attempt {"allowedRoles":["admin"],"path":"/test","timestamp":"2026-04-19T14:13:56.672Z","userId":"test-user","userRole":"customer"}

      at Console.log (node_modules/winston/lib/winston/transports/console.js:87:23)

    console.log
      [33mwarn[39m: Application error Your role 'customer' does not have access to this resource. Allowed roles: admin {"code":"FORBIDDEN","path":"/test","statusCode":403,"timestamp":"2026-04-19T14:13:56.673Z"}

      at Console.log (node_modules/winston/lib/winston/transports/console.js:87:23)

    console.log
      [34mdebug[39m: Token verified {"role":"customer","timestamp":"2026-04-19T14:13:56.674Z","userId":"test-user"}

      at Console.log (node_modules/winston/lib/winston/transports/console.js:87:23)

    console.log
      [34mdebug[39m: Role check passed {"path":"/test","role":"customer","timestamp":"2026-04-19T14:13:56.675Z","userId":"test-user"}

      at Console.log (node_modules/winston/lib/winston/transports/console.js:87:23)

    console.log
      [33mwarn[39m: Application error Test error message {"code":"TEST_ERROR","path":"/test","statusCode":400,"timestamp":"2026-04-19T14:13:56.676Z"}

      at Console.log (node_modules/winston/lib/winston/transports/console.js:87:23)

    console.log
      [31merror[39m: Unexpected error Unexpected error {"path":"/test","stack":"Error: Unexpected error\n    at /Users/trinadh/projects/nearby/backend/src/__tests__/integration/middleware.test.js:281:12\n    at Layer.handle [as handle_request] (/Users/trinadh/projects/nearby/backend/node_modules/express/lib/router/layer.js:95:5)\n    at next (/Users/trinadh/projects/nearby/backend/node_modules/express/lib/router/route.js:149:13)\n    at Route.dispatch (/Users/trinadh/projects/nearby/backend/node_modules/express/lib/router/route.js:119:3)\n    at Layer.handle [as handle_request] (/Users/trinadh/projects/nearby/backend/node_modules/express/lib/router/layer.js:95:5)\n    at /Users/trinadh/projects/nearby/backend/node_modules/express/lib/router/index.js:284:15\n    at router.process_params (/Users/trinadh/projects/nearby/backend/node_modules/express/lib/router/index.js:346:12)\n    at next (/Users/trinadh/projects/nearby/backend/node_modules/express/lib/router/index.js:280:10)\n    at jsonParser (/Users/trinadh/projects/nearby/backend/node_modules/body-parser/lib/types/json.js:113:7)\n    at Layer.handle [as handle_request] (/Users/trinadh/projects/nearby/backend/node_modules/express/lib/router/layer.js:95:5)\n    at trim_prefix (/Users/trinadh/projects/nearby/backend/node_modules/express/lib/router/index.js:328:13)\n    at /Users/trinadh/projects/nearby/backend/node_modules/express/lib/router/index.js:286:9\n    at router.process_params (/Users/trinadh/projects/nearby/backend/node_modules/express/lib/router/index.js:346:12)\n    at next (/Users/trinadh/projects/nearby/backend/node_modules/express/lib/router/index.js:280:10)\n    at expressInit (/Users/trinadh/projects/nearby/backend/node_modules/express/lib/middleware/init.js:40:5)\n    at Layer.handle [as handle_request] (/Users/trinadh/projects/nearby/backend/node_modules/express/lib/router/layer.js:95:5)\n    at trim_prefix (/Users/trinadh/projects/nearby/backend/node_modules/express/lib/router/index.js:328:13)\n    at /Users/trinadh/projects/nearby/backend/node_modules/express/lib/router/index.js:286:9\n    at router.process_params (/Users/trinadh/projects/nearby/backend/node_modules/express/lib/router/index.js:346:12)\n    at next (/Users/trinadh/projects/nearby/backend/node_modules/express/lib/router/index.js:280:10)\n    at query (/Users/trinadh/projects/nearby/backend/node_modules/express/lib/middleware/query.js:45:5)\n    at Layer.handle [as handle_request] (/Users/trinadh/projects/nearby/backend/node_modules/express/lib/router/layer.js:95:5)\n    at trim_prefix (/Users/trinadh/projects/nearby/backend/node_modules/express/lib/router/index.js:328:13)\n    at /Users/trinadh/projects/nearby/backend/node_modules/express/lib/router/index.js:286:9\n    at router.process_params (/Users/trinadh/projects/nearby/backend/node_modules/express/lib/router/index.js:346:12)\n    at next (/Users/trinadh/projects/nearby/backend/node_modules/express/lib/router/index.js:280:10)\n    at router.handle (/Users/trinadh/projects/nearby/backend/node_modules/express/lib/router/index.js:175:3)\n    at app.handle (/Users/trinadh/projects/nearby/backend/node_modules/express/lib/application.js:181:10)\n    at Server.app (/Users/trinadh/projects/nearby/backend/node_modules/express/lib/express.js:39:9)\n    at Server.emit (node:events:508:28)\n    at parserOnIncoming (node:_http_server:1210:12)\n    at HTTPParser.parserOnHeadersComplete (node:_http_common:123:17)","timestamp":"2026-04-19T14:13:56.679Z"}

      at Console.log (node_modules/winston/lib/winston/transports/console.js:87:23)

    console.log
      [33mwarn[39m: Application error Test {"code":"TEST_ERROR","path":"/test","statusCode":400,"timestamp":"2026-04-19T14:13:56.681Z"}

      at Console.log (node_modules/winston/lib/winston/transports/console.js:87:23)

PASS src/__tests__/unit/assignDelivery.test.js

  ●  Cannot log after tests are done. Did you forget to wait for something async in your test?
    Attempted to log "Error: connect ECONNREFUSED 127.0.0.1:6379
        at TCPConnectWrap.afterConnect [as oncomplete] (node:net:1637:16) {
      errno: -61,
      code: 'ECONNREFUSED',
      syscall: 'connect',
      address: '127.0.0.1',
      port: 6379
    }".

      at TCPConnectWrap.afterConnect [as oncomplete] (node:net:1637:16) {
        errno: -61,
        code: 'ECONNREFUSED',
        syscall: 'connect',
        address: '127.0.0.1',
        port: 6379
      }".
      at console.error (node_modules/@jest/console/build/BufferedConsole.js:127:10)
      at Queue.emit (node_modules/bullmq/src/classes/queue-base.ts:137:17)
      at Queue.emit (node_modules/bullmq/src/classes/queue.ts:193:18)
      at RedisConnection.<anonymous> (node_modules/bullmq/src/classes/queue-base.ts:76:56)
      at EventEmitter.RedisConnection.handleClientError (node_modules/bullmq/src/classes/redis-connection.ts:123:12)
      at EventEmitter.silentEmit (node_modules/ioredis/built/Redis.js:529:30)
      at Socket.<anonymous> (node_modules/ioredis/built/redis/event_handler.js:221:14)

PASS src/__tests__/unit/productImagePipeline.test.js
  ● Console

    console.log
      [32minfo[39m: ProductService.createProduct called {"shopId":"shop-1","timestamp":"2026-04-19T14:13:56.634Z","userId":"user-1"}

      at Console.log (node_modules/winston/lib/winston/transports/console.js:87:23)

    console.log
      [32minfo[39m: ProductService: product created {"productId":"d24bdc54-2a03-4a2e-a73e-3af65130102f","shopId":"shop-1","timestamp":"2026-04-19T14:13:56.647Z"}

      at Console.log (node_modules/winston/lib/winston/transports/console.js:87:23)

    console.log
      [34mdebug[39m: ProductService: Typesense sync job queued {"productId":"d24bdc54-2a03-4a2e-a73e-3af65130102f","timestamp":"2026-04-19T14:13:56.648Z"}

      at Console.log (node_modules/winston/lib/winston/transports/console.js:87:23)

    console.log
      [32minfo[39m: ProductService.createProduct called {"shopId":"shop-1","timestamp":"2026-04-19T14:13:56.651Z","userId":"user-1"}

      at Console.log (node_modules/winston/lib/winston/transports/console.js:87:23)

    console.log
      [31merror[39m: ProductService: image processing failed {"error":"sharp failed","productId":"8b623f76-b5b4-49b4-8aff-6afa98b1dd32","shopId":"shop-1","timestamp":"2026-04-19T14:13:56.653Z"}

      at Console.log (node_modules/winston/lib/winston/transports/console.js:87:23)


  ●  Cannot log after tests are done. Did you forget to wait for something async in your test?
    Attempted to log "Error: connect ECONNREFUSED 127.0.0.1:6379
        at TCPConnectWrap.afterConnect [as oncomplete] (node:net:1637:16) {
      errno: -61,
      code: 'ECONNREFUSED',
      syscall: 'connect',
      address: '127.0.0.1',
      port: 6379
    }".

      at TCPConnectWrap.afterConnect [as oncomplete] (node:net:1637:16) {
        errno: -61,
        code: 'ECONNREFUSED',
        syscall: 'connect',
        address: '127.0.0.1',
        port: 6379
      }".
      at console.error (node_modules/@jest/console/build/BufferedConsole.js:127:10)
      at Queue.emit (node_modules/bullmq/src/classes/queue-base.ts:137:17)
      at Queue.emit (node_modules/bullmq/src/classes/queue.ts:193:18)
      at RedisConnection.<anonymous> (node_modules/bullmq/src/classes/queue-base.ts:76:56)
      at EventEmitter.RedisConnection.handleClientError (node_modules/bullmq/src/classes/redis-connection.ts:123:12)
      at EventEmitter.silentEmit (node_modules/ioredis/built/Redis.js:529:30)
      at Socket.<anonymous> (node_modules/ioredis/built/redis/event_handler.js:221:14)

PASS src/__tests__/integration/payments.test.js
  ● Console

    console.log
      [32minfo[39m: Incoming request {"ip":"::ffff:127.0.0.1","method":"POST","path":"/api/v1/payments/initiate","requestId":"0a389e21-4066-4585-9dba-c6195e0b6f22","timestamp":"2026-04-19T14:13:56.518Z"}

      at Console.log (node_modules/winston/lib/winston/transports/console.js:87:23)

    console.log
      [34mdebug[39m: Token verified {"role":"customer","timestamp":"2026-04-19T14:13:56.520Z","userId":"550e8400-e29b-41d4-a716-446655441001"}

      at Console.log (node_modules/winston/lib/winston/transports/console.js:87:23)

    console.log
      [34mdebug[39m: Role check passed {"path":"/initiate","role":"customer","timestamp":"2026-04-19T14:13:56.525Z","userId":"550e8400-e29b-41d4-a716-446655441001"}

      at Console.log (node_modules/winston/lib/winston/transports/console.js:87:23)

    console.log
      [32minfo[39m: Incoming request {"ip":"::ffff:127.0.0.1","method":"POST","path":"/api/v1/payments/initiate","requestId":"8c8bb70f-cdd0-4120-b5e2-9934f23b4a13","timestamp":"2026-04-19T14:13:56.533Z"}

      at Console.log (node_modules/winston/lib/winston/transports/console.js:87:23)

    console.log
      [34mdebug[39m: Token verified {"role":"customer","timestamp":"2026-04-19T14:13:56.534Z","userId":"550e8400-e29b-41d4-a716-446655441001"}

      at Console.log (node_modules/winston/lib/winston/transports/console.js:87:23)

    console.log
      [34mdebug[39m: Role check passed {"path":"/initiate","role":"customer","timestamp":"2026-04-19T14:13:56.534Z","userId":"550e8400-e29b-41d4-a716-446655441001"}

      at Console.log (node_modules/winston/lib/winston/transports/console.js:87:23)

    console.log
      [32minfo[39m: Incoming request {"ip":"::ffff:127.0.0.1","method":"GET","path":"/api/v1/payments/550e8400-e29b-41d4-a716-446655441004","requestId":"f6dc7de0-de15-4fb9-818a-966769c88c4f","timestamp":"2026-04-19T14:13:56.538Z"}

      at Console.log (node_modules/winston/lib/winston/transports/console.js:87:23)

    console.log
      [34mdebug[39m: Token verified {"role":"customer","timestamp":"2026-04-19T14:13:56.539Z","userId":"550e8400-e29b-41d4-a716-446655441001"}

      at Console.log (node_modules/winston/lib/winston/transports/console.js:87:23)

    console.log
      [34mdebug[39m: Role check passed {"path":"/550e8400-e29b-41d4-a716-446655441004","role":"customer","timestamp":"2026-04-19T14:13:56.539Z","userId":"550e8400-e29b-41d4-a716-446655441001"}

      at Console.log (node_modules/winston/lib/winston/transports/console.js:87:23)

    console.log
      [32minfo[39m: Incoming request {"ip":"::ffff:127.0.0.1","method":"POST","path":"/api/v1/payments/webhook","requestId":"7028867e-618c-4a8e-8d64-10a115bfceb4","timestamp":"2026-04-19T14:13:56.542Z"}

      at Console.log (node_modules/winston/lib/winston/transports/console.js:87:23)

    console.log
      [32minfo[39m: Cashfree webhook: payment success processed {"orderId":"550e8400-e29b-41d4-a716-446655441004","paymentId":"pay_success_1","timestamp":"2026-04-19T14:13:56.543Z"}

      at Console.log (node_modules/winston/lib/winston/transports/console.js:87:23)

    console.log
      [32minfo[39m: Incoming request {"ip":"::ffff:127.0.0.1","method":"POST","path":"/api/v1/payments/webhook","requestId":"f2a781c0-704b-4898-8acd-bc35c5b194ca","timestamp":"2026-04-19T14:13:56.556Z"}

      at Console.log (node_modules/winston/lib/winston/transports/console.js:87:23)

    console.log
      [32minfo[39m: Cashfree webhook: payment failed processed {"orderId":"550e8400-e29b-41d4-a716-446655441004","paymentId":"pay_failed_1","timestamp":"2026-04-19T14:13:56.557Z"}

      at Console.log (node_modules/winston/lib/winston/transports/console.js:87:23)

PASS src/__tests__/integration/ordersStateMachine.test.js
  ● Console

    console.log
      [32minfo[39m: Incoming request {"ip":"::ffff:127.0.0.1","method":"PATCH","path":"/api/v1/orders/550e8400-e29b-41d4-a716-446655440905/accept","requestId":"f657f412-4345-4744-a837-e5ca921b2c32","timestamp":"2026-04-19T14:13:56.536Z"}

      at Console.log (node_modules/winston/lib/winston/transports/console.js:87:23)

    console.log
      [34mdebug[39m: Token verified {"role":"shop_owner","timestamp":"2026-04-19T14:13:56.538Z","userId":"550e8400-e29b-41d4-a716-446655440902"}

      at Console.log (node_modules/winston/lib/winston/transports/console.js:87:23)

    console.log
      [34mdebug[39m: Role check passed {"path":"/550e8400-e29b-41d4-a716-446655440905/accept","role":"shop_owner","timestamp":"2026-04-19T14:13:56.539Z","userId":"550e8400-e29b-41d4-a716-446655440902"}

      at Console.log (node_modules/winston/lib/winston/transports/console.js:87:23)

    console.log
      [33mwarn[39m: Application error Only pending orders can be accepted. {"code":"ORDER_ACCEPT_EXPIRED","path":"/api/v1/orders/550e8400-e29b-41d4-a716-446655440905/accept","statusCode":409,"timestamp":"2026-04-19T14:13:56.541Z"}

      at Console.log (node_modules/winston/lib/winston/transports/console.js:87:23)

    console.log
      [32minfo[39m: Incoming request {"ip":"::ffff:127.0.0.1","method":"PATCH","path":"/api/v1/orders/550e8400-e29b-41d4-a716-446655440905/ready","requestId":"b684d4a5-e4e6-4ef0-8bcf-191d08ff9624","timestamp":"2026-04-19T14:13:56.544Z"}

      at Console.log (node_modules/winston/lib/winston/transports/console.js:87:23)

    console.log
      [34mdebug[39m: Token verified {"role":"shop_owner","timestamp":"2026-04-19T14:13:56.544Z","userId":"550e8400-e29b-41d4-a716-446655440902"}

      at Console.log (node_modules/winston/lib/winston/transports/console.js:87:23)

    console.log
      [34mdebug[39m: Role check passed {"path":"/550e8400-e29b-41d4-a716-446655440905/ready","role":"shop_owner","timestamp":"2026-04-19T14:13:56.545Z","userId":"550e8400-e29b-41d4-a716-446655440902"}

      at Console.log (node_modules/winston/lib/winston/transports/console.js:87:23)

    console.log
      [33mwarn[39m: Application error Only accepted or packing orders can be marked ready. {"code":"ORDER_NOT_CANCELLABLE","path":"/api/v1/orders/550e8400-e29b-41d4-a716-446655440905/ready","statusCode":409,"timestamp":"2026-04-19T14:13:56.545Z"}

      at Console.log (node_modules/winston/lib/winston/transports/console.js:87:23)

    console.log
      [32minfo[39m: Incoming request {"ip":"::ffff:127.0.0.1","method":"PATCH","path":"/api/v1/orders/550e8400-e29b-41d4-a716-446655440905/cancel","requestId":"91fc39a0-3cb3-415e-a939-8a4b16ce696b","timestamp":"2026-04-19T14:13:56.551Z"}

      at Console.log (node_modules/winston/lib/winston/transports/console.js:87:23)

    console.log
      [34mdebug[39m: Token verified {"role":"customer","timestamp":"2026-04-19T14:13:56.552Z","userId":"550e8400-e29b-41d4-a716-446655440901"}

      at Console.log (node_modules/winston/lib/winston/transports/console.js:87:23)

    console.log
      [34mdebug[39m: Role check passed {"path":"/550e8400-e29b-41d4-a716-446655440905/cancel","role":"customer","timestamp":"2026-04-19T14:13:56.552Z","userId":"550e8400-e29b-41d4-a716-446655440901"}

      at Console.log (node_modules/winston/lib/winston/transports/console.js:87:23)

    console.log
      [33mwarn[39m: Application error This order can no longer be cancelled. {"code":"ORDER_NOT_CANCELLABLE","path":"/api/v1/orders/550e8400-e29b-41d4-a716-446655440905/cancel","statusCode":409,"timestamp":"2026-04-19T14:13:56.553Z"}

      at Console.log (node_modules/winston/lib/winston/transports/console.js:87:23)

    console.log
      [32minfo[39m: Incoming request {"ip":"::ffff:127.0.0.1","method":"PATCH","path":"/api/v1/orders/550e8400-e29b-41d4-a716-446655440905/partial-cancel","requestId":"fb67d2c6-7371-4038-9d55-d23ec31662f6","timestamp":"2026-04-19T14:13:56.556Z"}

      at Console.log (node_modules/winston/lib/winston/transports/console.js:87:23)

    console.log
      [34mdebug[39m: Token verified {"role":"shop_owner","timestamp":"2026-04-19T14:13:56.560Z","userId":"550e8400-e29b-41d4-a716-446655440902"}

      at Console.log (node_modules/winston/lib/winston/transports/console.js:87:23)

    console.log
      [34mdebug[39m: Role check passed {"path":"/550e8400-e29b-41d4-a716-446655440905/partial-cancel","role":"shop_owner","timestamp":"2026-04-19T14:13:56.561Z","userId":"550e8400-e29b-41d4-a716-446655440902"}

      at Console.log (node_modules/winston/lib/winston/transports/console.js:87:23)

    console.log
      [33mwarn[39m: Application error Items can only be removed before the order is ready. {"code":"ORDER_NOT_CANCELLABLE","path":"/api/v1/orders/550e8400-e29b-41d4-a716-446655440905/partial-cancel","statusCode":409,"timestamp":"2026-04-19T14:13:56.562Z"}

      at Console.log (node_modules/winston/lib/winston/transports/console.js:87:23)

    console.log
      [32minfo[39m: Incoming request {"ip":"::ffff:127.0.0.1","method":"PATCH","path":"/api/v1/orders/550e8400-e29b-41d4-a716-446655440905/partial-cancel","requestId":"eadef0b1-7f38-4708-a3a0-c2f5c6402633","timestamp":"2026-04-19T14:13:56.564Z"}

      at Console.log (node_modules/winston/lib/winston/transports/console.js:87:23)

    console.log
      [34mdebug[39m: Token verified {"role":"customer","timestamp":"2026-04-19T14:13:56.566Z","userId":"550e8400-e29b-41d4-a716-446655440901"}

      at Console.log (node_modules/winston/lib/winston/transports/console.js:87:23)

    console.log
      [33mwarn[39m: Unauthorized role access attempt {"allowedRoles":["shop_owner"],"path":"/550e8400-e29b-41d4-a716-446655440905/partial-cancel","timestamp":"2026-04-19T14:13:56.567Z","userId":"550e8400-e29b-41d4-a716-446655440901","userRole":"customer"}

      at Console.log (node_modules/winston/lib/winston/transports/console.js:87:23)

    console.log
      [33mwarn[39m: Application error Your role 'customer' does not have access to this resource. Allowed roles: shop_owner {"code":"FORBIDDEN","path":"/api/v1/orders/550e8400-e29b-41d4-a716-446655440905/partial-cancel","statusCode":403,"timestamp":"2026-04-19T14:13:56.568Z"}

      at Console.log (node_modules/winston/lib/winston/transports/console.js:87:23)

PASS src/__tests__/unit/payments.service.test.js
PASS src/__tests__/unit/cashfree.test.js
PASS __tests__/integration/delivery-otp.integration.test.js
PASS __tests__/integration/analytics.integration.test.js
  ● Console

    console.log
      [32minfo[39m: Daily analytics aggregated {"completedOrders":0,"completionRate":0,"date":"2026-04-18","grossRevenue":0,"shopId":"add7d7aa-f7fc-4e82-b82b-975abd5cba6f","timestamp":"2026-04-19T14:13:56.837Z"}

      at Console.log (node_modules/winston/lib/winston/transports/console.js:87:23)

    console.log
      [32minfo[39m: Daily analytics aggregated {"completedOrders":0,"completionRate":0,"date":"2026-04-18","grossRevenue":0,"shopId":"a876d10b-8f6b-452e-97ab-6b281fedc168","timestamp":"2026-04-19T14:13:56.844Z"}

      at Console.log (node_modules/winston/lib/winston/transports/console.js:87:23)

PASS src/__tests__/unit/logger.test.js
  ● Console

    console.log
      [32minfo[39m: Test info message {"key":"value","timestamp":"2026-04-19T14:13:56.853Z"}

      at Console.log (node_modules/winston/lib/winston/transports/console.js:87:23)

    console.log
      [33mwarn[39m: Test warn message {"key":"value","timestamp":"2026-04-19T14:13:56.855Z"}

      at Console.log (node_modules/winston/lib/winston/transports/console.js:87:23)

    console.log
      [31merror[39m: Test error message {"key":"value","timestamp":"2026-04-19T14:13:56.856Z"}

      at Console.log (node_modules/winston/lib/winston/transports/console.js:87:23)

    console.log
      [34mdebug[39m: Test debug message {"key":"value","timestamp":"2026-04-19T14:13:56.857Z"}

      at Console.log (node_modules/winston/lib/winston/transports/console.js:87:23)

    console.log
      [32minfo[39m: User action {"action":"login","timestamp":"2026-04-19T14:13:56.858Z","userId":"abc123"}

      at Console.log (node_modules/winston/lib/winston/transports/console.js:87:23)

    console.log
      [31merror[39m: Something went wrong {"error":"Test error","timestamp":"2026-04-19T14:13:56.859Z"}

      at Console.log (node_modules/winston/lib/winston/transports/console.js:87:23)

PASS src/__tests__/unit/typesenseSchema.test.js
PASS __tests__/integration/payments-refund.integration.test.js
  ● Console

    console.log
      [32minfo[39m: Skipping refund for COD order {"orderId":"7a0bfa5d-add9-484d-bbf0-ef87837cc0d9","timestamp":"2026-04-19T14:13:56.866Z"}

      at Console.log (node_modules/winston/lib/winston/transports/console.js:87:23)

    console.log
      [32minfo[39m: Refund reconciled {"orderId":"7a0bfa5d-add9-484d-bbf0-ef87837cc0d9","previousStatus":"refunded","refundId":"refund-123","refundedPaise":50000,"timestamp":"2026-04-19T14:13:56.883Z"}

      at Console.log (node_modules/winston/lib/winston/transports/console.js:87:23)

PASS src/__tests__/unit/gpsTracker.test.js
PASS src/__tests__/unit/response.test.js
PASS src/__tests__/unit/errors.test.js
PASS __tests__/integration/chat.integration.test.js
PASS __tests__/unit/supabase-mock.test.js
  ● Console

    console.log
      INSERT RESULT: {
        insertedShop: {
          id: '4ca16b97-4f2d-4a46-8b5e-e58ddde9bf6a',
          owner_id: '87e9d568-6fb7-4467-ab1c-80b396efb6f6',
          name: 'Test Shop',
          latitude: 17.385,
          longitude: 78.4867,
          category: 'kirana',
          is_open: true
        },
        insertError: null
      }

      at Object.log (__tests__/unit/supabase-mock.test.js:41:13)

    console.log
      QUERY RESULT: {
        foundShop: {
          id: '4ca16b97-4f2d-4a46-8b5e-e58ddde9bf6a',
          owner_id: '87e9d568-6fb7-4467-ab1c-80b396efb6f6',
          name: 'Test Shop',
          latitude: 17.385,
          longitude: 78.4867,
          category: 'kirana',
          is_open: true
        },
        queryError: null
      }

      at Object.log (__tests__/unit/supabase-mock.test.js:52:13)

    console.log
      FILTER TEST: {
        shop: { owner_id: '945b2e40-ed36-4db1-8889-b57088f1e0a0' },
        error: null
      }

      at Object.log (__tests__/unit/supabase-mock.test.js:81:13)

    console.log
      Initial storage keys: []

      at Object.log (__tests__/unit/supabase-mock.test.js:88:13)

    console.log
      After insert, storage keys: [ 'shops' ]

      at Object.log (__tests__/unit/supabase-mock.test.js:97:13)

    console.log
      Shops in storage: [
        {
          id: 'efbc8e2e-805f-49f4-b974-eb76133b9f02',
          name: 'Chain Test Shop'
        }
      ]

      at Object.log (__tests__/unit/supabase-mock.test.js:98:13)

    console.log
      Query result: {
        data: {
          id: 'efbc8e2e-805f-49f4-b974-eb76133b9f02',
          name: 'Chain Test Shop'
        },
        error: null
      }

      at Object.log (__tests__/unit/supabase-mock.test.js:106:13)

PASS __tests__/integration/shop-status.integration.test.js
  ● Console

    console.log
      [32minfo[39m: Toggling shop open/close status {"shopId":"83255d4e-119f-4b02-a2f4-a241edf6a52c","timestamp":"2026-04-19T14:13:56.953Z","userId":"b2100959-2cb0-4988-ab5e-29899d3660b7"}

      at Console.log (node_modules/winston/lib/winston/transports/console.js:87:23)

    console.log
      [32minfo[39m: Shop status toggled successfully {"isOpenAfter":true,"isOpenBefore":true,"shopId":"83255d4e-119f-4b02-a2f4-a241edf6a52c","timestamp":"2026-04-19T14:13:56.981Z","userId":"b2100959-2cb0-4988-ab5e-29899d3660b7"}

      at Console.log (node_modules/winston/lib/winston/transports/console.js:87:23)

    console.log
      [33mwarn[39m: Failed to queue Typesense sync job {"action":"remove","error":"Cannot read properties of undefined (reading 'add')","shopId":"83255d4e-119f-4b02-a2f4-a241edf6a52c","timestamp":"2026-04-19T14:13:56.982Z"}

      at Console.log (node_modules/winston/lib/winston/transports/console.js:87:23)

    console.log
      [32minfo[39m: Toggling shop open/close status {"shopId":"83255d4e-119f-4b02-a2f4-a241edf6a52c","timestamp":"2026-04-19T14:13:56.982Z","userId":"b2100959-2cb0-4988-ab5e-29899d3660b7"}

      at Console.log (node_modules/winston/lib/winston/transports/console.js:87:23)

    console.log
      [32minfo[39m: Shop status toggled successfully {"isOpenAfter":false,"isOpenBefore":false,"shopId":"83255d4e-119f-4b02-a2f4-a241edf6a52c","timestamp":"2026-04-19T14:13:56.983Z","userId":"b2100959-2cb0-4988-ab5e-29899d3660b7"}

      at Console.log (node_modules/winston/lib/winston/transports/console.js:87:23)

    console.log
      [33mwarn[39m: Failed to queue Typesense sync job {"action":"sync","error":"Cannot read properties of undefined (reading 'add')","shopId":"83255d4e-119f-4b02-a2f4-a241edf6a52c","timestamp":"2026-04-19T14:13:56.983Z"}

      at Console.log (node_modules/winston/lib/winston/transports/console.js:87:23)

A worker process has failed to exit gracefully and has been force exited. This is likely caused by tests leaking due to improper teardown. Try running with --detectOpenHandles to find leaks. Active timers can also cause this, ensure that .unref() was called on them.
------------------------|---------|----------|---------|---------|--------------------------------------------------------------------------------------------------------------------------------------------------------------------------------------------------------------------------
File                    | % Stmts | % Branch | % Funcs | % Lines | Uncovered Line #s                                                                                                                                                                                                        
------------------------|---------|----------|---------|---------|--------------------------------------------------------------------------------------------------------------------------------------------------------------------------------------------------------------------------
All files               |   59.61 |     55.8 |   57.27 |   59.74 |                                                                                                                                                                                                                          
 __tests__              |       0 |        0 |       0 |       0 |                                                                                                                                                                                                                          
  setupAfterEnv.js      |       0 |        0 |       0 |       0 | 11-27                                                                                                                                                                                                                    
  setupEnv.js           |       0 |      100 |       0 |       0 | 9-135                                                                                                                                                                                                                    
 config                 |     100 |      100 |     100 |     100 |                                                                                                                                                                                                                          
  business.js           |     100 |      100 |     100 |     100 |                                                                                                                                                                                                                          
 middleware             |   68.02 |    64.28 |   66.66 |   68.23 |                                                                                                                                                                                                                          
  auth.js               |   71.42 |    61.53 |     100 |   71.42 | 8,40-41,56-57,72-73,88-91                                                                                                                                                                                                
  errorHandler.js       |   52.38 |    73.91 |     100 |   52.38 | 10-15,22-27,34-35,41-42,48-49                                                                                                                                                                                            
  multer.js             |   79.31 |       70 |     100 |   79.31 | 26-30,35-36,39-40                                                                                                                                                                                                        
  rateLimit.js          |   39.39 |       30 |   33.33 |   40.62 | 15-17,31-34,59-64,84-88,107-111,126-130,144-151,166-173                                                                                                                                                                  
  roleGuard.js          |   78.57 |    75.86 |   85.71 |   78.57 | 15-16,60-61,70-71,132-136,162                                                                                                                                                                                            
  validate.js           |     100 |      100 |     100 |     100 |                                                                                                                                                                                                                          
 routes                 |    50.4 |    41.85 |   50.98 |   50.58 |                                                                                                                                                                                                                          
  admin.js              |     100 |      100 |     100 |     100 |                                                                                                                                                                                                                          
  analytics-products.js |   68.62 |       44 |   33.33 |      70 | 115-119,129-141,146-148,163-184                                                                                                                                                                                          
  auth.js               |   88.54 |    88.88 |     100 |   88.54 | 105,124-125,197,251-255,278-282,314,332-333                                                                                                                                                                              
  chats.js              |    7.69 |        0 |       0 |    7.81 | 35-148,168-258                                                                                                                                                                                                           
  delivery-partners.js  |   51.05 |    44.56 |      75 |   51.05 | 123-128,152-156,198,218-222,241-245,272-273,289-359,386-447,493-497,511-523,569-573,590-608,627-716                                                                                                                      
  delivery.js           |   64.28 |       50 |   71.42 |   64.28 | 43-47,175-201,217-244                                                                                                                                                                                                    
  earnings.js           |    2.04 |        0 |       0 |    2.06 | 23-162,183-294                                                                                                                                                                                                           
  orders.js             |   94.73 |      100 |     100 |   94.73 | 73,87,115                                                                                                                                                                                                                
  payments.js           |   82.64 |    84.61 |     100 |   82.64 | 25,49-51,66,165-170,215,249-256,302-308,330,347-361                                                                                                                                                                      
  products-updated.js   |       0 |        0 |       0 |       0 | 17-269                                                                                                                                                                                                                   
  products.js           |   72.61 |    57.14 |   83.33 |   72.61 | 77-82,106-110,241-272,298-337                                                                                                                                                                                            
  reviews.js            |     100 |      100 |     100 |     100 |                                                                                                                                                                                                                          
  search.js             |     100 |      100 |     100 |     100 |                                                                                                                                                                                                                          
  settlements.js        |       0 |        0 |       0 |       0 | 15-133                                                                                                                                                                                                                   
  shops.js              |   80.55 |    57.14 |     100 |   80.55 | 41-45,62-66,97-102,149-154,202-207,299-300,314-315                                                                                                                                                                       
  statements.js         |       0 |        0 |       0 |       0 | 18-264                                                                                                                                                                                                                   
 services               |   68.62 |    61.63 |   79.03 |   68.44 |                                                                                                                                                                                                                          
  analytics.js          |   49.18 |    62.16 |   22.22 |   51.78 | 37,43-47,67-93,111-112,141-146,177                                                                                                                                                                                       
  cashfree.js           |   96.42 |       75 |     100 |   96.42 | 9,12                                                                                                                                                                                                                     
  delivery.js           |    55.1 |    42.85 |      75 |    55.1 | 91,130,168,202,224-385                                                                                                                                                                                                   
  orders.js             |   78.86 |    71.25 |   94.59 |   78.05 | 35,75,85,121,129,133,141,150,156,173-178,190,194,215,219,223,244-246,265,281,301-306,327,333-338,371-376,394-398,406-418,429-432,442,460,475,487,504,507,524,537,552,566,586,598,618,645,674                             
  products.js           |    62.7 |    54.83 |      80 |   62.08 | 83-84,140-146,152-158,284-290,315,334-338,351,362-367,372,397,428-433,441,484-485,576-581,614-788                                                                                                                        
  refund.js             |   48.27 |    58.82 |     100 |   48.27 | 59-109,132,145-150                                                                                                                                                                                                       
  reviews.js            |   80.64 |    62.85 |     100 |   80.64 | 21,29,81-86,111,134                                                                                                                                                                                                      
  search.js             |     100 |    63.49 |     100 |     100 | 24-38,80-83,117-130,169-172                                                                                                                                                                                              
  shops.js              |   62.04 |    62.76 |     100 |   62.04 | 47-51,97-100,109-113,121-125,161-166,185-190,221-231,258-262,277-282,291-296,328-339,369-373,388-393,402-407,424,441-446,479-490,517-521,536-541,550-555,577-582,667-678,737-738,747-752,767-772,781-786,851-856,888-894 
  typesense.js          |   36.84 |       40 |       0 |   36.84 | 14,34-53                                                                                                                                                                                                                 
  typesenseSchema.js    |     100 |        0 |     100 |     100 | 51                                                                                                                                                                                                                       
 utils                  |    92.8 |    84.72 |   81.25 |   94.57 |                                                                                                                                                                                                                          
  errors.js             |     100 |      100 |     100 |     100 |                                                                                                                                                                                                                          
  idempotency.js        |     100 |      100 |     100 |     100 |                                                                                                                                                                                                                          
  logger.js             |     100 |       50 |     100 |     100 | 6-14                                                                                                                                                                                                                     
  otpGenerator.js       |    90.9 |    91.66 |     100 |     100 | 22                                                                                                                                                                                                                       
  response.js           |     100 |      100 |     100 |     100 |                                                                                                                                                                                                                          
  trustScoreFormula.js  |   94.28 |    86.04 |     100 |   96.77 | 120                                                                                                                                                                                                                      
  validators.js         |   78.78 |        0 |       0 |   81.25 | 602-614                                                                                                                                                                                                                  
------------------------|---------|----------|---------|---------|--------------------------------------------------------------------------------------------------------------------------------------------------------------------------------------------------------------------------
Jest: "global" coverage threshold for statements (70%) not met: 59.61%
Jest: "global" coverage threshold for branches (70%) not met: 55.8%
Jest: "global" coverage threshold for lines (70%) not met: 59.74%
Jest: "global" coverage threshold for functions (70%) not met: 57.27%

Summary of all failing tests
FAIL src/routes/__tests__/products-low-stock.test.js
  ● GET /api/v1/shops/:shopId/products/low-stock › Happy Path › should return low stock products with default threshold (5)

    expect(received).toBe(expected) // Object.is equality

    Expected: 200
    Received: 404

      126 |         .set('Authorization', `Bearer ${token}`);
      127 |
    > 128 |       expect(res.status).toBe(200);
          |                          ^
      129 |       expect(res.body.success).toBe(true);
      130 |       expect(res.body.data).toBeInstanceOf(Array);
      131 |       expect(res.body.data.length).toBe(2);

      at Object.toBe (src/routes/__tests__/products-low-stock.test.js:128:26)

  ● GET /api/v1/shops/:shopId/products/low-stock › Happy Path › should return pagination metadata with correct structure

    expect(received).toBe(expected) // Object.is equality

    Expected: 200
    Received: 404

      177 |         .set('Authorization', `Bearer ${token}`);
      178 |
    > 179 |       expect(res.status).toBe(200);
          |                          ^
      180 |       expect(res.body.meta).toHaveProperty('page');
      181 |       expect(res.body.meta).toHaveProperty('total');
      182 |       expect(res.body.meta).toHaveProperty('pages');

      at Object.toBe (src/routes/__tests__/products-low-stock.test.js:179:26)

  ● GET /api/v1/shops/:shopId/products/low-stock › Acceptance Criteria › AC1: should return only items with stock < threshold

    expect(received).toBe(expected) // Object.is equality

    Expected: 200
    Received: 404

      230 |         .set('Authorization', `Bearer ${token}`);
      231 |
    > 232 |       expect(res.status).toBe(200);
          |                          ^
      233 |       res.body.data.forEach((product) => {
      234 |         expect(product.stockQuantity).toBeLessThan(5);
      235 |       });

      at Object.toBe (src/routes/__tests__/products-low-stock.test.js:232:26)

  ● GET /api/v1/shops/:shopId/products/low-stock › Acceptance Criteria › AC2: threshold defaults to 5, configurable via query param

    expect(received).toBe(expected) // Object.is equality

    Expected: 200
    Received: 404

      280 |         .set('Authorization', `Bearer ${token}`);
      281 |
    > 282 |       expect(res.status).toBe(200);
          |                          ^
      283 |       expect(res.body.meta.threshold).toBe(20);
      284 |     });
      285 |

      at Object.toBe (src/routes/__tests__/products-low-stock.test.js:282:26)

  ● GET /api/v1/shops/:shopId/products/low-stock › Acceptance Criteria › AC3: pagination works correctly with page and limit params

    expect(received).toBe(expected) // Object.is equality

    Expected: 200
    Received: 404

      326 |         .set('Authorization', `Bearer ${token}`);
      327 |
    > 328 |       expect(res.status).toBe(200);
          |                          ^
      329 |       expect(res.body.meta.page).toBe(2);
      330 |       expect(res.body.meta.total).toBe(40);
      331 |       expect(res.body.meta.pages).toBe(3);

      at Object.toBe (src/routes/__tests__/products-low-stock.test.js:328:26)

  ● GET /api/v1/shops/:shopId/products/low-stock › Acceptance Criteria › AC4: sorting works - sortBy=stock (lowest first)

    expect(received).toBe(expected) // Object.is equality

    Expected: 200
    Received: 404

      374 |         .set('Authorization', `Bearer ${token}`);
      375 |
    > 376 |       expect(res.status).toBe(200);
          |                          ^
      377 |       expect(res.body.data[0].stockQuantity).toBeLessThanOrEqual(
      378 |         res.body.data[1].stockQuantity
      379 |       );

      at Object.toBe (src/routes/__tests__/products-low-stock.test.js:376:26)

  ● GET /api/v1/shops/:shopId/products/low-stock › Acceptance Criteria › AC5: sorting works - sortBy=name (alphabetical)

    expect(received).toBe(expected) // Object.is equality

    Expected: 200
    Received: 404

      422 |         .set('Authorization', `Bearer ${token}`);
      423 |
    > 424 |       expect(res.status).toBe(200);
          |                          ^
      425 |     });
      426 |
      427 |     it('AC6: sorting works - sortBy=updated_at (newest first)', async () => {

      at Object.toBe (src/routes/__tests__/products-low-stock.test.js:424:26)

  ● GET /api/v1/shops/:shopId/products/low-stock › Acceptance Criteria › AC6: sorting works - sortBy=updated_at (newest first)

    expect(received).toBe(expected) // Object.is equality

    Expected: 200
    Received: 404

      467 |         .set('Authorization', `Bearer ${token}`);
      468 |
    > 469 |       expect(res.status).toBe(200);
          |                          ^
      470 |     });
      471 |
      472 |     it('AC9: shop ownership verified - roleGuard checks JWT shopId matches route param', async () => {

      at Object.toBe (src/routes/__tests__/products-low-stock.test.js:469:26)

  ● GET /api/v1/shops/:shopId/products/low-stock › Edge Cases › EC1: threshold below 1 should return 400 INVALID_THRESHOLD

    expect(received).toBe(expected) // Object.is equality

    Expected: 400
    Received: 404

      497 |         .set('Authorization', `Bearer ${token}`);
      498 |
    > 499 |       expect(res.status).toBe(400);
          |                          ^
      500 |       expect(res.body.error.code).toBe('VALIDATION_ERROR');
      501 |     });
      502 |

      at Object.toBe (src/routes/__tests__/products-low-stock.test.js:499:26)

  ● GET /api/v1/shops/:shopId/products/low-stock › Edge Cases › EC2: threshold above 999 should return 400 INVALID_THRESHOLD

    expect(received).toBe(expected) // Object.is equality

    Expected: 400
    Received: 404

      507 |         .set('Authorization', `Bearer ${token}`);
      508 |
    > 509 |       expect(res.status).toBe(400);
          |                          ^
      510 |       expect(res.body.error.code).toBe('VALIDATION_ERROR');
      511 |     });
      512 |

      at Object.toBe (src/routes/__tests__/products-low-stock.test.js:509:26)

  ● GET /api/v1/shops/:shopId/products/low-stock › Edge Cases › EC3: page 0 or negative should return 400 INVALID_PAGE

    expect(received).toBe(expected) // Object.is equality

    Expected: 400
    Received: 404

      517 |         .set('Authorization', `Bearer ${token}`);
      518 |
    > 519 |       expect(res.status).toBe(400);
          |                          ^
      520 |       expect(res.body.error.code).toBe('VALIDATION_ERROR');
      521 |     });
      522 |

      at Object.toBe (src/routes/__tests__/products-low-stock.test.js:519:26)

  ● GET /api/v1/shops/:shopId/products/low-stock › Edge Cases › EC4: limit > 100 should clamp to 100 or return 400

    expect(received).toBe(expected) // Object.is equality

    Expected: 400
    Received: 404

      567 |         expect(res.body.meta.limit).toBeLessThanOrEqual(100);
      568 |       } else {
    > 569 |         expect(res.status).toBe(400);
          |                            ^
      570 |       }
      571 |     });
      572 |

      at Object.toBe (src/routes/__tests__/products-low-stock.test.js:569:28)

  ● GET /api/v1/shops/:shopId/products/low-stock › Edge Cases › EC5: empty result (all items stock >= threshold) should return 200 with empty array

    expect(received).toBe(expected) // Object.is equality

    Expected: 200
    Received: 404

      613 |         .set('Authorization', `Bearer ${token}`);
      614 |
    > 615 |       expect(res.status).toBe(200);
          |                          ^
      616 |       expect(res.body.data).toEqual([]);
      617 |       expect(res.body.meta.lowStockCount).toBe(0);
      618 |     });

      at Object.toBe (src/routes/__tests__/products-low-stock.test.js:615:26)

  ● GET /api/v1/shops/:shopId/products/low-stock › Error Cases › should return 403 FORBIDDEN when user does not own shop

    expect(received).toBe(expected) // Object.is equality

    Expected: 403
    Received: 404

      691 |         .set('Authorization', `Bearer ${token}`);
      692 |
    > 693 |       expect(res.status).toBe(403);
          |                          ^
      694 |       expect(res.body.error.code).toBe('FORBIDDEN');
      695 |     });
      696 |

      at Object.toBe (src/routes/__tests__/products-low-stock.test.js:693:26)

  ● GET /api/v1/shops/:shopId/products/low-stock › Error Cases › should return 400 for invalid sortBy value

    expect(received).toBe(expected) // Object.is equality

    Expected: 400
    Received: 404

      701 |         .set('Authorization', `Bearer ${token}`);
      702 |
    > 703 |       expect(res.status).toBe(400);
          |                          ^
      704 |       expect(res.body.error.code).toBe('VALIDATION_ERROR');
      705 |     });
      706 |

      at Object.toBe (src/routes/__tests__/products-low-stock.test.js:703:26)

  ● GET /api/v1/shops/:shopId/products/low-stock › Error Cases › should return 500 on database query error

    expect(received).toBe(expected) // Object.is equality

    Expected: 500
    Received: 404

      731 |         .set('Authorization', `Bearer ${token}`);
      732 |
    > 733 |       expect(res.status).toBe(500);
          |                          ^
      734 |     });
      735 |   });
      736 | });

      at Object.toBe (src/routes/__tests__/products-low-stock.test.js:733:26)

FAIL __tests__/integration/chats.integration.test.js
  ● Chat Endpoints › POST /api/v1/chats › should send message from customer to shop

    expect(received).toBe(expected) // Object.is equality

    Expected: 201
    Received: 404

      135 |         });
      136 |
    > 137 |       expect(response.status).toBe(201);
          |                               ^
      138 |       expect(response.body.success).toBe(true);
      139 |       expect(response.body.data).toHaveProperty('id');
      140 |       expect(response.body.data).toHaveProperty('message');

      at Object.toBe (__tests__/integration/chats.integration.test.js:137:31)

  ● Chat Endpoints › POST /api/v1/chats › should send message from shop owner

    expect(received).toBe(expected) // Object.is equality

    Expected: 201
    Received: 404

      151 |         });
      152 |
    > 153 |       expect(response.status).toBe(201);
          |                               ^
      154 |       expect(response.body.success).toBe(true);
      155 |       expect(response.body.data.message).toBe('Yes, item is available');
      156 |     });

      at Object.toBe (__tests__/integration/chats.integration.test.js:153:31)

  ● Chat Endpoints › POST /api/v1/chats › should validate message length (max 500 chars)

    expect(received).toBe(expected) // Object.is equality

    Expected: 400
    Received: 404

      167 |         });
      168 |
    > 169 |       expect(response.status).toBe(400);
          |                               ^
      170 |       expect(response.body.success).toBe(false);
      171 |       expect(response.body.error.code).toMatch(/VALIDATION|INVALID/i);
      172 |     });

      at Object.toBe (__tests__/integration/chats.integration.test.js:169:31)

  ● Chat Endpoints › POST /api/v1/chats › should reject empty messages

    expect(received).toBe(expected) // Object.is equality

    Expected: 400
    Received: 404

      181 |         });
      182 |
    > 183 |       expect(response.status).toBe(400);
          |                               ^
      184 |       expect(response.body.success).toBe(false);
      185 |     });
      186 |

      at Object.toBe (__tests__/integration/chats.integration.test.js:183:31)

  ● Chat Endpoints › POST /api/v1/chats › should require authentication

    expect(received).toBe(expected) // Object.is equality

    Expected: 401
    Received: 404

      193 |         });
      194 |
    > 195 |       expect(response.status).toBe(401);
          |                               ^
      196 |       expect(response.body.success).toBe(false);
      197 |     });
      198 |

      at Object.toBe (__tests__/integration/chats.integration.test.js:195:31)

  ● Chat Endpoints › POST /api/v1/chats › should reject invalid orderId

    expect(received).toBe(expected) // Object.is equality

    Expected: 400
    Received: 404

      206 |         });
      207 |
    > 208 |       expect(response.status).toBe(400);
          |                               ^
      209 |       expect(response.body.success).toBe(false);
      210 |     });
      211 |

      at Object.toBe (__tests__/integration/chats.integration.test.js:208:31)

  ● Chat Endpoints › POST /api/v1/chats › should include timestamp in response

    expect(received).toBe(expected) // Object.is equality

    Expected: 201
    Received: 404

      233 |         });
      234 |
    > 235 |       expect(response.status).toBe(201);
          |                               ^
      236 |       expect(response.body.data).toHaveProperty('created_at');
      237 |       expect(new Date(response.body.data.created_at)).toBeInstanceOf(Date);
      238 |     });

      at Object.toBe (__tests__/integration/chats.integration.test.js:235:31)

  ● Chat Endpoints › POST /api/v1/chats › should require message field

    expect(received).toBe(expected) // Object.is equality

    Expected: 400
    Received: 404

      246 |         });
      247 |
    > 248 |       expect(response.status).toBe(400);
          |                               ^
      249 |       expect(response.body.success).toBe(false);
      250 |     });
      251 |

      at Object.toBe (__tests__/integration/chats.integration.test.js:248:31)

  ● Chat Endpoints › POST /api/v1/chats › should require orderId field

    expect(received).toBe(expected) // Object.is equality

    Expected: 400
    Received: 404

      258 |         });
      259 |
    > 260 |       expect(response.status).toBe(400);
          |                               ^
      261 |       expect(response.body.success).toBe(false);
      262 |     });
      263 |

      at Object.toBe (__tests__/integration/chats.integration.test.js:260:31)

  ● Chat Endpoints › POST /api/v1/chats › should accept max length messages (500 chars)

    expect(received).toBe(expected) // Object.is equality

    Expected: 201
    Received: 404

      273 |         });
      274 |
    > 275 |       expect(response.status).toBe(201);
          |                               ^
      276 |       expect(response.body.success).toBe(true);
      277 |     });
      278 |

      at Object.toBe (__tests__/integration/chats.integration.test.js:275:31)

  ● Chat Endpoints › POST /api/v1/chats › should trim whitespace from messages

    expect(received).toBe(expected) // Object.is equality

    Expected: 201
    Received: 404

      286 |         });
      287 |
    > 288 |       expect(response.status).toBe(201);
          |                               ^
      289 |       expect(response.body.success).toBe(true);
      290 |     });
      291 |

      at Object.toBe (__tests__/integration/chats.integration.test.js:288:31)

  ● Chat Endpoints › POST /api/v1/chats › should support special characters in messages

    expect(received).toBe(expected) // Object.is equality

    Expected: 201
    Received: 404

      301 |         });
      302 |
    > 303 |       expect(response.status).toBe(201);
          |                               ^
      304 |       expect(response.body.success).toBe(true);
      305 |       expect(response.body.data.message).toBe(specialMessage);
      306 |     });

      at Object.toBe (__tests__/integration/chats.integration.test.js:303:31)

  ● Chat Endpoints › GET /api/v1/chats/:orderId › should get message thread for order

    expect(received).toBe(expected) // Object.is equality

    Expected: 200
    Received: 404

      339 |         .set('Authorization', `Bearer ${customerToken}`);
      340 |
    > 341 |       expect(response.status).toBe(200);
          |                               ^
      342 |       expect(response.body.success).toBe(true);
      343 |       expect(Array.isArray(response.body.data)).toBe(true);
      344 |       expect(response.body.data.length).toBeGreaterThan(0);

      at Object.toBe (__tests__/integration/chats.integration.test.js:341:31)

  ● Chat Endpoints › GET /api/v1/chats/:orderId › should return sorted messages (ascending by timestamp)

    expect(received).toBe(expected) // Object.is equality

    Expected: 200
    Received: 404

      350 |         .set('Authorization', `Bearer ${customerToken}`);
      351 |
    > 352 |       expect(response.status).toBe(200);
          |                               ^
      353 |       const messages = response.body.data;
      354 |       
      355 |       for (let i = 1; i < messages.length; i++) {

      at Object.toBe (__tests__/integration/chats.integration.test.js:352:31)

  ● Chat Endpoints › GET /api/v1/chats/:orderId › should support pagination with limit

    expect(received).toBe(expected) // Object.is equality

    Expected: 200
    Received: 404

      366 |         .set('Authorization', `Bearer ${customerToken}`);
      367 |
    > 368 |       expect(response.status).toBe(200);
          |                               ^
      369 |       expect(response.body.success).toBe(true);
      370 |     });
      371 |

      at Object.toBe (__tests__/integration/chats.integration.test.js:368:31)

  ● Chat Endpoints › GET /api/v1/chats/:orderId › should support pagination with offset

    expect(received).toBe(expected) // Object.is equality

    Expected: 200
    Received: 404

      376 |         .set('Authorization', `Bearer ${customerToken}`);
      377 |
    > 378 |       expect(response.status).toBe(200);
          |                               ^
      379 |       expect(response.body.success).toBe(true);
      380 |     });
      381 |

      at Object.toBe (__tests__/integration/chats.integration.test.js:378:31)

  ● Chat Endpoints › GET /api/v1/chats/:orderId › should require authentication

    expect(received).toBe(expected) // Object.is equality

    Expected: 401
    Received: 404

      384 |         .get(`/api/v1/chats/${orderId}`);
      385 |
    > 386 |       expect(response.status).toBe(401);
          |                               ^
      387 |       expect(response.body.success).toBe(false);
      388 |     });
      389 |

      at Object.toBe (__tests__/integration/chats.integration.test.js:386:31)

  ● Chat Endpoints › GET /api/v1/chats/:orderId › should prevent customer from viewing other customer chats

    expect(received).toBe(expected) // Object.is equality

    Expected: 403
    Received: 404

      407 |         .set('Authorization', `Bearer ${otherToken}`);
      408 |
    > 409 |       expect(response.status).toBe(403);
          |                               ^
      410 |       expect(response.body.success).toBe(false);
      411 |
      412 |       await supabase.from('profiles').delete().eq('id', otherCustomerId);

      at Object.toBe (__tests__/integration/chats.integration.test.js:409:31)

  ● Chat Endpoints › GET /api/v1/chats/:orderId › should return empty array for order with no messages

    expect(received).toBe(expected) // Object.is equality

    Expected: 200
    Received: 404

      420 |         .set('Authorization', `Bearer ${customerToken}`);
      421 |
    > 422 |       expect(response.status).toBe(200);
          |                               ^
      423 |       expect(response.body.success).toBe(true);
      424 |       expect(Array.isArray(response.body.data)).toBe(true);
      425 |

      at Object.toBe (__tests__/integration/chats.integration.test.js:422:31)

  ● Chat Endpoints › GET /api/v1/chats/:orderId › should include sender_type in messages

    expect(received).toBe(expected) // Object.is equality

    Expected: 200
    Received: 404

      434 |         .set('Authorization', `Bearer ${customerToken}`);
      435 |
    > 436 |       expect(response.status).toBe(200);
          |                               ^
      437 |       response.body.data.forEach(msg => {
      438 |         expect(['customer', 'shop']).toContain(msg.sender_type);
      439 |       });

      at Object.toBe (__tests__/integration/chats.integration.test.js:436:31)

  ● Chat Endpoints › GET /api/v1/chats/:orderId › should include is_read status

    expect(received).toBe(expected) // Object.is equality

    Expected: 200
    Received: 404

      445 |         .set('Authorization', `Bearer ${customerToken}`);
      446 |
    > 447 |       expect(response.status).toBe(200);
          |                               ^
      448 |       response.body.data.forEach(msg => {
      449 |         expect(typeof msg.is_read).toBe('boolean');
      450 |       });

      at Object.toBe (__tests__/integration/chats.integration.test.js:447:31)

  ● Chat Endpoints › Chat security › should not expose other orders chat to unauthorized users

    expect(received).toBe(expected) // Object.is equality

    Expected: 403
    Received: 404

      470 |         .set('Authorization', `Bearer ${customerToken}`);
      471 |
    > 472 |       expect(response.status).toBe(403);
          |                               ^
      473 |
      474 |       // Cleanup
      475 |       await supabase.from('messages').delete().eq('order_id', otherOrder.orderId);

      at Object.toBe (__tests__/integration/chats.integration.test.js:472:31)

  ● Chat Endpoints › Chat security › should mark shop messages as read

    expect(received).toBe(expected) // Object.is equality

    Expected: 201
    Received: 404

      491 |         });
      492 |
    > 493 |       expect(response.status).toBe(201);
          |                               ^
      494 |       expect(response.body.data).toHaveProperty('id');
      495 |     });
      496 |   });

      at Object.toBe (__tests__/integration/chats.integration.test.js:493:31)

FAIL __tests__/integration/earnings.integration.test.js
  ● Earnings Endpoints › GET /api/v1/shops/:shopId/earnings › should return earnings for valid shop

    expect(received).toBe(expected) // Object.is equality

    Expected: 200
    Received: 404

      116 |         .set('Authorization', `Bearer ${shopToken}`);
      117 |
    > 118 |       expect(response.status).toBe(200);
          |                               ^
      119 |       expect(response.body.success).toBe(true);
      120 |       expect(response.body.data).toBeDefined();
      121 |     });

      at Object.toBe (__tests__/integration/earnings.integration.test.js:118:31)

  ● Earnings Endpoints › GET /api/v1/shops/:shopId/earnings › should calculate commission correctly (10% deduction)

    expect(received).toBe(expected) // Object.is equality

    Expected: 200
    Received: 404

      127 |         .set('Authorization', `Bearer ${shopToken}`);
      128 |
    > 129 |       expect(response.status).toBe(200);
          |                               ^
      130 |       const data = response.body.data;
      131 |       
      132 |       // Verify commission exists in response

      at Object.toBe (__tests__/integration/earnings.integration.test.js:129:31)

  ● Earnings Endpoints › GET /api/v1/shops/:shopId/earnings › should support date filtering with date_from

    expect(received).toBe(expected) // Object.is equality

    Expected: 200
    Received: 404

      144 |         .set('Authorization', `Bearer ${shopToken}`);
      145 |
    > 146 |       expect(response.status).toBe(200);
          |                               ^
      147 |       expect(response.body.success).toBe(true);
      148 |     });
      149 |

      at Object.toBe (__tests__/integration/earnings.integration.test.js:146:31)

  ● Earnings Endpoints › GET /api/v1/shops/:shopId/earnings › should support date filtering with date_to

    expect(received).toBe(expected) // Object.is equality

    Expected: 200
    Received: 404

      157 |         .set('Authorization', `Bearer ${shopToken}`);
      158 |
    > 159 |       expect(response.status).toBe(200);
          |                               ^
      160 |       expect(response.body.success).toBe(true);
      161 |     });
      162 |

      at Object.toBe (__tests__/integration/earnings.integration.test.js:159:31)

  ● Earnings Endpoints › GET /api/v1/shops/:shopId/earnings › should support date range filtering

    expect(received).toBe(expected) // Object.is equality

    Expected: 200
    Received: 404

      174 |         .set('Authorization', `Bearer ${shopToken}`);
      175 |
    > 176 |       expect(response.status).toBe(200);
          |                               ^
      177 |       expect(response.body.success).toBe(true);
      178 |     });
      179 |

      at Object.toBe (__tests__/integration/earnings.integration.test.js:176:31)

  ● Earnings Endpoints › GET /api/v1/shops/:shopId/earnings › should require authentication

    expect(received).toBe(expected) // Object.is equality

    Expected: 401
    Received: 404

      182 |         .get(`/api/v1/shops/${shopId}/earnings`);
      183 |
    > 184 |       expect(response.status).toBe(401);
          |                               ^
      185 |       expect(response.body.success).toBe(false);
      186 |     });
      187 |

      at Object.toBe (__tests__/integration/earnings.integration.test.js:184:31)

  ● Earnings Endpoints › GET /api/v1/shops/:shopId/earnings › should require shop_owner role

    expect(received).toBe(expected) // Object.is equality

    Expected: 403
    Received: 404

      197 |         .set('Authorization', `Bearer ${customerToken}`);
      198 |
    > 199 |       expect(response.status).toBe(403);
          |                               ^
      200 |       expect(response.body.success).toBe(false);
      201 |     });
      202 |

      at Object.toBe (__tests__/integration/earnings.integration.test.js:199:31)

  ● Earnings Endpoints › GET /api/v1/shops/:shopId/earnings › should prevent viewing other shop earnings

    expect(received).toBe(expected) // Object.is equality

    Expected: 403
    Received: 404

      208 |         .set('Authorization', `Bearer ${shopToken}`);
      209 |
    > 210 |       expect(response.status).toBe(403);
          |                               ^
      211 |       expect(response.body.success).toBe(false);
      212 |
      213 |       await supabase.from('shops').delete().eq('id', otherShop.shopId);

      at Object.toBe (__tests__/integration/earnings.integration.test.js:210:31)

  ● Earnings Endpoints › GET /api/v1/shops/:shopId/earnings › should handle shop with no earnings

    expect(received).toBe(expected) // Object.is equality

    Expected: 200
    Received: 404

      227 |         .set('Authorization', `Bearer ${emptyToken}`);
      228 |
    > 229 |       expect(response.status).toBe(200);
          |                               ^
      230 |       expect(response.body.success).toBe(true);
      231 |
      232 |       await supabase.from('shops').delete().eq('id', emptyShop.shopId);

      at Object.toBe (__tests__/integration/earnings.integration.test.js:229:31)

  ● Earnings Endpoints › GET /api/v1/shops/:shopId/earnings › should return numeric fields

    expect(received).toBe(expected) // Object.is equality

    Expected: 200
    Received: 404

      248 |         .set('Authorization', `Bearer ${shopToken}`);
      249 |
    > 250 |       expect(response.status).toBe(200);
          |                               ^
      251 |       const data = response.body.data;
      252 |       
      253 |       // Check that numeric fields are present

      at Object.toBe (__tests__/integration/earnings.integration.test.js:250:31)

  ● Earnings Endpoints › GET /api/v1/shops/:shopId/earnings › should return ISO8601 timestamps

    expect(received).toBe(expected) // Object.is equality

    Expected: 200
    Received: 404

      262 |         .set('Authorization', `Bearer ${shopToken}`);
      263 |
    > 264 |       expect(response.status).toBe(200);
          |                               ^
      265 |       const data = response.body.data;
      266 |       
      267 |       if (data.created_at) {

      at Object.toBe (__tests__/integration/earnings.integration.test.js:264:31)

  ● Earnings Endpoints › GET /api/v1/shops/:shopId/earnings/weekly › should return weekly earnings summary

    expect(received).toBe(expected) // Object.is equality

    Expected: 200
    Received: 404

      277 |         .set('Authorization', `Bearer ${shopToken}`);
      278 |
    > 279 |       expect(response.status).toBe(200);
          |                               ^
      280 |       expect(response.body.success).toBe(true);
      281 |       expect(response.body.data).toBeDefined();
      282 |     });

      at Object.toBe (__tests__/integration/earnings.integration.test.js:279:31)

  ● Earnings Endpoints › GET /api/v1/shops/:shopId/earnings/weekly › should support pagination with page

    expect(received).toBe(expected) // Object.is equality

    Expected: 200
    Received: 404

      288 |         .set('Authorization', `Bearer ${shopToken}`);
      289 |
    > 290 |       expect(response.status).toBe(200);
          |                               ^
      291 |       expect(response.body.success).toBe(true);
      292 |     });
      293 |

      at Object.toBe (__tests__/integration/earnings.integration.test.js:290:31)

  ● Earnings Endpoints › GET /api/v1/shops/:shopId/earnings/weekly › should support pagination with limit

    expect(received).toBe(expected) // Object.is equality

    Expected: 200
    Received: 404

      298 |         .set('Authorization', `Bearer ${shopToken}`);
      299 |
    > 300 |       expect(response.status).toBe(200);
          |                               ^
      301 |       expect(response.body.success).toBe(true);
      302 |     });
      303 |

      at Object.toBe (__tests__/integration/earnings.integration.test.js:300:31)

  ● Earnings Endpoints › GET /api/v1/shops/:shopId/earnings/weekly › should require authentication

    expect(received).toBe(expected) // Object.is equality

    Expected: 401
    Received: 404

      306 |         .get(`/api/v1/shops/${shopId}/earnings/weekly`);
      307 |
    > 308 |       expect(response.status).toBe(401);
          |                               ^
      309 |       expect(response.body.success).toBe(false);
      310 |     });
      311 |

      at Object.toBe (__tests__/integration/earnings.integration.test.js:308:31)

  ● Earnings Endpoints › GET /api/v1/shops/:shopId/earnings/weekly › should require shop_owner role

    expect(received).toBe(expected) // Object.is equality

    Expected: 403
    Received: 404

      321 |         .set('Authorization', `Bearer ${customerToken}`);
      322 |
    > 323 |       expect(response.status).toBe(403);
          |                               ^
      324 |       expect(response.body.success).toBe(false);
      325 |     });
      326 |

      at Object.toBe (__tests__/integration/earnings.integration.test.js:323:31)

  ● Earnings Endpoints › GET /api/v1/shops/:shopId/earnings/weekly › should prevent viewing other shop weekly earnings

    expect(received).toBe(expected) // Object.is equality

    Expected: 403
    Received: 404

      332 |         .set('Authorization', `Bearer ${shopToken}`);
      333 |
    > 334 |       expect(response.status).toBe(403);
          |                               ^
      335 |
      336 |       await supabase.from('shops').delete().eq('id', otherShop.shopId);
      337 |       await supabase.from('profiles').delete().eq('id', otherShop.ownerId);

      at Object.toBe (__tests__/integration/earnings.integration.test.js:334:31)

  ● Earnings Endpoints › GET /api/v1/shops/:shopId/earnings/weekly › should handle shop with no weekly earnings

    expect(received).toBe(expected) // Object.is equality

    Expected: 200
    Received: 404

      350 |         .set('Authorization', `Bearer ${emptyToken}`);
      351 |
    > 352 |       expect(response.status).toBe(200);
          |                               ^
      353 |       expect(response.body.success).toBe(true);
      354 |
      355 |       await supabase.from('shops').delete().eq('id', emptyShop.shopId);

      at Object.toBe (__tests__/integration/earnings.integration.test.js:352:31)

  ● Earnings Endpoints › POST /api/v1/shops/:shopId/earnings/withdraw › should initiate withdrawal request

    expect(received).toContain(expected) // indexOf

    Expected value: 404
    Received array: [200, 201, 202]

      379 |         });
      380 |
    > 381 |       expect([200, 201, 202]).toContain(response.status);
          |                               ^
      382 |       expect(response.body).toHaveProperty('success');
      383 |     });
      384 |

      at Object.toContain (__tests__/integration/earnings.integration.test.js:381:31)

  ● Earnings Endpoints › POST /api/v1/shops/:shopId/earnings/withdraw › should validate withdrawal amount

    expect(received).toBe(expected) // Object.is equality

    Expected: 400
    Received: 404

      391 |         });
      392 |
    > 393 |       expect(response.status).toBe(400);
          |                               ^
      394 |       expect(response.body.success).toBe(false);
      395 |     });
      396 |

      at Object.toBe (__tests__/integration/earnings.integration.test.js:393:31)

  ● Earnings Endpoints › POST /api/v1/shops/:shopId/earnings/withdraw › should require minimum withdrawal amount

    expect(received).toContain(expected) // indexOf

    Expected value: 404
    Received array: [400, 422]

      403 |         });
      404 |
    > 405 |       expect([400, 422]).toContain(response.status);
          |                          ^
      406 |     });
      407 |
      408 |     it('should require authentication', async () => {

      at Object.toContain (__tests__/integration/earnings.integration.test.js:405:26)

  ● Earnings Endpoints › POST /api/v1/shops/:shopId/earnings/withdraw › should require authentication

    expect(received).toBe(expected) // Object.is equality

    Expected: 401
    Received: 404

      413 |         });
      414 |
    > 415 |       expect(response.status).toBe(401);
          |                               ^
      416 |       expect(response.body.success).toBe(false);
      417 |     });
      418 |

      at Object.toBe (__tests__/integration/earnings.integration.test.js:415:31)

  ● Earnings Endpoints › POST /api/v1/shops/:shopId/earnings/withdraw › should require bank account linked

    expect(received).toContain(expected) // indexOf

    Expected value: 404
    Received array: [400, 422]

      432 |         });
      433 |
    > 434 |       expect([400, 422]).toContain(response.status);
          |                          ^
      435 |
      436 |       await supabase.from('shops').delete().eq('id', newShop.shopId);
      437 |       await supabase.from('profiles').delete().eq('id', newShop.ownerId);

      at Object.toContain (__tests__/integration/earnings.integration.test.js:434:26)

  ● Earnings Endpoints › POST /api/v1/shops/:shopId/earnings/withdraw › should prevent withdrawal exceeding available balance

    expect(received).toContain(expected) // indexOf

    Expected value: 404
    Received array: [400, 422]

      447 |         });
      448 |
    > 449 |       expect([400, 422]).toContain(response.status);
          |                          ^
      450 |     });
      451 |
      452 |     it('should require amount_paise field', async () => {

      at Object.toContain (__tests__/integration/earnings.integration.test.js:449:26)

  ● Earnings Endpoints › POST /api/v1/shops/:shopId/earnings/withdraw › should require amount_paise field

    expect(received).toBe(expected) // Object.is equality

    Expected: 400
    Received: 404

      456 |         .send({});
      457 |
    > 458 |       expect(response.status).toBe(400);
          |                               ^
      459 |       expect(response.body.success).toBe(false);
      460 |     });
      461 |

      at Object.toBe (__tests__/integration/earnings.integration.test.js:458:31)

  ● Earnings Endpoints › POST /api/v1/shops/:shopId/earnings/withdraw › should validate amount is numeric

    expect(received).toBe(expected) // Object.is equality

    Expected: 400
    Received: 404

      468 |         });
      469 |
    > 470 |       expect(response.status).toBe(400);
          |                               ^
      471 |       expect(response.body.success).toBe(false);
      472 |     });
      473 |

      at Object.toBe (__tests__/integration/earnings.integration.test.js:470:31)

  ● Earnings Endpoints › Earnings security and edge cases › should not allow unauthorized user to withdraw

    expect(received).toBe(expected) // Object.is equality

    Expected: 403
    Received: 404

      501 |         });
      502 |
    > 503 |       expect(response.status).toBe(403);
          |                               ^
      504 |     });
      505 |
      506 |     it('should handle concurrent withdrawal requests', async () => {

      at Object.toBe (__tests__/integration/earnings.integration.test.js:503:31)

  ● Earnings Endpoints › Earnings security and edge cases › should return proper response format

    expect(received).toBe(expected) // Object.is equality

    Expected: 200
    Received: 404

      526 |         .set('Authorization', `Bearer ${shopToken}`);
      527 |
    > 528 |       expect(response.status).toBe(200);
          |                               ^
      529 |       expect(response.body).toHaveProperty('success');
      530 |       expect(response.body).toHaveProperty('data');
      531 |     });

      at Object.toBe (__tests__/integration/earnings.integration.test.js:528:31)

FAIL __tests__/integration/delivery-partners-registration.integration.test.js
  ● POST /api/v1/auth/partner/register › OTP Verification › should increment failed attempts on wrong OTP

    expect(received).toBe(expected) // Object.is equality

    Expected: 1
    Received: 0

      137 |
      138 |       const attempts1 = await redis.get(`otp:attempts:${testPhone}`);
    > 139 |       expect(parseInt(attempts1 || '0')).toBe(1);
          |                                          ^
      140 |
      141 |       // Attempt 2
      142 |       await request(app)

      at Object.toBe (__tests__/integration/delivery-partners-registration.integration.test.js:139:42)

  ● POST /api/v1/auth/partner/register › OTP Verification › should lock account after 3 failed attempts

    expect(received).toBe(expected) // Object.is equality

    Expected: 429
    Received: 400

      164 |         .send({ phone: testPhone, otp: 'wrong3' });
      165 |
    > 166 |       expect(response.status).toBe(429);
          |                               ^
      167 |       expect(response.body.error.code).toMatch(/OTP_LOCKED|LOCKED/i);
      168 |     });
      169 |

      at Object.toBe (__tests__/integration/delivery-partners-registration.integration.test.js:166:31)

  ● POST /api/v1/auth/partner/register › Database Integrity › should create delivery_partners record with pending KYC

    expect(received).toBe(expected) // Object.is equality

    Expected: false
    Received: undefined

      308 |
      309 |       expect(partner.kyc_status).toBe('pending_kyc');
    > 310 |       expect(partner.is_online).toBe(false);
          |                                 ^
      311 |     });
      312 |   });
      313 | });

      at Object.toBe (__tests__/integration/delivery-partners-registration.integration.test.js:310:33)

FAIL __tests__/integration/analytics-products.integration.test.js
  ● GET /api/v1/shops/:shopId/analytics/top-products › Authorization › should prevent shop owner from viewing other shop analytics

    TypeError: _supabase.supabase.from(...).delete(...).eq is not a function

      224 |
      225 |       // Cleanup
    > 226 |       await supabase.from('shops').delete().eq('id', otherShop.shopId);
          |                                             ^
      227 |       await supabase.from('profiles').delete().eq('id', otherShop.ownerId);
      228 |     });
      229 |   });

      at Object.eq (__tests__/integration/analytics-products.integration.test.js:226:45)

  ● GET /api/v1/shops/:shopId/analytics/top-products › Edge cases › should handle shop with no orders

    TypeError: _supabase.supabase.from(...).delete(...).eq is not a function

      246 |
      247 |       // Cleanup
    > 248 |       await supabase.from('shops').delete().eq('id', emptyShop.shopId);
          |                                             ^
      249 |       await supabase.from('profiles').delete().eq('id', emptyShop.ownerId);
      250 |     });
      251 |

      at Object.eq (__tests__/integration/analytics-products.integration.test.js:248:45)

FAIL __tests__/integration/delivery-partners-extended.integration.test.js
  ● Delivery Partners Extended Endpoints › PATCH /api/v1/delivery-partners/:id/vehicle › should update vehicle details

    expect(received).toContain(expected) // indexOf

    Expected value: 500
    Received array: [200, 201]

      71 |         });
      72 |
    > 73 |       expect([200, 201]).toContain(response.status);
         |                          ^
      74 |       expect(response.body.success).toBe(true);
      75 |     });
      76 |

      at Object.toContain (__tests__/integration/delivery-partners-extended.integration.test.js:73:26)

  ● Delivery Partners Extended Endpoints › PATCH /api/v1/delivery-partners/:id/vehicle › should prevent partner from updating others vehicle

    expect(received).toBe(expected) // Object.is equality

    Expected: 403
    Received: 404

      108 |         });
      109 |
    > 110 |       expect(response.status).toBe(403);
          |                               ^
      111 |       expect(response.body.success).toBe(false);
      112 |     });
      113 |

      at Object.toBe (__tests__/integration/delivery-partners-extended.integration.test.js:110:31)

  ● Delivery Partners Extended Endpoints › PATCH /api/v1/delivery-partners/:id/vehicle › should persist vehicle updates to database

    expect(received).toBe(expected) // Object.is equality

    Expected: "DL01AB8888"
    Received: "DL01AB1234"

      158 |         .single();
      159 |
    > 160 |       expect(partner.vehicle_number).toBe(newVehicleNum);
          |                                      ^
      161 |     });
      162 |   });
      163 |

      at Object.toBe (__tests__/integration/delivery-partners-extended.integration.test.js:160:38)

  ● Delivery Partners Extended Endpoints › PATCH /api/v1/delivery-partners/:id/bank › should update bank account details

    expect(received).toContain(expected) // indexOf

    Expected value: 400
    Received array: [200, 201]

      173 |         });
      174 |
    > 175 |       expect([200, 201]).toContain(response.status);
          |                          ^
      176 |       expect(response.body.success).toBe(true);
      177 |     });
      178 |

      at Object.toContain (__tests__/integration/delivery-partners-extended.integration.test.js:175:26)

  ● Delivery Partners Extended Endpoints › PATCH /api/v1/delivery-partners/:id/bank › should prevent updating others bank account

    expect(received).toBe(expected) // Object.is equality

    Expected: 403
    Received: 400

      244 |         });
      245 |
    > 246 |       expect(response.status).toBe(403);
          |                               ^
      247 |     });
      248 |
      249 |     it('should be idempotent', async () => {

      at Object.toBe (__tests__/integration/delivery-partners-extended.integration.test.js:246:31)

  ● Delivery Partners Extended Endpoints › PATCH /api/v1/delivery-partners/:id/bank › should persist bank updates to database

    expect(received).toBe(expected) // Object.is equality

    Expected: "6666666666"
    Received: "1234567890"

      286 |         .single();
      287 |
    > 288 |       expect(partner.bank_account_number).toBe(newAccount);
          |                                           ^
      289 |     });
      290 |   });
      291 |

      at Object.toBe (__tests__/integration/delivery-partners-extended.integration.test.js:288:43)

  ● Delivery Partners Extended Endpoints › PATCH /api/v1/delivery-partners/:id/toggle-online › should toggle online status to true

    expect(received).toContain(expected) // indexOf

    Expected value: 400
    Received array: [200, 201]

      301 |         });
      302 |
    > 303 |       expect([200, 201]).toContain(response.status);
          |                          ^
      304 |       expect(response.body.success).toBe(true);
      305 |     });
      306 |

      at Object.toContain (__tests__/integration/delivery-partners-extended.integration.test.js:303:26)

  ● Delivery Partners Extended Endpoints › PATCH /api/v1/delivery-partners/:id/toggle-online › should toggle online status to false

    expect(received).toContain(expected) // indexOf

    Expected value: 400
    Received array: [200, 201]

      324 |         });
      325 |
    > 326 |       expect([200, 201]).toContain(response.status);
          |                          ^
      327 |       expect(response.body.success).toBe(true);
      328 |     });
      329 |

      at Object.toContain (__tests__/integration/delivery-partners-extended.integration.test.js:326:26)

  ● Delivery Partners Extended Endpoints › PATCH /api/v1/delivery-partners/:id/toggle-online › should prevent toggling others online status

    expect(received).toBe(expected) // Object.is equality

    Expected: 403
    Received: 400

      395 |         });
      396 |
    > 397 |       expect(response.status).toBe(403);
          |                               ^
      398 |     });
      399 |
      400 |     it('should not allow toggle if KYC not approved', async () => {

      at Object.toBe (__tests__/integration/delivery-partners-extended.integration.test.js:397:31)

  ● Delivery Partners Extended Endpoints › PATCH /api/v1/delivery-partners/:id/toggle-online › should not allow toggle if KYC not approved

    expect(received).toBe(expected) // Object.is equality

    Expected: 403
    Received: 400

      430 |         });
      431 |
    > 432 |       expect(response.status).toBe(403);
          |                               ^
      433 |
      434 |       // Cleanup
      435 |       await supabase.from('delivery_partners').delete().eq('id', unverifiedPartnerId);

      at Object.toBe (__tests__/integration/delivery-partners-extended.integration.test.js:432:31)

  ● Delivery Partners Extended Endpoints › PATCH /api/v1/delivery-partners/:id/toggle-online › should persist online status to database

    expect(received).toBe(expected) // Object.is equality

    Expected: true
    Received: false

      453 |         .single();
      454 |
    > 455 |       expect(partner.is_online).toBe(true);
          |                                 ^
      456 |     });
      457 |
      458 |     it('should be idempotent', async () => {

      at Object.toBe (__tests__/integration/delivery-partners-extended.integration.test.js:455:33)

  ● Delivery Partners Extended Endpoints › GET /api/v1/delivery-partners/:id/stats › should prevent viewing others stats

    expect(received).toBe(expected) // Object.is equality

    Expected: 403
    Received: 404

      531 |         .set('Authorization', `Bearer ${partnerToken}`);
      532 |
    > 533 |       expect(response.status).toBe(403);
          |                               ^
      534 |     });
      535 |
      536 |     it('should return 404 for non-existent partner', async () => {

      at Object.toBe (__tests__/integration/delivery-partners-extended.integration.test.js:533:31)


Test Suites: 6 failed, 32 passed, 38 total
Tests:       84 failed, 448 passed, 532 total
Snapshots:   0 total
Time:        3.819 s
Ran all test suites.
